Archive member included because of file (symbol)

.\CortexM3\ARM_GCC_484\Debug\Design01.a(cyfitter_cfg.o)
                              .\CortexM3\ARM_GCC_484\Debug\Cm3Start.o (cyfitter_cfg)
.\CortexM3\ARM_GCC_484\Debug\Design01.a(CyBootAsmGnu.o)
                              .\CortexM3\ARM_GCC_484\Debug\Design01.a(cyfitter_cfg.o) (CyDelayCycles)
.\CortexM3\ARM_GCC_484\Debug\Design01.a(CyDmac.o)
                              .\CortexM3\ARM_GCC_484\Debug\Cm3Start.o (CyDmacConfigure)
.\CortexM3\ARM_GCC_484\Debug\Design01.a(CyLib.o)
                              .\CortexM3\ARM_GCC_484\Debug\Cm3Start.o (CyHalt)
.\CortexM3\ARM_GCC_484\Debug\Design01.a(cyPm.o)
                              .\CortexM3\ARM_GCC_484\Debug\Design01.a(CyLib.o) (CyPmReadStatus)
.\CortexM3\ARM_GCC_484\Debug\Design01.a(LCD.o)
                              .\CortexM3\ARM_GCC_484\Debug\states.o (LCD_PrintString)
.\CortexM3\ARM_GCC_484\Debug\Design01.a(LCD_BarGraph.o)
                              .\CortexM3\ARM_GCC_484\Debug\Design01.a(LCD.o) (LCD_LoadCustomFonts)
.\CortexM3\ARM_GCC_484\Debug\Design01.a(Speaker_Output.o)
                              .\CortexM3\ARM_GCC_484\Debug\speaker.o (Speaker_Output_Write)
.\CortexM3\ARM_GCC_484\Debug\Design01.a(CapSense.o)
                              .\CortexM3\ARM_GCC_484\Debug\system.o (CapSense_Enable)
.\CortexM3\ARM_GCC_484\Debug\Design01.a(CapSense_CSHL.o)
                              .\CortexM3\ARM_GCC_484\Debug\system.o (CapSense_InitializeAllBaselines)
.\CortexM3\ARM_GCC_484\Debug\Design01.a(CapSense_INT.o)
                              .\CortexM3\ARM_GCC_484\Debug\Design01.a(CapSense.o) (CapSense_IsrCH0_ISR)
.\CortexM3\ARM_GCC_484\Debug\Design01.a(CapSense_SMS_Wrapper.o)
                              .\CortexM3\ARM_GCC_484\Debug\Design01.a(CapSense_CSHL.o) (CapSense_CalculateThresholds)
.\CortexM3\ARM_GCC_484\Debug\Design01.a(CapSense_CompCH0.o)
                              .\CortexM3\ARM_GCC_484\Debug\Design01.a(CapSense.o) (CapSense_CompCH0_Enable)
.\CortexM3\ARM_GCC_484\Debug\Design01.a(CapSense_IdacCH0.o)
                              .\CortexM3\ARM_GCC_484\Debug\Design01.a(CapSense.o) (CapSense_IdacCH0_Enable)
.\CortexM3\ARM_GCC_484\Debug\Design01.a(CapSense_AMuxCH0.o)
                              .\CortexM3\ARM_GCC_484\Debug\Design01.a(CapSense.o) (CapSense_AMuxCH0_Init)
.\CortexM3\ARM_GCC_484\Debug\Design01.a(CapSense_IntClock.o)
                              .\CortexM3\ARM_GCC_484\Debug\Design01.a(CapSense.o) (CapSense_IntClock_Start)
.\CortexM3\ARM_GCC_484\Debug\Design01.a(PGA_1.o)
                              .\CortexM3\ARM_GCC_484\Debug\system.o (PGA_1_Start)
.\CortexM3\ARM_GCC_484\Debug\Design01.a(Comp.o)
                              .\CortexM3\ARM_GCC_484\Debug\system.o (Comp_Start)
.\CortexM3\ARM_GCC_484\Debug\Design01.a(WaveDAC8_1.o)
                              .\CortexM3\ARM_GCC_484\Debug\system.o (WaveDAC8_1_Start)
.\CortexM3\ARM_GCC_484\Debug\Design01.a(Compint.o)
                              .\CortexM3\ARM_GCC_484\Debug\system.o (Compint_Start)
.\CortexM3\ARM_GCC_484\Debug\Design01.a(HeartbeatCounter.o)
                              .\CortexM3\ARM_GCC_484\Debug\Design01.a(Compint.o) (HeartbeatCounter_ReadCounter)
.\CortexM3\ARM_GCC_484\Debug\Design01.a(USBUART.o)
                              .\CortexM3\ARM_GCC_484\Debug\system.o (USBUART_Start)
.\CortexM3\ARM_GCC_484\Debug\Design01.a(USBUART_cdc.o)
                              .\CortexM3\ARM_GCC_484\Debug\terminal.o (USBUART_PutString)
.\CortexM3\ARM_GCC_484\Debug\Design01.a(USBUART_drv.o)
                              .\CortexM3\ARM_GCC_484\Debug\Design01.a(USBUART.o) (USBUART_lastPacketSize)
.\CortexM3\ARM_GCC_484\Debug\Design01.a(USBUART_episr.o)
                              .\CortexM3\ARM_GCC_484\Debug\Design01.a(USBUART.o) (USBUART_EP_1_ISR)
.\CortexM3\ARM_GCC_484\Debug\Design01.a(USBUART_std.o)
                              .\CortexM3\ARM_GCC_484\Debug\Design01.a(USBUART_drv.o) (USBUART_HandleStandardRqst)
.\CortexM3\ARM_GCC_484\Debug\Design01.a(USBUART_vnd.o)
                              .\CortexM3\ARM_GCC_484\Debug\Design01.a(USBUART_drv.o) (USBUART_HandleVendorRqst)
.\CortexM3\ARM_GCC_484\Debug\Design01.a(timer_clock_1.o)
                              .\CortexM3\ARM_GCC_484\Debug\system.o (timer_clock_1_Start)
.\CortexM3\ARM_GCC_484\Debug\Design01.a(CyFlash.o)
                              .\CortexM3\ARM_GCC_484\Debug\Design01.a(cyPm.o) (CyFlash_SetWaitCycles)
.\CortexM3\ARM_GCC_484\Debug\Design01.a(CySpc.o)
                              .\CortexM3\ARM_GCC_484\Debug\Design01.a(CyFlash.o) (CySpcStart)
.\CortexM3\ARM_GCC_484\Debug\Design01.a(WaveDAC8_1_DacClk.o)
                              .\CortexM3\ARM_GCC_484\Debug\Design01.a(WaveDAC8_1.o) (WaveDAC8_1_DacClk_Start)
.\CortexM3\ARM_GCC_484\Debug\Design01.a(WaveDAC8_1_Wave1_DMA_dma.o)
[...]
Memory Configuration

Name             Origin             Length             Attributes
rom              0x00000000         0x00040000         xr
ram              0x1fff8000         0x00010000         xrw
*default*        0x00000000         0xffffffff

Linker script and memory map

LOAD c:/program files (x86)/cypress/psoc creator/3.2/psoc creator/import/gnu/arm/4.8.4/bin/../lib/gcc/arm-none-eabi/4.8.4/armv7-m/crti.o
LOAD c:/program files (x86)/cypress/psoc creator/3.2/psoc creator/import/gnu/arm/4.8.4/bin/../lib/gcc/arm-none-eabi/4.8.4/armv7-m/crtbegin.o
LOAD c:/program files (x86)/cypress/psoc creator/3.2/psoc creator/import/gnu/arm/4.8.4/bin/../lib/gcc/arm-none-eabi/4.8.4/../../../../arm-none-eabi/lib/armv7-m/crt0.o
START GROUP
LOAD .\CortexM3\ARM_GCC_484\Debug\states.o
LOAD .\CortexM3\ARM_GCC_484\Debug\motor.o
LOAD .\CortexM3\ARM_GCC_484\Debug\speaker.o
LOAD .\CortexM3\ARM_GCC_484\Debug\display.o
LOAD .\CortexM3\ARM_GCC_484\Debug\system.o
LOAD .\CortexM3\ARM_GCC_484\Debug\heartrate.o
LOAD .\CortexM3\ARM_GCC_484\Debug\main.o
LOAD .\CortexM3\ARM_GCC_484\Debug\terminal.o
LOAD .\CortexM3\ARM_GCC_484\Debug\cymetadata.o
LOAD .\CortexM3\ARM_GCC_484\Debug\Cm3Start.o
LOAD .\CortexM3\ARM_GCC_484\Debug\Design01.a
LOAD C:\Program Files (x86)\Cypress\PSoC Creator\3.2\PSoC Creator\psoc\content\cycomponentlibrary\CyComponentLibrary.cylib\CapSense_CSD_v3_50\Library\CapSenseLibrary_GCC.a
LOAD C:\Program Files (x86)\Cypress\PSoC Creator\3.2\PSoC Creator\psoc\content\cycomponentlibrary\CyComponentLibrary.cylib\CortexM3\ARM_GCC_484\Debug\CyComponentLibrary.a
END GROUP
START GROUP
LOAD c:/program files (x86)/cypress/psoc creator/3.2/psoc creator/import/gnu/arm/4.8.4/bin/../lib/gcc/arm-none-eabi/4.8.4/armv7-m\libgcc.a
LOAD c:/program files (x86)/cypress/psoc creator/3.2/psoc creator/import/gnu/arm/4.8.4/bin/../lib/gcc/arm-none-eabi/4.8.4/../../../../arm-none-eabi/lib/armv7-m\libg_s.a
LOAD c:/program files (x86)/cypress/psoc creator/3.2/psoc creator/import/gnu/arm/4.8.4/bin/../lib/gcc/arm-none-eabi/4.8.4/../../../../arm-none-eabi/lib/armv7-m\libc_s.a
END GROUP
START GROUP
LOAD c:/program files (x86)/cypress/psoc creator/3.2/psoc creator/import/gnu/arm/4.8.4/bin/../lib/gcc/arm-none-eabi/4.8.4/armv7-m\libgcc.a
LOAD c:/program files (x86)/cypress/psoc creator/3.2/psoc creator/import/gnu/arm/4.8.4/bin/../lib/gcc/arm-none-eabi/4.8.4/../../../../arm-none-eabi/lib/armv7-m\libc_s.a
END GROUP
LOAD c:/program files (x86)/cypress/psoc creator/3.2/psoc creator/import/gnu/arm/4.8.4/bin/../lib/gcc/arm-none-eabi/4.8.4/armv7-m/crtend.o
LOAD c:/program files (x86)/cypress/psoc creator/3.2/psoc creator/import/gnu/arm/4.8.4/bin/../lib/gcc/arm-none-eabi/4.8.4/armv7-m/crtn.o
START GROUP
LOAD c:/program files (x86)/cypress/psoc creator/3.2/psoc creator/import/gnu/arm/4.8.4/bin/../lib/gcc/arm-none-eabi/4.8.4/armv7-m\libgcc.a
LOAD c:/program files (x86)/cypress/psoc creator/3.2/psoc creator/import/gnu/arm/4.8.4/bin/../lib/gcc/arm-none-eabi/4.8.4/../../../../arm-none-eabi/lib/armv7-m\libc.a
LOAD c:/program files (x86)/cypress/psoc creator/3.2/psoc creator/import/gnu/arm/4.8.4/bin/../lib/gcc/arm-none-eabi/4.8.4/../../../../arm-none-eabi/lib/armv7-m\libnosys.a
END GROUP
                0x00000000                CY_APPL_ORIGIN = 0x0
                0x00000100                CY_FLASH_ROW_SIZE = 0x100
                0x00000020                CY_ECC_ROW_SIZE = 0x20
                0x00000000                CY_EE_IN_BTLDR = 0x0
                0x00000000                CY_APPL_LOADABLE = 0x0
                0x00000800                CY_EE_SIZE = 0x800
                0x00000001                CY_APPL_NUM = 0x1
                0x00000001                CY_APPL_MAX = 0x1
                0x00000040                CY_METADATA_SIZE = 0x40
                0x1fff83b8                PROVIDE (__cy_heap_start, _end)
                0x00000001                PROVIDE (__cy_region_num, ((__cy_regions_end - __cy_regions) / 0x10))
                0x20008000                PROVIDE (__cy_stack, (ORIGIN (ram) + 0x10000))
                0x20007800                PROVIDE (__cy_heap_end, (__cy_stack - 0x800))

.cybootloader   0x00000000        0x0
 *(.cybootloader)
                0x00000000                appl1_start = CY_APPL_ORIGIN?CY_APPL_ORIGIN:ALIGN (CY_FLASH_ROW_SIZE)
                0x0001ff00                appl2_start = (appl1_start + ALIGN ((((0x40000 - appl1_start) - (0x2 * CY_FLASH_ROW_SIZE)) / 0x2), CY_FLASH_ROW_SIZE))
                0x00000000                appl_start = (CY_APPL_NUM == 0x1)?appl1_start:appl2_start
                0x00000000                ecc_offset = ((appl_start / CY_FLASH_ROW_SIZE) * CY_ECC_ROW_SIZE)
                0x00000000                ee_offset = (CY_APPL_LOADABLE && ! (CY_EE_IN_BTLDR))?((CY_EE_SIZE / CY_APPL_MAX) * (CY_APPL_NUM - 0x1)):0x0
                0x00000800                ee_size = (CY_APPL_LOADABLE && ! (CY_EE_IN_BTLDR))?(CY_EE_SIZE / CY_APPL_MAX):CY_EE_SIZE
                0x00000000                PROVIDE (CY_ECC_OFFSET, ecc_offset)

.text           0x00000000     0x49f2
 CREATE_OBJECT_SYMBOLS
                0x00000000                PROVIDE (__cy_interrupt_vector, RomVectors)
 *(.romvectors)
 .romvectors    0x00000000       0x10 .\CortexM3\ARM_GCC_484\Debug\Cm3Start.o
                0x00000000                RomVectors
                0x00000001                ASSERT ((. != __cy_interrupt_vector), No interrupt vector)
                0x00000001                ASSERT (CY_APPL_ORIGIN?(SIZEOF (.cybootloader) <= CY_APPL_ORIGIN):0x1, Wrong image location)
                0x00000010                PROVIDE (__cy_reset, Reset)
 *(.text.Reset)
 .text.Reset    0x00000010       0x18 .\CortexM3\ARM_GCC_484\Debug\Cm3Start.o
                0x00000010                Reset
                0x00000001                ASSERT ((. != __cy_reset), No reset code)
 *(.dma_init)
                0x00000001                ASSERT ((((appl_start + .) <= 0x10000) || 0x1), DMA Init must be within the first 64k of flash)
 *(.text .text.* .gnu.linkonce.t.*)
 .text          0x00000028       0x54 c:/program files (x86)/cypress/psoc creator/3.2/psoc creator/import/gnu/arm/4.8.4/bin/../lib/gcc/arm-none-eabi/4.8.4/armv7-m/crtbegin.o
 .text.State_sleep
                0x0000007c       0x74 .\CortexM3\ARM_GCC_484\Debug\states.o
                0x0000007c                State_sleep
 .text.State_reset
                0x000000f0       0x30 .\CortexM3\ARM_GCC_484\Debug\states.o
                0x000000f0                State_reset
 .text.State_start
                0x00000120       0x1c .\CortexM3\ARM_GCC_484\Debug\states.o
                0x00000120                State_start
 .text.State_profile_selection
                0x0000013c      0x110 .\CortexM3\ARM_GCC_484\Debug\states.o
                0x0000013c                State_profile_selection
 .text.State_moving
                0x0000024c       0x1c .\CortexM3\ARM_GCC_484\Debug\states.o
                0x0000024c                State_moving
 .text.Motor_rampUp
                0x00000268        0x4 .\CortexM3\ARM_GCC_484\Debug\motor.o
                0x00000268                Motor_rampUp
 *fill*         0x0000026c        0x4 
 .text.calculatePeriodDelay
                0x00000270       0x30 .\CortexM3\ARM_GCC_484\Debug\speaker.o
                0x00000270                calculatePeriodDelay
 .text.Play_note
                0x000002a0       0x54 .\CortexM3\ARM_GCC_484\Debug\speaker.o
                0x000002a0                Play_note
 .text.Play_song_one
                0x000002f4       0x68 .\CortexM3\ARM_GCC_484\Debug\speaker.o
                0x000002f4                Play_song_one
 .text.Play_startup_music
                0x0000035c        0x8 .\CortexM3\ARM_GCC_484\Debug\speaker.o
                0x0000035c                Play_startup_music
 .text.Display_welcome_message
                0x00000364       0x5c .\CortexM3\ARM_GCC_484\Debug\display.o
                0x00000364                Display_welcome_message
 .text.Display_sleep
                0x000003c0       0x18 .\CortexM3\ARM_GCC_484\Debug\display.o
                0x000003c0                Display_sleep
 .text.Display_profile_selection
                0x000003d8       0xa0 .\CortexM3\ARM_GCC_484\Debug\display.o
                0x000003d8                Display_profile_selection
 .text.System_init
                0x00000478       0x48 .\CortexM3\ARM_GCC_484\Debug\system.o
                0x00000478                System_init
 .text.Detect_heartrate
                0x000004c0       0x60 .\CortexM3\ARM_GCC_484\Debug\heartrate.o
                0x000004c0                Detect_heartrate
 .text.main     0x00000520       0x4c .\CortexM3\ARM_GCC_484\Debug\main.o
                0x00000520                main
 .text.TERMINAL_WriteString
                0x0000056c       0x14 .\CortexM3\ARM_GCC_484\Debug\terminal.o
                0x0000056c                TERMINAL_WriteString
 .text.TERMINAL_WriteNumber
                0x00000580       0x2c .\CortexM3\ARM_GCC_484\Debug\terminal.o
                0x00000580                TERMINAL_WriteNumber
 .text.IntDefaultHandler
                0x000005ac        0x4 .\CortexM3\ARM_GCC_484\Debug\Cm3Start.o
                0x000005ac                IntDefaultHandler
 .text._sbrk    0x000005b0       0x30 .\CortexM3\ARM_GCC_484\Debug\Cm3Start.o
                0x000005b0                _sbrk
 .text.Start_c  0x000005e0       0x4c .\CortexM3\ARM_GCC_484\Debug\Cm3Start.o
                0x000005e0                Start_c
 .text.initialize_psoc
                0x0000062c       0x74 .\CortexM3\ARM_GCC_484\Debug\Cm3Start.o
                0x0000062c                initialize_psoc
 .text.CyClockStartupError
                0x000006a0        0x4 .\CortexM3\ARM_GCC_484\Debug\Design01.a(cyfitter_cfg.o)
 .text.cfg_write_bytes32
                0x000006a4       0x34 .\CortexM3\ARM_GCC_484\Debug\Design01.a(cyfitter_cfg.o)
 .text.AnalogSetDefault
                0x000006d8       0x74 .\CortexM3\ARM_GCC_484\Debug\Design01.a(cyfitter_cfg.o)
 .text.CYMEMZERO
                0x0000074c        0xc .\CortexM3\ARM_GCC_484\Debug\Design01.a(cyfitter_cfg.o)
 .text.ClockSetup
                0x00000758      0x100 .\CortexM3\ARM_GCC_484\Debug\Design01.a(cyfitter_cfg.o)
 .text.CYCONFIGCPY
                0x00000858        0x8 .\CortexM3\ARM_GCC_484\Debug\Design01.a(cyfitter_cfg.o)
 .text.CapSense_AMuxCH0_Set
                0x00000860       0x1c .\CortexM3\ARM_GCC_484\Debug\Design01.a(cyfitter_cfg.o)
                0x00000860                CapSense_AMuxCH0_Set
 .text.CapSense_AMuxCH0_Unset
                0x0000087c       0x20 .\CortexM3\ARM_GCC_484\Debug\Design01.a(cyfitter_cfg.o)
                0x0000087c                CapSense_AMuxCH0_Unset
 .text.cyfitter_cfg
                0x0000089c      0x140 .\CortexM3\ARM_GCC_484\Debug\Design01.a(cyfitter_cfg.o)
                0x0000089c                cyfitter_cfg
 *fill*         0x000009dc        0x4 
 .text          0x000009e0       0x28 .\CortexM3\ARM_GCC_484\Debug\Design01.a(CyBootAsmGnu.o)
                0x000009e0                CyDelayCycles
                0x000009f4                CyEnterCriticalSection
                0x000009fc                CyExitCriticalSection
 .text.CyDmacConfigure
                0x00000a08       0x34 .\CortexM3\ARM_GCC_484\Debug\Design01.a(CyDmac.o)
                0x00000a08                CyDmacConfigure
 .text.CyDmaChEnable
                0x00000a3c       0x38 .\CortexM3\ARM_GCC_484\Debug\Design01.a(CyDmac.o)
                0x00000a3c                CyDmaChEnable
 .text.CyDmaChPriority
                0x00000a74       0x24 .\CortexM3\ARM_GCC_484\Debug\Design01.a(CyDmac.o)
                0x00000a74                CyDmaChPriority
 .text.CyDmaChSetExtendedAddress
                0x00000a98       0x34 .\CortexM3\ARM_GCC_484\Debug\Design01.a(CyDmac.o)
                0x00000a98                CyDmaChSetExtendedAddress
 .text.CyDmaChSetInitialTd
                0x00000acc       0x18 .\CortexM3\ARM_GCC_484\Debug\Design01.a(CyDmac.o)
                0x00000acc                CyDmaChSetInitialTd
 .text.CyDmaChSetConfiguration
                0x00000ae4       0x44 .\CortexM3\ARM_GCC_484\Debug\Design01.a(CyDmac.o)
                0x00000ae4                CyDmaChSetConfiguration
 .text.CyDmaTdAllocate
                0x00000b28       0x34 .\CortexM3\ARM_GCC_484\Debug\Design01.a(CyDmac.o)
                0x00000b28                CyDmaTdAllocate
 .text.CyDmaTdSetConfiguration
                0x00000b5c       0x28 .\CortexM3\ARM_GCC_484\Debug\Design01.a(CyDmac.o)
                0x00000b5c                CyDmaTdSetConfiguration
 .text.CyDmaTdSetAddress
                0x00000b84       0x1c .\CortexM3\ARM_GCC_484\Debug\Design01.a(CyDmac.o)
                0x00000b84                CyDmaTdSetAddress
 .text.CyHalt   0x00000ba0        0x4 .\CortexM3\ARM_GCC_484\Debug\Design01.a(CyLib.o)
                0x00000ba0                CyHalt
 .text.CyDelay  0x00000ba4       0x2c .\CortexM3\ARM_GCC_484\Debug\Design01.a(CyLib.o)
                0x00000ba4                CyDelay
 .text.CyDelayUs
                0x00000bd0       0x14 .\CortexM3\ARM_GCC_484\Debug\Design01.a(CyLib.o)
                0x00000bd0                CyDelayUs
 .text.CyIntSetVector
                0x00000be4       0x28 .\CortexM3\ARM_GCC_484\Debug\Design01.a(CyLib.o)
                0x00000be4                CyIntSetVector
 .text.CyIntSetPriority
                0x00000c0c       0x30 .\CortexM3\ARM_GCC_484\Debug\Design01.a(CyLib.o)
                0x00000c0c                CyIntSetPriority
 .text.LCD_WrCntrlNib
                0x00000c3c       0x34 .\CortexM3\ARM_GCC_484\Debug\Design01.a(LCD.o)
 .text.LCD_WrDatNib
                0x00000c70       0x44 .\CortexM3\ARM_GCC_484\Debug\Design01.a(LCD.o)
 .text.LCD_IsReady
                0x00000cb4       0xec .\CortexM3\ARM_GCC_484\Debug\Design01.a(LCD.o)
                0x00000cb4                LCD_IsReady
 .text.LCD_WriteData
                0x00000da0       0x18 .\CortexM3\ARM_GCC_484\Debug\Design01.a(LCD.o)
                0x00000da0                LCD_WriteData
 .text.LCD_PrintString
                0x00000db8       0x1c .\CortexM3\ARM_GCC_484\Debug\Design01.a(LCD.o)
                0x00000db8                LCD_PrintString
 .text.LCD_PutChar
                0x00000dd4        0x8 .\CortexM3\ARM_GCC_484\Debug\Design01.a(LCD.o)
                0x00000dd4                LCD_PutChar
 .text.LCD_WriteControl
                0x00000ddc       0x18 .\CortexM3\ARM_GCC_484\Debug\Design01.a(LCD.o)
                0x00000ddc                LCD_WriteControl
 .text.LCD_Init
                0x00000df4       0x74 .\CortexM3\ARM_GCC_484\Debug\Design01.a(LCD.o)
                0x00000df4                LCD_Init
 .text.LCD_Enable
                0x00000e68       0x14 .\CortexM3\ARM_GCC_484\Debug\Design01.a(LCD.o)
                0x00000e68                LCD_Enable
 .text.LCD_Start
                0x00000e7c       0x1c .\CortexM3\ARM_GCC_484\Debug\Design01.a(LCD.o)
                0x00000e7c                LCD_Start
 .text.LCD_Position
                0x00000e98       0x3c .\CortexM3\ARM_GCC_484\Debug\Design01.a(LCD.o)
                0x00000e98                LCD_Position
 .text.LCD_PrintU32Number
                0x00000ed4       0x60 .\CortexM3\ARM_GCC_484\Debug\Design01.a(LCD.o)
                0x00000ed4                LCD_PrintU32Number
 .text.LCD_LoadCustomFonts
                0x00000f34       0x2c .\CortexM3\ARM_GCC_484\Debug\Design01.a(LCD_BarGraph.o)
                0x00000f34                LCD_LoadCustomFonts
 .text.Speaker_Output_Write
                0x00000f60       0x18 .\CortexM3\ARM_GCC_484\Debug\Design01.a(Speaker_Output.o)
                0x00000f60                Speaker_Output_Write
 .text.CapSense_Enable
                0x00000f78       0x68 .\CortexM3\ARM_GCC_484\Debug\Design01.a(CapSense.o)
                0x00000f78                CapSense_Enable
 .text.CapSense_FindNextSensor
                0x00000fe0       0x28 .\CortexM3\ARM_GCC_484\Debug\Design01.a(CapSense.o)
                0x00000fe0                CapSense_FindNextSensor
 .text.CapSense_IsBusy
                0x00001008       0x10 .\CortexM3\ARM_GCC_484\Debug\Design01.a(CapSense.o)
                0x00001008                CapSense_IsBusy
 .text.CapSense_ReadSensorRaw
                0x00001018        0xc .\CortexM3\ARM_GCC_484\Debug\Design01.a(CapSense.o)
                0x00001018                CapSense_ReadSensorRaw
 .text.CapSense_EnableSensor
                0x00001024       0x34 .\CortexM3\ARM_GCC_484\Debug\Design01.a(CapSense.o)
                0x00001024                CapSense_EnableSensor
 .text.CapSense_DisableSensor
                0x00001058       0x38 .\CortexM3\ARM_GCC_484\Debug\Design01.a(CapSense.o)
                0x00001058                CapSense_DisableSensor
 .text.CapSense_ClearSensors
                0x00001090       0x18 .\CortexM3\ARM_GCC_484\Debug\Design01.a(CapSense.o)
                0x00001090                CapSense_ClearSensors
 .text.CapSense_PostScan
                0x000010a8       0x4c .\CortexM3\ARM_GCC_484\Debug\Design01.a(CapSense.o)
                0x000010a8                CapSense_PostScan
 .text.CapSense_SetPrescaler
                0x000010f4       0x10 .\CortexM3\ARM_GCC_484\Debug\Design01.a(CapSense.o)
                0x000010f4                CapSense_SetPrescaler
 .text.CapSense_SetScanSlotSettings
                0x00001104       0x38 .\CortexM3\ARM_GCC_484\Debug\Design01.a(CapSense.o)
                0x00001104                CapSense_SetScanSlotSettings
 .text.CapSense_PreScan
                0x0000113c       0x34 .\CortexM3\ARM_GCC_484\Debug\Design01.a(CapSense.o)
                0x0000113c                CapSense_PreScan
 .text.CapSense_ScanSensor
                0x00001170       0x20 .\CortexM3\ARM_GCC_484\Debug\Design01.a(CapSense.o)
                0x00001170                CapSense_ScanSensor
 .text.CapSense_ScanEnabledWidgets
                0x00001190       0x38 .\CortexM3\ARM_GCC_484\Debug\Design01.a(CapSense.o)
                0x00001190                CapSense_ScanEnabledWidgets
 .text.CapSense_SetAnalogSwitchesSource
                0x000011c8       0x20 .\CortexM3\ARM_GCC_484\Debug\Design01.a(CapSense.o)
                0x000011c8                CapSense_SetAnalogSwitchesSource
 .text.CapSense_Init
                0x000011e8       0xe4 .\CortexM3\ARM_GCC_484\Debug\Design01.a(CapSense.o)
                0x000011e8                CapSense_Init
 .text.CapSense_Start
                0x000012cc       0x2c .\CortexM3\ARM_GCC_484\Debug\Design01.a(CapSense.o)
                0x000012cc                CapSense_Start
 .text.CapSense_BaseInit
                0x000012f8       0x44 .\CortexM3\ARM_GCC_484\Debug\Design01.a(CapSense_CSHL.o)
                0x000012f8                CapSense_BaseInit
 .text.CapSense_InitializeSensorBaseline
                0x0000133c       0x18 .\CortexM3\ARM_GCC_484\Debug\Design01.a(CapSense_CSHL.o)
                0x0000133c                CapSense_InitializeSensorBaseline
 .text.CapSense_InitializeAllBaselines
                0x00001354       0x18 .\CortexM3\ARM_GCC_484\Debug\Design01.a(CapSense_CSHL.o)
                0x00001354                CapSense_InitializeAllBaselines
 .text.CapSense_UpdateSensorBaseline
                0x0000136c       0xd0 .\CortexM3\ARM_GCC_484\Debug\Design01.a(CapSense_CSHL.o)
                0x0000136c                CapSense_UpdateSensorBaseline
 .text.CapSense_UpdateEnabledBaselines
                0x0000143c       0x30 .\CortexM3\ARM_GCC_484\Debug\Design01.a(CapSense_CSHL.o)
                0x0000143c                CapSense_UpdateEnabledBaselines
 .text.CapSense_CheckIsSensorActive
                0x0000146c       0xa0 .\CortexM3\ARM_GCC_484\Debug\Design01.a(CapSense_CSHL.o)
                0x0000146c                CapSense_CheckIsSensorActive
 .text.CapSense_CheckIsWidgetActive
                0x0000150c       0x2c .\CortexM3\ARM_GCC_484\Debug\Design01.a(CapSense_CSHL.o)
                0x0000150c                CapSense_CheckIsWidgetActive
 .text.CapSense_IsrCH0_ISR
                0x00001538       0x50 .\CortexM3\ARM_GCC_484\Debug\Design01.a(CapSense_INT.o)
                0x00001538                CapSense_IsrCH0_ISR
 .text.SMS_LIB_ScanSensor
                0x00001588        0x8 .\CortexM3\ARM_GCC_484\Debug\Design01.a(CapSense_SMS_Wrapper.o)
                0x00001588                SMS_LIB_ScanSensor
 .text.SMS_LIB_IsBusy
                0x00001590        0x8 .\CortexM3\ARM_GCC_484\Debug\Design01.a(CapSense_SMS_Wrapper.o)
                0x00001590                SMS_LIB_IsBusy
 .text.CapSense_CalculateThresholds
                0x00001598        0x8 .\CortexM3\ARM_GCC_484\Debug\Design01.a(CapSense_SMS_Wrapper.o)
                0x00001598                CapSense_CalculateThresholds
 .text.CapSense_AutoTune
                0x000015a0        0x8 .\CortexM3\ARM_GCC_484\Debug\Design01.a(CapSense_SMS_Wrapper.o)
                0x000015a0                CapSense_AutoTune
 .text.SMS_LIB_V3_50_SetAnalogSwitchesSrc_PRS
                0x000015a8        0xc .\CortexM3\ARM_GCC_484\Debug\Design01.a(CapSense_SMS_Wrapper.o)
                0x000015a8                SMS_LIB_V3_50_SetAnalogSwitchesSrc_PRS
 .text.SMS_LIB_V3_50_SetAnalogSwitchesSrc_Prescaler
                0x000015b4        0xc .\CortexM3\ARM_GCC_484\Debug\Design01.a(CapSense_SMS_Wrapper.o)
                0x000015b4                SMS_LIB_V3_50_SetAnalogSwitchesSrc_Prescaler
 .text.CapSense_CompCH0_Enable
                0x000015c0       0x1c .\CortexM3\ARM_GCC_484\Debug\Design01.a(CapSense_CompCH0.o)
                0x000015c0                CapSense_CompCH0_Enable
 .text.CapSense_CompCH0_SetSpeed
                0x000015dc       0x5c .\CortexM3\ARM_GCC_484\Debug\Design01.a(CapSense_CompCH0.o)
                0x000015dc                CapSense_CompCH0_SetSpeed
 .text.CapSense_CompCH0_Init
                0x00001638       0x3c .\CortexM3\ARM_GCC_484\Debug\Design01.a(CapSense_CompCH0.o)
                0x00001638                CapSense_CompCH0_Init
 .text.CapSense_IdacCH0_Enable
                0x00001674       0x1c .\CortexM3\ARM_GCC_484\Debug\Design01.a(CapSense_IdacCH0.o)
                0x00001674                CapSense_IdacCH0_Enable
 .text.CapSense_IdacCH0_SetSpeed
                0x00001690       0x1c .\CortexM3\ARM_GCC_484\Debug\Design01.a(CapSense_IdacCH0.o)
                0x00001690                CapSense_IdacCH0_SetSpeed
 .text.CapSense_IdacCH0_SetValue
                0x000016ac        0xc .\CortexM3\ARM_GCC_484\Debug\Design01.a(CapSense_IdacCH0.o)
                0x000016ac                CapSense_IdacCH0_SetValue
 .text.CapSense_IdacCH0_DacTrim
                0x000016b8       0x34 .\CortexM3\ARM_GCC_484\Debug\Design01.a(CapSense_IdacCH0.o)
                0x000016b8                CapSense_IdacCH0_DacTrim
 .text.CapSense_IdacCH0_Init
                0x000016ec       0x2c .\CortexM3\ARM_GCC_484\Debug\Design01.a(CapSense_IdacCH0.o)
                0x000016ec                CapSense_IdacCH0_Init
 .text.CapSense_IdacCH0_SetPolarity
                0x00001718       0x20 .\CortexM3\ARM_GCC_484\Debug\Design01.a(CapSense_IdacCH0.o)
                0x00001718                CapSense_IdacCH0_SetPolarity
 .text.CapSense_IdacCH0_SetRange
                0x00001738       0x20 .\CortexM3\ARM_GCC_484\Debug\Design01.a(CapSense_IdacCH0.o)
                0x00001738                CapSense_IdacCH0_SetRange
 .text.CapSense_AMuxCH0_DisconnectAll
                0x00001758       0x18 .\CortexM3\ARM_GCC_484\Debug\Design01.a(CapSense_AMuxCH0.o)
                0x00001758                CapSense_AMuxCH0_DisconnectAll
 .text.CapSense_AMuxCH0_Init
                0x00001770        0x8 .\CortexM3\ARM_GCC_484\Debug\Design01.a(CapSense_AMuxCH0.o)
                0x00001770                CapSense_AMuxCH0_Init
 .text.CapSense_IntClock_Start
                0x00001778       0x1c .\CortexM3\ARM_GCC_484\Debug\Design01.a(CapSense_IntClock.o)
                0x00001778                CapSense_IntClock_Start
 .text.PGA_1_Enable
                0x00001794       0x28 .\CortexM3\ARM_GCC_484\Debug\Design01.a(PGA_1.o)
                0x00001794                PGA_1_Enable
 .text.PGA_1_SetPower
                0x000017bc       0x18 .\CortexM3\ARM_GCC_484\Debug\Design01.a(PGA_1.o)
                0x000017bc                PGA_1_SetPower
 .text.PGA_1_SetGain
                0x000017d4       0x74 .\CortexM3\ARM_GCC_484\Debug\Design01.a(PGA_1.o)
                0x000017d4                PGA_1_SetGain
 .text.PGA_1_Init
                0x00001848       0x2c .\CortexM3\ARM_GCC_484\Debug\Design01.a(PGA_1.o)
                0x00001848                PGA_1_Init
 .text.PGA_1_Start
                0x00001874       0x1c .\CortexM3\ARM_GCC_484\Debug\Design01.a(PGA_1.o)
                0x00001874                PGA_1_Start
 .text.Comp_trimAdjust
                0x00001890       0x8c .\CortexM3\ARM_GCC_484\Debug\Design01.a(Comp.o)
 .text.Comp_Enable
                0x0000191c       0x1c .\CortexM3\ARM_GCC_484\Debug\Design01.a(Comp.o)
                0x0000191c                Comp_Enable
 .text.Comp_SetSpeed
                0x00001938       0x5c .\CortexM3\ARM_GCC_484\Debug\Design01.a(Comp.o)
                0x00001938                Comp_SetSpeed
 .text.Comp_Init
                0x00001994       0x3c .\CortexM3\ARM_GCC_484\Debug\Design01.a(Comp.o)
                0x00001994                Comp_Init
 .text.Comp_Start
                0x000019d0       0x1c .\CortexM3\ARM_GCC_484\Debug\Design01.a(Comp.o)
                0x000019d0                Comp_Start
 .text.Comp_ZeroCal
                0x000019ec       0x90 .\CortexM3\ARM_GCC_484\Debug\Design01.a(Comp.o)
                0x000019ec                Comp_ZeroCal
 .text.WaveDAC8_1_Enable
                0x00001a7c       0x28 .\CortexM3\ARM_GCC_484\Debug\Design01.a(WaveDAC8_1.o)
                0x00001a7c                WaveDAC8_1_Enable
 .text.WaveDAC8_1_Wave1Setup
                0x00001aa4       0x40 .\CortexM3\ARM_GCC_484\Debug\Design01.a(WaveDAC8_1.o)
                0x00001aa4                WaveDAC8_1_Wave1Setup
 .text.WaveDAC8_1_Wave2Setup
                0x00001ae4       0x40 .\CortexM3\ARM_GCC_484\Debug\Design01.a(WaveDAC8_1.o)
                0x00001ae4                WaveDAC8_1_Wave2Setup
 .text.WaveDAC8_1_Init
                0x00001b24       0x40 .\CortexM3\ARM_GCC_484\Debug\Design01.a(WaveDAC8_1.o)
                0x00001b24                WaveDAC8_1_Init
 .text.WaveDAC8_1_Start
                0x00001b64       0x1c .\CortexM3\ARM_GCC_484\Debug\Design01.a(WaveDAC8_1.o)
                0x00001b64                WaveDAC8_1_Start
 .text.Compint_Interrupt
                0x00001b80       0x14 .\CortexM3\ARM_GCC_484\Debug\Design01.a(Compint.o)
                0x00001b80                Compint_Interrupt
 .text.Compint_SetVector
                0x00001b94        0xc .\CortexM3\ARM_GCC_484\Debug\Design01.a(Compint.o)
                0x00001b94                Compint_SetVector
 .text.Compint_SetPriority
                0x00001ba0       0x10 .\CortexM3\ARM_GCC_484\Debug\Design01.a(Compint.o)
                0x00001ba0                Compint_SetPriority
 .text.Compint_Enable
                0x00001bb0        0xc .\CortexM3\ARM_GCC_484\Debug\Design01.a(Compint.o)
                0x00001bb0                Compint_Enable
 .text.Compint_Disable
                0x00001bbc        0xc .\CortexM3\ARM_GCC_484\Debug\Design01.a(Compint.o)
                0x00001bbc                Compint_Disable
 .text.Compint_Start
                0x00001bc8       0x1c .\CortexM3\ARM_GCC_484\Debug\Design01.a(Compint.o)
                0x00001bc8                Compint_Start
 .text.HeartbeatCounter_Enable
                0x00001be4       0x10 .\CortexM3\ARM_GCC_484\Debug\Design01.a(HeartbeatCounter.o)
                0x00001be4                HeartbeatCounter_Enable
 .text.HeartbeatCounter_SetInterruptMode
                0x00001bf4        0xc .\CortexM3\ARM_GCC_484\Debug\Design01.a(HeartbeatCounter.o)
                0x00001bf4                HeartbeatCounter_SetInterruptMode
 .text.HeartbeatCounter_ReadStatusRegister
                0x00001c00        0xc .\CortexM3\ARM_GCC_484\Debug\Design01.a(HeartbeatCounter.o)
                0x00001c00                HeartbeatCounter_ReadStatusRegister
 .text.HeartbeatCounter_WriteCounter
                0x00001c0c        0xc .\CortexM3\ARM_GCC_484\Debug\Design01.a(HeartbeatCounter.o)
                0x00001c0c                HeartbeatCounter_WriteCounter
 .text.HeartbeatCounter_ReadCounter
                0x00001c18       0x14 .\CortexM3\ARM_GCC_484\Debug\Design01.a(HeartbeatCounter.o)
                0x00001c18                HeartbeatCounter_ReadCounter
 .text.HeartbeatCounter_ReadCapture
                0x00001c2c        0xc .\CortexM3\ARM_GCC_484\Debug\Design01.a(HeartbeatCounter.o)
                0x00001c2c                HeartbeatCounter_ReadCapture
 .text.HeartbeatCounter_WritePeriod
                0x00001c38        0xc .\CortexM3\ARM_GCC_484\Debug\Design01.a(HeartbeatCounter.o)
                0x00001c38                HeartbeatCounter_WritePeriod
 .text.HeartbeatCounter_WriteCompare
                0x00001c44        0xc .\CortexM3\ARM_GCC_484\Debug\Design01.a(HeartbeatCounter.o)
                0x00001c44                HeartbeatCounter_WriteCompare
 .text.HeartbeatCounter_ClearFIFO
                0x00001c50       0x14 .\CortexM3\ARM_GCC_484\Debug\Design01.a(HeartbeatCounter.o)
                0x00001c50                HeartbeatCounter_ClearFIFO
 .text.HeartbeatCounter_Init
                0x00001c64       0x58 .\CortexM3\ARM_GCC_484\Debug\Design01.a(HeartbeatCounter.o)
                0x00001c64                HeartbeatCounter_Init
 .text.HeartbeatCounter_Start
                0x00001cbc       0x1c .\CortexM3\ARM_GCC_484\Debug\Design01.a(HeartbeatCounter.o)
                0x00001cbc                HeartbeatCounter_Start
 .text.USBUART_Init
                0x00001cd8      0x128 .\CortexM3\ARM_GCC_484\Debug\Design01.a(USBUART.o)
                0x00001cd8                USBUART_Init
 .text.USBUART_InitComponent
                0x00001e00       0xa8 .\CortexM3\ARM_GCC_484\Debug\Design01.a(USBUART.o)
                0x00001e00                USBUART_InitComponent
 .text.USBUART_Start
                0x00001ea8       0x24 .\CortexM3\ARM_GCC_484\Debug\Design01.a(USBUART.o)
                0x00001ea8                USBUART_Start
 .text.USBUART_ReInitComponent
                0x00001ecc       0x4c .\CortexM3\ARM_GCC_484\Debug\Design01.a(USBUART.o)
                0x00001ecc                USBUART_ReInitComponent
 .text.USBUART_LoadInEP
                0x00001f18       0x90 .\CortexM3\ARM_GCC_484\Debug\Design01.a(USBUART.o)
                0x00001f18                USBUART_LoadInEP
 .text.USBUART_StrLen
                0x00001fa8       0x14 .\CortexM3\ARM_GCC_484\Debug\Design01.a(USBUART_cdc.o)
 .text.USBUART_DispatchCDCClassRqst
                0x00001fbc       0x9c .\CortexM3\ARM_GCC_484\Debug\Design01.a(USBUART_cdc.o)
                0x00001fbc                USBUART_DispatchCDCClassRqst
 .text.USBUART_PutString
                0x00002058       0x94 .\CortexM3\ARM_GCC_484\Debug\Design01.a(USBUART_cdc.o)
                0x00002058                USBUART_PutString
 .text.USBUART_CDCIsReady
                0x000020ec       0x1c .\CortexM3\ARM_GCC_484\Debug\Design01.a(USBUART_cdc.o)
                0x000020ec                USBUART_CDCIsReady
 .text.USBUART_LoadEP0
                0x00002108       0x94 .\CortexM3\ARM_GCC_484\Debug\Design01.a(USBUART_drv.o)
                0x00002108                USBUART_LoadEP0
 .text.USBUART_InitZeroLengthControlTransfer
                0x0000219c       0x34 .\CortexM3\ARM_GCC_484\Debug\Design01.a(USBUART_drv.o)
                0x0000219c                USBUART_InitZeroLengthControlTransfer
 .text.USBUART_ControlReadDataStage
                0x000021d0        0x8 .\CortexM3\ARM_GCC_484\Debug\Design01.a(USBUART_drv.o)
                0x000021d0                USBUART_ControlReadDataStage
 .text.USBUART_ControlWriteDataStage
                0x000021d8       0x80 .\CortexM3\ARM_GCC_484\Debug\Design01.a(USBUART_drv.o)
                0x000021d8                USBUART_ControlWriteDataStage
 .text.USBUART_InitNoDataControlTransfer
                0x00002258       0x2c .\CortexM3\ARM_GCC_484\Debug\Design01.a(USBUART_drv.o)
                0x00002258                USBUART_InitNoDataControlTransfer
 .text.USBUART_UpdateStatusBlock
                0x00002284       0x24 .\CortexM3\ARM_GCC_484\Debug\Design01.a(USBUART_drv.o)
                0x00002284                USBUART_UpdateStatusBlock
 .text.USBUART_HandleSetup
                0x000022a8       0x5c .\CortexM3\ARM_GCC_484\Debug\Design01.a(USBUART_drv.o)
                0x000022a8                USBUART_HandleSetup
 .text.USBUART_ControlReadStatusStage
                0x00002304       0x34 .\CortexM3\ARM_GCC_484\Debug\Design01.a(USBUART_drv.o)
                0x00002304                USBUART_ControlReadStatusStage
 .text.USBUART_HandleOUT
                0x00002338       0x38 .\CortexM3\ARM_GCC_484\Debug\Design01.a(USBUART_drv.o)
                0x00002338                USBUART_HandleOUT
 .text.USBUART_ControlWriteStatusStage
                0x00002370       0x20 .\CortexM3\ARM_GCC_484\Debug\Design01.a(USBUART_drv.o)
                0x00002370                USBUART_ControlWriteStatusStage
 .text.USBUART_NoDataControlStatusStage
                0x00002390       0x40 .\CortexM3\ARM_GCC_484\Debug\Design01.a(USBUART_drv.o)
                0x00002390                USBUART_NoDataControlStatusStage
 .text.USBUART_HandleIN
                0x000023d0       0x2c .\CortexM3\ARM_GCC_484\Debug\Design01.a(USBUART_drv.o)
                0x000023d0                USBUART_HandleIN
 .text.USBUART_EP_0_ISR
                0x000023fc       0xb0 .\CortexM3\ARM_GCC_484\Debug\Design01.a(USBUART_drv.o)
                0x000023fc                USBUART_EP_0_ISR
 .text.USBUART_InitializeStatusBlock
                0x000024ac       0x24 .\CortexM3\ARM_GCC_484\Debug\Design01.a(USBUART_drv.o)
                0x000024ac                USBUART_InitializeStatusBlock
 .text.USBUART_InitControlRead
                0x000024d0       0x54 .\CortexM3\ARM_GCC_484\Debug\Design01.a(USBUART_drv.o)
                0x000024d0                USBUART_InitControlRead
 .text.USBUART_InitControlWrite
                0x00002524       0x4c .\CortexM3\ARM_GCC_484\Debug\Design01.a(USBUART_drv.o)
                0x00002524                USBUART_InitControlWrite
 .text.USBUART_EP_1_ISR
                0x00002570       0x38 .\CortexM3\ARM_GCC_484\Debug\Design01.a(USBUART_episr.o)
                0x00002570                USBUART_EP_1_ISR
 .text.USBUART_EP_2_ISR
                0x000025a8       0x38 .\CortexM3\ARM_GCC_484\Debug\Design01.a(USBUART_episr.o)
                0x000025a8                USBUART_EP_2_ISR
 .text.USBUART_EP_3_ISR
                0x000025e0       0x40 .\CortexM3\ARM_GCC_484\Debug\Design01.a(USBUART_episr.o)
                0x000025e0                USBUART_EP_3_ISR
 .text.USBUART_SOF_ISR
                0x00002620        0x4 .\CortexM3\ARM_GCC_484\Debug\Design01.a(USBUART_episr.o)
                0x00002620                USBUART_SOF_ISR
 .text.USBUART_BUS_RESET_ISR
                0x00002624        0x8 .\CortexM3\ARM_GCC_484\Debug\Design01.a(USBUART_episr.o)
                0x00002624                USBUART_BUS_RESET_ISR
 .text.USBUART_ReadDieID
                0x0000262c       0x5c .\CortexM3\ARM_GCC_484\Debug\Design01.a(USBUART_std.o)
                0x0000262c                USBUART_ReadDieID
 .text.USBUART_ConfigReg
                0x00002688       0xe8 .\CortexM3\ARM_GCC_484\Debug\Design01.a(USBUART_std.o)
                0x00002688                USBUART_ConfigReg
 .text.USBUART_GetConfigTablePtr
                0x00002770       0x2c .\CortexM3\ARM_GCC_484\Debug\Design01.a(USBUART_std.o)
                0x00002770                USBUART_GetConfigTablePtr
 .text.USBUART_ConfigAltChanged
                0x0000279c      0x1a0 .\CortexM3\ARM_GCC_484\Debug\Design01.a(USBUART_std.o)
                0x0000279c                USBUART_ConfigAltChanged
 .text.USBUART_GetDeviceTablePtr
                0x0000293c       0x18 .\CortexM3\ARM_GCC_484\Debug\Design01.a(USBUART_std.o)
                0x0000293c                USBUART_GetDeviceTablePtr
 .text.USBUART_GetInterfaceClassTablePtr
                0x00002954       0x24 .\CortexM3\ARM_GCC_484\Debug\Design01.a(USBUART_std.o)
                0x00002954                USBUART_GetInterfaceClassTablePtr
 .text.USBUART_Config
                0x00002978      0x1dc .\CortexM3\ARM_GCC_484\Debug\Design01.a(USBUART_std.o)
                0x00002978                USBUART_Config
 .text.USBUART_SetEndpointHalt
                0x00002b54       0x60 .\CortexM3\ARM_GCC_484\Debug\Design01.a(USBUART_std.o)
                0x00002b54                USBUART_SetEndpointHalt
 .text.USBUART_ClearEndpointHalt
                0x00002bb4       0xa4 .\CortexM3\ARM_GCC_484\Debug\Design01.a(USBUART_std.o)
                0x00002bb4                USBUART_ClearEndpointHalt
 .text.USBUART_ValidateAlternateSetting
                0x00002c58       0x54 .\CortexM3\ARM_GCC_484\Debug\Design01.a(USBUART_std.o)
                0x00002c58                USBUART_ValidateAlternateSetting
 .text.USBUART_HandleStandardRqst
                0x00002cac      0x394 .\CortexM3\ARM_GCC_484\Debug\Design01.a(USBUART_std.o)
                0x00002cac                USBUART_HandleStandardRqst
 .text.USBUART_HandleVendorRqst
                0x00003040       0x40 .\CortexM3\ARM_GCC_484\Debug\Design01.a(USBUART_vnd.o)
                0x00003040                USBUART_HandleVendorRqst
 .text.timer_clock_1_Start
                0x00003080       0x1c .\CortexM3\ARM_GCC_484\Debug\Design01.a(timer_clock_1.o)
                0x00003080                timer_clock_1_Start
 .text.WaveDAC8_1_DacClk_Start
                0x0000309c       0x1c .\CortexM3\ARM_GCC_484\Debug\Design01.a(WaveDAC8_1_DacClk.o)
                0x0000309c                WaveDAC8_1_DacClk_Start
 .text.WaveDAC8_1_Wave1_DMA_DmaInitialize
                0x000030b8       0x3c .\CortexM3\ARM_GCC_484\Debug\Design01.a(WaveDAC8_1_Wave1_DMA_dma.o)
                0x000030b8                WaveDAC8_1_Wave1_DMA_DmaInitialize
 .text.WaveDAC8_1_Wave2_DMA_DmaInitialize
                0x000030f4       0x3c .\CortexM3\ARM_GCC_484\Debug\Design01.a(WaveDAC8_1_Wave2_DMA_dma.o)
                0x000030f4                WaveDAC8_1_Wave2_DMA_DmaInitialize
 .text.WaveDAC8_1_VDAC8_Enable
                0x00003130       0x1c .\CortexM3\ARM_GCC_484\Debug\Design01.a(WaveDAC8_1_VDAC8.o)
                0x00003130                WaveDAC8_1_VDAC8_Enable
 .text.WaveDAC8_1_VDAC8_SetSpeed
                0x0000314c       0x1c .\CortexM3\ARM_GCC_484\Debug\Design01.a(WaveDAC8_1_VDAC8.o)
                0x0000314c                WaveDAC8_1_VDAC8_SetSpeed
 .text.WaveDAC8_1_VDAC8_SetValue
                0x00003168        0xc .\CortexM3\ARM_GCC_484\Debug\Design01.a(WaveDAC8_1_VDAC8.o)
                0x00003168                WaveDAC8_1_VDAC8_SetValue
 .text.WaveDAC8_1_VDAC8_DacTrim
                0x00003174       0x20 .\CortexM3\ARM_GCC_484\Debug\Design01.a(WaveDAC8_1_VDAC8.o)
                0x00003174                WaveDAC8_1_VDAC8_DacTrim
 .text.WaveDAC8_1_VDAC8_SetRange
                0x00003194       0x20 .\CortexM3\ARM_GCC_484\Debug\Design01.a(WaveDAC8_1_VDAC8.o)
                0x00003194                WaveDAC8_1_VDAC8_SetRange
 .text.WaveDAC8_1_VDAC8_Init
                0x000031b4       0x28 .\CortexM3\ARM_GCC_484\Debug\Design01.a(WaveDAC8_1_VDAC8.o)
                0x000031b4                WaveDAC8_1_VDAC8_Init
 .text.USBUART_DispatchClassRqst
                0x000031dc       0x5c .\CortexM3\ARM_GCC_484\Debug\Design01.a(USBUART_cls.o)
                0x000031dc                USBUART_DispatchClassRqst
 .text.SMS_LIB_V3_50_CallibrateSensor1Ch
                0x00003238       0x84 C:\Program Files (x86)\Cypress\PSoC Creator\3.2\PSoC Creator\psoc\content\cycomponentlibrary\CyComponentLibrary.cylib\CapSense_CSD_v3_50\Library\CapSenseLibrary_GCC.a(CapSense_CSD_SmartSense_v3_50.o)
                0x00003238                SMS_LIB_V3_50_CallibrateSensor1Ch
 .text.SMS_LIB_V3_50_AutoTuneSensor1Ch
                0x000032bc       0x9c C:\Program Files (x86)\Cypress\PSoC Creator\3.2\PSoC Creator\psoc\content\cycomponentlibrary\CyComponentLibrary.cylib\CapSense_CSD_v3_50\Library\CapSenseLibrary_GCC.a(CapSense_CSD_SmartSense_v3_50.o)
                0x000032bc                SMS_LIB_V3_50_AutoTuneSensor1Ch
 .text.SMS_LIB_V3_50_MeasureNoiseEnvelope
                0x00003358       0x94 C:\Program Files (x86)\Cypress\PSoC Creator\3.2\PSoC Creator\psoc\content\cycomponentlibrary\CyComponentLibrary.cylib\CapSense_CSD_v3_50\Library\CapSenseLibrary_GCC.a(CapSense_CSD_SmartSense_v3_50.o)
                0x00003358                SMS_LIB_V3_50_MeasureNoiseEnvelope
 .text.SMS_LIB_V3_50_CalculateThresholds
                0x000033ec       0xc4 C:\Program Files (x86)\Cypress\PSoC Creator\3.2\PSoC Creator\psoc\content\cycomponentlibrary\CyComponentLibrary.cylib\CapSense_CSD_v3_50\Library\CapSenseLibrary_GCC.a(CapSense_CSD_SmartSense_v3_50.o)
                0x000033ec                SMS_LIB_V3_50_CalculateThresholds
 .text.SMS_LIB_V3_50_Sensors2WidgetResolutionTransform
                0x000034b0       0xa8 C:\Program Files (x86)\Cypress\PSoC Creator\3.2\PSoC Creator\psoc\content\cycomponentlibrary\CyComponentLibrary.cylib\CapSense_CSD_v3_50\Library\CapSenseLibrary_GCC.a(CapSense_CSD_SmartSense_v3_50.o)
                0x000034b0                SMS_LIB_V3_50_Sensors2WidgetResolutionTransform
 .text.SMS_LIB_V3_50_AutoTune1Ch
                0x00003558       0x88 C:\Program Files (x86)\Cypress\PSoC Creator\3.2\PSoC Creator\psoc\content\cycomponentlibrary\CyComponentLibrary.cylib\CapSense_CSD_v3_50\Library\CapSenseLibrary_GCC.a(CapSense_CSD_SmartSense_v3_50.o)
                0x00003558                SMS_LIB_V3_50_AutoTune1Ch
 .text          0x000035e0       0x24 c:/program files (x86)/cypress/psoc creator/3.2/psoc creator/import/gnu/arm/4.8.4/bin/../lib/gcc/arm-none-eabi/4.8.4/armv7-m\libgcc.a(_udivsi3.o)
                0x000035e0                __aeabi_uidiv
                0x000035e0                __udivsi3
                0x000035f4                __aeabi_uidivmod
 .text          0x00003604        0x4 c:/program files (x86)/cypress/psoc creator/3.2/psoc creator/import/gnu/arm/4.8.4/bin/../lib/gcc/arm-none-eabi/4.8.4/armv7-m\libgcc.a(_dvmd_tls.o)
                0x00003604                __aeabi_idiv0
                0x00003604                __aeabi_ldiv0
 .text          0x00003608      0x370 c:/program files (x86)/cypress/psoc creator/3.2/psoc creator/import/gnu/arm/4.8.4/bin/../lib/gcc/arm-none-eabi/4.8.4/armv7-m\libgcc.a(_arm_addsubdf3.o)
                0x00003608                __aeabi_drsub
                0x00003610                __aeabi_dsub
                0x00003610                __subdf3
                0x00003614                __aeabi_dadd
                0x00003614                __adddf3
                0x0000388c                __floatunsidf
                0x0000388c                __aeabi_ui2d
                0x000038ac                __floatsidf
                0x000038ac                __aeabi_i2d
                0x000038d0                __aeabi_f2d
                0x000038d0                __extendsfdf2
                0x0000390c                __floatundidf
                0x0000390c                __aeabi_ul2d
                0x0000391c                __floatdidf
                0x0000391c                __aeabi_l2d
 .text          0x00003978      0x424 c:/program files (x86)/cypress/psoc creator/3.2/psoc creator/import/gnu/arm/4.8.4/bin/../lib/gcc/arm-none-eabi/4.8.4/armv7-m\libgcc.a(_arm_muldivdf3.o)
                0x00003978                __aeabi_dmul
                0x00003978                __muldf3
                0x00003bcc                __divdf3
                0x00003bcc                __aeabi_ddiv
 .text          0x00003d9c       0x50 c:/program files (x86)/cypress/psoc creator/3.2/psoc creator/import/gnu/arm/4.8.4/bin/../lib/gcc/arm-none-eabi/4.8.4/armv7-m\libgcc.a(_arm_fixdfsi.o)
                0x00003d9c                __aeabi_d2iz
                0x00003d9c                __fixdfsi
 .text          0x00003dec      0x21c c:/program files (x86)/cypress/psoc creator/3.2/psoc creator/import/gnu/arm/4.8.4/bin/../lib/gcc/arm-none-eabi/4.8.4/armv7-m\libgcc.a(_arm_addsubsf3.o)
                0x00003dec                __aeabi_frsub
                0x00003df4                __subsf3
                0x00003df4                __aeabi_fsub
                0x00003df8                __aeabi_fadd
                0x00003df8                __addsf3
                0x00003f58                __aeabi_ui2f
                0x00003f58                __floatunsisf
                0x00003f60                __aeabi_i2f
                0x00003f60                __floatsisf
                0x00003f7c                __aeabi_ul2f
                0x00003f7c                __floatundisf
                0x00003f8c                __aeabi_l2f
                0x00003f8c                __floatdisf
 .text          0x00004008       0xec c:/program files (x86)/cypress/psoc creator/3.2/psoc creator/import/gnu/arm/4.8.4/bin/../lib/gcc/arm-none-eabi/4.8.4/armv7-m\libgcc.a(_arm_cmpsf2.o)
                0x00004008                __gesf2
                0x00004008                __gtsf2
                0x00004010                __lesf2
                0x00004010                __ltsf2
                0x00004018                __nesf2
                0x00004018                __eqsf2
                0x00004018                __cmpsf2
                0x00004078                __aeabi_cfrcmple
                0x00004080                __aeabi_cfcmpeq
                0x00004080                __aeabi_cfcmple
                0x00004090                __aeabi_fcmpeq
                0x000040a4                __aeabi_fcmplt
                0x000040b8                __aeabi_fcmple
                0x000040cc                __aeabi_fcmpge
                0x000040e0                __aeabi_fcmpgt
 .text          0x000040f4       0x4c c:/program files (x86)/cypress/psoc creator/3.2/psoc creator/import/gnu/arm/4.8.4/bin/../lib/gcc/arm-none-eabi/4.8.4/armv7-m\libgcc.a(_arm_fixsfsi.o)
                0x000040f4                __aeabi_f2iz
                0x000040f4                __fixsfsi
 .text          0x00004140       0x40 c:/program files (x86)/cypress/psoc creator/3.2/psoc creator/import/gnu/arm/4.8.4/bin/../lib/gcc/arm-none-eabi/4.8.4/armv7-m\libgcc.a(_arm_fixunssfsi.o)
                0x00004140                __fixunssfsi
                0x00004140                __aeabi_f2uiz
 .text.__errno  0x00004180        0xc c:/program files (x86)/cypress/psoc creator/3.2/psoc creator/import/gnu/arm/4.8.4/bin/../lib/gcc/arm-none-eabi/4.8.4/../../../../arm-none-eabi/lib/armv7-m\libg_s.a(lib_a-errno.o)
                0x00004180                __errno
 .text.__libc_init_array
                0x0000418c       0x4c c:/program files (x86)/cypress/psoc creator/3.2/psoc creator/import/gnu/arm/4.8.4/bin/../lib/gcc/arm-none-eabi/4.8.4/../../../../arm-none-eabi/lib/armv7-m\libg_s.a(lib_a-init.o)
                0x0000418c                __libc_init_array
 .text.memcpy   0x000041d8       0x12 c:/program files (x86)/cypress/psoc creator/3.2/psoc creator/import/gnu/arm/4.8.4/bin/../lib/gcc/arm-none-eabi/4.8.4/../../../../arm-none-eabi/lib/armv7-m\libg_s.a(lib_a-memcpy-stub.o)
                0x000041d8                memcpy
 .text.memset   0x000041ea       0x10 c:/program files (x86)/cypress/psoc creator/3.2/psoc creator/import/gnu/arm/4.8.4/bin/../lib/gcc/arm-none-eabi/4.8.4/../../../../arm-none-eabi/lib/armv7-m\libg_s.a(lib_a-memset.o)
                0x000041ea                memset
 *fill*         0x000041fa        0x2 
 .text.sprintf  0x000041fc       0x48 c:/program files (x86)/cypress/psoc creator/3.2/psoc creator/import/gnu/arm/4.8.4/bin/../lib/gcc/arm-none-eabi/4.8.4/../../../../arm-none-eabi/lib/armv7-m\libg_s.a(lib_a-sprintf.o)
                0x000041fc                siprintf
                0x000041fc                sprintf
 .text.__ssputs_r
                0x00004244       0xb8 c:/program files (x86)/cypress/psoc creator/3.2/psoc creator/import/gnu/arm/4.8.4/bin/../lib/gcc/arm-none-eabi/4.8.4/../../../../arm-none-eabi/lib/armv7-m\libg_s.a(lib_a-svfprintf.o)
                0x00004244                __ssputs_r
 .text._svfprintf_r
                0x000042fc      0x1d8 c:/program files (x86)/cypress/psoc creator/3.2/psoc creator/import/gnu/arm/4.8.4/bin/../lib/gcc/arm-none-eabi/4.8.4/../../../../arm-none-eabi/lib/armv7-m\libg_s.a(lib_a-svfprintf.o)
                0x000042fc                _svfiprintf_r
                0x000042fc                _svfprintf_r
 .text._printf_common
                0x000044d4       0xe4 c:/program files (x86)/cypress/psoc creator/3.2/psoc creator/import/gnu/arm/4.8.4/bin/../lib/gcc/arm-none-eabi/4.8.4/../../../../arm-none-eabi/lib/armv7-m\libg_s.a(lib_a-vfprintf_i.o)
                0x000044d4                _printf_common
 .text._printf_i
                0x000045b8      0x228 c:/program files (x86)/cypress/psoc creator/3.2/psoc creator/import/gnu/arm/4.8.4/bin/../lib/gcc/arm-none-eabi/4.8.4/../../../../arm-none-eabi/lib/armv7-m\libg_s.a(lib_a-vfprintf_i.o)
                0x000045b8                _printf_i
 .text.memchr   0x000047e0       0x1c c:/program files (x86)/cypress/psoc creator/3.2/psoc creator/import/gnu/arm/4.8.4/bin/../lib/gcc/arm-none-eabi/4.8.4/../../../../arm-none-eabi/lib/armv7-m\libg_s.a(lib_a-memchr-stub.o)
                0x000047e0                memchr
 .text.memmove  0x000047fc       0x36 c:/program files (x86)/cypress/psoc creator/3.2/psoc creator/import/gnu/arm/4.8.4/bin/../lib/gcc/arm-none-eabi/4.8.4/../../../../arm-none-eabi/lib/armv7-m\libg_s.a(lib_a-memmove.o)
                0x000047fc                memmove
 *fill*         0x00004832        0x2 
 .text._free_r  0x00004834       0x88 c:/program files (x86)/cypress/psoc creator/3.2/psoc creator/import/gnu/arm/4.8.4/bin/../lib/gcc/arm-none-eabi/4.8.4/../../../../arm-none-eabi/lib/armv7-m\libg_s.a(lib_a-nano-freer.o)
                0x00004834                _free_r
 .text._malloc_r
                0x000048bc       0xa8 c:/program files (x86)/cypress/psoc creator/3.2/psoc creator/import/gnu/arm/4.8.4/bin/../lib/gcc/arm-none-eabi/4.8.4/../../../../arm-none-eabi/lib/armv7-m\libg_s.a(lib_a-nano-mallocr.o)
                0x000048bc                _malloc_r
 .text._realloc_r
                0x00004964       0x4c c:/program files (x86)/cypress/psoc creator/3.2/psoc creator/import/gnu/arm/4.8.4/bin/../lib/gcc/arm-none-eabi/4.8.4/../../../../arm-none-eabi/lib/armv7-m\libg_s.a(lib_a-nano-reallocr.o)
                0x00004964                _realloc_r
 .text._sbrk_r  0x000049b0       0x20 c:/program files (x86)/cypress/psoc creator/3.2/psoc creator/import/gnu/arm/4.8.4/bin/../lib/gcc/arm-none-eabi/4.8.4/../../../../arm-none-eabi/lib/armv7-m\libg_s.a(lib_a-sbrkr.o)
                0x000049b0                _sbrk_r
 .text.strlen   0x000049d0       0x10 c:/program files (x86)/cypress/psoc creator/3.2/psoc creator/import/gnu/arm/4.8.4/bin/../lib/gcc/arm-none-eabi/4.8.4/../../../../arm-none-eabi/lib/armv7-m\libg_s.a(lib_a-strlen.o)
                0x000049d0                strlen
 .text._malloc_usable_size_r
                0x000049e0       0x12 c:/program files (x86)/cypress/psoc creator/3.2/psoc creator/import/gnu/arm/4.8.4/bin/../lib/gcc/arm-none-eabi/4.8.4/../../../../arm-none-eabi/lib/armv7-m\libg_s.a(lib_a-nano-msizer.o)
                0x000049e0                _malloc_usable_size_r
 *(.plt)
 *(.gnu.warning)
 *(.glue_7t)
 .glue_7t       0x00000000        0x0 linker stubs
 *(.glue_7)
 .glue_7        0x00000000        0x0 linker stubs
 *(.vfp11_veneer)
 .vfp11_veneer  0x00000000        0x0 linker stubs
 *(.bootloader)
 *(.ARM.extab* .gnu.linkonce.armextab.*)
 *(.gcc_except_table)

.v4_bx          0x000049f4        0x0
 .v4_bx         0x00000000        0x0 linker stubs

.iplt           0x000049f4        0x0
 .iplt          0x00000000        0x0 c:/program files (x86)/cypress/psoc creator/3.2/psoc creator/import/gnu/arm/4.8.4/bin/../lib/gcc/arm-none-eabi/4.8.4/armv7-m/crtbegin.o

.eh_frame_hdr
 *(.eh_frame_hdr)

.eh_frame       0x000049f4        0x4
 *(.eh_frame)
 .eh_frame      0x000049f4        0x0 c:/program files (x86)/cypress/psoc creator/3.2/psoc creator/import/gnu/arm/4.8.4/bin/../lib/gcc/arm-none-eabi/4.8.4/armv7-m/crtbegin.o
 .eh_frame      0x000049f4        0x4 c:/program files (x86)/cypress/psoc creator/3.2/psoc creator/import/gnu/arm/4.8.4/bin/../lib/gcc/arm-none-eabi/4.8.4/armv7-m/crtend.o
                0x000049f8                PROVIDE (__exidx_start, .)

.ARM.exidx
 *(.ARM.exidx* .gnu.linkonce.armexidx.*)
                0x000049f8                __exidx_end = .

.rodata         0x000049f8     0x1430
 *(.rodata .rodata.* .gnu.linkonce.r.*)
 .rodata.str1.4
                0x000049f8       0x5f .\CortexM3\ARM_GCC_484\Debug\states.o
                                 0x60 (size before relaxing)
 *fill*         0x00004a57        0x1 
 .rodata.str1.4
                0x00004a58       0x28 .\CortexM3\ARM_GCC_484\Debug\display.o
                                 0x64 (size before relaxing)
 .rodata.str1.4
                0x00004a80       0x1b .\CortexM3\ARM_GCC_484\Debug\system.o
                                 0x1c (size before relaxing)
 *fill*         0x00004a9b        0x1 
 .rodata.str1.4
                0x00004a9c       0x12 .\CortexM3\ARM_GCC_484\Debug\heartrate.o
                                 0x14 (size before relaxing)
 *fill*         0x00004aae        0x2 
 .rodata.str1.4
                0x00004ab0       0x18 .\CortexM3\ARM_GCC_484\Debug\terminal.o
 .rodata        0x00004ac8       0x64 .\CortexM3\ARM_GCC_484\Debug\Design01.a(cyfitter_cfg.o)
                0x00004ac8                CapSense_AMuxCH0__addrTable
                0x00004af0                CapSense_AMuxCH0__maskTable
 .rodata        0x00004b2c       0x40 .\CortexM3\ARM_GCC_484\Debug\Design01.a(LCD_BarGraph.o)
                0x00004b2c                LCD_customFonts
 .rodata        0x00004b6c       0x54 .\CortexM3\ARM_GCC_484\Debug\Design01.a(CapSense.o)
                0x00004b6c                CapSense_portTable
                0x00004b74                CapSense_maskTable
                0x00004b7c                CapSense_pcTable
                0x00004b98                CapSense_csTable
                0x00004bb8                CapSense_widgetNumber
 .rodata        0x00004bc0       0x10 .\CortexM3\ARM_GCC_484\Debug\Design01.a(CapSense_CSHL.o)
                0x00004bc0                CapSense_rawDataIndex
                0x00004bc4                CapSense_numberOfSensors
                0x00004bc8                CapSense_posFiltersMask
                0x00004bcc                CapSense_centroidMult
 .rodata        0x00004bd0       0x28 .\CortexM3\ARM_GCC_484\Debug\Design01.a(CapSense_SMS_Wrapper.o)
                0x00004bd0                SMS_LIB_PrescalerTbl
                0x00004bf0                SMS_LIB_SensorSensitivity
 .rodata        0x00004bf8       0x18 .\CortexM3\ARM_GCC_484\Debug\Design01.a(PGA_1.o)
 .rodata        0x00004c10     0x1004 .\CortexM3\ARM_GCC_484\Debug\Design01.a(WaveDAC8_1.o)
                0x00004c10                WaveDAC8_1_wave1
                0x00005bb0                WaveDAC8_1_wave2
 .rodata        0x00005c14       0x14 .\CortexM3\ARM_GCC_484\Debug\Design01.a(USBUART_std.o)
 .rodata        0x00005c28      0x194 .\CortexM3\ARM_GCC_484\Debug\Design01.a(USBUART_descr.o)
                0x00005c28                USBUART_MSOS_CONFIGURATION_DESCR
                0x00005c50                USBUART_MSOS_DESCRIPTOR
                0x00005c64                USBUART_TABLE
                0x00005c6c                USBUART_DEVICE0_TABLE
                0x00005c7c                USBUART_DEVICE0_CONFIGURATION0_TABLE
                0x00005ca4                USBUART_DEVICE0_CONFIGURATION0_INTERFACE_CLASS
                0x00005ca8                USBUART_DEVICE0_CONFIGURATION0_EP_SETTINGS_TABLE
                0x00005cc0                USBUART_SN_STRING_DESCRIPTOR
                0x00005cc4                USBUART_STRING_DESCRIPTORS
                0x00005d64                USBUART_DEVICE0_CONFIGURATION0_DESCR
                0x00005da8                USBUART_DEVICE0_DESCR
 .rodata.str1.1
                0x00005dbc        0x2 c:/program files (x86)/cypress/psoc creator/3.2/psoc creator/import/gnu/arm/4.8.4/bin/../lib/gcc/arm-none-eabi/4.8.4/../../../../arm-none-eabi/lib/armv7-m\libg_s.a(lib_a-impure.o)
 .rodata.str1.1
                0x00005dbe       0x11 c:/program files (x86)/cypress/psoc creator/3.2/psoc creator/import/gnu/arm/4.8.4/bin/../lib/gcc/arm-none-eabi/4.8.4/../../../../arm-none-eabi/lib/armv7-m\libg_s.a(lib_a-svfprintf.o)
 .rodata.str1.1
                0x00005dcf       0x22 c:/program files (x86)/cypress/psoc creator/3.2/psoc creator/import/gnu/arm/4.8.4/bin/../lib/gcc/arm-none-eabi/4.8.4/../../../../arm-none-eabi/lib/armv7-m\libg_s.a(lib_a-vfprintf_i.o)
                0x00005df4                . = ALIGN (0x4)
 *fill*         0x00005df1        0x3 
 *(.init)
 .init          0x00005df4        0x4 c:/program files (x86)/cypress/psoc creator/3.2/psoc creator/import/gnu/arm/4.8.4/bin/../lib/gcc/arm-none-eabi/4.8.4/armv7-m/crti.o
                0x00005df4                _init
 .init          0x00005df8        0x8 c:/program files (x86)/cypress/psoc creator/3.2/psoc creator/import/gnu/arm/4.8.4/bin/../lib/gcc/arm-none-eabi/4.8.4/armv7-m/crtn.o
                0x00005e00                . = ALIGN (0x4)
                0x00005e00                __preinit_array_start = .
 *(.preinit_array)
                0x00005e00                __preinit_array_end = .
                0x00005e00                . = ALIGN (0x4)
                0x00005e00                __init_array_start = .
 *(SORT(.init_array.*))
 *(.init_array)
 .init_array    0x00005e00        0x4 c:/program files (x86)/cypress/psoc creator/3.2/psoc creator/import/gnu/arm/4.8.4/bin/../lib/gcc/arm-none-eabi/4.8.4/armv7-m/crtbegin.o
 .init_array    0x00005e04        0x4 .\CortexM3\ARM_GCC_484\Debug\Cm3Start.o
                0x00005e08                __init_array_end = .
                0x00005e08                . = ALIGN (0x4)
 *(.fini)
 .fini          0x00005e08        0x4 c:/program files (x86)/cypress/psoc creator/3.2/psoc creator/import/gnu/arm/4.8.4/bin/../lib/gcc/arm-none-eabi/4.8.4/armv7-m/crti.o
                0x00005e08                _fini
 .fini          0x00005e0c        0x8 c:/program files (x86)/cypress/psoc creator/3.2/psoc creator/import/gnu/arm/4.8.4/bin/../lib/gcc/arm-none-eabi/4.8.4/armv7-m/crtn.o
                0x00005e14                . = ALIGN (0x4)
                0x00005e14                __fini_array_start = .
 *(.fini_array)
 .fini_array    0x00005e14        0x4 c:/program files (x86)/cypress/psoc creator/3.2/psoc creator/import/gnu/arm/4.8.4/bin/../lib/gcc/arm-none-eabi/4.8.4/armv7-m/crtbegin.o
 *(SORT(.fini_array.*))
                0x00005e18                __fini_array_end = .
                0x00005e18                . = ALIGN (0x4)
 *crtbegin.o(.ctors)
 *(EXCLUDE_FILE(*crtend.o) .ctors)
 *(SORT(.ctors.*))
 *crtend.o(.ctors)
                0x00005e18                . = ALIGN (0x4)
 *crtbegin.o(.dtors)
 *(EXCLUDE_FILE(*crtend.o) .dtors)
 *(SORT(.dtors.*))
 *crtend.o(.dtors)
                0x00005e18                . = ALIGN (0x4)
                0x00005e18                __cy_regions = .
                0x00005e18        0x4 LONG 0x5e28 __cy_region_init_ram
                0x00005e1c        0x4 LONG 0x1fff8108 __cy_region_start_data
                0x00005e20        0x4 LONG 0xf0 __cy_region_init_size_ram
                0x00005e24        0x4 LONG 0x1c0 __cy_region_zero_size_ram
                0x00005e28                __cy_regions_end = .
                0x00005e28                . = ALIGN (0x8)
                0x00005e28                _etext = .

.ramvectors     0x1fff8000      0x100
                0x1fff8000                __cy_region_start_ram = .
 *(.ramvectors)
 .ramvectors    0x1fff8000      0x100 .\CortexM3\ARM_GCC_484\Debug\Cm3Start.o
                0x1fff8000                CyRamVectors

.noinit         0x1fff8100        0x5
 *(.noinit)
 .noinit        0x1fff8100        0x4 .\CortexM3\ARM_GCC_484\Debug\Cm3Start.o
 .noinit        0x1fff8104        0x1 .\CortexM3\ARM_GCC_484\Debug\Design01.a(CyLib.o)
                0x1fff8104                CyResetStatus

.data           0x1fff8108       0xf0 load address 0x00005e28
                0x1fff8108                __cy_region_start_data = .
 *(.jcr)
 .jcr           0x1fff8108        0x0 c:/program files (x86)/cypress/psoc creator/3.2/psoc creator/import/gnu/arm/4.8.4/bin/../lib/gcc/arm-none-eabi/4.8.4/armv7-m/crtbegin.o
 .jcr           0x1fff8108        0x4 c:/program files (x86)/cypress/psoc creator/3.2/psoc creator/import/gnu/arm/4.8.4/bin/../lib/gcc/arm-none-eabi/4.8.4/armv7-m/crtend.o
 *(.got.plt)
 *(.got)
 *(.shdata)
 *(.data .data.* .gnu.linkonce.d.*)
 .data          0x1fff810c        0x4 .\CortexM3\ARM_GCC_484\Debug\display.o
                0x1fff810c                loading_bar_speed_ms
 .data          0x1fff8110        0x4 .\CortexM3\ARM_GCC_484\Debug\Cm3Start.o
 .data          0x1fff8114        0x8 .\CortexM3\ARM_GCC_484\Debug\Design01.a(CyDmac.o)
 .data          0x1fff811c       0x10 .\CortexM3\ARM_GCC_484\Debug\Design01.a(CyLib.o)
                0x1fff811c                cydelay_32k_ms
                0x1fff8120                cydelay_freq_khz
                0x1fff8124                cydelay_freq_mhz
                0x1fff8128                cydelay_freq_hz
 .data          0x1fff812c       0x10 .\CortexM3\ARM_GCC_484\Debug\Design01.a(CapSense.o)
                0x1fff812c                CapSense_sensorEnableMask
                0x1fff8130                CapSense_idacSettings
                0x1fff8138                CapSense_widgetResolution
                0x1fff813b                CapSense_lowLevelTuningDone
 .data          0x1fff813c       0x14 .\CortexM3\ARM_GCC_484\Debug\Design01.a(CapSense_CSHL.o)
                0x1fff813c                CapSense_debounce
                0x1fff8140                CapSense_noiseThreshold
                0x1fff8144                CapSense_fingerThreshold
                0x1fff8148                CapSense_hysteresis
                0x1fff814c                CapSense_posFiltersData
 .data          0x1fff8150       0x34 .\CortexM3\ARM_GCC_484\Debug\Design01.a(CapSense_SMS_Wrapper.o)
                0x1fff8150                SMS_LIB_EndOfWidgInd
                0x1fff8151                SMS_LIB_TotalScanSlCnt
                0x1fff8152                SMS_LIB_TotalSnsCnt
                0x1fff8154                SMS_LIB_Var2
                0x1fff8156                SMS_LIB_Var1
                0x1fff8158                SMS_LIB_SensorBaseline
                0x1fff815c                SMS_LIB_SensorRaw
                0x1fff8160                SMS_LIB_prescaler
                0x1fff8164                SMS_LIB_idacSettings
                0x1fff8168                SMS_LIB_fingerThreshold
                0x1fff816c                SMS_LIB_rawDataIndex
                0x1fff8170                SMS_LIB_numberOfSensors
                0x1fff8174                SMS_LIB_widgetNumber
                0x1fff8178                SMS_LIB_widgetResolution
                0x1fff817c                SMS_LIB_hysteresis
                0x1fff8180                SMS_LIB_noiseThreshold
 .data          0x1fff8184        0x8 .\CortexM3\ARM_GCC_484\Debug\Design01.a(USBUART_cdc.o)
                0x1fff8184                USBUART_lineCoding
 .data          0x1fff818c        0x1 .\CortexM3\ARM_GCC_484\Debug\Design01.a(WaveDAC8_1_Wave1_DMA_dma.o)
                0x1fff818c                WaveDAC8_1_Wave1_DMA_DmaHandle
 .data          0x1fff818d        0x1 .\CortexM3\ARM_GCC_484\Debug\Design01.a(WaveDAC8_1_Wave2_DMA_dma.o)
                0x1fff818d                WaveDAC8_1_Wave2_DMA_DmaHandle
 *fill*         0x1fff818e        0x2 
 .data.impure_data
                0x1fff8190       0x60 c:/program files (x86)/cypress/psoc creator/3.2/psoc creator/import/gnu/arm/4.8.4/bin/../lib/gcc/arm-none-eabi/4.8.4/../../../../arm-none-eabi/lib/armv7-m\libg_s.a(lib_a-impure.o)
 .data._impure_ptr
                0x1fff81f0        0x4 c:/program files (x86)/cypress/psoc creator/3.2/psoc creator/import/gnu/arm/4.8.4/bin/../lib/gcc/arm-none-eabi/4.8.4/../../../../arm-none-eabi/lib/armv7-m\libg_s.a(lib_a-impure.o)
                0x1fff81f0                _impure_ptr
                0x1fff81f8                . = ALIGN (0x8)
 *fill*         0x1fff81f4        0x4 
 *(.ram)
                0x1fff81f8                _edata = .

.igot.plt       0x1fff81f8        0x0 load address 0x00005f18
 .igot.plt      0x00000000        0x0 c:/program files (x86)/cypress/psoc creator/3.2/psoc creator/import/gnu/arm/4.8.4/bin/../lib/gcc/arm-none-eabi/4.8.4/armv7-m/crtbegin.o

.bss            0x1fff81f8      0x1c0 load address 0x00005f18
                0x1fff81f8                PROVIDE (__bss_start__, .)
 *(.shbss)
 *(.bss .bss.* .gnu.linkonce.b.*)
 .bss           0x1fff81f8       0x1c c:/program files (x86)/cypress/psoc creator/3.2/psoc creator/import/gnu/arm/4.8.4/bin/../lib/gcc/arm-none-eabi/4.8.4/armv7-m/crtbegin.o
 .bss           0x1fff8214        0x4 .\CortexM3\ARM_GCC_484\Debug\states.o
                0x1fff8214                selectedProfile
 .bss           0x1fff8218        0x2 .\CortexM3\ARM_GCC_484\Debug\Design01.a(LCD.o)
                0x1fff8218                LCD_enableState
                0x1fff8219                LCD_initVar
 .bss           0x1fff821a        0x1 .\CortexM3\ARM_GCC_484\Debug\Design01.a(CapSense.o)
 *fill*         0x1fff821b        0x1 
 .bss           0x1fff821c        0x8 .\CortexM3\ARM_GCC_484\Debug\Design01.a(CapSense_CSHL.o)
                0x1fff821c                CapSense_debounceCounter
 .bss           0x1fff8224        0x1 .\CortexM3\ARM_GCC_484\Debug\Design01.a(PGA_1.o)
                0x1fff8224                PGA_1_initVar
 .bss           0x1fff8225        0x1 .\CortexM3\ARM_GCC_484\Debug\Design01.a(Comp.o)
                0x1fff8225                Comp_initVar
 .bss           0x1fff8226        0x5 .\CortexM3\ARM_GCC_484\Debug\Design01.a(WaveDAC8_1.o)
                0x1fff822a                WaveDAC8_1_initVar
 *fill*         0x1fff822b        0x1 
 .bss           0x1fff822c        0x8 .\CortexM3\ARM_GCC_484\Debug\Design01.a(Compint.o)
                0x1fff822c                endCounts
                0x1fff8230                startCounts
 .bss           0x1fff8234        0x1 .\CortexM3\ARM_GCC_484\Debug\Design01.a(HeartbeatCounter.o)
                0x1fff8234                HeartbeatCounter_initVar
 .bss           0x1fff8235        0x1 .\CortexM3\ARM_GCC_484\Debug\Design01.a(USBUART.o)
                0x1fff8235                USBUART_initVar
 *fill*         0x1fff8236        0x2 
 .bss           0x1fff8238        0x4 .\CortexM3\ARM_GCC_484\Debug\Design01.a(USBUART_std.o)
 .bss.__malloc_sbrk_start
                0x1fff823c        0x4 c:/program files (x86)/cypress/psoc creator/3.2/psoc creator/import/gnu/arm/4.8.4/bin/../lib/gcc/arm-none-eabi/4.8.4/../../../../arm-none-eabi/lib/armv7-m\libg_s.a(lib_a-nano-mallocr.o)
                0x1fff823c                __malloc_sbrk_start
 .bss.__malloc_free_list
                0x1fff8240        0x4 c:/program files (x86)/cypress/psoc creator/3.2/psoc creator/import/gnu/arm/4.8.4/bin/../lib/gcc/arm-none-eabi/4.8.4/../../../../arm-none-eabi/lib/armv7-m\libg_s.a(lib_a-nano-mallocr.o)
                0x1fff8240                __malloc_free_list
 *(COMMON)
 COMMON         0x1fff8244       0x18 .\CortexM3\ARM_GCC_484\Debug\states.o
                0x1fff8244                currentState
                0x1fff8248                timer_value
                0x1fff824c                heartbeatCounter
                0x1fff8250                Prev_state
                0x1fff8254                timer_status
                0x1fff8258                heartrate
 COMMON         0x1fff825c       0x19 .\CortexM3\ARM_GCC_484\Debug\Design01.a(CapSense.o)
                0x1fff825c                CapSense_sensorRaw
                0x1fff826c                CapSense_analogSwitchDivider
                0x1fff8273                CapSense_sensorIndex
                0x1fff8274                CapSense_csv
 *fill*         0x1fff8275        0x3 
 COMMON         0x1fff8278       0x29 .\CortexM3\ARM_GCC_484\Debug\Design01.a(CapSense_CSHL.o)
                0x1fff8278                CapSense_lowBaselineResetCnt
                0x1fff8280                CapSense_sensorBaselineLow
                0x1fff8288                CapSense_sensorSignal
                0x1fff8290                CapSense_sensorBaseline
                0x1fff82a0                CapSense_sensorOnMask
 *fill*         0x1fff82a1        0x3 
 COMMON         0x1fff82a4       0x47 .\CortexM3\ARM_GCC_484\Debug\Design01.a(CapSense_SMS_Wrapper.o)
                0x1fff82a4                SMS_LIB_Table4
                0x1fff82b4                SMS_LIB_Table7
                0x1fff82bc                SMS_LIB_Table8
                0x1fff82c0                SMS_LIB_Table2
                0x1fff82c8                SMS_LIB_Table5
                0x1fff82d8                SMS_LIB_Table9
                0x1fff82dc                SMS_LIB_Table6
                0x1fff82e4                SMS_LIB_Table3
 *fill*         0x1fff82eb        0x1 
 COMMON         0x1fff82ec        0x5 .\CortexM3\ARM_GCC_484\Debug\Design01.a(USBUART_cdc.o)
                0x1fff82ec                USBUART_cdc_data_out_ep
                0x1fff82ed                USBUART_cdc_data_in_ep
                0x1fff82ee                USBUART_lineControlBitmap
                0x1fff82f0                USBUART_lineChanged
 *fill*         0x1fff82f1        0x3 
 COMMON         0x1fff82f4       0x96 .\CortexM3\ARM_GCC_484\Debug\Design01.a(USBUART_drv.o)
                0x1fff82f4                USBUART_lastPacketSize
                0x1fff82f5                USBUART_device
                0x1fff82f6                USBUART_transferByteCount
                0x1fff82f8                USBUART_interfaceSetting_last
                0x1fff82fa                USBUART_transferState
                0x1fff82fc                USBUART_currentTD
                0x1fff8308                USBUART_interfaceNumber
                0x1fff830c                USBUART_interfaceClass
                0x1fff8310                USBUART_configurationChanged
                0x1fff8311                USBUART_ep0Mode
                0x1fff8312                USBUART_deviceAddress
                0x1fff8313                USBUART_configuration
                0x1fff8314                USBUART_ep0Count
                0x1fff8315                USBUART_deviceStatus
                0x1fff8318                USBUART_EP
                0x1fff8384                USBUART_interfaceSetting
                0x1fff8386                USBUART_ep0Toggle
                0x1fff8388                USBUART_interfaceStatus
 *fill*         0x1fff838a        0x2 
 COMMON         0x1fff838c       0x22 .\CortexM3\ARM_GCC_484\Debug\Design01.a(USBUART_descr.o)
                0x1fff838c                USBUART_idSerialNumberStringDescriptor
 *fill*         0x1fff83ae        0x2 
 COMMON         0x1fff83b0        0x4 c:/program files (x86)/cypress/psoc creator/3.2/psoc creator/import/gnu/arm/4.8.4/bin/../lib/gcc/arm-none-eabi/4.8.4/../../../../arm-none-eabi/lib/armv7-m\libg_s.a(lib_a-reent.o)
                0x1fff83b0                errno
                0x1fff83b8                . = ALIGN (0x8)
 *fill*         0x1fff83b4        0x4 
 *(.ram.b)
                0x1fff83b8                _end = .
                0x1fff83b8                __end = .
                0x1fff83b8                PROVIDE (end, .)
                0x1fff83b8                PROVIDE (__bss_end__, .)
                0x00005e28                __cy_region_init_ram = LOADADDR (.data)
                0x000000f0                __cy_region_init_size_ram = (_edata - ADDR (.data))
                0x000001c0                __cy_region_zero_size_ram = (_end - _edata)

.heap           0x1fff83b8       0x80 load address 0x00005f18
                0x1fff83b8                . = _end
                0x1fff8438                . = (. + 0x80)
 *fill*         0x1fff83b8       0x80 
                0x1fff8438                __cy_heap_limit = .

.stack          0x20007800      0x800
                0x20007800                __cy_stack_limit = .
                0x20008000                . = (. + 0x800)
 *fill*         0x20007800      0x800 
                0x00000001                ASSERT ((__cy_stack_limit >= __cy_heap_limit), region RAM overflowed with stack)

.cyloadermeta
 *(.cyloadermeta)

.cyloadablemeta
 *(.cyloadablemeta)

.cyconfigecc    0x80000000      0x658
 *(.cyconfigecc)
 .cyconfigecc   0x80000000      0x658 .\CortexM3\ARM_GCC_484\Debug\cymetadata.o
                0x80000000                cy_meta_configecc

.cycustnvl      0x90000000        0x4
 *(.cycustnvl)
 .cycustnvl     0x90000000        0x4 .\CortexM3\ARM_GCC_484\Debug\cymetadata.o
                0x90000000                cy_meta_custnvl

.cywolatch      0x90100000        0x4
 *(.cywolatch)
 .cywolatch     0x90100000        0x4 .\CortexM3\ARM_GCC_484\Debug\cymetadata.o
                0x90100000                cy_meta_wonvl

.cyeeprom       0x90200000        0x0
 *(.cyeeprom)
                0x00000001                ASSERT ((. <= ((0x90200000 + ee_offset) + ee_size)), .cyeeprom data will not fit in EEPROM)

.cyflashprotect
                0x90400000      0x100
 *(.cyflashprotect)
 .cyflashprotect
                0x90400000      0x100 .\CortexM3\ARM_GCC_484\Debug\cymetadata.o
                0x90400000                cy_meta_flashprotect

.cymeta         0x90500000        0xc
 *(.cymeta)
 .cymeta        0x90500000        0xc .\CortexM3\ARM_GCC_484\Debug\cymetadata.o
                0x90500000                cy_metadata

.rel.dyn        0x00005f18        0x0 load address 0x9050000c
 .rel.iplt      0x00000000        0x0 c:/program files (x86)/cypress/psoc creator/3.2/psoc creator/import/gnu/arm/4.8.4/bin/../lib/gcc/arm-none-eabi/4.8.4/armv7-m/crtbegin.o

.stab
 *(.stab)

.stabstr
 *(.stabstr)

.debug
 *(.debug)

.line
 *(.line)

.debug_srcinfo
 *(.debug_srcinfo)

.debug_sfnames
 *(.debug_sfnames)

.debug_aranges  0x00000000     0x1290
 *(.debug_aranges)
 .debug_aranges
                0x00000000       0x48 .\CortexM3\ARM_GCC_484\Debug\states.o
 .debug_aranges
                0x00000048       0x30 .\CortexM3\ARM_GCC_484\Debug\motor.o
 .debug_aranges
                0x00000078       0x38 .\CortexM3\ARM_GCC_484\Debug\speaker.o
 .debug_aranges
                0x000000b0       0x30 .\CortexM3\ARM_GCC_484\Debug\display.o
 .debug_aranges
                0x000000e0       0x20 .\CortexM3\ARM_GCC_484\Debug\system.o
 .debug_aranges
                0x00000100       0x20 .\CortexM3\ARM_GCC_484\Debug\heartrate.o
 .debug_aranges
                0x00000120       0x20 .\CortexM3\ARM_GCC_484\Debug\main.o
 .debug_aranges
                0x00000140       0x28 .\CortexM3\ARM_GCC_484\Debug\terminal.o
 .debug_aranges
                0x00000168       0x18 .\CortexM3\ARM_GCC_484\Debug\cymetadata.o
 .debug_aranges
                0x00000180       0x48 .\CortexM3\ARM_GCC_484\Debug\Cm3Start.o
 .debug_aranges
                0x000001c8       0x68 .\CortexM3\ARM_GCC_484\Debug\Design01.a(cyfitter_cfg.o)
 .debug_aranges
                0x00000230       0x20 .\CortexM3\ARM_GCC_484\Debug\Design01.a(CyBootAsmGnu.o)
 .debug_aranges
                0x00000250       0xd8 .\CortexM3\ARM_GCC_484\Debug\Design01.a(CyDmac.o)
 .debug_aranges
                0x00000328      0x298 .\CortexM3\ARM_GCC_484\Debug\Design01.a(CyLib.o)
 .debug_aranges
                0x000005c0       0x98 .\CortexM3\ARM_GCC_484\Debug\Design01.a(cyPm.o)
 .debug_aranges
                0x00000658       0x98 .\CortexM3\ARM_GCC_484\Debug\Design01.a(LCD.o)
 .debug_aranges
                0x000006f0       0x28 .\CortexM3\ARM_GCC_484\Debug\Design01.a(LCD_BarGraph.o)
 .debug_aranges
                0x00000718       0x38 .\CortexM3\ARM_GCC_484\Debug\Design01.a(Speaker_Output.o)
 .debug_aranges
                0x00000750       0xb0 .\CortexM3\ARM_GCC_484\Debug\Design01.a(CapSense.o)
 .debug_aranges
                0x00000800       0x90 .\CortexM3\ARM_GCC_484\Debug\Design01.a(CapSense_CSHL.o)
 .debug_aranges
                0x00000890       0x20 .\CortexM3\ARM_GCC_484\Debug\Design01.a(CapSense_INT.o)
 .debug_aranges
                0x000008b0       0x50 .\CortexM3\ARM_GCC_484\Debug\Design01.a(CapSense_SMS_Wrapper.o)
 .debug_aranges
                0x00000900       0x70 .\CortexM3\ARM_GCC_484\Debug\Design01.a(CapSense_CompCH0.o)
 .debug_aranges
                0x00000970       0x60 .\CortexM3\ARM_GCC_484\Debug\Design01.a(CapSense_IdacCH0.o)
 .debug_aranges
                0x000009d0       0x48 .\CortexM3\ARM_GCC_484\Debug\Design01.a(CapSense_AMuxCH0.o)
 .debug_aranges
                0x00000a18       0x70 .\CortexM3\ARM_GCC_484\Debug\Design01.a(CapSense_IntClock.o)
 .debug_aranges
                0x00000a88       0x48 .\CortexM3\ARM_GCC_484\Debug\Design01.a(PGA_1.o)
 .debug_aranges
                0x00000ad0       0x70 .\CortexM3\ARM_GCC_484\Debug\Design01.a(Comp.o)
 .debug_aranges
                0x00000b40       0x50 .\CortexM3\ARM_GCC_484\Debug\Design01.a(WaveDAC8_1.o)
 .debug_aranges
                0x00000b90       0x80 .\CortexM3\ARM_GCC_484\Debug\Design01.a(Compint.o)
 .debug_aranges
                0x00000c10       0x98 .\CortexM3\ARM_GCC_484\Debug\Design01.a(HeartbeatCounter.o)
 .debug_aranges
                0x00000ca8       0xb0 .\CortexM3\ARM_GCC_484\Debug\Design01.a(USBUART.o)
 .debug_aranges
                0x00000d58       0xb0 .\CortexM3\ARM_GCC_484\Debug\Design01.a(USBUART_cdc.o)
 .debug_aranges
                0x00000e08       0x98 .\CortexM3\ARM_GCC_484\Debug\Design01.a(USBUART_drv.o)
 .debug_aranges
                0x00000ea0       0x40 .\CortexM3\ARM_GCC_484\Debug\Design01.a(USBUART_episr.o)
 .debug_aranges
                0x00000ee0       0x78 .\CortexM3\ARM_GCC_484\Debug\Design01.a(USBUART_std.o)
 .debug_aranges
                0x00000f58       0x20 .\CortexM3\ARM_GCC_484\Debug\Design01.a(USBUART_vnd.o)
 .debug_aranges
                0x00000f78       0x70 .\CortexM3\ARM_GCC_484\Debug\Design01.a(timer_clock_1.o)
 .debug_aranges
                0x00000fe8       0x80 .\CortexM3\ARM_GCC_484\Debug\Design01.a(CyFlash.o)
 .debug_aranges
                0x00001068       0x78 .\CortexM3\ARM_GCC_484\Debug\Design01.a(CySpc.o)
 .debug_aranges
                0x000010e0       0x70 .\CortexM3\ARM_GCC_484\Debug\Design01.a(WaveDAC8_1_DacClk.o)
 .debug_aranges
                0x00001150       0x28 .\CortexM3\ARM_GCC_484\Debug\Design01.a(WaveDAC8_1_Wave1_DMA_dma.o)
 .debug_aranges
                0x00001178       0x28 .\CortexM3\ARM_GCC_484\Debug\Design01.a(WaveDAC8_1_Wave2_DMA_dma.o)
 .debug_aranges
                0x000011a0       0x58 .\CortexM3\ARM_GCC_484\Debug\Design01.a(WaveDAC8_1_VDAC8.o)
 .debug_aranges
                0x000011f8       0x20 .\CortexM3\ARM_GCC_484\Debug\Design01.a(USBUART_cls.o)
 .debug_aranges
                0x00001218       0x18 .\CortexM3\ARM_GCC_484\Debug\Design01.a(USBUART_descr.o)
 .debug_aranges
                0x00001230       0x60 C:\Program Files (x86)\Cypress\PSoC Creator\3.2\PSoC Creator\psoc\content\cycomponentlibrary\CyComponentLibrary.cylib\CapSense_CSD_v3_50\Library\CapSenseLibrary_GCC.a(CapSense_CSD_SmartSense_v3_50.o)

.debug_pubnames
 *(.debug_pubnames)

.debug_info     0x00000000     0xc77d
 *(.debug_info .gnu.linkonce.wi.*)
 .debug_info    0x00000000      0x582 .\CortexM3\ARM_GCC_484\Debug\states.o
 .debug_info    0x00000582       0x72 .\CortexM3\ARM_GCC_484\Debug\motor.o
 .debug_info    0x000005f4      0x25e .\CortexM3\ARM_GCC_484\Debug\speaker.o
 .debug_info    0x00000852      0x3f7 .\CortexM3\ARM_GCC_484\Debug\display.o
 .debug_info    0x00000c49      0x251 .\CortexM3\ARM_GCC_484\Debug\system.o
 .debug_info    0x00000e9a      0x21a .\CortexM3\ARM_GCC_484\Debug\heartrate.o
 .debug_info    0x000010b4      0x1e7 .\CortexM3\ARM_GCC_484\Debug\main.o
 .debug_info    0x0000129b      0x254 .\CortexM3\ARM_GCC_484\Debug\terminal.o
 .debug_info    0x000014ef      0x13c .\CortexM3\ARM_GCC_484\Debug\cymetadata.o
 .debug_info    0x0000162b      0x3af .\CortexM3\ARM_GCC_484\Debug\Cm3Start.o
 .debug_info    0x000019da      0x616 .\CortexM3\ARM_GCC_484\Debug\Design01.a(cyfitter_cfg.o)
 .debug_info    0x00001ff0       0x9c .\CortexM3\ARM_GCC_484\Debug\Design01.a(CyBootAsmGnu.o)
 .debug_info    0x0000208c      0x93f .\CortexM3\ARM_GCC_484\Debug\Design01.a(CyDmac.o)
 .debug_info    0x000029cb     0x1373 .\CortexM3\ARM_GCC_484\Debug\Design01.a(CyLib.o)
 .debug_info    0x00003d3e      0xa56 .\CortexM3\ARM_GCC_484\Debug\Design01.a(cyPm.o)
 .debug_info    0x00004794      0x761 .\CortexM3\ARM_GCC_484\Debug\Design01.a(LCD.o)
 .debug_info    0x00004ef5      0x232 .\CortexM3\ARM_GCC_484\Debug\Design01.a(LCD_BarGraph.o)
 .debug_info    0x00005127      0x120 .\CortexM3\ARM_GCC_484\Debug\Design01.a(Speaker_Output.o)
 .debug_info    0x00005247      0x855 .\CortexM3\ARM_GCC_484\Debug\Design01.a(CapSense.o)
 .debug_info    0x00005a9c      0x924 .\CortexM3\ARM_GCC_484\Debug\Design01.a(CapSense_CSHL.o)
 .debug_info    0x000063c0      0x188 .\CortexM3\ARM_GCC_484\Debug\Design01.a(CapSense_INT.o)
 .debug_info    0x00006548      0x4b4 .\CortexM3\ARM_GCC_484\Debug\Design01.a(CapSense_SMS_Wrapper.o)
 .debug_info    0x000069fc      0x2c0 .\CortexM3\ARM_GCC_484\Debug\Design01.a(CapSense_CompCH0.o)
 .debug_info    0x00006cbc      0x208 .\CortexM3\ARM_GCC_484\Debug\Design01.a(CapSense_IdacCH0.o)
 .debug_info    0x00006ec4      0x1da .\CortexM3\ARM_GCC_484\Debug\Design01.a(CapSense_AMuxCH0.o)
 .debug_info    0x0000709e      0x283 .\CortexM3\ARM_GCC_484\Debug\Design01.a(CapSense_IntClock.o)
 .debug_info    0x00007321      0x1c4 .\CortexM3\ARM_GCC_484\Debug\Design01.a(PGA_1.o)
 .debug_info    0x000074e5      0x2c0 .\CortexM3\ARM_GCC_484\Debug\Design01.a(Comp.o)
 .debug_info    0x000077a5      0x5a0 .\CortexM3\ARM_GCC_484\Debug\Design01.a(WaveDAC8_1.o)
 .debug_info    0x00007d45      0x375 .\CortexM3\ARM_GCC_484\Debug\Design01.a(Compint.o)
 .debug_info    0x000080ba      0x33e .\CortexM3\ARM_GCC_484\Debug\Design01.a(HeartbeatCounter.o)
 .debug_info    0x000083f8      0x823 .\CortexM3\ARM_GCC_484\Debug\Design01.a(USBUART.o)
 .debug_info    0x00008c1b      0x70e .\CortexM3\ARM_GCC_484\Debug\Design01.a(USBUART_cdc.o)
 .debug_info    0x00009329      0x612 .\CortexM3\ARM_GCC_484\Debug\Design01.a(USBUART_drv.o)
 .debug_info    0x0000993b      0x1bb .\CortexM3\ARM_GCC_484\Debug\Design01.a(USBUART_episr.o)
 .debug_info    0x00009af6      0x948 .\CortexM3\ARM_GCC_484\Debug\Design01.a(USBUART_std.o)
 .debug_info    0x0000a43e      0x18c .\CortexM3\ARM_GCC_484\Debug\Design01.a(USBUART_vnd.o)
 .debug_info    0x0000a5ca      0x283 .\CortexM3\ARM_GCC_484\Debug\Design01.a(timer_clock_1.o)
 .debug_info    0x0000a84d      0x60a .\CortexM3\ARM_GCC_484\Debug\Design01.a(CyFlash.o)
 .debug_info    0x0000ae57      0x4ee .\CortexM3\ARM_GCC_484\Debug\Design01.a(CySpc.o)
 .debug_info    0x0000b345      0x283 .\CortexM3\ARM_GCC_484\Debug\Design01.a(WaveDAC8_1_DacClk.o)
 .debug_info    0x0000b5c8      0x1fb .\CortexM3\ARM_GCC_484\Debug\Design01.a(WaveDAC8_1_Wave1_DMA_dma.o)
 .debug_info    0x0000b7c3      0x1fb .\CortexM3\ARM_GCC_484\Debug\Design01.a(WaveDAC8_1_Wave2_DMA_dma.o)
 .debug_info    0x0000b9be      0x1dd .\CortexM3\ARM_GCC_484\Debug\Design01.a(WaveDAC8_1_VDAC8.o)
 .debug_info    0x0000bb9b      0x1b1 .\CortexM3\ARM_GCC_484\Debug\Design01.a(USBUART_cls.o)
 .debug_info    0x0000bd4c      0x2c9 .\CortexM3\ARM_GCC_484\Debug\Design01.a(USBUART_descr.o)
 .debug_info    0x0000c015      0x768 C:\Program Files (x86)\Cypress\PSoC Creator\3.2\PSoC Creator\psoc\content\cycomponentlibrary\CyComponentLibrary.cylib\CapSense_CSD_v3_50\Library\CapSenseLibrary_GCC.a(CapSense_CSD_SmartSense_v3_50.o)

.debug_abbrev   0x00000000     0x3d28
 *(.debug_abbrev)
 .debug_abbrev  0x00000000      0x13a .\CortexM3\ARM_GCC_484\Debug\states.o
 .debug_abbrev  0x0000013a       0x5e .\CortexM3\ARM_GCC_484\Debug\motor.o
 .debug_abbrev  0x00000198      0x120 .\CortexM3\ARM_GCC_484\Debug\speaker.o
 .debug_abbrev  0x000002b8       0xf1 .\CortexM3\ARM_GCC_484\Debug\display.o
 .debug_abbrev  0x000003a9       0xdd .\CortexM3\ARM_GCC_484\Debug\system.o
 .debug_abbrev  0x00000486       0xe5 .\CortexM3\ARM_GCC_484\Debug\heartrate.o
 .debug_abbrev  0x0000056b       0xe1 .\CortexM3\ARM_GCC_484\Debug\main.o
 .debug_abbrev  0x0000064c      0x11d .\CortexM3\ARM_GCC_484\Debug\terminal.o
 .debug_abbrev  0x00000769       0x77 .\CortexM3\ARM_GCC_484\Debug\cymetadata.o
 .debug_abbrev  0x000007e0      0x20d .\CortexM3\ARM_GCC_484\Debug\Cm3Start.o
 .debug_abbrev  0x000009ed      0x22c .\CortexM3\ARM_GCC_484\Debug\Design01.a(cyfitter_cfg.o)
 .debug_abbrev  0x00000c19       0x14 .\CortexM3\ARM_GCC_484\Debug\Design01.a(CyBootAsmGnu.o)
 .debug_abbrev  0x00000c2d      0x1cc .\CortexM3\ARM_GCC_484\Debug\Design01.a(CyDmac.o)
 .debug_abbrev  0x00000df9      0x296 .\CortexM3\ARM_GCC_484\Debug\Design01.a(CyLib.o)
 .debug_abbrev  0x0000108f      0x1fa .\CortexM3\ARM_GCC_484\Debug\Design01.a(cyPm.o)
 .debug_abbrev  0x00001289      0x17e .\CortexM3\ARM_GCC_484\Debug\Design01.a(LCD.o)
 .debug_abbrev  0x00001407      0x11c .\CortexM3\ARM_GCC_484\Debug\Design01.a(LCD_BarGraph.o)
 .debug_abbrev  0x00001523       0x9d .\CortexM3\ARM_GCC_484\Debug\Design01.a(Speaker_Output.o)
 .debug_abbrev  0x000015c0      0x1fa .\CortexM3\ARM_GCC_484\Debug\Design01.a(CapSense.o)
 .debug_abbrev  0x000017ba      0x1fd .\CortexM3\ARM_GCC_484\Debug\Design01.a(CapSense_CSHL.o)
 .debug_abbrev  0x000019b7       0xc5 .\CortexM3\ARM_GCC_484\Debug\Design01.a(CapSense_INT.o)
 .debug_abbrev  0x00001a7c      0x142 .\CortexM3\ARM_GCC_484\Debug\Design01.a(CapSense_SMS_Wrapper.o)
 .debug_abbrev  0x00001bbe      0x182 .\CortexM3\ARM_GCC_484\Debug\Design01.a(CapSense_CompCH0.o)
 .debug_abbrev  0x00001d40      0x113 .\CortexM3\ARM_GCC_484\Debug\Design01.a(CapSense_IdacCH0.o)
 .debug_abbrev  0x00001e53       0xcd .\CortexM3\ARM_GCC_484\Debug\Design01.a(CapSense_AMuxCH0.o)
 .debug_abbrev  0x00001f20      0x137 .\CortexM3\ARM_GCC_484\Debug\Design01.a(CapSense_IntClock.o)
 .debug_abbrev  0x00002057       0xf4 .\CortexM3\ARM_GCC_484\Debug\Design01.a(PGA_1.o)
 .debug_abbrev  0x0000214b      0x182 .\CortexM3\ARM_GCC_484\Debug\Design01.a(Comp.o)
 .debug_abbrev  0x000022cd      0x163 .\CortexM3\ARM_GCC_484\Debug\Design01.a(WaveDAC8_1.o)
 .debug_abbrev  0x00002430      0x18c .\CortexM3\ARM_GCC_484\Debug\Design01.a(Compint.o)
 .debug_abbrev  0x000025bc      0x13e .\CortexM3\ARM_GCC_484\Debug\Design01.a(HeartbeatCounter.o)
 .debug_abbrev  0x000026fa      0x22e .\CortexM3\ARM_GCC_484\Debug\Design01.a(USBUART.o)
 .debug_abbrev  0x00002928      0x23a .\CortexM3\ARM_GCC_484\Debug\Design01.a(USBUART_cdc.o)
 .debug_abbrev  0x00002b62      0x18b .\CortexM3\ARM_GCC_484\Debug\Design01.a(USBUART_drv.o)
 .debug_abbrev  0x00002ced       0xf0 .\CortexM3\ARM_GCC_484\Debug\Design01.a(USBUART_episr.o)
 .debug_abbrev  0x00002ddd      0x1cb .\CortexM3\ARM_GCC_484\Debug\Design01.a(USBUART_std.o)
 .debug_abbrev  0x00002fa8       0xe3 .\CortexM3\ARM_GCC_484\Debug\Design01.a(USBUART_vnd.o)
 .debug_abbrev  0x0000308b      0x137 .\CortexM3\ARM_GCC_484\Debug\Design01.a(timer_clock_1.o)
 .debug_abbrev  0x000031c2      0x1de .\CortexM3\ARM_GCC_484\Debug\Design01.a(CyFlash.o)
 .debug_abbrev  0x000033a0      0x1ce .\CortexM3\ARM_GCC_484\Debug\Design01.a(CySpc.o)
 .debug_abbrev  0x0000356e      0x137 .\CortexM3\ARM_GCC_484\Debug\Design01.a(WaveDAC8_1_DacClk.o)
 .debug_abbrev  0x000036a5       0xf8 .\CortexM3\ARM_GCC_484\Debug\Design01.a(WaveDAC8_1_Wave1_DMA_dma.o)
 .debug_abbrev  0x0000379d       0xf8 .\CortexM3\ARM_GCC_484\Debug\Design01.a(WaveDAC8_1_Wave2_DMA_dma.o)
 .debug_abbrev  0x00003895      0x104 .\CortexM3\ARM_GCC_484\Debug\Design01.a(WaveDAC8_1_VDAC8.o)
 .debug_abbrev  0x00003999       0xe3 .\CortexM3\ARM_GCC_484\Debug\Design01.a(USBUART_cls.o)
 .debug_abbrev  0x00003a7c       0xa7 .\CortexM3\ARM_GCC_484\Debug\Design01.a(USBUART_descr.o)
 .debug_abbrev  0x00003b23      0x205 C:\Program Files (x86)\Cypress\PSoC Creator\3.2\PSoC Creator\psoc\content\cycomponentlibrary\CyComponentLibrary.cylib\CapSense_CSD_v3_50\Library\CapSenseLibrary_GCC.a(CapSense_CSD_SmartSense_v3_50.o)

.debug_line     0x00000000     0x4bde
 *(.debug_line)
 .debug_line    0x00000000      0x1a3 .\CortexM3\ARM_GCC_484\Debug\states.o
 .debug_line    0x000001a3       0x57 .\CortexM3\ARM_GCC_484\Debug\motor.o
 .debug_line    0x000001fa       0xac .\CortexM3\ARM_GCC_484\Debug\speaker.o
 .debug_line    0x000002a6      0x100 .\CortexM3\ARM_GCC_484\Debug\display.o
 .debug_line    0x000003a6      0x12d .\CortexM3\ARM_GCC_484\Debug\system.o
 .debug_line    0x000004d3       0xa3 .\CortexM3\ARM_GCC_484\Debug\heartrate.o
 .debug_line    0x00000576      0x198 .\CortexM3\ARM_GCC_484\Debug\main.o
 .debug_line    0x0000070e      0x10f .\CortexM3\ARM_GCC_484\Debug\terminal.o
 .debug_line    0x0000081d       0x53 .\CortexM3\ARM_GCC_484\Debug\cymetadata.o
 .debug_line    0x00000870      0x243 .\CortexM3\ARM_GCC_484\Debug\Cm3Start.o
 .debug_line    0x00000ab3      0x230 .\CortexM3\ARM_GCC_484\Debug\Design01.a(cyfitter_cfg.o)
 .debug_line    0x00000ce3       0x68 .\CortexM3\ARM_GCC_484\Debug\Design01.a(CyBootAsmGnu.o)
 .debug_line    0x00000d4b      0x2de .\CortexM3\ARM_GCC_484\Debug\Design01.a(CyDmac.o)
 .debug_line    0x00001029      0x818 .\CortexM3\ARM_GCC_484\Debug\Design01.a(CyLib.o)
 .debug_line    0x00001841      0x366 .\CortexM3\ARM_GCC_484\Debug\Design01.a(cyPm.o)
 .debug_line    0x00001ba7      0x1fa .\CortexM3\ARM_GCC_484\Debug\Design01.a(LCD.o)
 .debug_line    0x00001da1       0xc3 .\CortexM3\ARM_GCC_484\Debug\Design01.a(LCD_BarGraph.o)
 .debug_line    0x00001e64       0x9d .\CortexM3\ARM_GCC_484\Debug\Design01.a(Speaker_Output.o)
 .debug_line    0x00001f01      0x2bf .\CortexM3\ARM_GCC_484\Debug\Design01.a(CapSense.o)
 .debug_line    0x000021c0      0x2c4 .\CortexM3\ARM_GCC_484\Debug\Design01.a(CapSense_CSHL.o)
 .debug_line    0x00002484       0x98 .\CortexM3\ARM_GCC_484\Debug\Design01.a(CapSense_INT.o)
 .debug_line    0x0000251c       0xf6 .\CortexM3\ARM_GCC_484\Debug\Design01.a(CapSense_SMS_Wrapper.o)
 .debug_line    0x00002612      0x179 .\CortexM3\ARM_GCC_484\Debug\Design01.a(CapSense_CompCH0.o)
 .debug_line    0x0000278b      0x106 .\CortexM3\ARM_GCC_484\Debug\Design01.a(CapSense_IdacCH0.o)
 .debug_line    0x00002891       0xe9 .\CortexM3\ARM_GCC_484\Debug\Design01.a(CapSense_AMuxCH0.o)
 .debug_line    0x0000297a      0x1a1 .\CortexM3\ARM_GCC_484\Debug\Design01.a(CapSense_IntClock.o)
 .debug_line    0x00002b1b       0xce .\CortexM3\ARM_GCC_484\Debug\Design01.a(PGA_1.o)
 .debug_line    0x00002be9      0x16d .\CortexM3\ARM_GCC_484\Debug\Design01.a(Comp.o)
 .debug_line    0x00002d56      0x179 .\CortexM3\ARM_GCC_484\Debug\Design01.a(WaveDAC8_1.o)
 .debug_line    0x00002ecf      0x185 .\CortexM3\ARM_GCC_484\Debug\Design01.a(Compint.o)
 .debug_line    0x00003054      0x196 .\CortexM3\ARM_GCC_484\Debug\Design01.a(HeartbeatCounter.o)
 .debug_line    0x000031ea      0x293 .\CortexM3\ARM_GCC_484\Debug\Design01.a(USBUART.o)
 .debug_line    0x0000347d      0x227 .\CortexM3\ARM_GCC_484\Debug\Design01.a(USBUART_cdc.o)
 .debug_line    0x000036a4      0x228 .\CortexM3\ARM_GCC_484\Debug\Design01.a(USBUART_drv.o)
 .debug_line    0x000038cc       0xda .\CortexM3\ARM_GCC_484\Debug\Design01.a(USBUART_episr.o)
 .debug_line    0x000039a6      0x3c9 .\CortexM3\ARM_GCC_484\Debug\Design01.a(USBUART_std.o)
 .debug_line    0x00003d6f       0x8d .\CortexM3\ARM_GCC_484\Debug\Design01.a(USBUART_vnd.o)
 .debug_line    0x00003dfc      0x19d .\CortexM3\ARM_GCC_484\Debug\Design01.a(timer_clock_1.o)
 .debug_line    0x00003f99      0x233 .\CortexM3\ARM_GCC_484\Debug\Design01.a(CyFlash.o)
 .debug_line    0x000041cc      0x248 .\CortexM3\ARM_GCC_484\Debug\Design01.a(CySpc.o)
 .debug_line    0x00004414      0x1a1 .\CortexM3\ARM_GCC_484\Debug\Design01.a(WaveDAC8_1_DacClk.o)
 .debug_line    0x000045b5       0xaa .\CortexM3\ARM_GCC_484\Debug\Design01.a(WaveDAC8_1_Wave1_DMA_dma.o)
 .debug_line    0x0000465f       0xaa .\CortexM3\ARM_GCC_484\Debug\Design01.a(WaveDAC8_1_Wave2_DMA_dma.o)
 .debug_line    0x00004709       0xee .\CortexM3\ARM_GCC_484\Debug\Design01.a(WaveDAC8_1_VDAC8.o)
 .debug_line    0x000047f7       0x96 .\CortexM3\ARM_GCC_484\Debug\Design01.a(USBUART_cls.o)
 .debug_line    0x0000488d       0x63 .\CortexM3\ARM_GCC_484\Debug\Design01.a(USBUART_descr.o)
 .debug_line    0x000048f0      0x2ee C:\Program Files (x86)\Cypress\PSoC Creator\3.2\PSoC Creator\psoc\content\cycomponentlibrary\CyComponentLibrary.cylib\CapSense_CSD_v3_50\Library\CapSenseLibrary_GCC.a(CapSense_CSD_SmartSense_v3_50.o)
