Archive member included because of file (symbol)

.\CortexM3\ARM_GCC_484\Debug\Design01.a(cyfitter_cfg.o)
                              .\CortexM3\ARM_GCC_484\Debug\Cm3Start.o (cyfitter_cfg)
.\CortexM3\ARM_GCC_484\Debug\Design01.a(CyBootAsmGnu.o)
                              .\CortexM3\ARM_GCC_484\Debug\Design01.a(cyfitter_cfg.o) (CyDelayCycles)
.\CortexM3\ARM_GCC_484\Debug\Design01.a(CyDmac.o)
                              .\CortexM3\ARM_GCC_484\Debug\Cm3Start.o (CyDmacConfigure)
.\CortexM3\ARM_GCC_484\Debug\Design01.a(CyLib.o)
                              .\CortexM3\ARM_GCC_484\Debug\Cm3Start.o (CyHalt)
.\CortexM3\ARM_GCC_484\Debug\Design01.a(cyPm.o)
                              .\CortexM3\ARM_GCC_484\Debug\Design01.a(CyLib.o) (CyPmReadStatus)
.\CortexM3\ARM_GCC_484\Debug\Design01.a(LCD.o)
                              .\CortexM3\ARM_GCC_484\Debug\states.o (LCD_PrintString)
.\CortexM3\ARM_GCC_484\Debug\Design01.a(LCD_BarGraph.o)
                              .\CortexM3\ARM_GCC_484\Debug\Design01.a(LCD.o) (LCD_LoadCustomFonts)
.\CortexM3\ARM_GCC_484\Debug\Design01.a(Speaker_Output.o)
                              .\CortexM3\ARM_GCC_484\Debug\speaker.o (Speaker_Output_Write)
.\CortexM3\ARM_GCC_484\Debug\Design01.a(CapSense.o)
                              .\CortexM3\ARM_GCC_484\Debug\system.o (CapSense_Enable)
.\CortexM3\ARM_GCC_484\Debug\Design01.a(CapSense_CSHL.o)
                              .\CortexM3\ARM_GCC_484\Debug\system.o (CapSense_InitializeAllBaselines)
.\CortexM3\ARM_GCC_484\Debug\Design01.a(CapSense_INT.o)
                              .\CortexM3\ARM_GCC_484\Debug\Design01.a(CapSense.o) (CapSense_IsrCH0_ISR)
.\CortexM3\ARM_GCC_484\Debug\Design01.a(CapSense_SMS_Wrapper.o)
                              .\CortexM3\ARM_GCC_484\Debug\Design01.a(CapSense_CSHL.o) (CapSense_CalculateThresholds)
.\CortexM3\ARM_GCC_484\Debug\Design01.a(CapSense_CompCH0.o)
                              .\CortexM3\ARM_GCC_484\Debug\Design01.a(CapSense.o) (CapSense_CompCH0_Enable)
.\CortexM3\ARM_GCC_484\Debug\Design01.a(CapSense_IdacCH0.o)
                              .\CortexM3\ARM_GCC_484\Debug\Design01.a(CapSense.o) (CapSense_IdacCH0_Enable)
.\CortexM3\ARM_GCC_484\Debug\Design01.a(CapSense_AMuxCH0.o)
                              .\CortexM3\ARM_GCC_484\Debug\Design01.a(CapSense.o) (CapSense_AMuxCH0_Init)
.\CortexM3\ARM_GCC_484\Debug\Design01.a(CapSense_IntClock.o)
                              .\CortexM3\ARM_GCC_484\Debug\Design01.a(CapSense.o) (CapSense_IntClock_Start)
.\CortexM3\ARM_GCC_484\Debug\Design01.a(PGA_1.o)
                              .\CortexM3\ARM_GCC_484\Debug\system.o (PGA_1_Start)
.\CortexM3\ARM_GCC_484\Debug\Design01.a(Comp.o)
                              .\CortexM3\ARM_GCC_484\Debug\system.o (Comp_Start)
.\CortexM3\ARM_GCC_484\Debug\Design01.a(WaveDAC8_1.o)
                              .\CortexM3\ARM_GCC_484\Debug\system.o (WaveDAC8_1_Start)
.\CortexM3\ARM_GCC_484\Debug\Design01.a(Compint.o)
                              .\CortexM3\ARM_GCC_484\Debug\system.o (Compint_Start)
.\CortexM3\ARM_GCC_484\Debug\Design01.a(HeartbeatCounter.o)
                              .\CortexM3\ARM_GCC_484\Debug\Design01.a(Compint.o) (HeartbeatCounter_ReadCounter)
.\CortexM3\ARM_GCC_484\Debug\Design01.a(USBUART.o)
                              .\CortexM3\ARM_GCC_484\Debug\system.o (USBUART_Start)
.\CortexM3\ARM_GCC_484\Debug\Design01.a(USBUART_cdc.o)
                              .\CortexM3\ARM_GCC_484\Debug\terminal.o (USBUART_PutString)
.\CortexM3\ARM_GCC_484\Debug\Design01.a(USBUART_drv.o)
                              .\CortexM3\ARM_GCC_484\Debug\Design01.a(USBUART.o) (USBUART_lastPacketSize)
.\CortexM3\ARM_GCC_484\Debug\Design01.a(USBUART_episr.o)
                              .\CortexM3\ARM_GCC_484\Debug\Design01.a(USBUART.o) (USBUART_EP_1_ISR)
.\CortexM3\ARM_GCC_484\Debug\Design01.a(USBUART_std.o)
                              .\CortexM3\ARM_GCC_484\Debug\Design01.a(USBUART_drv.o) (USBUART_HandleStandardRqst)
.\CortexM3\ARM_GCC_484\Debug\Design01.a(USBUART_vnd.o)
                              .\CortexM3\ARM_GCC_484\Debug\Design01.a(USBUART_drv.o) (USBUART_HandleVendorRqst)
.\CortexM3\ARM_GCC_484\Debug\Design01.a(timer_clock_1.o)
                              .\CortexM3\ARM_GCC_484\Debug\system.o (timer_clock_1_Start)
.\CortexM3\ARM_GCC_484\Debug\Design01.a(PWM.o)
                              .\CortexM3\ARM_GCC_484\Debug\motor.o (PWM_WriteCompare)
.\CortexM3\ARM_GCC_484\Debug\Design01.a(STOP.o)
                              .\CortexM3\ARM_GCC_484\Debug\system.o (STOP_Start)
.\CortexM3\ARM_GCC_484\Debug\Design01.a(WDT.o)
                              .\CortexM3\ARM_GCC_484\Debug\system.o (WDT_Start)
.\CortexM3\ARM_GCC_484\Debug\Design01.a(WDT_Timer.o)
                              .\CortexM3\ARM_GCC_484\Debug\system.o (WDT_Timer_Start)
.\CortexM3\ARM_GCC_484\Debug\Design01.a(MOTOR_HEALTH.o)
[...]
Memory Configuration

Name             Origin             Length             Attributes
rom              0x00000000         0x00040000         xr
ram              0x1fff8000         0x00010000         xrw
*default*        0x00000000         0xffffffff

Linker script and memory map

LOAD c:/program files/cypress/psoc creator/3.2/psoc creator/import/gnu/arm/4.8.4/bin/../lib/gcc/arm-none-eabi/4.8.4/armv7-m/crti.o
LOAD c:/program files/cypress/psoc creator/3.2/psoc creator/import/gnu/arm/4.8.4/bin/../lib/gcc/arm-none-eabi/4.8.4/armv7-m/crtbegin.o
LOAD c:/program files/cypress/psoc creator/3.2/psoc creator/import/gnu/arm/4.8.4/bin/../lib/gcc/arm-none-eabi/4.8.4/../../../../arm-none-eabi/lib/armv7-m/crt0.o
START GROUP
LOAD .\CortexM3\ARM_GCC_484\Debug\states.o
LOAD .\CortexM3\ARM_GCC_484\Debug\motor.o
LOAD .\CortexM3\ARM_GCC_484\Debug\speaker.o
LOAD .\CortexM3\ARM_GCC_484\Debug\display.o
LOAD .\CortexM3\ARM_GCC_484\Debug\system.o
LOAD .\CortexM3\ARM_GCC_484\Debug\heartrate.o
LOAD .\CortexM3\ARM_GCC_484\Debug\main.o
LOAD .\CortexM3\ARM_GCC_484\Debug\terminal.o
LOAD .\CortexM3\ARM_GCC_484\Debug\cymetadata.o
LOAD .\CortexM3\ARM_GCC_484\Debug\Cm3Start.o
LOAD .\CortexM3\ARM_GCC_484\Debug\Design01.a
LOAD C:\Program Files\Cypress\PSoC Creator\3.2\PSoC Creator\psoc\content\cycomponentlibrary\CyComponentLibrary.cylib\CapSense_CSD_v3_50\Library\CapSenseLibrary_GCC.a
LOAD C:\Program Files\Cypress\PSoC Creator\3.2\PSoC Creator\psoc\content\cycomponentlibrary\CyComponentLibrary.cylib\CortexM3\ARM_GCC_484\Debug\CyComponentLibrary.a
END GROUP
START GROUP
LOAD c:/program files/cypress/psoc creator/3.2/psoc creator/import/gnu/arm/4.8.4/bin/../lib/gcc/arm-none-eabi/4.8.4/armv7-m\libgcc.a
LOAD c:/program files/cypress/psoc creator/3.2/psoc creator/import/gnu/arm/4.8.4/bin/../lib/gcc/arm-none-eabi/4.8.4/../../../../arm-none-eabi/lib/armv7-m\libg_s.a
LOAD c:/program files/cypress/psoc creator/3.2/psoc creator/import/gnu/arm/4.8.4/bin/../lib/gcc/arm-none-eabi/4.8.4/../../../../arm-none-eabi/lib/armv7-m\libc_s.a
END GROUP
START GROUP
LOAD c:/program files/cypress/psoc creator/3.2/psoc creator/import/gnu/arm/4.8.4/bin/../lib/gcc/arm-none-eabi/4.8.4/armv7-m\libgcc.a
LOAD c:/program files/cypress/psoc creator/3.2/psoc creator/import/gnu/arm/4.8.4/bin/../lib/gcc/arm-none-eabi/4.8.4/../../../../arm-none-eabi/lib/armv7-m\libc_s.a
END GROUP
LOAD c:/program files/cypress/psoc creator/3.2/psoc creator/import/gnu/arm/4.8.4/bin/../lib/gcc/arm-none-eabi/4.8.4/armv7-m/crtend.o
LOAD c:/program files/cypress/psoc creator/3.2/psoc creator/import/gnu/arm/4.8.4/bin/../lib/gcc/arm-none-eabi/4.8.4/armv7-m/crtn.o
START GROUP
LOAD c:/program files/cypress/psoc creator/3.2/psoc creator/import/gnu/arm/4.8.4/bin/../lib/gcc/arm-none-eabi/4.8.4/armv7-m\libgcc.a
LOAD c:/program files/cypress/psoc creator/3.2/psoc creator/import/gnu/arm/4.8.4/bin/../lib/gcc/arm-none-eabi/4.8.4/../../../../arm-none-eabi/lib/armv7-m\libc.a
LOAD c:/program files/cypress/psoc creator/3.2/psoc creator/import/gnu/arm/4.8.4/bin/../lib/gcc/arm-none-eabi/4.8.4/../../../../arm-none-eabi/lib/armv7-m\libnosys.a
END GROUP
                0x00000000                CY_APPL_ORIGIN = 0x0
                0x00000100                CY_FLASH_ROW_SIZE = 0x100
                0x00000020                CY_ECC_ROW_SIZE = 0x20
                0x00000000                CY_EE_IN_BTLDR = 0x0
                0x00000000                CY_APPL_LOADABLE = 0x0
                0x00000800                CY_EE_SIZE = 0x800
                0x00000001                CY_APPL_NUM = 0x1
                0x00000001                CY_APPL_MAX = 0x1
                0x00000040                CY_METADATA_SIZE = 0x40
                0x1fff8400                PROVIDE (__cy_heap_start, _end)
                0x00000001                PROVIDE (__cy_region_num, ((__cy_regions_end - __cy_regions) / 0x10))
                0x20008000                PROVIDE (__cy_stack, (ORIGIN (ram) + 0x10000))
                0x20007800                PROVIDE (__cy_heap_end, (__cy_stack - 0x800))

.cybootloader   0x00000000        0x0
 *(.cybootloader)
                0x00000000                appl1_start = CY_APPL_ORIGIN?CY_APPL_ORIGIN:ALIGN (CY_FLASH_ROW_SIZE)
                0x0001ff00                appl2_start = (appl1_start + ALIGN ((((0x40000 - appl1_start) - (0x2 * CY_FLASH_ROW_SIZE)) / 0x2), CY_FLASH_ROW_SIZE))
                0x00000000                appl_start = (CY_APPL_NUM == 0x1)?appl1_start:appl2_start
                0x00000000                ecc_offset = ((appl_start / CY_FLASH_ROW_SIZE) * CY_ECC_ROW_SIZE)
                0x00000000                ee_offset = (CY_APPL_LOADABLE && ! (CY_EE_IN_BTLDR))?((CY_EE_SIZE / CY_APPL_MAX) * (CY_APPL_NUM - 0x1)):0x0
                0x00000800                ee_size = (CY_APPL_LOADABLE && ! (CY_EE_IN_BTLDR))?(CY_EE_SIZE / CY_APPL_MAX):CY_EE_SIZE
                0x00000000                PROVIDE (CY_ECC_OFFSET, ecc_offset)

.text           0x00000000     0x4f76
 CREATE_OBJECT_SYMBOLS
                0x00000000                PROVIDE (__cy_interrupt_vector, RomVectors)
 *(.romvectors)
 .romvectors    0x00000000       0x10 .\CortexM3\ARM_GCC_484\Debug\Cm3Start.o
                0x00000000                RomVectors
                0x00000001                ASSERT ((. != __cy_interrupt_vector), No interrupt vector)
                0x00000001                ASSERT (CY_APPL_ORIGIN?(SIZEOF (.cybootloader) <= CY_APPL_ORIGIN):0x1, Wrong image location)
                0x00000010                PROVIDE (__cy_reset, Reset)
 *(.text.Reset)
 .text.Reset    0x00000010       0x18 .\CortexM3\ARM_GCC_484\Debug\Cm3Start.o
                0x00000010                Reset
                0x00000001                ASSERT ((. != __cy_reset), No reset code)
 *(.dma_init)
                0x00000001                ASSERT ((((appl_start + .) <= 0x10000) || 0x1), DMA Init must be within the first 64k of flash)
 *(.text .text.* .gnu.linkonce.t.*)
 .text          0x00000028       0x54 c:/program files/cypress/psoc creator/3.2/psoc creator/import/gnu/arm/4.8.4/bin/../lib/gcc/arm-none-eabi/4.8.4/armv7-m/crtbegin.o
 .text.State_reset
                0x0000007c       0xa8 .\CortexM3\ARM_GCC_484\Debug\states.o
                0x0000007c                State_reset
 .text.State_wait
                0x00000124       0x6c .\CortexM3\ARM_GCC_484\Debug\states.o
                0x00000124                State_wait
 .text.State_profile_selection
                0x00000190       0xdc .\CortexM3\ARM_GCC_484\Debug\states.o
                0x00000190                State_profile_selection
 .text.State_rampup
                0x0000026c       0x38 .\CortexM3\ARM_GCC_484\Debug\states.o
                0x0000026c                State_rampup
 .text.State_moving
                0x000002a4       0x7c .\CortexM3\ARM_GCC_484\Debug\states.o
                0x000002a4                State_moving
 .text.State_heartrate_change
                0x00000320       0xc4 .\CortexM3\ARM_GCC_484\Debug\states.o
                0x00000320                State_heartrate_change
 .text.State_stop
                0x000003e4       0x14 .\CortexM3\ARM_GCC_484\Debug\states.o
                0x000003e4                State_stop
 .text.Start_motor
                0x000003f8        0x8 .\CortexM3\ARM_GCC_484\Debug\motor.o
                0x000003f8                Start_motor
 .text.Move_motor
                0x00000400       0x14 .\CortexM3\ARM_GCC_484\Debug\motor.o
                0x00000400                Move_motor
 .text.Motor_rampUp
                0x00000414       0x44 .\CortexM3\ARM_GCC_484\Debug\motor.o
                0x00000414                Motor_rampUp
 .text.Motor_stop
                0x00000458       0x38 .\CortexM3\ARM_GCC_484\Debug\motor.o
                0x00000458                Motor_stop
 .text.calculatePeriodDelay
                0x00000490       0x30 .\CortexM3\ARM_GCC_484\Debug\speaker.o
                0x00000490                calculatePeriodDelay
 .text.Play_note
                0x000004c0       0x54 .\CortexM3\ARM_GCC_484\Debug\speaker.o
                0x000004c0                Play_note
 .text.Play_song_one
                0x00000514       0x68 .\CortexM3\ARM_GCC_484\Debug\speaker.o
                0x00000514                Play_song_one
 .text.Play_startup_music
                0x0000057c        0x8 .\CortexM3\ARM_GCC_484\Debug\speaker.o
                0x0000057c                Play_startup_music
 .text.Display_welcome_message
                0x00000584       0x5c .\CortexM3\ARM_GCC_484\Debug\display.o
                0x00000584                Display_welcome_message
 .text.Display_fault_message
                0x000005e0       0x5c .\CortexM3\ARM_GCC_484\Debug\display.o
                0x000005e0                Display_fault_message
 .text.Display_profile_selection
                0x0000063c       0x74 .\CortexM3\ARM_GCC_484\Debug\display.o
                0x0000063c                Display_profile_selection
 .text.System_init
                0x000006b0       0x60 .\CortexM3\ARM_GCC_484\Debug\system.o
                0x000006b0                System_init
 .text.System_fault_init
                0x00000710       0x24 .\CortexM3\ARM_GCC_484\Debug\system.o
                0x00000710                System_fault_init
 .text.Detect_heartrate
                0x00000734       0x64 .\CortexM3\ARM_GCC_484\Debug\heartrate.o
                0x00000734                Detect_heartrate
 .text.main     0x00000798       0x78 .\CortexM3\ARM_GCC_484\Debug\main.o
                0x00000798                main
 .text.TERMINAL_WriteString
                0x00000810       0x14 .\CortexM3\ARM_GCC_484\Debug\terminal.o
                0x00000810                TERMINAL_WriteString
 .text.TERMINAL_WriteNumber
                0x00000824       0x2c .\CortexM3\ARM_GCC_484\Debug\terminal.o
                0x00000824                TERMINAL_WriteNumber
 .text.IntDefaultHandler
                0x00000850        0x4 .\CortexM3\ARM_GCC_484\Debug\Cm3Start.o
                0x00000850                IntDefaultHandler
 .text._sbrk    0x00000854       0x30 .\CortexM3\ARM_GCC_484\Debug\Cm3Start.o
                0x00000854                _sbrk
 .text.Start_c  0x00000884       0x4c .\CortexM3\ARM_GCC_484\Debug\Cm3Start.o
                0x00000884                Start_c
 .text.initialize_psoc
                0x000008d0       0x74 .\CortexM3\ARM_GCC_484\Debug\Cm3Start.o
                0x000008d0                initialize_psoc
 .text.CyClockStartupError
                0x00000944        0x4 .\CortexM3\ARM_GCC_484\Debug\Design01.a(cyfitter_cfg.o)
 .text.cfg_write_bytes32
                0x00000948       0x34 .\CortexM3\ARM_GCC_484\Debug\Design01.a(cyfitter_cfg.o)
 .text.AnalogSetDefault
                0x0000097c       0x70 .\CortexM3\ARM_GCC_484\Debug\Design01.a(cyfitter_cfg.o)
 .text.CYMEMZERO
                0x000009ec        0xc .\CortexM3\ARM_GCC_484\Debug\Design01.a(cyfitter_cfg.o)
 .text.ClockSetup
                0x000009f8      0x100 .\CortexM3\ARM_GCC_484\Debug\Design01.a(cyfitter_cfg.o)
 .text.CYCONFIGCPY
                0x00000af8        0x8 .\CortexM3\ARM_GCC_484\Debug\Design01.a(cyfitter_cfg.o)
 .text.CapSense_AMuxCH0_Set
                0x00000b00       0x1c .\CortexM3\ARM_GCC_484\Debug\Design01.a(cyfitter_cfg.o)
                0x00000b00                CapSense_AMuxCH0_Set
 .text.CapSense_AMuxCH0_Unset
                0x00000b1c       0x20 .\CortexM3\ARM_GCC_484\Debug\Design01.a(cyfitter_cfg.o)
                0x00000b1c                CapSense_AMuxCH0_Unset
 .text.cyfitter_cfg
                0x00000b3c      0x154 .\CortexM3\ARM_GCC_484\Debug\Design01.a(cyfitter_cfg.o)
                0x00000b3c                cyfitter_cfg
 .text          0x00000c90       0x28 .\CortexM3\ARM_GCC_484\Debug\Design01.a(CyBootAsmGnu.o)
                0x00000c90                CyDelayCycles
                0x00000ca4                CyEnterCriticalSection
                0x00000cac                CyExitCriticalSection
 .text.CyDmacConfigure
                0x00000cb8       0x34 .\CortexM3\ARM_GCC_484\Debug\Design01.a(CyDmac.o)
                0x00000cb8                CyDmacConfigure
 .text.CyDmaChEnable
                0x00000cec       0x38 .\CortexM3\ARM_GCC_484\Debug\Design01.a(CyDmac.o)
                0x00000cec                CyDmaChEnable
 .text.CyDmaChPriority
                0x00000d24       0x24 .\CortexM3\ARM_GCC_484\Debug\Design01.a(CyDmac.o)
                0x00000d24                CyDmaChPriority
 .text.CyDmaChSetExtendedAddress
                0x00000d48       0x34 .\CortexM3\ARM_GCC_484\Debug\Design01.a(CyDmac.o)
                0x00000d48                CyDmaChSetExtendedAddress
 .text.CyDmaChSetInitialTd
                0x00000d7c       0x18 .\CortexM3\ARM_GCC_484\Debug\Design01.a(CyDmac.o)
                0x00000d7c                CyDmaChSetInitialTd
 .text.CyDmaChSetConfiguration
                0x00000d94       0x44 .\CortexM3\ARM_GCC_484\Debug\Design01.a(CyDmac.o)
                0x00000d94                CyDmaChSetConfiguration
 .text.CyDmaTdAllocate
                0x00000dd8       0x34 .\CortexM3\ARM_GCC_484\Debug\Design01.a(CyDmac.o)
                0x00000dd8                CyDmaTdAllocate
 .text.CyDmaTdSetConfiguration
                0x00000e0c       0x28 .\CortexM3\ARM_GCC_484\Debug\Design01.a(CyDmac.o)
                0x00000e0c                CyDmaTdSetConfiguration
 .text.CyDmaTdSetAddress
                0x00000e34       0x1c .\CortexM3\ARM_GCC_484\Debug\Design01.a(CyDmac.o)
                0x00000e34                CyDmaTdSetAddress
 .text.CyHalt   0x00000e50        0x4 .\CortexM3\ARM_GCC_484\Debug\Design01.a(CyLib.o)
                0x00000e50                CyHalt
 .text.CyDelay  0x00000e54       0x2c .\CortexM3\ARM_GCC_484\Debug\Design01.a(CyLib.o)
                0x00000e54                CyDelay
 .text.CyDelayUs
                0x00000e80       0x14 .\CortexM3\ARM_GCC_484\Debug\Design01.a(CyLib.o)
                0x00000e80                CyDelayUs
 .text.CyWdtStart
                0x00000e94       0x40 .\CortexM3\ARM_GCC_484\Debug\Design01.a(CyLib.o)
                0x00000e94                CyWdtStart
 .text.CyWdtClear
                0x00000ed4        0xc .\CortexM3\ARM_GCC_484\Debug\Design01.a(CyLib.o)
                0x00000ed4                CyWdtClear
 .text.CyIntSetVector
                0x00000ee0       0x28 .\CortexM3\ARM_GCC_484\Debug\Design01.a(CyLib.o)
                0x00000ee0                CyIntSetVector
 .text.CyIntSetPriority
                0x00000f08       0x30 .\CortexM3\ARM_GCC_484\Debug\Design01.a(CyLib.o)
                0x00000f08                CyIntSetPriority
 .text.LCD_WrCntrlNib
                0x00000f38       0x34 .\CortexM3\ARM_GCC_484\Debug\Design01.a(LCD.o)
 .text.LCD_WrDatNib
                0x00000f6c       0x44 .\CortexM3\ARM_GCC_484\Debug\Design01.a(LCD.o)
 .text.LCD_IsReady
                0x00000fb0       0xec .\CortexM3\ARM_GCC_484\Debug\Design01.a(LCD.o)
                0x00000fb0                LCD_IsReady
 .text.LCD_WriteData
                0x0000109c       0x18 .\CortexM3\ARM_GCC_484\Debug\Design01.a(LCD.o)
                0x0000109c                LCD_WriteData
 .text.LCD_PrintString
                0x000010b4       0x1c .\CortexM3\ARM_GCC_484\Debug\Design01.a(LCD.o)
                0x000010b4                LCD_PrintString
 .text.LCD_PutChar
                0x000010d0        0x8 .\CortexM3\ARM_GCC_484\Debug\Design01.a(LCD.o)
                0x000010d0                LCD_PutChar
 .text.LCD_WriteControl
                0x000010d8       0x18 .\CortexM3\ARM_GCC_484\Debug\Design01.a(LCD.o)
                0x000010d8                LCD_WriteControl
 .text.LCD_Init
                0x000010f0       0x74 .\CortexM3\ARM_GCC_484\Debug\Design01.a(LCD.o)
                0x000010f0                LCD_Init
 .text.LCD_Enable
                0x00001164       0x14 .\CortexM3\ARM_GCC_484\Debug\Design01.a(LCD.o)
                0x00001164                LCD_Enable
 .text.LCD_Start
                0x00001178       0x1c .\CortexM3\ARM_GCC_484\Debug\Design01.a(LCD.o)
                0x00001178                LCD_Start
 .text.LCD_Position
                0x00001194       0x3c .\CortexM3\ARM_GCC_484\Debug\Design01.a(LCD.o)
                0x00001194                LCD_Position
 .text.LCD_PrintU32Number
                0x000011d0       0x60 .\CortexM3\ARM_GCC_484\Debug\Design01.a(LCD.o)
                0x000011d0                LCD_PrintU32Number
 .text.LCD_LoadCustomFonts
                0x00001230       0x2c .\CortexM3\ARM_GCC_484\Debug\Design01.a(LCD_BarGraph.o)
                0x00001230                LCD_LoadCustomFonts
 .text.Speaker_Output_Write
                0x0000125c       0x18 .\CortexM3\ARM_GCC_484\Debug\Design01.a(Speaker_Output.o)
                0x0000125c                Speaker_Output_Write
 .text.CapSense_Enable
                0x00001274       0x68 .\CortexM3\ARM_GCC_484\Debug\Design01.a(CapSense.o)
                0x00001274                CapSense_Enable
 .text.CapSense_FindNextSensor
                0x000012dc       0x28 .\CortexM3\ARM_GCC_484\Debug\Design01.a(CapSense.o)
                0x000012dc                CapSense_FindNextSensor
 .text.CapSense_IsBusy
                0x00001304       0x10 .\CortexM3\ARM_GCC_484\Debug\Design01.a(CapSense.o)
                0x00001304                CapSense_IsBusy
 .text.CapSense_ReadSensorRaw
                0x00001314        0xc .\CortexM3\ARM_GCC_484\Debug\Design01.a(CapSense.o)
                0x00001314                CapSense_ReadSensorRaw
 .text.CapSense_EnableSensor
                0x00001320       0x34 .\CortexM3\ARM_GCC_484\Debug\Design01.a(CapSense.o)
                0x00001320                CapSense_EnableSensor
 .text.CapSense_DisableSensor
                0x00001354       0x38 .\CortexM3\ARM_GCC_484\Debug\Design01.a(CapSense.o)
                0x00001354                CapSense_DisableSensor
 .text.CapSense_ClearSensors
                0x0000138c       0x18 .\CortexM3\ARM_GCC_484\Debug\Design01.a(CapSense.o)
                0x0000138c                CapSense_ClearSensors
 .text.CapSense_PostScan
                0x000013a4       0x4c .\CortexM3\ARM_GCC_484\Debug\Design01.a(CapSense.o)
                0x000013a4                CapSense_PostScan
 .text.CapSense_SetPrescaler
                0x000013f0       0x10 .\CortexM3\ARM_GCC_484\Debug\Design01.a(CapSense.o)
                0x000013f0                CapSense_SetPrescaler
 .text.CapSense_SetScanSlotSettings
                0x00001400       0x38 .\CortexM3\ARM_GCC_484\Debug\Design01.a(CapSense.o)
                0x00001400                CapSense_SetScanSlotSettings
 .text.CapSense_PreScan
                0x00001438       0x34 .\CortexM3\ARM_GCC_484\Debug\Design01.a(CapSense.o)
                0x00001438                CapSense_PreScan
 .text.CapSense_ScanSensor
                0x0000146c       0x20 .\CortexM3\ARM_GCC_484\Debug\Design01.a(CapSense.o)
                0x0000146c                CapSense_ScanSensor
 .text.CapSense_ScanEnabledWidgets
                0x0000148c       0x38 .\CortexM3\ARM_GCC_484\Debug\Design01.a(CapSense.o)
                0x0000148c                CapSense_ScanEnabledWidgets
 .text.CapSense_SetAnalogSwitchesSource
                0x000014c4       0x20 .\CortexM3\ARM_GCC_484\Debug\Design01.a(CapSense.o)
                0x000014c4                CapSense_SetAnalogSwitchesSource
 .text.CapSense_Init
                0x000014e4       0xe4 .\CortexM3\ARM_GCC_484\Debug\Design01.a(CapSense.o)
                0x000014e4                CapSense_Init
 .text.CapSense_Start
                0x000015c8       0x2c .\CortexM3\ARM_GCC_484\Debug\Design01.a(CapSense.o)
                0x000015c8                CapSense_Start
 .text.CapSense_BaseInit
                0x000015f4       0x44 .\CortexM3\ARM_GCC_484\Debug\Design01.a(CapSense_CSHL.o)
                0x000015f4                CapSense_BaseInit
 .text.CapSense_InitializeSensorBaseline
                0x00001638       0x18 .\CortexM3\ARM_GCC_484\Debug\Design01.a(CapSense_CSHL.o)
                0x00001638                CapSense_InitializeSensorBaseline
 .text.CapSense_InitializeAllBaselines
                0x00001650       0x18 .\CortexM3\ARM_GCC_484\Debug\Design01.a(CapSense_CSHL.o)
                0x00001650                CapSense_InitializeAllBaselines
 .text.CapSense_UpdateSensorBaseline
                0x00001668       0xd0 .\CortexM3\ARM_GCC_484\Debug\Design01.a(CapSense_CSHL.o)
                0x00001668                CapSense_UpdateSensorBaseline
 .text.CapSense_UpdateEnabledBaselines
                0x00001738       0x30 .\CortexM3\ARM_GCC_484\Debug\Design01.a(CapSense_CSHL.o)
                0x00001738                CapSense_UpdateEnabledBaselines
 .text.CapSense_CheckIsSensorActive
                0x00001768       0xa0 .\CortexM3\ARM_GCC_484\Debug\Design01.a(CapSense_CSHL.o)
                0x00001768                CapSense_CheckIsSensorActive
 .text.CapSense_CheckIsWidgetActive
                0x00001808       0x2c .\CortexM3\ARM_GCC_484\Debug\Design01.a(CapSense_CSHL.o)
                0x00001808                CapSense_CheckIsWidgetActive
 .text.CapSense_IsrCH0_ISR
                0x00001834       0x50 .\CortexM3\ARM_GCC_484\Debug\Design01.a(CapSense_INT.o)
                0x00001834                CapSense_IsrCH0_ISR
 .text.SMS_LIB_ScanSensor
                0x00001884        0x8 .\CortexM3\ARM_GCC_484\Debug\Design01.a(CapSense_SMS_Wrapper.o)
                0x00001884                SMS_LIB_ScanSensor
 .text.SMS_LIB_IsBusy
                0x0000188c        0x8 .\CortexM3\ARM_GCC_484\Debug\Design01.a(CapSense_SMS_Wrapper.o)
                0x0000188c                SMS_LIB_IsBusy
 .text.CapSense_CalculateThresholds
                0x00001894        0x8 .\CortexM3\ARM_GCC_484\Debug\Design01.a(CapSense_SMS_Wrapper.o)
                0x00001894                CapSense_CalculateThresholds
 .text.CapSense_AutoTune
                0x0000189c        0x8 .\CortexM3\ARM_GCC_484\Debug\Design01.a(CapSense_SMS_Wrapper.o)
                0x0000189c                CapSense_AutoTune
 .text.SMS_LIB_V3_50_SetAnalogSwitchesSrc_PRS
                0x000018a4        0xc .\CortexM3\ARM_GCC_484\Debug\Design01.a(CapSense_SMS_Wrapper.o)
                0x000018a4                SMS_LIB_V3_50_SetAnalogSwitchesSrc_PRS
 .text.SMS_LIB_V3_50_SetAnalogSwitchesSrc_Prescaler
                0x000018b0        0xc .\CortexM3\ARM_GCC_484\Debug\Design01.a(CapSense_SMS_Wrapper.o)
                0x000018b0                SMS_LIB_V3_50_SetAnalogSwitchesSrc_Prescaler
 .text.CapSense_CompCH0_Enable
                0x000018bc       0x1c .\CortexM3\ARM_GCC_484\Debug\Design01.a(CapSense_CompCH0.o)
                0x000018bc                CapSense_CompCH0_Enable
 .text.CapSense_CompCH0_SetSpeed
                0x000018d8       0x5c .\CortexM3\ARM_GCC_484\Debug\Design01.a(CapSense_CompCH0.o)
                0x000018d8                CapSense_CompCH0_SetSpeed
 .text.CapSense_CompCH0_Init
                0x00001934       0x3c .\CortexM3\ARM_GCC_484\Debug\Design01.a(CapSense_CompCH0.o)
                0x00001934                CapSense_CompCH0_Init
 .text.CapSense_IdacCH0_Enable
                0x00001970       0x1c .\CortexM3\ARM_GCC_484\Debug\Design01.a(CapSense_IdacCH0.o)
                0x00001970                CapSense_IdacCH0_Enable
 .text.CapSense_IdacCH0_SetSpeed
                0x0000198c       0x1c .\CortexM3\ARM_GCC_484\Debug\Design01.a(CapSense_IdacCH0.o)
                0x0000198c                CapSense_IdacCH0_SetSpeed
 .text.CapSense_IdacCH0_SetValue
                0x000019a8        0xc .\CortexM3\ARM_GCC_484\Debug\Design01.a(CapSense_IdacCH0.o)
                0x000019a8                CapSense_IdacCH0_SetValue
 .text.CapSense_IdacCH0_DacTrim
                0x000019b4       0x34 .\CortexM3\ARM_GCC_484\Debug\Design01.a(CapSense_IdacCH0.o)
                0x000019b4                CapSense_IdacCH0_DacTrim
 .text.CapSense_IdacCH0_Init
                0x000019e8       0x2c .\CortexM3\ARM_GCC_484\Debug\Design01.a(CapSense_IdacCH0.o)
                0x000019e8                CapSense_IdacCH0_Init
 .text.CapSense_IdacCH0_SetPolarity
                0x00001a14       0x20 .\CortexM3\ARM_GCC_484\Debug\Design01.a(CapSense_IdacCH0.o)
                0x00001a14                CapSense_IdacCH0_SetPolarity
 .text.CapSense_IdacCH0_SetRange
                0x00001a34       0x20 .\CortexM3\ARM_GCC_484\Debug\Design01.a(CapSense_IdacCH0.o)
                0x00001a34                CapSense_IdacCH0_SetRange
 .text.CapSense_AMuxCH0_DisconnectAll
                0x00001a54       0x18 .\CortexM3\ARM_GCC_484\Debug\Design01.a(CapSense_AMuxCH0.o)
                0x00001a54                CapSense_AMuxCH0_DisconnectAll
 .text.CapSense_AMuxCH0_Init
                0x00001a6c        0x8 .\CortexM3\ARM_GCC_484\Debug\Design01.a(CapSense_AMuxCH0.o)
                0x00001a6c                CapSense_AMuxCH0_Init
 .text.CapSense_IntClock_Start
                0x00001a74       0x1c .\CortexM3\ARM_GCC_484\Debug\Design01.a(CapSense_IntClock.o)
                0x00001a74                CapSense_IntClock_Start
 .text.PGA_1_Enable
                0x00001a90       0x28 .\CortexM3\ARM_GCC_484\Debug\Design01.a(PGA_1.o)
                0x00001a90                PGA_1_Enable
 .text.PGA_1_SetPower
                0x00001ab8       0x18 .\CortexM3\ARM_GCC_484\Debug\Design01.a(PGA_1.o)
                0x00001ab8                PGA_1_SetPower
 .text.PGA_1_SetGain
                0x00001ad0       0x74 .\CortexM3\ARM_GCC_484\Debug\Design01.a(PGA_1.o)
                0x00001ad0                PGA_1_SetGain
 .text.PGA_1_Init
                0x00001b44       0x2c .\CortexM3\ARM_GCC_484\Debug\Design01.a(PGA_1.o)
                0x00001b44                PGA_1_Init
 .text.PGA_1_Start
                0x00001b70       0x1c .\CortexM3\ARM_GCC_484\Debug\Design01.a(PGA_1.o)
                0x00001b70                PGA_1_Start
 .text.Comp_trimAdjust
                0x00001b8c       0x8c .\CortexM3\ARM_GCC_484\Debug\Design01.a(Comp.o)
 .text.Comp_Enable
                0x00001c18       0x1c .\CortexM3\ARM_GCC_484\Debug\Design01.a(Comp.o)
                0x00001c18                Comp_Enable
 .text.Comp_SetSpeed
                0x00001c34       0x5c .\CortexM3\ARM_GCC_484\Debug\Design01.a(Comp.o)
                0x00001c34                Comp_SetSpeed
 .text.Comp_Init
                0x00001c90       0x3c .\CortexM3\ARM_GCC_484\Debug\Design01.a(Comp.o)
                0x00001c90                Comp_Init
 .text.Comp_Start
                0x00001ccc       0x1c .\CortexM3\ARM_GCC_484\Debug\Design01.a(Comp.o)
                0x00001ccc                Comp_Start
 .text.Comp_ZeroCal
                0x00001ce8       0x90 .\CortexM3\ARM_GCC_484\Debug\Design01.a(Comp.o)
                0x00001ce8                Comp_ZeroCal
 .text.WaveDAC8_1_Enable
                0x00001d78       0x28 .\CortexM3\ARM_GCC_484\Debug\Design01.a(WaveDAC8_1.o)
                0x00001d78                WaveDAC8_1_Enable
 .text.WaveDAC8_1_Wave1Setup
                0x00001da0       0x40 .\CortexM3\ARM_GCC_484\Debug\Design01.a(WaveDAC8_1.o)
                0x00001da0                WaveDAC8_1_Wave1Setup
 .text.WaveDAC8_1_Wave2Setup
                0x00001de0       0x40 .\CortexM3\ARM_GCC_484\Debug\Design01.a(WaveDAC8_1.o)
                0x00001de0                WaveDAC8_1_Wave2Setup
 .text.WaveDAC8_1_Init
                0x00001e20       0x40 .\CortexM3\ARM_GCC_484\Debug\Design01.a(WaveDAC8_1.o)
                0x00001e20                WaveDAC8_1_Init
 .text.WaveDAC8_1_Start
                0x00001e60       0x1c .\CortexM3\ARM_GCC_484\Debug\Design01.a(WaveDAC8_1.o)
                0x00001e60                WaveDAC8_1_Start
 .text.Compint_Interrupt
                0x00001e7c       0x14 .\CortexM3\ARM_GCC_484\Debug\Design01.a(Compint.o)
                0x00001e7c                Compint_Interrupt
 .text.Compint_SetVector
                0x00001e90        0xc .\CortexM3\ARM_GCC_484\Debug\Design01.a(Compint.o)
                0x00001e90                Compint_SetVector
 .text.Compint_SetPriority
                0x00001e9c       0x10 .\CortexM3\ARM_GCC_484\Debug\Design01.a(Compint.o)
                0x00001e9c                Compint_SetPriority
 .text.Compint_Enable
                0x00001eac        0xc .\CortexM3\ARM_GCC_484\Debug\Design01.a(Compint.o)
                0x00001eac                Compint_Enable
 .text.Compint_Disable
                0x00001eb8        0xc .\CortexM3\ARM_GCC_484\Debug\Design01.a(Compint.o)
                0x00001eb8                Compint_Disable
 .text.Compint_Start
                0x00001ec4       0x1c .\CortexM3\ARM_GCC_484\Debug\Design01.a(Compint.o)
                0x00001ec4                Compint_Start
 .text.HeartbeatCounter_Enable
                0x00001ee0       0x10 .\CortexM3\ARM_GCC_484\Debug\Design01.a(HeartbeatCounter.o)
                0x00001ee0                HeartbeatCounter_Enable
 .text.HeartbeatCounter_SetInterruptMode
                0x00001ef0        0xc .\CortexM3\ARM_GCC_484\Debug\Design01.a(HeartbeatCounter.o)
                0x00001ef0                HeartbeatCounter_SetInterruptMode
 .text.HeartbeatCounter_ReadStatusRegister
                0x00001efc        0xc .\CortexM3\ARM_GCC_484\Debug\Design01.a(HeartbeatCounter.o)
                0x00001efc                HeartbeatCounter_ReadStatusRegister
 .text.HeartbeatCounter_WriteCounter
                0x00001f08        0xc .\CortexM3\ARM_GCC_484\Debug\Design01.a(HeartbeatCounter.o)
                0x00001f08                HeartbeatCounter_WriteCounter
 .text.HeartbeatCounter_ReadCounter
                0x00001f14       0x14 .\CortexM3\ARM_GCC_484\Debug\Design01.a(HeartbeatCounter.o)
                0x00001f14                HeartbeatCounter_ReadCounter
 .text.HeartbeatCounter_ReadCapture
                0x00001f28        0xc .\CortexM3\ARM_GCC_484\Debug\Design01.a(HeartbeatCounter.o)
                0x00001f28                HeartbeatCounter_ReadCapture
 .text.HeartbeatCounter_WritePeriod
                0x00001f34        0xc .\CortexM3\ARM_GCC_484\Debug\Design01.a(HeartbeatCounter.o)
                0x00001f34                HeartbeatCounter_WritePeriod
 .text.HeartbeatCounter_WriteCompare
                0x00001f40        0xc .\CortexM3\ARM_GCC_484\Debug\Design01.a(HeartbeatCounter.o)
                0x00001f40                HeartbeatCounter_WriteCompare
 .text.HeartbeatCounter_ClearFIFO
                0x00001f4c       0x14 .\CortexM3\ARM_GCC_484\Debug\Design01.a(HeartbeatCounter.o)
                0x00001f4c                HeartbeatCounter_ClearFIFO
 .text.HeartbeatCounter_Init
                0x00001f60       0x58 .\CortexM3\ARM_GCC_484\Debug\Design01.a(HeartbeatCounter.o)
                0x00001f60                HeartbeatCounter_Init
 .text.HeartbeatCounter_Start
                0x00001fb8       0x1c .\CortexM3\ARM_GCC_484\Debug\Design01.a(HeartbeatCounter.o)
                0x00001fb8                HeartbeatCounter_Start
 .text.USBUART_Init
                0x00001fd4      0x128 .\CortexM3\ARM_GCC_484\Debug\Design01.a(USBUART.o)
                0x00001fd4                USBUART_Init
 .text.USBUART_InitComponent
                0x000020fc       0xa8 .\CortexM3\ARM_GCC_484\Debug\Design01.a(USBUART.o)
                0x000020fc                USBUART_InitComponent
 .text.USBUART_Start
                0x000021a4       0x24 .\CortexM3\ARM_GCC_484\Debug\Design01.a(USBUART.o)
                0x000021a4                USBUART_Start
 .text.USBUART_ReInitComponent
                0x000021c8       0x4c .\CortexM3\ARM_GCC_484\Debug\Design01.a(USBUART.o)
                0x000021c8                USBUART_ReInitComponent
 .text.USBUART_LoadInEP
                0x00002214       0x90 .\CortexM3\ARM_GCC_484\Debug\Design01.a(USBUART.o)
                0x00002214                USBUART_LoadInEP
 .text.USBUART_StrLen
                0x000022a4       0x14 .\CortexM3\ARM_GCC_484\Debug\Design01.a(USBUART_cdc.o)
 .text.USBUART_DispatchCDCClassRqst
                0x000022b8       0x9c .\CortexM3\ARM_GCC_484\Debug\Design01.a(USBUART_cdc.o)
                0x000022b8                USBUART_DispatchCDCClassRqst
 .text.USBUART_PutString
                0x00002354       0x94 .\CortexM3\ARM_GCC_484\Debug\Design01.a(USBUART_cdc.o)
                0x00002354                USBUART_PutString
 .text.USBUART_CDCIsReady
                0x000023e8       0x1c .\CortexM3\ARM_GCC_484\Debug\Design01.a(USBUART_cdc.o)
                0x000023e8                USBUART_CDCIsReady
 .text.USBUART_LoadEP0
                0x00002404       0x94 .\CortexM3\ARM_GCC_484\Debug\Design01.a(USBUART_drv.o)
                0x00002404                USBUART_LoadEP0
 .text.USBUART_InitZeroLengthControlTransfer
                0x00002498       0x34 .\CortexM3\ARM_GCC_484\Debug\Design01.a(USBUART_drv.o)
                0x00002498                USBUART_InitZeroLengthControlTransfer
 .text.USBUART_ControlReadDataStage
                0x000024cc        0x8 .\CortexM3\ARM_GCC_484\Debug\Design01.a(USBUART_drv.o)
                0x000024cc                USBUART_ControlReadDataStage
 .text.USBUART_ControlWriteDataStage
                0x000024d4       0x80 .\CortexM3\ARM_GCC_484\Debug\Design01.a(USBUART_drv.o)
                0x000024d4                USBUART_ControlWriteDataStage
 .text.USBUART_InitNoDataControlTransfer
                0x00002554       0x2c .\CortexM3\ARM_GCC_484\Debug\Design01.a(USBUART_drv.o)
                0x00002554                USBUART_InitNoDataControlTransfer
 .text.USBUART_UpdateStatusBlock
                0x00002580       0x24 .\CortexM3\ARM_GCC_484\Debug\Design01.a(USBUART_drv.o)
                0x00002580                USBUART_UpdateStatusBlock
 .text.USBUART_HandleSetup
                0x000025a4       0x5c .\CortexM3\ARM_GCC_484\Debug\Design01.a(USBUART_drv.o)
                0x000025a4                USBUART_HandleSetup
 .text.USBUART_ControlReadStatusStage
                0x00002600       0x34 .\CortexM3\ARM_GCC_484\Debug\Design01.a(USBUART_drv.o)
                0x00002600                USBUART_ControlReadStatusStage
 .text.USBUART_HandleOUT
                0x00002634       0x38 .\CortexM3\ARM_GCC_484\Debug\Design01.a(USBUART_drv.o)
                0x00002634                USBUART_HandleOUT
 .text.USBUART_ControlWriteStatusStage
                0x0000266c       0x20 .\CortexM3\ARM_GCC_484\Debug\Design01.a(USBUART_drv.o)
                0x0000266c                USBUART_ControlWriteStatusStage
 .text.USBUART_NoDataControlStatusStage
                0x0000268c       0x40 .\CortexM3\ARM_GCC_484\Debug\Design01.a(USBUART_drv.o)
                0x0000268c                USBUART_NoDataControlStatusStage
 .text.USBUART_HandleIN
                0x000026cc       0x2c .\CortexM3\ARM_GCC_484\Debug\Design01.a(USBUART_drv.o)
                0x000026cc                USBUART_HandleIN
 .text.USBUART_EP_0_ISR
                0x000026f8       0xb0 .\CortexM3\ARM_GCC_484\Debug\Design01.a(USBUART_drv.o)
                0x000026f8                USBUART_EP_0_ISR
 .text.USBUART_InitializeStatusBlock
                0x000027a8       0x24 .\CortexM3\ARM_GCC_484\Debug\Design01.a(USBUART_drv.o)
                0x000027a8                USBUART_InitializeStatusBlock
 .text.USBUART_InitControlRead
                0x000027cc       0x54 .\CortexM3\ARM_GCC_484\Debug\Design01.a(USBUART_drv.o)
                0x000027cc                USBUART_InitControlRead
 .text.USBUART_InitControlWrite
                0x00002820       0x4c .\CortexM3\ARM_GCC_484\Debug\Design01.a(USBUART_drv.o)
                0x00002820                USBUART_InitControlWrite
 .text.USBUART_EP_1_ISR
                0x0000286c       0x38 .\CortexM3\ARM_GCC_484\Debug\Design01.a(USBUART_episr.o)
                0x0000286c                USBUART_EP_1_ISR
 .text.USBUART_EP_2_ISR
                0x000028a4       0x38 .\CortexM3\ARM_GCC_484\Debug\Design01.a(USBUART_episr.o)
                0x000028a4                USBUART_EP_2_ISR
 .text.USBUART_EP_3_ISR
                0x000028dc       0x40 .\CortexM3\ARM_GCC_484\Debug\Design01.a(USBUART_episr.o)
                0x000028dc                USBUART_EP_3_ISR
 .text.USBUART_SOF_ISR
                0x0000291c        0x4 .\CortexM3\ARM_GCC_484\Debug\Design01.a(USBUART_episr.o)
                0x0000291c                USBUART_SOF_ISR
 .text.USBUART_BUS_RESET_ISR
                0x00002920        0x8 .\CortexM3\ARM_GCC_484\Debug\Design01.a(USBUART_episr.o)
                0x00002920                USBUART_BUS_RESET_ISR
 .text.USBUART_ReadDieID
                0x00002928       0x5c .\CortexM3\ARM_GCC_484\Debug\Design01.a(USBUART_std.o)
                0x00002928                USBUART_ReadDieID
 .text.USBUART_ConfigReg
                0x00002984       0xe8 .\CortexM3\ARM_GCC_484\Debug\Design01.a(USBUART_std.o)
                0x00002984                USBUART_ConfigReg
 .text.USBUART_GetConfigTablePtr
                0x00002a6c       0x2c .\CortexM3\ARM_GCC_484\Debug\Design01.a(USBUART_std.o)
                0x00002a6c                USBUART_GetConfigTablePtr
 .text.USBUART_ConfigAltChanged
                0x00002a98      0x1a0 .\CortexM3\ARM_GCC_484\Debug\Design01.a(USBUART_std.o)
                0x00002a98                USBUART_ConfigAltChanged
 .text.USBUART_GetDeviceTablePtr
                0x00002c38       0x18 .\CortexM3\ARM_GCC_484\Debug\Design01.a(USBUART_std.o)
                0x00002c38                USBUART_GetDeviceTablePtr
 .text.USBUART_GetInterfaceClassTablePtr
                0x00002c50       0x24 .\CortexM3\ARM_GCC_484\Debug\Design01.a(USBUART_std.o)
                0x00002c50                USBUART_GetInterfaceClassTablePtr
 .text.USBUART_Config
                0x00002c74      0x1dc .\CortexM3\ARM_GCC_484\Debug\Design01.a(USBUART_std.o)
                0x00002c74                USBUART_Config
 .text.USBUART_SetEndpointHalt
                0x00002e50       0x60 .\CortexM3\ARM_GCC_484\Debug\Design01.a(USBUART_std.o)
                0x00002e50                USBUART_SetEndpointHalt
 .text.USBUART_ClearEndpointHalt
                0x00002eb0       0xa4 .\CortexM3\ARM_GCC_484\Debug\Design01.a(USBUART_std.o)
                0x00002eb0                USBUART_ClearEndpointHalt
 .text.USBUART_ValidateAlternateSetting
                0x00002f54       0x54 .\CortexM3\ARM_GCC_484\Debug\Design01.a(USBUART_std.o)
                0x00002f54                USBUART_ValidateAlternateSetting
 .text.USBUART_HandleStandardRqst
                0x00002fa8      0x394 .\CortexM3\ARM_GCC_484\Debug\Design01.a(USBUART_std.o)
                0x00002fa8                USBUART_HandleStandardRqst
 .text.USBUART_HandleVendorRqst
                0x0000333c       0x40 .\CortexM3\ARM_GCC_484\Debug\Design01.a(USBUART_vnd.o)
                0x0000333c                USBUART_HandleVendorRqst
 .text.timer_clock_1_Start
                0x0000337c       0x1c .\CortexM3\ARM_GCC_484\Debug\Design01.a(timer_clock_1.o)
                0x0000337c                timer_clock_1_Start
 .text.PWM_Enable
                0x00003398       0x10 .\CortexM3\ARM_GCC_484\Debug\Design01.a(PWM.o)
                0x00003398                PWM_Enable
 .text.PWM_WriteCounter
                0x000033a8        0xc .\CortexM3\ARM_GCC_484\Debug\Design01.a(PWM.o)
                0x000033a8                PWM_WriteCounter
 .text.PWM_WritePeriod
                0x000033b4        0xc .\CortexM3\ARM_GCC_484\Debug\Design01.a(PWM.o)
                0x000033b4                PWM_WritePeriod
 .text.PWM_WriteCompare
                0x000033c0        0xc .\CortexM3\ARM_GCC_484\Debug\Design01.a(PWM.o)
                0x000033c0                PWM_WriteCompare
 .text.PWM_Init
                0x000033cc       0x40 .\CortexM3\ARM_GCC_484\Debug\Design01.a(PWM.o)
                0x000033cc                PWM_Init
 .text.PWM_Start
                0x0000340c       0x1c .\CortexM3\ARM_GCC_484\Debug\Design01.a(PWM.o)
                0x0000340c                PWM_Start
 .text.STOP_Interrupt
                0x00003428        0xc .\CortexM3\ARM_GCC_484\Debug\Design01.a(STOP.o)
                0x00003428                STOP_Interrupt
 .text.STOP_SetVector
                0x00003434        0xc .\CortexM3\ARM_GCC_484\Debug\Design01.a(STOP.o)
                0x00003434                STOP_SetVector
 .text.STOP_SetPriority
                0x00003440       0x10 .\CortexM3\ARM_GCC_484\Debug\Design01.a(STOP.o)
                0x00003440                STOP_SetPriority
 .text.STOP_Enable
                0x00003450        0xc .\CortexM3\ARM_GCC_484\Debug\Design01.a(STOP.o)
                0x00003450                STOP_Enable
 .text.STOP_Disable
                0x0000345c        0xc .\CortexM3\ARM_GCC_484\Debug\Design01.a(STOP.o)
                0x0000345c                STOP_Disable
 .text.STOP_Start
                0x00003468       0x1c .\CortexM3\ARM_GCC_484\Debug\Design01.a(STOP.o)
                0x00003468                STOP_Start
 .text.WDT_Interrupt
                0x00003484       0x2c .\CortexM3\ARM_GCC_484\Debug\Design01.a(WDT.o)
                0x00003484                WDT_Interrupt
 .text.WDT_SetVector
                0x000034b0        0xc .\CortexM3\ARM_GCC_484\Debug\Design01.a(WDT.o)
                0x000034b0                WDT_SetVector
 .text.WDT_SetPriority
                0x000034bc       0x10 .\CortexM3\ARM_GCC_484\Debug\Design01.a(WDT.o)
                0x000034bc                WDT_SetPriority
 .text.WDT_Enable
                0x000034cc        0xc .\CortexM3\ARM_GCC_484\Debug\Design01.a(WDT.o)
                0x000034cc                WDT_Enable
 .text.WDT_Disable
                0x000034d8        0xc .\CortexM3\ARM_GCC_484\Debug\Design01.a(WDT.o)
                0x000034d8                WDT_Disable
 .text.WDT_Start
                0x000034e4       0x1c .\CortexM3\ARM_GCC_484\Debug\Design01.a(WDT.o)
                0x000034e4                WDT_Start
 .text.WDT_Timer_Enable
                0x00003500       0x10 .\CortexM3\ARM_GCC_484\Debug\Design01.a(WDT_Timer.o)
                0x00003500                WDT_Timer_Enable
 .text.WDT_Timer_SetInterruptMode
                0x00003510        0xc .\CortexM3\ARM_GCC_484\Debug\Design01.a(WDT_Timer.o)
                0x00003510                WDT_Timer_SetInterruptMode
 .text.WDT_Timer_ReadStatusRegister
                0x0000351c        0xc .\CortexM3\ARM_GCC_484\Debug\Design01.a(WDT_Timer.o)
                0x0000351c                WDT_Timer_ReadStatusRegister
 .text.WDT_Timer_WritePeriod
                0x00003528       0x10 .\CortexM3\ARM_GCC_484\Debug\Design01.a(WDT_Timer.o)
                0x00003528                WDT_Timer_WritePeriod
 .text.WDT_Timer_ReadCapture
                0x00003538       0x10 .\CortexM3\ARM_GCC_484\Debug\Design01.a(WDT_Timer.o)
                0x00003538                WDT_Timer_ReadCapture
 .text.WDT_Timer_WriteCounter
                0x00003548       0x10 .\CortexM3\ARM_GCC_484\Debug\Design01.a(WDT_Timer.o)
                0x00003548                WDT_Timer_WriteCounter
 .text.WDT_Timer_SetCaptureMode
                0x00003558       0x1c .\CortexM3\ARM_GCC_484\Debug\Design01.a(WDT_Timer.o)
                0x00003558                WDT_Timer_SetCaptureMode
 .text.WDT_Timer_ClearFIFO
                0x00003574       0x14 .\CortexM3\ARM_GCC_484\Debug\Design01.a(WDT_Timer.o)
                0x00003574                WDT_Timer_ClearFIFO
 .text.WDT_Timer_Init
                0x00003588       0x3c .\CortexM3\ARM_GCC_484\Debug\Design01.a(WDT_Timer.o)
                0x00003588                WDT_Timer_Init
 .text.WDT_Timer_Start
                0x000035c4       0x1c .\CortexM3\ARM_GCC_484\Debug\Design01.a(WDT_Timer.o)
                0x000035c4                WDT_Timer_Start
 .text.MOTOR_HEALTH_Read
                0x000035e0       0x10 .\CortexM3\ARM_GCC_484\Debug\Design01.a(MOTOR_HEALTH.o)
                0x000035e0                MOTOR_HEALTH_Read
 .text.UI_HEALTH_Read
                0x000035f0       0x10 .\CortexM3\ARM_GCC_484\Debug\Design01.a(UI_HEALTH.o)
                0x000035f0                UI_HEALTH_Read
 .text.HEARTRATE_HEALTH_Read
                0x00003600        0xc .\CortexM3\ARM_GCC_484\Debug\Design01.a(HEARTRATE_HEALTH.o)
                0x00003600                HEARTRATE_HEALTH_Read
 .text.CySetReg24
                0x0000360c       0x14 .\CortexM3\ARM_GCC_484\Debug\Design01.a(cyutils.o)
                0x0000360c                CySetReg24
 .text.WaveDAC8_1_DacClk_Start
                0x00003620       0x1c .\CortexM3\ARM_GCC_484\Debug\Design01.a(WaveDAC8_1_DacClk.o)
                0x00003620                WaveDAC8_1_DacClk_Start
 .text.WaveDAC8_1_Wave1_DMA_DmaInitialize
                0x0000363c       0x3c .\CortexM3\ARM_GCC_484\Debug\Design01.a(WaveDAC8_1_Wave1_DMA_dma.o)
                0x0000363c                WaveDAC8_1_Wave1_DMA_DmaInitialize
 .text.WaveDAC8_1_Wave2_DMA_DmaInitialize
                0x00003678       0x3c .\CortexM3\ARM_GCC_484\Debug\Design01.a(WaveDAC8_1_Wave2_DMA_dma.o)
                0x00003678                WaveDAC8_1_Wave2_DMA_DmaInitialize
 .text.WaveDAC8_1_VDAC8_Enable
                0x000036b4       0x1c .\CortexM3\ARM_GCC_484\Debug\Design01.a(WaveDAC8_1_VDAC8.o)
                0x000036b4                WaveDAC8_1_VDAC8_Enable
 .text.WaveDAC8_1_VDAC8_SetSpeed
                0x000036d0       0x1c .\CortexM3\ARM_GCC_484\Debug\Design01.a(WaveDAC8_1_VDAC8.o)
                0x000036d0                WaveDAC8_1_VDAC8_SetSpeed
 .text.WaveDAC8_1_VDAC8_SetValue
                0x000036ec        0xc .\CortexM3\ARM_GCC_484\Debug\Design01.a(WaveDAC8_1_VDAC8.o)
                0x000036ec                WaveDAC8_1_VDAC8_SetValue
 .text.WaveDAC8_1_VDAC8_DacTrim
                0x000036f8       0x20 .\CortexM3\ARM_GCC_484\Debug\Design01.a(WaveDAC8_1_VDAC8.o)
                0x000036f8                WaveDAC8_1_VDAC8_DacTrim
 .text.WaveDAC8_1_VDAC8_SetRange
                0x00003718       0x20 .\CortexM3\ARM_GCC_484\Debug\Design01.a(WaveDAC8_1_VDAC8.o)
                0x00003718                WaveDAC8_1_VDAC8_SetRange
 .text.WaveDAC8_1_VDAC8_Init
                0x00003738       0x28 .\CortexM3\ARM_GCC_484\Debug\Design01.a(WaveDAC8_1_VDAC8.o)
                0x00003738                WaveDAC8_1_VDAC8_Init
 .text.USBUART_DispatchClassRqst
                0x00003760       0x5c .\CortexM3\ARM_GCC_484\Debug\Design01.a(USBUART_cls.o)
                0x00003760                USBUART_DispatchClassRqst
 .text.SMS_LIB_V3_50_CallibrateSensor1Ch
                0x000037bc       0x84 C:\Program Files\Cypress\PSoC Creator\3.2\PSoC Creator\psoc\content\cycomponentlibrary\CyComponentLibrary.cylib\CapSense_CSD_v3_50\Library\CapSenseLibrary_GCC.a(CapSense_CSD_SmartSense_v3_50.o)
                0x000037bc                SMS_LIB_V3_50_CallibrateSensor1Ch
 .text.SMS_LIB_V3_50_AutoTuneSensor1Ch
                0x00003840       0x9c C:\Program Files\Cypress\PSoC Creator\3.2\PSoC Creator\psoc\content\cycomponentlibrary\CyComponentLibrary.cylib\CapSense_CSD_v3_50\Library\CapSenseLibrary_GCC.a(CapSense_CSD_SmartSense_v3_50.o)
                0x00003840                SMS_LIB_V3_50_AutoTuneSensor1Ch
 .text.SMS_LIB_V3_50_MeasureNoiseEnvelope
                0x000038dc       0x94 C:\Program Files\Cypress\PSoC Creator\3.2\PSoC Creator\psoc\content\cycomponentlibrary\CyComponentLibrary.cylib\CapSense_CSD_v3_50\Library\CapSenseLibrary_GCC.a(CapSense_CSD_SmartSense_v3_50.o)
                0x000038dc                SMS_LIB_V3_50_MeasureNoiseEnvelope
 .text.SMS_LIB_V3_50_CalculateThresholds
                0x00003970       0xc4 C:\Program Files\Cypress\PSoC Creator\3.2\PSoC Creator\psoc\content\cycomponentlibrary\CyComponentLibrary.cylib\CapSense_CSD_v3_50\Library\CapSenseLibrary_GCC.a(CapSense_CSD_SmartSense_v3_50.o)
                0x00003970                SMS_LIB_V3_50_CalculateThresholds
 .text.SMS_LIB_V3_50_Sensors2WidgetResolutionTransform
                0x00003a34       0xa8 C:\Program Files\Cypress\PSoC Creator\3.2\PSoC Creator\psoc\content\cycomponentlibrary\CyComponentLibrary.cylib\CapSense_CSD_v3_50\Library\CapSenseLibrary_GCC.a(CapSense_CSD_SmartSense_v3_50.o)
                0x00003a34                SMS_LIB_V3_50_Sensors2WidgetResolutionTransform
 .text.SMS_LIB_V3_50_AutoTune1Ch
                0x00003adc       0x88 C:\Program Files\Cypress\PSoC Creator\3.2\PSoC Creator\psoc\content\cycomponentlibrary\CyComponentLibrary.cylib\CapSense_CSD_v3_50\Library\CapSenseLibrary_GCC.a(CapSense_CSD_SmartSense_v3_50.o)
                0x00003adc                SMS_LIB_V3_50_AutoTune1Ch
 .text          0x00003b64       0x24 c:/program files/cypress/psoc creator/3.2/psoc creator/import/gnu/arm/4.8.4/bin/../lib/gcc/arm-none-eabi/4.8.4/armv7-m\libgcc.a(_udivsi3.o)
                0x00003b64                __aeabi_uidiv
                0x00003b64                __udivsi3
                0x00003b78                __aeabi_uidivmod
 .text          0x00003b88        0x4 c:/program files/cypress/psoc creator/3.2/psoc creator/import/gnu/arm/4.8.4/bin/../lib/gcc/arm-none-eabi/4.8.4/armv7-m\libgcc.a(_dvmd_tls.o)
                0x00003b88                __aeabi_idiv0
                0x00003b88                __aeabi_ldiv0
 .text          0x00003b8c      0x370 c:/program files/cypress/psoc creator/3.2/psoc creator/import/gnu/arm/4.8.4/bin/../lib/gcc/arm-none-eabi/4.8.4/armv7-m\libgcc.a(_arm_addsubdf3.o)
                0x00003b8c                __aeabi_drsub
                0x00003b94                __aeabi_dsub
                0x00003b94                __subdf3
                0x00003b98                __aeabi_dadd
                0x00003b98                __adddf3
                0x00003e10                __floatunsidf
                0x00003e10                __aeabi_ui2d
                0x00003e30                __floatsidf
                0x00003e30                __aeabi_i2d
                0x00003e54                __aeabi_f2d
                0x00003e54                __extendsfdf2
                0x00003e90                __floatundidf
                0x00003e90                __aeabi_ul2d
                0x00003ea0                __floatdidf
                0x00003ea0                __aeabi_l2d
 .text          0x00003efc      0x424 c:/program files/cypress/psoc creator/3.2/psoc creator/import/gnu/arm/4.8.4/bin/../lib/gcc/arm-none-eabi/4.8.4/armv7-m\libgcc.a(_arm_muldivdf3.o)
                0x00003efc                __aeabi_dmul
                0x00003efc                __muldf3
                0x00004150                __divdf3
                0x00004150                __aeabi_ddiv
 .text          0x00004320       0x50 c:/program files/cypress/psoc creator/3.2/psoc creator/import/gnu/arm/4.8.4/bin/../lib/gcc/arm-none-eabi/4.8.4/armv7-m\libgcc.a(_arm_fixdfsi.o)
                0x00004320                __aeabi_d2iz
                0x00004320                __fixdfsi
 .text          0x00004370      0x21c c:/program files/cypress/psoc creator/3.2/psoc creator/import/gnu/arm/4.8.4/bin/../lib/gcc/arm-none-eabi/4.8.4/armv7-m\libgcc.a(_arm_addsubsf3.o)
                0x00004370                __aeabi_frsub
                0x00004378                __subsf3
                0x00004378                __aeabi_fsub
                0x0000437c                __aeabi_fadd
                0x0000437c                __addsf3
                0x000044dc                __aeabi_ui2f
                0x000044dc                __floatunsisf
                0x000044e4                __aeabi_i2f
                0x000044e4                __floatsisf
                0x00004500                __aeabi_ul2f
                0x00004500                __floatundisf
                0x00004510                __aeabi_l2f
                0x00004510                __floatdisf
 .text          0x0000458c       0xec c:/program files/cypress/psoc creator/3.2/psoc creator/import/gnu/arm/4.8.4/bin/../lib/gcc/arm-none-eabi/4.8.4/armv7-m\libgcc.a(_arm_cmpsf2.o)
                0x0000458c                __gesf2
                0x0000458c                __gtsf2
                0x00004594                __lesf2
                0x00004594                __ltsf2
                0x0000459c                __nesf2
                0x0000459c                __eqsf2
                0x0000459c                __cmpsf2
                0x000045fc                __aeabi_cfrcmple
                0x00004604                __aeabi_cfcmpeq
                0x00004604                __aeabi_cfcmple
                0x00004614                __aeabi_fcmpeq
                0x00004628                __aeabi_fcmplt
                0x0000463c                __aeabi_fcmple
                0x00004650                __aeabi_fcmpge
                0x00004664                __aeabi_fcmpgt
 .text          0x00004678       0x4c c:/program files/cypress/psoc creator/3.2/psoc creator/import/gnu/arm/4.8.4/bin/../lib/gcc/arm-none-eabi/4.8.4/armv7-m\libgcc.a(_arm_fixsfsi.o)
                0x00004678                __aeabi_f2iz
                0x00004678                __fixsfsi
 .text          0x000046c4       0x40 c:/program files/cypress/psoc creator/3.2/psoc creator/import/gnu/arm/4.8.4/bin/../lib/gcc/arm-none-eabi/4.8.4/armv7-m\libgcc.a(_arm_fixunssfsi.o)
                0x000046c4                __fixunssfsi
                0x000046c4                __aeabi_f2uiz
 .text.__errno  0x00004704        0xc c:/program files/cypress/psoc creator/3.2/psoc creator/import/gnu/arm/4.8.4/bin/../lib/gcc/arm-none-eabi/4.8.4/../../../../arm-none-eabi/lib/armv7-m\libg_s.a(lib_a-errno.o)
                0x00004704                __errno
 .text.__libc_init_array
                0x00004710       0x4c c:/program files/cypress/psoc creator/3.2/psoc creator/import/gnu/arm/4.8.4/bin/../lib/gcc/arm-none-eabi/4.8.4/../../../../arm-none-eabi/lib/armv7-m\libg_s.a(lib_a-init.o)
                0x00004710                __libc_init_array
 .text.memcpy   0x0000475c       0x12 c:/program files/cypress/psoc creator/3.2/psoc creator/import/gnu/arm/4.8.4/bin/../lib/gcc/arm-none-eabi/4.8.4/../../../../arm-none-eabi/lib/armv7-m\libg_s.a(lib_a-memcpy-stub.o)
                0x0000475c                memcpy
 .text.memset   0x0000476e       0x10 c:/program files/cypress/psoc creator/3.2/psoc creator/import/gnu/arm/4.8.4/bin/../lib/gcc/arm-none-eabi/4.8.4/../../../../arm-none-eabi/lib/armv7-m\libg_s.a(lib_a-memset.o)
                0x0000476e                memset
 *fill*         0x0000477e        0x2 
 .text.sprintf  0x00004780       0x48 c:/program files/cypress/psoc creator/3.2/psoc creator/import/gnu/arm/4.8.4/bin/../lib/gcc/arm-none-eabi/4.8.4/../../../../arm-none-eabi/lib/armv7-m\libg_s.a(lib_a-sprintf.o)
                0x00004780                siprintf
                0x00004780                sprintf
 .text.__ssputs_r
                0x000047c8       0xb8 c:/program files/cypress/psoc creator/3.2/psoc creator/import/gnu/arm/4.8.4/bin/../lib/gcc/arm-none-eabi/4.8.4/../../../../arm-none-eabi/lib/armv7-m\libg_s.a(lib_a-svfprintf.o)
                0x000047c8                __ssputs_r
 .text._svfprintf_r
                0x00004880      0x1d8 c:/program files/cypress/psoc creator/3.2/psoc creator/import/gnu/arm/4.8.4/bin/../lib/gcc/arm-none-eabi/4.8.4/../../../../arm-none-eabi/lib/armv7-m\libg_s.a(lib_a-svfprintf.o)
                0x00004880                _svfiprintf_r
                0x00004880                _svfprintf_r
 .text._printf_common
                0x00004a58       0xe4 c:/program files/cypress/psoc creator/3.2/psoc creator/import/gnu/arm/4.8.4/bin/../lib/gcc/arm-none-eabi/4.8.4/../../../../arm-none-eabi/lib/armv7-m\libg_s.a(lib_a-vfprintf_i.o)
                0x00004a58                _printf_common
 .text._printf_i
                0x00004b3c      0x228 c:/program files/cypress/psoc creator/3.2/psoc creator/import/gnu/arm/4.8.4/bin/../lib/gcc/arm-none-eabi/4.8.4/../../../../arm-none-eabi/lib/armv7-m\libg_s.a(lib_a-vfprintf_i.o)
                0x00004b3c                _printf_i
 .text.memchr   0x00004d64       0x1c c:/program files/cypress/psoc creator/3.2/psoc creator/import/gnu/arm/4.8.4/bin/../lib/gcc/arm-none-eabi/4.8.4/../../../../arm-none-eabi/lib/armv7-m\libg_s.a(lib_a-memchr-stub.o)
                0x00004d64                memchr
 .text.memmove  0x00004d80       0x36 c:/program files/cypress/psoc creator/3.2/psoc creator/import/gnu/arm/4.8.4/bin/../lib/gcc/arm-none-eabi/4.8.4/../../../../arm-none-eabi/lib/armv7-m\libg_s.a(lib_a-memmove.o)
                0x00004d80                memmove
 *fill*         0x00004db6        0x2 
 .text._free_r  0x00004db8       0x88 c:/program files/cypress/psoc creator/3.2/psoc creator/import/gnu/arm/4.8.4/bin/../lib/gcc/arm-none-eabi/4.8.4/../../../../arm-none-eabi/lib/armv7-m\libg_s.a(lib_a-nano-freer.o)
                0x00004db8                _free_r
 .text._malloc_r
                0x00004e40       0xa8 c:/program files/cypress/psoc creator/3.2/psoc creator/import/gnu/arm/4.8.4/bin/../lib/gcc/arm-none-eabi/4.8.4/../../../../arm-none-eabi/lib/armv7-m\libg_s.a(lib_a-nano-mallocr.o)
                0x00004e40                _malloc_r
 .text._realloc_r
                0x00004ee8       0x4c c:/program files/cypress/psoc creator/3.2/psoc creator/import/gnu/arm/4.8.4/bin/../lib/gcc/arm-none-eabi/4.8.4/../../../../arm-none-eabi/lib/armv7-m\libg_s.a(lib_a-nano-reallocr.o)
                0x00004ee8                _realloc_r
 .text._sbrk_r  0x00004f34       0x20 c:/program files/cypress/psoc creator/3.2/psoc creator/import/gnu/arm/4.8.4/bin/../lib/gcc/arm-none-eabi/4.8.4/../../../../arm-none-eabi/lib/armv7-m\libg_s.a(lib_a-sbrkr.o)
                0x00004f34                _sbrk_r
 .text.strlen   0x00004f54       0x10 c:/program files/cypress/psoc creator/3.2/psoc creator/import/gnu/arm/4.8.4/bin/../lib/gcc/arm-none-eabi/4.8.4/../../../../arm-none-eabi/lib/armv7-m\libg_s.a(lib_a-strlen.o)
                0x00004f54                strlen
 .text._malloc_usable_size_r
                0x00004f64       0x12 c:/program files/cypress/psoc creator/3.2/psoc creator/import/gnu/arm/4.8.4/bin/../lib/gcc/arm-none-eabi/4.8.4/../../../../arm-none-eabi/lib/armv7-m\libg_s.a(lib_a-nano-msizer.o)
                0x00004f64                _malloc_usable_size_r
 *(.plt)
 *(.gnu.warning)
 *(.glue_7t)
 .glue_7t       0x00000000        0x0 linker stubs
 *(.glue_7)
 .glue_7        0x00000000        0x0 linker stubs
 *(.vfp11_veneer)
 .vfp11_veneer  0x00000000        0x0 linker stubs
 *(.bootloader)
 *(.ARM.extab* .gnu.linkonce.armextab.*)
 *(.gcc_except_table)

.v4_bx          0x00004f78        0x0
 .v4_bx         0x00000000        0x0 linker stubs

.iplt           0x00004f78        0x0
 .iplt          0x00000000        0x0 c:/program files/cypress/psoc creator/3.2/psoc creator/import/gnu/arm/4.8.4/bin/../lib/gcc/arm-none-eabi/4.8.4/armv7-m/crtbegin.o

.eh_frame_hdr
 *(.eh_frame_hdr)

.eh_frame       0x00004f78        0x4
 *(.eh_frame)
 .eh_frame      0x00004f78        0x0 c:/program files/cypress/psoc creator/3.2/psoc creator/import/gnu/arm/4.8.4/bin/../lib/gcc/arm-none-eabi/4.8.4/armv7-m/crtbegin.o
 .eh_frame      0x00004f78        0x4 c:/program files/cypress/psoc creator/3.2/psoc creator/import/gnu/arm/4.8.4/bin/../lib/gcc/arm-none-eabi/4.8.4/armv7-m/crtend.o
                0x00004f7c                PROVIDE (__exidx_start, .)

.ARM.exidx
 *(.ARM.exidx* .gnu.linkonce.armexidx.*)
                0x00004f7c                __exidx_end = .

.rodata         0x00004f7c     0x1474
 *(.rodata .rodata.* .gnu.linkonce.r.*)
 .rodata.str1.4
                0x00004f7c       0x77 .\CortexM3\ARM_GCC_484\Debug\states.o
                                 0x78 (size before relaxing)
 *fill*         0x00004ff3        0x1 
 .rodata.str1.4
                0x00004ff4       0x50 .\CortexM3\ARM_GCC_484\Debug\display.o
                                 0x74 (size before relaxing)
 .rodata.str1.4
                0x00005044       0x24 .\CortexM3\ARM_GCC_484\Debug\system.o
 .rodata.str1.4
                0x00005068       0x13 .\CortexM3\ARM_GCC_484\Debug\heartrate.o
                                 0x14 (size before relaxing)
 *fill*         0x0000507b        0x1 
 .rodata.str1.4
                0x0000507c       0x18 .\CortexM3\ARM_GCC_484\Debug\terminal.o
 .rodata        0x00005094       0x60 .\CortexM3\ARM_GCC_484\Debug\Design01.a(cyfitter_cfg.o)
                0x00005094                CapSense_AMuxCH0__addrTable
                0x000050bc                CapSense_AMuxCH0__maskTable
 .rodata        0x000050f4       0x40 .\CortexM3\ARM_GCC_484\Debug\Design01.a(LCD_BarGraph.o)
                0x000050f4                LCD_customFonts
 .rodata        0x00005134       0x54 .\CortexM3\ARM_GCC_484\Debug\Design01.a(CapSense.o)
                0x00005134                CapSense_portTable
                0x0000513c                CapSense_maskTable
                0x00005144                CapSense_pcTable
                0x00005160                CapSense_csTable
                0x00005180                CapSense_widgetNumber
 .rodata        0x00005188       0x10 .\CortexM3\ARM_GCC_484\Debug\Design01.a(CapSense_CSHL.o)
                0x00005188                CapSense_rawDataIndex
                0x0000518c                CapSense_numberOfSensors
                0x00005190                CapSense_posFiltersMask
                0x00005194                CapSense_centroidMult
 .rodata        0x00005198       0x28 .\CortexM3\ARM_GCC_484\Debug\Design01.a(CapSense_SMS_Wrapper.o)
                0x00005198                SMS_LIB_PrescalerTbl
                0x000051b8                SMS_LIB_SensorSensitivity
 .rodata        0x000051c0       0x18 .\CortexM3\ARM_GCC_484\Debug\Design01.a(PGA_1.o)
 .rodata        0x000051d8     0x1004 .\CortexM3\ARM_GCC_484\Debug\Design01.a(WaveDAC8_1.o)
                0x000051d8                WaveDAC8_1_wave1
                0x00006178                WaveDAC8_1_wave2
 .rodata        0x000061dc       0x14 .\CortexM3\ARM_GCC_484\Debug\Design01.a(USBUART_std.o)
 .rodata        0x000061f0      0x194 .\CortexM3\ARM_GCC_484\Debug\Design01.a(USBUART_descr.o)
                0x000061f0                USBUART_MSOS_CONFIGURATION_DESCR
                0x00006218                USBUART_MSOS_DESCRIPTOR
                0x0000622c                USBUART_TABLE
                0x00006234                USBUART_DEVICE0_TABLE
                0x00006244                USBUART_DEVICE0_CONFIGURATION0_TABLE
                0x0000626c                USBUART_DEVICE0_CONFIGURATION0_INTERFACE_CLASS
                0x00006270                USBUART_DEVICE0_CONFIGURATION0_EP_SETTINGS_TABLE
                0x00006288                USBUART_SN_STRING_DESCRIPTOR
                0x0000628c                USBUART_STRING_DESCRIPTORS
                0x0000632c                USBUART_DEVICE0_CONFIGURATION0_DESCR
                0x00006370                USBUART_DEVICE0_DESCR
 .rodata.str1.1
                0x00006384        0x2 c:/program files/cypress/psoc creator/3.2/psoc creator/import/gnu/arm/4.8.4/bin/../lib/gcc/arm-none-eabi/4.8.4/../../../../arm-none-eabi/lib/armv7-m\libg_s.a(lib_a-impure.o)
 .rodata.str1.1
                0x00006386       0x11 c:/program files/cypress/psoc creator/3.2/psoc creator/import/gnu/arm/4.8.4/bin/../lib/gcc/arm-none-eabi/4.8.4/../../../../arm-none-eabi/lib/armv7-m\libg_s.a(lib_a-svfprintf.o)
 .rodata.str1.1
                0x00006397       0x22 c:/program files/cypress/psoc creator/3.2/psoc creator/import/gnu/arm/4.8.4/bin/../lib/gcc/arm-none-eabi/4.8.4/../../../../arm-none-eabi/lib/armv7-m\libg_s.a(lib_a-vfprintf_i.o)
                0x000063bc                . = ALIGN (0x4)
 *fill*         0x000063b9        0x3 
 *(.init)
 .init          0x000063bc        0x4 c:/program files/cypress/psoc creator/3.2/psoc creator/import/gnu/arm/4.8.4/bin/../lib/gcc/arm-none-eabi/4.8.4/armv7-m/crti.o
                0x000063bc                _init
 .init          0x000063c0        0x8 c:/program files/cypress/psoc creator/3.2/psoc creator/import/gnu/arm/4.8.4/bin/../lib/gcc/arm-none-eabi/4.8.4/armv7-m/crtn.o
                0x000063c8                . = ALIGN (0x4)
                0x000063c8                __preinit_array_start = .
 *(.preinit_array)
                0x000063c8                __preinit_array_end = .
                0x000063c8                . = ALIGN (0x4)
                0x000063c8                __init_array_start = .
 *(SORT(.init_array.*))
 *(.init_array)
 .init_array    0x000063c8        0x4 c:/program files/cypress/psoc creator/3.2/psoc creator/import/gnu/arm/4.8.4/bin/../lib/gcc/arm-none-eabi/4.8.4/armv7-m/crtbegin.o
 .init_array    0x000063cc        0x4 .\CortexM3\ARM_GCC_484\Debug\Cm3Start.o
                0x000063d0                __init_array_end = .
                0x000063d0                . = ALIGN (0x4)
 *(.fini)
 .fini          0x000063d0        0x4 c:/program files/cypress/psoc creator/3.2/psoc creator/import/gnu/arm/4.8.4/bin/../lib/gcc/arm-none-eabi/4.8.4/armv7-m/crti.o
                0x000063d0                _fini
 .fini          0x000063d4        0x8 c:/program files/cypress/psoc creator/3.2/psoc creator/import/gnu/arm/4.8.4/bin/../lib/gcc/arm-none-eabi/4.8.4/armv7-m/crtn.o
                0x000063dc                . = ALIGN (0x4)
                0x000063dc                __fini_array_start = .
 *(.fini_array)
 .fini_array    0x000063dc        0x4 c:/program files/cypress/psoc creator/3.2/psoc creator/import/gnu/arm/4.8.4/bin/../lib/gcc/arm-none-eabi/4.8.4/armv7-m/crtbegin.o
 *(SORT(.fini_array.*))
                0x000063e0                __fini_array_end = .
                0x000063e0                . = ALIGN (0x4)
 *crtbegin.o(.ctors)
 *(EXCLUDE_FILE(*crtend.o) .ctors)
 *(SORT(.ctors.*))
 *crtend.o(.ctors)
                0x000063e0                . = ALIGN (0x4)
 *crtbegin.o(.dtors)
 *(EXCLUDE_FILE(*crtend.o) .dtors)
 *(SORT(.dtors.*))
 *crtend.o(.dtors)
                0x000063e0                . = ALIGN (0x4)
                0x000063e0                __cy_regions = .
                0x000063e0        0x4 LONG 0x63f0 __cy_region_init_ram
                0x000063e4        0x4 LONG 0x1fff8108 __cy_region_start_data
                0x000063e8        0x4 LONG 0xf8 __cy_region_init_size_ram
                0x000063ec        0x4 LONG 0x200 __cy_region_zero_size_ram
                0x000063f0                __cy_regions_end = .
                0x000063f0                . = ALIGN (0x8)
                0x000063f0                _etext = .

.ramvectors     0x1fff8000      0x100
                0x1fff8000                __cy_region_start_ram = .
 *(.ramvectors)
 .ramvectors    0x1fff8000      0x100 .\CortexM3\ARM_GCC_484\Debug\Cm3Start.o
                0x1fff8000                CyRamVectors

.noinit         0x1fff8100        0x5
 *(.noinit)
 .noinit        0x1fff8100        0x4 .\CortexM3\ARM_GCC_484\Debug\Cm3Start.o
 .noinit        0x1fff8104        0x1 .\CortexM3\ARM_GCC_484\Debug\Design01.a(CyLib.o)
                0x1fff8104                CyResetStatus

.data           0x1fff8108       0xf8 load address 0x000063f0
                0x1fff8108                __cy_region_start_data = .
 *(.jcr)
 .jcr           0x1fff8108        0x0 c:/program files/cypress/psoc creator/3.2/psoc creator/import/gnu/arm/4.8.4/bin/../lib/gcc/arm-none-eabi/4.8.4/armv7-m/crtbegin.o
 .jcr           0x1fff8108        0x4 c:/program files/cypress/psoc creator/3.2/psoc creator/import/gnu/arm/4.8.4/bin/../lib/gcc/arm-none-eabi/4.8.4/armv7-m/crtend.o
 *(.got.plt)
 *(.got)
 *(.shdata)
 *(.data .data.* .gnu.linkonce.d.*)
 .data          0x1fff810c        0xc .\CortexM3\ARM_GCC_484\Debug\states.o
                0x1fff810c                MOTOR_WALKING_SPEED
                0x1fff8110                MOTOR_RUNNING_SPEED
                0x1fff8114                MOTOR_FAST_WALKING_SPEED
 .data          0x1fff8118        0x4 .\CortexM3\ARM_GCC_484\Debug\display.o
                0x1fff8118                loading_bar_speed_ms
 .data          0x1fff811c        0x4 .\CortexM3\ARM_GCC_484\Debug\Cm3Start.o
 .data          0x1fff8120        0x8 .\CortexM3\ARM_GCC_484\Debug\Design01.a(CyDmac.o)
 .data          0x1fff8128       0x10 .\CortexM3\ARM_GCC_484\Debug\Design01.a(CyLib.o)
                0x1fff8128                cydelay_32k_ms
                0x1fff812c                cydelay_freq_khz
                0x1fff8130                cydelay_freq_mhz
                0x1fff8134                cydelay_freq_hz
 .data          0x1fff8138       0x10 .\CortexM3\ARM_GCC_484\Debug\Design01.a(CapSense.o)
                0x1fff8138                CapSense_sensorEnableMask
                0x1fff813c                CapSense_idacSettings
                0x1fff8144                CapSense_widgetResolution
                0x1fff8147                CapSense_lowLevelTuningDone
 .data          0x1fff8148       0x14 .\CortexM3\ARM_GCC_484\Debug\Design01.a(CapSense_CSHL.o)
                0x1fff8148                CapSense_debounce
                0x1fff814c                CapSense_noiseThreshold
                0x1fff8150                CapSense_fingerThreshold
                0x1fff8154                CapSense_hysteresis
                0x1fff8158                CapSense_posFiltersData
 .data          0x1fff815c       0x34 .\CortexM3\ARM_GCC_484\Debug\Design01.a(CapSense_SMS_Wrapper.o)
                0x1fff815c                SMS_LIB_EndOfWidgInd
                0x1fff815d                SMS_LIB_TotalScanSlCnt
                0x1fff815e                SMS_LIB_TotalSnsCnt
                0x1fff8160                SMS_LIB_Var2
                0x1fff8162                SMS_LIB_Var1
                0x1fff8164                SMS_LIB_SensorBaseline
                0x1fff8168                SMS_LIB_SensorRaw
                0x1fff816c                SMS_LIB_prescaler
                0x1fff8170                SMS_LIB_idacSettings
                0x1fff8174                SMS_LIB_fingerThreshold
                0x1fff8178                SMS_LIB_rawDataIndex
                0x1fff817c                SMS_LIB_numberOfSensors
                0x1fff8180                SMS_LIB_widgetNumber
                0x1fff8184                SMS_LIB_widgetResolution
                0x1fff8188                SMS_LIB_hysteresis
                0x1fff818c                SMS_LIB_noiseThreshold
 .data          0x1fff8190        0x8 .\CortexM3\ARM_GCC_484\Debug\Design01.a(USBUART_cdc.o)
                0x1fff8190                USBUART_lineCoding
 .data          0x1fff8198        0x1 .\CortexM3\ARM_GCC_484\Debug\Design01.a(WaveDAC8_1_Wave1_DMA_dma.o)
                0x1fff8198                WaveDAC8_1_Wave1_DMA_DmaHandle
 .data          0x1fff8199        0x1 .\CortexM3\ARM_GCC_484\Debug\Design01.a(WaveDAC8_1_Wave2_DMA_dma.o)
                0x1fff8199                WaveDAC8_1_Wave2_DMA_DmaHandle
 *fill*         0x1fff819a        0x2 
 .data.impure_data
                0x1fff819c       0x60 c:/program files/cypress/psoc creator/3.2/psoc creator/import/gnu/arm/4.8.4/bin/../lib/gcc/arm-none-eabi/4.8.4/../../../../arm-none-eabi/lib/armv7-m\libg_s.a(lib_a-impure.o)
 .data._impure_ptr
                0x1fff81fc        0x4 c:/program files/cypress/psoc creator/3.2/psoc creator/import/gnu/arm/4.8.4/bin/../lib/gcc/arm-none-eabi/4.8.4/../../../../arm-none-eabi/lib/armv7-m\libg_s.a(lib_a-impure.o)
                0x1fff81fc                _impure_ptr
                0x1fff8200                . = ALIGN (0x8)
 *(.ram)
                0x1fff8200                _edata = .

.igot.plt       0x1fff8200        0x0 load address 0x000064e8
 .igot.plt      0x00000000        0x0 c:/program files/cypress/psoc creator/3.2/psoc creator/import/gnu/arm/4.8.4/bin/../lib/gcc/arm-none-eabi/4.8.4/armv7-m/crtbegin.o

.bss            0x1fff8200      0x200 load address 0x000064e8
                0x1fff8200                PROVIDE (__bss_start__, .)
 *(.shbss)
 *(.bss .bss.* .gnu.linkonce.b.*)
 .bss           0x1fff8200       0x1c c:/program files/cypress/psoc creator/3.2/psoc creator/import/gnu/arm/4.8.4/bin/../lib/gcc/arm-none-eabi/4.8.4/armv7-m/crtbegin.o
 .bss           0x1fff821c       0x2c .\CortexM3\ARM_GCC_484\Debug\states.o
                0x1fff821c                selectedProfile
                0x1fff8220                movingAverage
 .bss           0x1fff8248        0x2 .\CortexM3\ARM_GCC_484\Debug\Design01.a(LCD.o)
                0x1fff8248                LCD_enableState
                0x1fff8249                LCD_initVar
 .bss           0x1fff824a        0x1 .\CortexM3\ARM_GCC_484\Debug\Design01.a(CapSense.o)
 *fill*         0x1fff824b        0x1 
 .bss           0x1fff824c        0x8 .\CortexM3\ARM_GCC_484\Debug\Design01.a(CapSense_CSHL.o)
                0x1fff824c                CapSense_debounceCounter
 .bss           0x1fff8254        0x1 .\CortexM3\ARM_GCC_484\Debug\Design01.a(PGA_1.o)
                0x1fff8254                PGA_1_initVar
 .bss           0x1fff8255        0x1 .\CortexM3\ARM_GCC_484\Debug\Design01.a(Comp.o)
                0x1fff8255                Comp_initVar
 .bss           0x1fff8256        0x5 .\CortexM3\ARM_GCC_484\Debug\Design01.a(WaveDAC8_1.o)
                0x1fff825a                WaveDAC8_1_initVar
 *fill*         0x1fff825b        0x1 
 .bss           0x1fff825c        0x8 .\CortexM3\ARM_GCC_484\Debug\Design01.a(Compint.o)
                0x1fff825c                endCounts
                0x1fff8260                startCounts
 .bss           0x1fff8264        0x1 .\CortexM3\ARM_GCC_484\Debug\Design01.a(HeartbeatCounter.o)
                0x1fff8264                HeartbeatCounter_initVar
 .bss           0x1fff8265        0x1 .\CortexM3\ARM_GCC_484\Debug\Design01.a(USBUART.o)
                0x1fff8265                USBUART_initVar
 *fill*         0x1fff8266        0x2 
 .bss           0x1fff8268        0x4 .\CortexM3\ARM_GCC_484\Debug\Design01.a(USBUART_std.o)
 .bss           0x1fff826c        0x1 .\CortexM3\ARM_GCC_484\Debug\Design01.a(PWM.o)
                0x1fff826c                PWM_initVar
 .bss           0x1fff826d        0x1 .\CortexM3\ARM_GCC_484\Debug\Design01.a(WDT_Timer.o)
                0x1fff826d                WDT_Timer_initVar
 *fill*         0x1fff826e        0x2 
 .bss.__malloc_sbrk_start
                0x1fff8270        0x4 c:/program files/cypress/psoc creator/3.2/psoc creator/import/gnu/arm/4.8.4/bin/../lib/gcc/arm-none-eabi/4.8.4/../../../../arm-none-eabi/lib/armv7-m\libg_s.a(lib_a-nano-mallocr.o)
                0x1fff8270                __malloc_sbrk_start
 .bss.__malloc_free_list
                0x1fff8274        0x4 c:/program files/cypress/psoc creator/3.2/psoc creator/import/gnu/arm/4.8.4/bin/../lib/gcc/arm-none-eabi/4.8.4/../../../../arm-none-eabi/lib/armv7-m\libg_s.a(lib_a-nano-mallocr.o)
                0x1fff8274                __malloc_free_list
 *(COMMON)
 COMMON         0x1fff8278       0x2c .\CortexM3\ARM_GCC_484\Debug\states.o
                0x1fff8278                average
                0x1fff827c                currentState
                0x1fff8280                PROFILE
                0x1fff8284                timer_value
                0x1fff8288                increasingHr
                0x1fff828c                heartbeatCounter
                0x1fff8290                Prev_state
                0x1fff8294                speed
                0x1fff8298                RESET_CAUSE
                0x1fff829c                timer_status
                0x1fff82a0                heartrate
 COMMON         0x1fff82a4       0x19 .\CortexM3\ARM_GCC_484\Debug\Design01.a(CapSense.o)
                0x1fff82a4                CapSense_sensorRaw
                0x1fff82b4                CapSense_analogSwitchDivider
                0x1fff82bb                CapSense_sensorIndex
                0x1fff82bc                CapSense_csv
 *fill*         0x1fff82bd        0x3 
 COMMON         0x1fff82c0       0x29 .\CortexM3\ARM_GCC_484\Debug\Design01.a(CapSense_CSHL.o)
                0x1fff82c0                CapSense_lowBaselineResetCnt
                0x1fff82c8                CapSense_sensorBaselineLow
                0x1fff82d0                CapSense_sensorSignal
                0x1fff82d8                CapSense_sensorBaseline
                0x1fff82e8                CapSense_sensorOnMask
 *fill*         0x1fff82e9        0x3 
 COMMON         0x1fff82ec       0x47 .\CortexM3\ARM_GCC_484\Debug\Design01.a(CapSense_SMS_Wrapper.o)
                0x1fff82ec                SMS_LIB_Table4
                0x1fff82fc                SMS_LIB_Table7
                0x1fff8304                SMS_LIB_Table8
                0x1fff8308                SMS_LIB_Table2
                0x1fff8310                SMS_LIB_Table5
                0x1fff8320                SMS_LIB_Table9
                0x1fff8324                SMS_LIB_Table6
                0x1fff832c                SMS_LIB_Table3
 *fill*         0x1fff8333        0x1 
 COMMON         0x1fff8334        0x5 .\CortexM3\ARM_GCC_484\Debug\Design01.a(USBUART_cdc.o)
                0x1fff8334                USBUART_cdc_data_out_ep
                0x1fff8335                USBUART_cdc_data_in_ep
                0x1fff8336                USBUART_lineControlBitmap
                0x1fff8338                USBUART_lineChanged
 *fill*         0x1fff8339        0x3 
 COMMON         0x1fff833c       0x96 .\CortexM3\ARM_GCC_484\Debug\Design01.a(USBUART_drv.o)
                0x1fff833c                USBUART_lastPacketSize
                0x1fff833d                USBUART_device
                0x1fff833e                USBUART_transferByteCount
                0x1fff8340                USBUART_interfaceSetting_last
                0x1fff8342                USBUART_transferState
                0x1fff8344                USBUART_currentTD
                0x1fff8350                USBUART_interfaceNumber
                0x1fff8354                USBUART_interfaceClass
                0x1fff8358                USBUART_configurationChanged
                0x1fff8359                USBUART_ep0Mode
                0x1fff835a                USBUART_deviceAddress
                0x1fff835b                USBUART_configuration
                0x1fff835c                USBUART_ep0Count
                0x1fff835d                USBUART_deviceStatus
                0x1fff8360                USBUART_EP
                0x1fff83cc                USBUART_interfaceSetting
                0x1fff83ce                USBUART_ep0Toggle
                0x1fff83d0                USBUART_interfaceStatus
 *fill*         0x1fff83d2        0x2 
 COMMON         0x1fff83d4       0x22 .\CortexM3\ARM_GCC_484\Debug\Design01.a(USBUART_descr.o)
                0x1fff83d4                USBUART_idSerialNumberStringDescriptor
 *fill*         0x1fff83f6        0x2 
 COMMON         0x1fff83f8        0x4 c:/program files/cypress/psoc creator/3.2/psoc creator/import/gnu/arm/4.8.4/bin/../lib/gcc/arm-none-eabi/4.8.4/../../../../arm-none-eabi/lib/armv7-m\libg_s.a(lib_a-reent.o)
                0x1fff83f8                errno
                0x1fff8400                . = ALIGN (0x8)
 *fill*         0x1fff83fc        0x4 
 *(.ram.b)
                0x1fff8400                _end = .
                0x1fff8400                __end = .
                0x1fff8400                PROVIDE (end, .)
                0x1fff8400                PROVIDE (__bss_end__, .)
                0x000063f0                __cy_region_init_ram = LOADADDR (.data)
                0x000000f8                __cy_region_init_size_ram = (_edata - ADDR (.data))
                0x00000200                __cy_region_zero_size_ram = (_end - _edata)

.heap           0x1fff8400       0x80 load address 0x000064e8
                0x1fff8400                . = _end
                0x1fff8480                . = (. + 0x80)
 *fill*         0x1fff8400       0x80 
                0x1fff8480                __cy_heap_limit = .

.stack          0x20007800      0x800
                0x20007800                __cy_stack_limit = .
                0x20008000                . = (. + 0x800)
 *fill*         0x20007800      0x800 
                0x00000001                ASSERT ((__cy_stack_limit >= __cy_heap_limit), region RAM overflowed with stack)

.cyloadermeta
 *(.cyloadermeta)

.cyloadablemeta
 *(.cyloadablemeta)

.cyconfigecc    0x80000000      0x9a8
 *(.cyconfigecc)
 .cyconfigecc   0x80000000      0x9a8 .\CortexM3\ARM_GCC_484\Debug\cymetadata.o
                0x80000000                cy_meta_configecc

.cycustnvl      0x90000000        0x4
 *(.cycustnvl)
 .cycustnvl     0x90000000        0x4 .\CortexM3\ARM_GCC_484\Debug\cymetadata.o
                0x90000000                cy_meta_custnvl

.cywolatch      0x90100000        0x4
 *(.cywolatch)
 .cywolatch     0x90100000        0x4 .\CortexM3\ARM_GCC_484\Debug\cymetadata.o
                0x90100000                cy_meta_wonvl

.cyeeprom       0x90200000        0x0
 *(.cyeeprom)
                0x00000001                ASSERT ((. <= ((0x90200000 + ee_offset) + ee_size)), .cyeeprom data will not fit in EEPROM)

.cyflashprotect
                0x90400000      0x100
 *(.cyflashprotect)
 .cyflashprotect
                0x90400000      0x100 .\CortexM3\ARM_GCC_484\Debug\cymetadata.o
                0x90400000                cy_meta_flashprotect

.cymeta         0x90500000        0xc
 *(.cymeta)
 .cymeta        0x90500000        0xc .\CortexM3\ARM_GCC_484\Debug\cymetadata.o
                0x90500000                cy_metadata

.rel.dyn        0x000064e8        0x0 load address 0x9050000c
 .rel.iplt      0x00000000        0x0 c:/program files/cypress/psoc creator/3.2/psoc creator/import/gnu/arm/4.8.4/bin/../lib/gcc/arm-none-eabi/4.8.4/armv7-m/crtbegin.o

.stab
 *(.stab)

.stabstr
 *(.stabstr)

.debug
 *(.debug)

.line
 *(.line)

.debug_srcinfo
 *(.debug_srcinfo)

.debug_sfnames
 *(.debug_sfnames)

.debug_aranges  0x00000000     0x1590
 *(.debug_aranges)
 .debug_aranges
                0x00000000       0x50 .\CortexM3\ARM_GCC_484\Debug\states.o
 .debug_aranges
                0x00000050       0x38 .\CortexM3\ARM_GCC_484\Debug\motor.o
 .debug_aranges
                0x00000088       0x38 .\CortexM3\ARM_GCC_484\Debug\speaker.o
 .debug_aranges
                0x000000c0       0x38 .\CortexM3\ARM_GCC_484\Debug\display.o
 .debug_aranges
                0x000000f8       0x28 .\CortexM3\ARM_GCC_484\Debug\system.o
 .debug_aranges
                0x00000120       0x20 .\CortexM3\ARM_GCC_484\Debug\heartrate.o
 .debug_aranges
                0x00000140       0x20 .\CortexM3\ARM_GCC_484\Debug\main.o
 .debug_aranges
                0x00000160       0x28 .\CortexM3\ARM_GCC_484\Debug\terminal.o
 .debug_aranges
                0x00000188       0x18 .\CortexM3\ARM_GCC_484\Debug\cymetadata.o
 .debug_aranges
                0x000001a0       0x48 .\CortexM3\ARM_GCC_484\Debug\Cm3Start.o
 .debug_aranges
                0x000001e8       0x68 .\CortexM3\ARM_GCC_484\Debug\Design01.a(cyfitter_cfg.o)
 .debug_aranges
                0x00000250       0x20 .\CortexM3\ARM_GCC_484\Debug\Design01.a(CyBootAsmGnu.o)
 .debug_aranges
                0x00000270       0xd8 .\CortexM3\ARM_GCC_484\Debug\Design01.a(CyDmac.o)
 .debug_aranges
                0x00000348      0x298 .\CortexM3\ARM_GCC_484\Debug\Design01.a(CyLib.o)
 .debug_aranges
                0x000005e0       0x98 .\CortexM3\ARM_GCC_484\Debug\Design01.a(cyPm.o)
 .debug_aranges
                0x00000678       0x98 .\CortexM3\ARM_GCC_484\Debug\Design01.a(LCD.o)
 .debug_aranges
                0x00000710       0x28 .\CortexM3\ARM_GCC_484\Debug\Design01.a(LCD_BarGraph.o)
 .debug_aranges
                0x00000738       0x38 .\CortexM3\ARM_GCC_484\Debug\Design01.a(Speaker_Output.o)
 .debug_aranges
                0x00000770       0xb0 .\CortexM3\ARM_GCC_484\Debug\Design01.a(CapSense.o)
 .debug_aranges
                0x00000820       0x90 .\CortexM3\ARM_GCC_484\Debug\Design01.a(CapSense_CSHL.o)
 .debug_aranges
                0x000008b0       0x20 .\CortexM3\ARM_GCC_484\Debug\Design01.a(CapSense_INT.o)
 .debug_aranges
                0x000008d0       0x50 .\CortexM3\ARM_GCC_484\Debug\Design01.a(CapSense_SMS_Wrapper.o)
 .debug_aranges
                0x00000920       0x70 .\CortexM3\ARM_GCC_484\Debug\Design01.a(CapSense_CompCH0.o)
 .debug_aranges
                0x00000990       0x60 .\CortexM3\ARM_GCC_484\Debug\Design01.a(CapSense_IdacCH0.o)
 .debug_aranges
                0x000009f0       0x48 .\CortexM3\ARM_GCC_484\Debug\Design01.a(CapSense_AMuxCH0.o)
 .debug_aranges
                0x00000a38       0x70 .\CortexM3\ARM_GCC_484\Debug\Design01.a(CapSense_IntClock.o)
 .debug_aranges
                0x00000aa8       0x48 .\CortexM3\ARM_GCC_484\Debug\Design01.a(PGA_1.o)
 .debug_aranges
                0x00000af0       0x70 .\CortexM3\ARM_GCC_484\Debug\Design01.a(Comp.o)
 .debug_aranges
                0x00000b60       0x50 .\CortexM3\ARM_GCC_484\Debug\Design01.a(WaveDAC8_1.o)
 .debug_aranges
                0x00000bb0       0x80 .\CortexM3\ARM_GCC_484\Debug\Design01.a(Compint.o)
 .debug_aranges
                0x00000c30       0x98 .\CortexM3\ARM_GCC_484\Debug\Design01.a(HeartbeatCounter.o)
 .debug_aranges
                0x00000cc8       0xb0 .\CortexM3\ARM_GCC_484\Debug\Design01.a(USBUART.o)
 .debug_aranges
                0x00000d78       0xb0 .\CortexM3\ARM_GCC_484\Debug\Design01.a(USBUART_cdc.o)
 .debug_aranges
                0x00000e28       0x98 .\CortexM3\ARM_GCC_484\Debug\Design01.a(USBUART_drv.o)
 .debug_aranges
                0x00000ec0       0x40 .\CortexM3\ARM_GCC_484\Debug\Design01.a(USBUART_episr.o)
 .debug_aranges
                0x00000f00       0x78 .\CortexM3\ARM_GCC_484\Debug\Design01.a(USBUART_std.o)
 .debug_aranges
                0x00000f78       0x20 .\CortexM3\ARM_GCC_484\Debug\Design01.a(USBUART_vnd.o)
 .debug_aranges
                0x00000f98       0x70 .\CortexM3\ARM_GCC_484\Debug\Design01.a(timer_clock_1.o)
 .debug_aranges
                0x00001008       0x80 .\CortexM3\ARM_GCC_484\Debug\Design01.a(PWM.o)
 .debug_aranges
                0x00001088       0x80 .\CortexM3\ARM_GCC_484\Debug\Design01.a(STOP.o)
 .debug_aranges
                0x00001108       0x80 .\CortexM3\ARM_GCC_484\Debug\Design01.a(WDT.o)
 .debug_aranges
                0x00001188       0x98 .\CortexM3\ARM_GCC_484\Debug\Design01.a(WDT_Timer.o)
 .debug_aranges
                0x00001220       0x38 .\CortexM3\ARM_GCC_484\Debug\Design01.a(MOTOR_HEALTH.o)
 .debug_aranges
                0x00001258       0x38 .\CortexM3\ARM_GCC_484\Debug\Design01.a(UI_HEALTH.o)
 .debug_aranges
                0x00001290       0x38 .\CortexM3\ARM_GCC_484\Debug\Design01.a(HEARTRATE_HEALTH.o)
 .debug_aranges
                0x000012c8       0x80 .\CortexM3\ARM_GCC_484\Debug\Design01.a(CyFlash.o)
 .debug_aranges
                0x00001348       0x78 .\CortexM3\ARM_GCC_484\Debug\Design01.a(CySpc.o)
 .debug_aranges
                0x000013c0       0x20 .\CortexM3\ARM_GCC_484\Debug\Design01.a(cyutils.o)
 .debug_aranges
                0x000013e0       0x70 .\CortexM3\ARM_GCC_484\Debug\Design01.a(WaveDAC8_1_DacClk.o)
 .debug_aranges
                0x00001450       0x28 .\CortexM3\ARM_GCC_484\Debug\Design01.a(WaveDAC8_1_Wave1_DMA_dma.o)
 .debug_aranges
                0x00001478       0x28 .\CortexM3\ARM_GCC_484\Debug\Design01.a(WaveDAC8_1_Wave2_DMA_dma.o)
 .debug_aranges
                0x000014a0       0x58 .\CortexM3\ARM_GCC_484\Debug\Design01.a(WaveDAC8_1_VDAC8.o)
 .debug_aranges
                0x000014f8       0x20 .\CortexM3\ARM_GCC_484\Debug\Design01.a(USBUART_cls.o)
 .debug_aranges
                0x00001518       0x18 .\CortexM3\ARM_GCC_484\Debug\Design01.a(USBUART_descr.o)
 .debug_aranges
                0x00001530       0x60 C:\Program Files\Cypress\PSoC Creator\3.2\PSoC Creator\psoc\content\cycomponentlibrary\CyComponentLibrary.cylib\CapSense_CSD_v3_50\Library\CapSenseLibrary_GCC.a(CapSense_CSD_SmartSense_v3_50.o)

.debug_pubnames
 *(.debug_pubnames)

.debug_info     0x00000000     0xe171
 *(.debug_info .gnu.linkonce.wi.*)
 .debug_info    0x00000000      0x775 .\CortexM3\ARM_GCC_484\Debug\states.o
 .debug_info    0x00000775      0x2de .\CortexM3\ARM_GCC_484\Debug\motor.o
 .debug_info    0x00000a53      0x25e .\CortexM3\ARM_GCC_484\Debug\speaker.o
 .debug_info    0x00000cb1      0x4cb .\CortexM3\ARM_GCC_484\Debug\display.o
 .debug_info    0x0000117c      0x376 .\CortexM3\ARM_GCC_484\Debug\system.o
 .debug_info    0x000014f2      0x252 .\CortexM3\ARM_GCC_484\Debug\heartrate.o
 .debug_info    0x00001744      0x270 .\CortexM3\ARM_GCC_484\Debug\main.o
 .debug_info    0x000019b4      0x2a9 .\CortexM3\ARM_GCC_484\Debug\terminal.o
 .debug_info    0x00001c5d      0x13e .\CortexM3\ARM_GCC_484\Debug\cymetadata.o
 .debug_info    0x00001d9b      0x3af .\CortexM3\ARM_GCC_484\Debug\Cm3Start.o
 .debug_info    0x0000214a      0x63b .\CortexM3\ARM_GCC_484\Debug\Design01.a(cyfitter_cfg.o)
 .debug_info    0x00002785       0x94 .\CortexM3\ARM_GCC_484\Debug\Design01.a(CyBootAsmGnu.o)
 .debug_info    0x00002819      0x93f .\CortexM3\ARM_GCC_484\Debug\Design01.a(CyDmac.o)
 .debug_info    0x00003158     0x1373 .\CortexM3\ARM_GCC_484\Debug\Design01.a(CyLib.o)
 .debug_info    0x000044cb      0xa56 .\CortexM3\ARM_GCC_484\Debug\Design01.a(cyPm.o)
 .debug_info    0x00004f21      0x761 .\CortexM3\ARM_GCC_484\Debug\Design01.a(LCD.o)
 .debug_info    0x00005682      0x232 .\CortexM3\ARM_GCC_484\Debug\Design01.a(LCD_BarGraph.o)
 .debug_info    0x000058b4      0x120 .\CortexM3\ARM_GCC_484\Debug\Design01.a(Speaker_Output.o)
 .debug_info    0x000059d4      0x856 .\CortexM3\ARM_GCC_484\Debug\Design01.a(CapSense.o)
 .debug_info    0x0000622a      0x924 .\CortexM3\ARM_GCC_484\Debug\Design01.a(CapSense_CSHL.o)
 .debug_info    0x00006b4e      0x1dd .\CortexM3\ARM_GCC_484\Debug\Design01.a(CapSense_INT.o)
 .debug_info    0x00006d2b      0x4b4 .\CortexM3\ARM_GCC_484\Debug\Design01.a(CapSense_SMS_Wrapper.o)
 .debug_info    0x000071df      0x2c0 .\CortexM3\ARM_GCC_484\Debug\Design01.a(CapSense_CompCH0.o)
 .debug_info    0x0000749f      0x208 .\CortexM3\ARM_GCC_484\Debug\Design01.a(CapSense_IdacCH0.o)
 .debug_info    0x000076a7      0x1da .\CortexM3\ARM_GCC_484\Debug\Design01.a(CapSense_AMuxCH0.o)
 .debug_info    0x00007881      0x283 .\CortexM3\ARM_GCC_484\Debug\Design01.a(CapSense_IntClock.o)
 .debug_info    0x00007b04      0x1c4 .\CortexM3\ARM_GCC_484\Debug\Design01.a(PGA_1.o)
 .debug_info    0x00007cc8      0x2c0 .\CortexM3\ARM_GCC_484\Debug\Design01.a(Comp.o)
 .debug_info    0x00007f88      0x5a0 .\CortexM3\ARM_GCC_484\Debug\Design01.a(WaveDAC8_1.o)
 .debug_info    0x00008528      0x3ca .\CortexM3\ARM_GCC_484\Debug\Design01.a(Compint.o)
 .debug_info    0x000088f2      0x33e .\CortexM3\ARM_GCC_484\Debug\Design01.a(HeartbeatCounter.o)
 .debug_info    0x00008c30      0x821 .\CortexM3\ARM_GCC_484\Debug\Design01.a(USBUART.o)
 .debug_info    0x00009451      0x70e .\CortexM3\ARM_GCC_484\Debug\Design01.a(USBUART_cdc.o)
 .debug_info    0x00009b5f      0x612 .\CortexM3\ARM_GCC_484\Debug\Design01.a(USBUART_drv.o)
 .debug_info    0x0000a171      0x1bb .\CortexM3\ARM_GCC_484\Debug\Design01.a(USBUART_episr.o)
 .debug_info    0x0000a32c      0x948 .\CortexM3\ARM_GCC_484\Debug\Design01.a(USBUART_std.o)
 .debug_info    0x0000ac74      0x18c .\CortexM3\ARM_GCC_484\Debug\Design01.a(USBUART_vnd.o)
 .debug_info    0x0000ae00      0x283 .\CortexM3\ARM_GCC_484\Debug\Design01.a(timer_clock_1.o)
 .debug_info    0x0000b083      0x28f .\CortexM3\ARM_GCC_484\Debug\Design01.a(PWM.o)
 .debug_info    0x0000b312      0x38d .\CortexM3\ARM_GCC_484\Debug\Design01.a(STOP.o)
 .debug_info    0x0000b69f      0x3e0 .\CortexM3\ARM_GCC_484\Debug\Design01.a(WDT.o)
 .debug_info    0x0000ba7f      0x376 .\CortexM3\ARM_GCC_484\Debug\Design01.a(WDT_Timer.o)
 .debug_info    0x0000bdf5      0x120 .\CortexM3\ARM_GCC_484\Debug\Design01.a(MOTOR_HEALTH.o)
 .debug_info    0x0000bf15      0x120 .\CortexM3\ARM_GCC_484\Debug\Design01.a(UI_HEALTH.o)
 .debug_info    0x0000c035      0x120 .\CortexM3\ARM_GCC_484\Debug\Design01.a(HEARTRATE_HEALTH.o)
 .debug_info    0x0000c155      0x60a .\CortexM3\ARM_GCC_484\Debug\Design01.a(CyFlash.o)
 .debug_info    0x0000c75f      0x4ee .\CortexM3\ARM_GCC_484\Debug\Design01.a(CySpc.o)
 .debug_info    0x0000cc4d       0xec .\CortexM3\ARM_GCC_484\Debug\Design01.a(cyutils.o)
 .debug_info    0x0000cd39      0x283 .\CortexM3\ARM_GCC_484\Debug\Design01.a(WaveDAC8_1_DacClk.o)
 .debug_info    0x0000cfbc      0x1fb .\CortexM3\ARM_GCC_484\Debug\Design01.a(WaveDAC8_1_Wave1_DMA_dma.o)
 .debug_info    0x0000d1b7      0x1fb .\CortexM3\ARM_GCC_484\Debug\Design01.a(WaveDAC8_1_Wave2_DMA_dma.o)
 .debug_info    0x0000d3b2      0x1dd .\CortexM3\ARM_GCC_484\Debug\Design01.a(WaveDAC8_1_VDAC8.o)
 .debug_info    0x0000d58f      0x1b1 .\CortexM3\ARM_GCC_484\Debug\Design01.a(USBUART_cls.o)
 .debug_info    0x0000d740      0x2c9 .\CortexM3\ARM_GCC_484\Debug\Design01.a(USBUART_descr.o)
 .debug_info    0x0000da09      0x768 C:\Program Files\Cypress\PSoC Creator\3.2\PSoC Creator\psoc\content\cycomponentlibrary\CyComponentLibrary.cylib\CapSense_CSD_v3_50\Library\CapSenseLibrary_GCC.a(CapSense_CSD_SmartSense_v3_50.o)

.debug_abbrev   0x00000000     0x466e
 *(.debug_abbrev)
 .debug_abbrev  0x00000000      0x17d .\CortexM3\ARM_GCC_484\Debug\states.o
 .debug_abbrev  0x0000017d      0x130 .\CortexM3\ARM_GCC_484\Debug\motor.o
 .debug_abbrev  0x000002ad      0x120 .\CortexM3\ARM_GCC_484\Debug\speaker.o