Archive member included because of file (symbol)

.\CortexM3\ARM_GCC_484\Debug\Design01.a(cyfitter_cfg.o)
                              .\CortexM3\ARM_GCC_484\Debug\Cm3Start.o (cyfitter_cfg)
.\CortexM3\ARM_GCC_484\Debug\Design01.a(CyBootAsmGnu.o)
                              .\CortexM3\ARM_GCC_484\Debug\Design01.a(cyfitter_cfg.o) (CyDelayCycles)
.\CortexM3\ARM_GCC_484\Debug\Design01.a(CyDmac.o)
                              .\CortexM3\ARM_GCC_484\Debug\Cm3Start.o (CyDmacConfigure)
.\CortexM3\ARM_GCC_484\Debug\Design01.a(CyLib.o)
                              .\CortexM3\ARM_GCC_484\Debug\Cm3Start.o (CyHalt)
.\CortexM3\ARM_GCC_484\Debug\Design01.a(cyPm.o)
                              .\CortexM3\ARM_GCC_484\Debug\Design01.a(CyLib.o) (CyPmReadStatus)
.\CortexM3\ARM_GCC_484\Debug\Design01.a(LCD.o)
                              .\CortexM3\ARM_GCC_484\Debug\states.o (LCD_PrintString)
.\CortexM3\ARM_GCC_484\Debug\Design01.a(LCD_BarGraph.o)
                              .\CortexM3\ARM_GCC_484\Debug\Design01.a(LCD.o) (LCD_LoadCustomFonts)
.\CortexM3\ARM_GCC_484\Debug\Design01.a(Speaker_Output.o)
                              .\CortexM3\ARM_GCC_484\Debug\speaker.o (Speaker_Output_Write)
.\CortexM3\ARM_GCC_484\Debug\Design01.a(CapSense.o)
                              .\CortexM3\ARM_GCC_484\Debug\system.o (CapSense_Enable)
.\CortexM3\ARM_GCC_484\Debug\Design01.a(CapSense_CSHL.o)
                              .\CortexM3\ARM_GCC_484\Debug\system.o (CapSense_InitializeAllBaselines)
.\CortexM3\ARM_GCC_484\Debug\Design01.a(CapSense_INT.o)
                              .\CortexM3\ARM_GCC_484\Debug\Design01.a(CapSense.o) (CapSense_IsrCH0_ISR)
.\CortexM3\ARM_GCC_484\Debug\Design01.a(CapSense_SMS_Wrapper.o)
                              .\CortexM3\ARM_GCC_484\Debug\Design01.a(CapSense_CSHL.o) (CapSense_CalculateThresholds)
.\CortexM3\ARM_GCC_484\Debug\Design01.a(CapSense_CompCH0.o)
                              .\CortexM3\ARM_GCC_484\Debug\Design01.a(CapSense.o) (CapSense_CompCH0_Enable)
.\CortexM3\ARM_GCC_484\Debug\Design01.a(CapSense_IdacCH0.o)
                              .\CortexM3\ARM_GCC_484\Debug\Design01.a(CapSense.o) (CapSense_IdacCH0_Enable)
.\CortexM3\ARM_GCC_484\Debug\Design01.a(CapSense_AMuxCH0.o)
                              .\CortexM3\ARM_GCC_484\Debug\Design01.a(CapSense.o) (CapSense_AMuxCH0_Init)
.\CortexM3\ARM_GCC_484\Debug\Design01.a(CapSense_IntClock.o)
                              .\CortexM3\ARM_GCC_484\Debug\Design01.a(CapSense.o) (CapSense_IntClock_Start)
.\CortexM3\ARM_GCC_484\Debug\Design01.a(PGA_1.o)
                              .\CortexM3\ARM_GCC_484\Debug\system.o (PGA_1_Start)
.\CortexM3\ARM_GCC_484\Debug\Design01.a(Comp.o)
                              .\CortexM3\ARM_GCC_484\Debug\system.o (Comp_Start)
.\CortexM3\ARM_GCC_484\Debug\Design01.a(WaveDAC8_1.o)
                              .\CortexM3\ARM_GCC_484\Debug\system.o (WaveDAC8_1_Start)
.\CortexM3\ARM_GCC_484\Debug\Design01.a(Compint.o)
                              .\CortexM3\ARM_GCC_484\Debug\system.o (Compint_Start)
.\CortexM3\ARM_GCC_484\Debug\Design01.a(HeartbeatCounter.o)
                              .\CortexM3\ARM_GCC_484\Debug\Design01.a(Compint.o) (HeartbeatCounter_ReadCounter)
.\CortexM3\ARM_GCC_484\Debug\Design01.a(USBUART_cdc.o)
                              .\CortexM3\ARM_GCC_484\Debug\terminal.o (USBUART_PutString)
.\CortexM3\ARM_GCC_484\Debug\Design01.a(USBUART_drv.o)
                              .\CortexM3\ARM_GCC_484\Debug\Design01.a(USBUART_cdc.o) (USBUART_currentTD)
.\CortexM3\ARM_GCC_484\Debug\Design01.a(USBUART_std.o)
                              .\CortexM3\ARM_GCC_484\Debug\Design01.a(USBUART_drv.o) (USBUART_HandleStandardRqst)
.\CortexM3\ARM_GCC_484\Debug\Design01.a(USBUART_vnd.o)
                              .\CortexM3\ARM_GCC_484\Debug\Design01.a(USBUART_drv.o) (USBUART_HandleVendorRqst)
.\CortexM3\ARM_GCC_484\Debug\Design01.a(timer_clock_1.o)
                              .\CortexM3\ARM_GCC_484\Debug\system.o (timer_clock_1_Start)
.\CortexM3\ARM_GCC_484\Debug\Design01.a(PWM.o)
                              .\CortexM3\ARM_GCC_484\Debug\motor.o (PWM_WritePeriod)
.\CortexM3\ARM_GCC_484\Debug\Design01.a(STOP.o)
                              .\CortexM3\ARM_GCC_484\Debug\system.o (STOP_Start)
.\CortexM3\ARM_GCC_484\Debug\Design01.a(CyFlash.o)
                              .\CortexM3\ARM_GCC_484\Debug\Design01.a(cyPm.o) (CyFlash_SetWaitCycles)
.\CortexM3\ARM_GCC_484\Debug\Design01.a(CySpc.o)
                              .\CortexM3\ARM_GCC_484\Debug\Design01.a(CyFlash.o) (CySpcStart)
.\CortexM3\ARM_GCC_484\Debug\Design01.a(WaveDAC8_1_DacClk.o)
                              .\CortexM3\ARM_GCC_484\Debug\Design01.a(WaveDAC8_1.o) (WaveDAC8_1_DacClk_Start)
.\CortexM3\ARM_GCC_484\Debug\Design01.a(WaveDAC8_1_Wave1_DMA_dma.o)
                              .\CortexM3\ARM_GCC_484\Debug\Design01.a(WaveDAC8_1.o) (WaveDAC8_1_Wave1_DMA_DmaInitialize)
[...]
Memory Configuration

Name             Origin             Length             Attributes
rom              0x00000000         0x00040000         xr
ram              0x1fff8000         0x00010000         xrw
*default*        0x00000000         0xffffffff

Linker script and memory map

LOAD c:/program files (x86)/cypress/psoc creator/3.2/psoc creator/import/gnu/arm/4.8.4/bin/../lib/gcc/arm-none-eabi/4.8.4/armv7-m/crti.o
LOAD c:/program files (x86)/cypress/psoc creator/3.2/psoc creator/import/gnu/arm/4.8.4/bin/../lib/gcc/arm-none-eabi/4.8.4/armv7-m/crtbegin.o
LOAD c:/program files (x86)/cypress/psoc creator/3.2/psoc creator/import/gnu/arm/4.8.4/bin/../lib/gcc/arm-none-eabi/4.8.4/../../../../arm-none-eabi/lib/armv7-m/crt0.o
START GROUP
LOAD .\CortexM3\ARM_GCC_484\Debug\states.o
LOAD .\CortexM3\ARM_GCC_484\Debug\motor.o
LOAD .\CortexM3\ARM_GCC_484\Debug\speaker.o
LOAD .\CortexM3\ARM_GCC_484\Debug\display.o
LOAD .\CortexM3\ARM_GCC_484\Debug\system.o
LOAD .\CortexM3\ARM_GCC_484\Debug\heartrate.o
LOAD .\CortexM3\ARM_GCC_484\Debug\main.o
LOAD .\CortexM3\ARM_GCC_484\Debug\terminal.o
LOAD .\CortexM3\ARM_GCC_484\Debug\cymetadata.o
LOAD .\CortexM3\ARM_GCC_484\Debug\Cm3Start.o
LOAD .\CortexM3\ARM_GCC_484\Debug\Design01.a
LOAD C:\Program Files (x86)\Cypress\PSoC Creator\3.2\PSoC Creator\psoc\content\cycomponentlibrary\CyComponentLibrary.cylib\CapSense_CSD_v3_50\Library\CapSenseLibrary_GCC.a
LOAD C:\Program Files (x86)\Cypress\PSoC Creator\3.2\PSoC Creator\psoc\content\cycomponentlibrary\CyComponentLibrary.cylib\CortexM3\ARM_GCC_484\Debug\CyComponentLibrary.a
END GROUP
START GROUP
LOAD c:/program files (x86)/cypress/psoc creator/3.2/psoc creator/import/gnu/arm/4.8.4/bin/../lib/gcc/arm-none-eabi/4.8.4/armv7-m\libgcc.a
LOAD c:/program files (x86)/cypress/psoc creator/3.2/psoc creator/import/gnu/arm/4.8.4/bin/../lib/gcc/arm-none-eabi/4.8.4/../../../../arm-none-eabi/lib/armv7-m\libg_s.a
LOAD c:/program files (x86)/cypress/psoc creator/3.2/psoc creator/import/gnu/arm/4.8.4/bin/../lib/gcc/arm-none-eabi/4.8.4/../../../../arm-none-eabi/lib/armv7-m\libc_s.a
END GROUP
START GROUP
LOAD c:/program files (x86)/cypress/psoc creator/3.2/psoc creator/import/gnu/arm/4.8.4/bin/../lib/gcc/arm-none-eabi/4.8.4/armv7-m\libgcc.a
LOAD c:/program files (x86)/cypress/psoc creator/3.2/psoc creator/import/gnu/arm/4.8.4/bin/../lib/gcc/arm-none-eabi/4.8.4/../../../../arm-none-eabi/lib/armv7-m\libc_s.a
END GROUP
LOAD c:/program files (x86)/cypress/psoc creator/3.2/psoc creator/import/gnu/arm/4.8.4/bin/../lib/gcc/arm-none-eabi/4.8.4/armv7-m/crtend.o
LOAD c:/program files (x86)/cypress/psoc creator/3.2/psoc creator/import/gnu/arm/4.8.4/bin/../lib/gcc/arm-none-eabi/4.8.4/armv7-m/crtn.o
START GROUP
LOAD c:/program files (x86)/cypress/psoc creator/3.2/psoc creator/import/gnu/arm/4.8.4/bin/../lib/gcc/arm-none-eabi/4.8.4/armv7-m\libgcc.a
LOAD c:/program files (x86)/cypress/psoc creator/3.2/psoc creator/import/gnu/arm/4.8.4/bin/../lib/gcc/arm-none-eabi/4.8.4/../../../../arm-none-eabi/lib/armv7-m\libc.a
LOAD c:/program files (x86)/cypress/psoc creator/3.2/psoc creator/import/gnu/arm/4.8.4/bin/../lib/gcc/arm-none-eabi/4.8.4/../../../../arm-none-eabi/lib/armv7-m\libnosys.a
END GROUP
                0x00000000                CY_APPL_ORIGIN = 0x0
                0x00000100                CY_FLASH_ROW_SIZE = 0x100
                0x00000020                CY_ECC_ROW_SIZE = 0x20
                0x00000000                CY_EE_IN_BTLDR = 0x0
                0x00000000                CY_APPL_LOADABLE = 0x0
                0x00000800                CY_EE_SIZE = 0x800
                0x00000001                CY_APPL_NUM = 0x1
                0x00000001                CY_APPL_MAX = 0x1
                0x00000040                CY_METADATA_SIZE = 0x40
                0x1fff82a8                PROVIDE (__cy_heap_start, _end)
                0x00000001                PROVIDE (__cy_region_num, ((__cy_regions_end - __cy_regions) / 0x10))
                0x20008000                PROVIDE (__cy_stack, (ORIGIN (ram) + 0x10000))
                0x20007800                PROVIDE (__cy_heap_end, (__cy_stack - 0x800))

.cybootloader   0x00000000        0x0
 *(.cybootloader)
                0x00000000                appl1_start = CY_APPL_ORIGIN?CY_APPL_ORIGIN:ALIGN (CY_FLASH_ROW_SIZE)
                0x0001ff00                appl2_start = (appl1_start + ALIGN ((((0x40000 - appl1_start) - (0x2 * CY_FLASH_ROW_SIZE)) / 0x2), CY_FLASH_ROW_SIZE))
                0x00000000                appl_start = (CY_APPL_NUM == 0x1)?appl1_start:appl2_start
                0x00000000                ecc_offset = ((appl_start / CY_FLASH_ROW_SIZE) * CY_ECC_ROW_SIZE)
                0x00000000                ee_offset = (CY_APPL_LOADABLE && ! (CY_EE_IN_BTLDR))?((CY_EE_SIZE / CY_APPL_MAX) * (CY_APPL_NUM - 0x1)):0x0
                0x00000800                ee_size = (CY_APPL_LOADABLE && ! (CY_EE_IN_BTLDR))?(CY_EE_SIZE / CY_APPL_MAX):CY_EE_SIZE
                0x00000000                PROVIDE (CY_ECC_OFFSET, ecc_offset)

.text           0x00000000     0x2eaa
 CREATE_OBJECT_SYMBOLS
                0x00000000                PROVIDE (__cy_interrupt_vector, RomVectors)
 *(.romvectors)
 .romvectors    0x00000000       0x10 .\CortexM3\ARM_GCC_484\Debug\Cm3Start.o
                0x00000000                RomVectors
                0x00000001                ASSERT ((. != __cy_interrupt_vector), No interrupt vector)
                0x00000001                ASSERT (CY_APPL_ORIGIN?(SIZEOF (.cybootloader) <= CY_APPL_ORIGIN):0x1, Wrong image location)
                0x00000010                PROVIDE (__cy_reset, Reset)
 *(.text.Reset)
 .text.Reset    0x00000010       0x18 .\CortexM3\ARM_GCC_484\Debug\Cm3Start.o
                0x00000010                Reset
                0x00000001                ASSERT ((. != __cy_reset), No reset code)
 *(.dma_init)
                0x00000001                ASSERT ((((appl_start + .) <= 0x10000) || 0x1), DMA Init must be within the first 64k of flash)
 *(.text .text.* .gnu.linkonce.t.*)
 .text          0x00000028       0x54 c:/program files (x86)/cypress/psoc creator/3.2/psoc creator/import/gnu/arm/4.8.4/bin/../lib/gcc/arm-none-eabi/4.8.4/armv7-m/crtbegin.o
 .text.State_sleep
                0x0000007c       0x74 .\CortexM3\ARM_GCC_484\Debug\states.o
                0x0000007c                State_sleep
 .text.State_reset
                0x000000f0       0x30 .\CortexM3\ARM_GCC_484\Debug\states.o
                0x000000f0                State_reset
 .text.State_start
                0x00000120       0x1c .\CortexM3\ARM_GCC_484\Debug\states.o
                0x00000120                State_start
 .text.State_profile_selection
                0x0000013c       0xdc .\CortexM3\ARM_GCC_484\Debug\states.o
                0x0000013c                State_profile_selection
 .text.State_moving
                0x00000218       0x1c .\CortexM3\ARM_GCC_484\Debug\states.o
                0x00000218                State_moving
 .text.State_stop
                0x00000234       0x14 .\CortexM3\ARM_GCC_484\Debug\states.o
                0x00000234                State_stop
 .text.Start_motor
                0x00000248        0x8 .\CortexM3\ARM_GCC_484\Debug\motor.o
                0x00000248                Start_motor
 .text.Move_motor
                0x00000250       0x14 .\CortexM3\ARM_GCC_484\Debug\motor.o
                0x00000250                Move_motor
 .text.Motor_stop
                0x00000264       0x40 .\CortexM3\ARM_GCC_484\Debug\motor.o
                0x00000264                Motor_stop
 *fill*         0x000002a4        0x4 
 .text.calculatePeriodDelay
                0x000002a8       0x30 .\CortexM3\ARM_GCC_484\Debug\speaker.o
                0x000002a8                calculatePeriodDelay
 .text.Play_note
                0x000002d8       0x54 .\CortexM3\ARM_GCC_484\Debug\speaker.o
                0x000002d8                Play_note
 .text.Play_song_one
                0x0000032c       0x68 .\CortexM3\ARM_GCC_484\Debug\speaker.o
                0x0000032c                Play_song_one
 .text.Play_startup_music
                0x00000394        0x8 .\CortexM3\ARM_GCC_484\Debug\speaker.o
                0x00000394                Play_startup_music
 .text.Display_welcome_message
                0x0000039c       0x5c .\CortexM3\ARM_GCC_484\Debug\display.o
                0x0000039c                Display_welcome_message
 .text.Display_sleep
                0x000003f8       0x18 .\CortexM3\ARM_GCC_484\Debug\display.o
                0x000003f8                Display_sleep
 .text.Display_profile_selection
                0x00000410       0x74 .\CortexM3\ARM_GCC_484\Debug\display.o
                0x00000410                Display_profile_selection
 .text.System_init
                0x00000484       0x3c .\CortexM3\ARM_GCC_484\Debug\system.o
                0x00000484                System_init
 .text.Detect_heartrate
                0x000004c0       0x68 .\CortexM3\ARM_GCC_484\Debug\heartrate.o
                0x000004c0                Detect_heartrate
 .text.main     0x00000528       0x6c .\CortexM3\ARM_GCC_484\Debug\main.o
                0x00000528                main
 .text.IntDefaultHandler
                0x00000594        0x4 .\CortexM3\ARM_GCC_484\Debug\Cm3Start.o
                0x00000594                IntDefaultHandler
 .text.Start_c  0x00000598       0x4c .\CortexM3\ARM_GCC_484\Debug\Cm3Start.o
                0x00000598                Start_c
 .text.initialize_psoc
                0x000005e4       0x74 .\CortexM3\ARM_GCC_484\Debug\Cm3Start.o
                0x000005e4                initialize_psoc
 .text.CyClockStartupError
                0x00000658        0x4 .\CortexM3\ARM_GCC_484\Debug\Design01.a(cyfitter_cfg.o)
 .text.cfg_write_bytes32
                0x0000065c       0x34 .\CortexM3\ARM_GCC_484\Debug\Design01.a(cyfitter_cfg.o)
 .text.AnalogSetDefault
                0x00000690       0x74 .\CortexM3\ARM_GCC_484\Debug\Design01.a(cyfitter_cfg.o)
 .text.CYMEMZERO
                0x00000704        0xc .\CortexM3\ARM_GCC_484\Debug\Design01.a(cyfitter_cfg.o)
 .text.ClockSetup
                0x00000710      0x100 .\CortexM3\ARM_GCC_484\Debug\Design01.a(cyfitter_cfg.o)
 .text.CYCONFIGCPY
                0x00000810        0x8 .\CortexM3\ARM_GCC_484\Debug\Design01.a(cyfitter_cfg.o)
 .text.CapSense_AMuxCH0_Set
                0x00000818       0x1c .\CortexM3\ARM_GCC_484\Debug\Design01.a(cyfitter_cfg.o)
                0x00000818                CapSense_AMuxCH0_Set
 .text.CapSense_AMuxCH0_Unset
                0x00000834       0x20 .\CortexM3\ARM_GCC_484\Debug\Design01.a(cyfitter_cfg.o)
                0x00000834                CapSense_AMuxCH0_Unset
 .text.cyfitter_cfg
                0x00000854      0x140 .\CortexM3\ARM_GCC_484\Debug\Design01.a(cyfitter_cfg.o)
                0x00000854                cyfitter_cfg
 *fill*         0x00000994        0x4 
 .text          0x00000998       0x28 .\CortexM3\ARM_GCC_484\Debug\Design01.a(CyBootAsmGnu.o)
                0x00000998                CyDelayCycles
                0x000009ac                CyEnterCriticalSection
                0x000009b4                CyExitCriticalSection
 .text.CyDmacConfigure
                0x000009c0       0x34 .\CortexM3\ARM_GCC_484\Debug\Design01.a(CyDmac.o)
                0x000009c0                CyDmacConfigure
 .text.CyDmaChEnable
                0x000009f4       0x38 .\CortexM3\ARM_GCC_484\Debug\Design01.a(CyDmac.o)
                0x000009f4                CyDmaChEnable
 .text.CyDmaChPriority
                0x00000a2c       0x24 .\CortexM3\ARM_GCC_484\Debug\Design01.a(CyDmac.o)
                0x00000a2c                CyDmaChPriority
 .text.CyDmaChSetExtendedAddress
                0x00000a50       0x34 .\CortexM3\ARM_GCC_484\Debug\Design01.a(CyDmac.o)
                0x00000a50                CyDmaChSetExtendedAddress
 .text.CyDmaChSetInitialTd
                0x00000a84       0x18 .\CortexM3\ARM_GCC_484\Debug\Design01.a(CyDmac.o)
                0x00000a84                CyDmaChSetInitialTd
 .text.CyDmaChSetConfiguration
                0x00000a9c       0x44 .\CortexM3\ARM_GCC_484\Debug\Design01.a(CyDmac.o)
                0x00000a9c                CyDmaChSetConfiguration
 .text.CyDmaTdAllocate
                0x00000ae0       0x34 .\CortexM3\ARM_GCC_484\Debug\Design01.a(CyDmac.o)
                0x00000ae0                CyDmaTdAllocate
 .text.CyDmaTdSetConfiguration
                0x00000b14       0x28 .\CortexM3\ARM_GCC_484\Debug\Design01.a(CyDmac.o)
                0x00000b14                CyDmaTdSetConfiguration
 .text.CyDmaTdSetAddress
                0x00000b3c       0x1c .\CortexM3\ARM_GCC_484\Debug\Design01.a(CyDmac.o)
                0x00000b3c                CyDmaTdSetAddress
 .text.CyHalt   0x00000b58        0x4 .\CortexM3\ARM_GCC_484\Debug\Design01.a(CyLib.o)
                0x00000b58                CyHalt
 .text.CyDelay  0x00000b5c       0x2c .\CortexM3\ARM_GCC_484\Debug\Design01.a(CyLib.o)
                0x00000b5c                CyDelay
 .text.CyDelayUs
                0x00000b88       0x14 .\CortexM3\ARM_GCC_484\Debug\Design01.a(CyLib.o)
                0x00000b88                CyDelayUs
 .text.CyIntSetVector
                0x00000b9c       0x28 .\CortexM3\ARM_GCC_484\Debug\Design01.a(CyLib.o)
                0x00000b9c                CyIntSetVector
 .text.CyIntSetPriority
                0x00000bc4       0x30 .\CortexM3\ARM_GCC_484\Debug\Design01.a(CyLib.o)
                0x00000bc4                CyIntSetPriority
 .text.LCD_WrCntrlNib
                0x00000bf4       0x34 .\CortexM3\ARM_GCC_484\Debug\Design01.a(LCD.o)
 .text.LCD_WrDatNib
                0x00000c28       0x44 .\CortexM3\ARM_GCC_484\Debug\Design01.a(LCD.o)
 .text.LCD_IsReady
                0x00000c6c       0xec .\CortexM3\ARM_GCC_484\Debug\Design01.a(LCD.o)
                0x00000c6c                LCD_IsReady
 .text.LCD_WriteData
                0x00000d58       0x18 .\CortexM3\ARM_GCC_484\Debug\Design01.a(LCD.o)
                0x00000d58                LCD_WriteData
 .text.LCD_PrintString
                0x00000d70       0x1c .\CortexM3\ARM_GCC_484\Debug\Design01.a(LCD.o)
                0x00000d70                LCD_PrintString
 .text.LCD_PutChar
                0x00000d8c        0x8 .\CortexM3\ARM_GCC_484\Debug\Design01.a(LCD.o)
                0x00000d8c                LCD_PutChar
 .text.LCD_WriteControl
                0x00000d94       0x18 .\CortexM3\ARM_GCC_484\Debug\Design01.a(LCD.o)
                0x00000d94                LCD_WriteControl
 .text.LCD_Init
                0x00000dac       0x74 .\CortexM3\ARM_GCC_484\Debug\Design01.a(LCD.o)
                0x00000dac                LCD_Init
 .text.LCD_Enable
                0x00000e20       0x14 .\CortexM3\ARM_GCC_484\Debug\Design01.a(LCD.o)
                0x00000e20                LCD_Enable
 .text.LCD_Start
                0x00000e34       0x1c .\CortexM3\ARM_GCC_484\Debug\Design01.a(LCD.o)
                0x00000e34                LCD_Start
 .text.LCD_Position
                0x00000e50       0x3c .\CortexM3\ARM_GCC_484\Debug\Design01.a(LCD.o)
                0x00000e50                LCD_Position
 .text.LCD_PrintU32Number
                0x00000e8c       0x60 .\CortexM3\ARM_GCC_484\Debug\Design01.a(LCD.o)
                0x00000e8c                LCD_PrintU32Number
 .text.LCD_LoadCustomFonts
                0x00000eec       0x2c .\CortexM3\ARM_GCC_484\Debug\Design01.a(LCD_BarGraph.o)
                0x00000eec                LCD_LoadCustomFonts
 .text.Speaker_Output_Write
                0x00000f18       0x18 .\CortexM3\ARM_GCC_484\Debug\Design01.a(Speaker_Output.o)
                0x00000f18                Speaker_Output_Write
 .text.CapSense_Enable
                0x00000f30       0x68 .\CortexM3\ARM_GCC_484\Debug\Design01.a(CapSense.o)
                0x00000f30                CapSense_Enable
 .text.CapSense_FindNextSensor
                0x00000f98       0x28 .\CortexM3\ARM_GCC_484\Debug\Design01.a(CapSense.o)
                0x00000f98                CapSense_FindNextSensor
 .text.CapSense_IsBusy
                0x00000fc0       0x10 .\CortexM3\ARM_GCC_484\Debug\Design01.a(CapSense.o)
                0x00000fc0                CapSense_IsBusy
 .text.CapSense_ReadSensorRaw
                0x00000fd0        0xc .\CortexM3\ARM_GCC_484\Debug\Design01.a(CapSense.o)
                0x00000fd0                CapSense_ReadSensorRaw
 .text.CapSense_EnableSensor
                0x00000fdc       0x34 .\CortexM3\ARM_GCC_484\Debug\Design01.a(CapSense.o)
                0x00000fdc                CapSense_EnableSensor
 .text.CapSense_DisableSensor
                0x00001010       0x38 .\CortexM3\ARM_GCC_484\Debug\Design01.a(CapSense.o)
                0x00001010                CapSense_DisableSensor
 .text.CapSense_ClearSensors
                0x00001048       0x18 .\CortexM3\ARM_GCC_484\Debug\Design01.a(CapSense.o)
                0x00001048                CapSense_ClearSensors
 .text.CapSense_PostScan
                0x00001060       0x4c .\CortexM3\ARM_GCC_484\Debug\Design01.a(CapSense.o)
                0x00001060                CapSense_PostScan
 .text.CapSense_SetPrescaler
                0x000010ac       0x10 .\CortexM3\ARM_GCC_484\Debug\Design01.a(CapSense.o)
                0x000010ac                CapSense_SetPrescaler
 .text.CapSense_SetScanSlotSettings
                0x000010bc       0x38 .\CortexM3\ARM_GCC_484\Debug\Design01.a(CapSense.o)
                0x000010bc                CapSense_SetScanSlotSettings
 .text.CapSense_PreScan
                0x000010f4       0x34 .\CortexM3\ARM_GCC_484\Debug\Design01.a(CapSense.o)
                0x000010f4                CapSense_PreScan
 .text.CapSense_ScanSensor
                0x00001128       0x20 .\CortexM3\ARM_GCC_484\Debug\Design01.a(CapSense.o)
                0x00001128                CapSense_ScanSensor
 .text.CapSense_ScanEnabledWidgets
                0x00001148       0x38 .\CortexM3\ARM_GCC_484\Debug\Design01.a(CapSense.o)
                0x00001148                CapSense_ScanEnabledWidgets
 .text.CapSense_SetAnalogSwitchesSource
                0x00001180       0x20 .\CortexM3\ARM_GCC_484\Debug\Design01.a(CapSense.o)
                0x00001180                CapSense_SetAnalogSwitchesSource
 .text.CapSense_Init
                0x000011a0       0xe0 .\CortexM3\ARM_GCC_484\Debug\Design01.a(CapSense.o)
                0x000011a0                CapSense_Init
 .text.CapSense_Start
                0x00001280       0x2c .\CortexM3\ARM_GCC_484\Debug\Design01.a(CapSense.o)
                0x00001280                CapSense_Start
 .text.CapSense_BaseInit
                0x000012ac       0x44 .\CortexM3\ARM_GCC_484\Debug\Design01.a(CapSense_CSHL.o)
                0x000012ac                CapSense_BaseInit
 .text.CapSense_InitializeSensorBaseline
                0x000012f0       0x18 .\CortexM3\ARM_GCC_484\Debug\Design01.a(CapSense_CSHL.o)
                0x000012f0                CapSense_InitializeSensorBaseline
 .text.CapSense_InitializeAllBaselines
                0x00001308       0x18 .\CortexM3\ARM_GCC_484\Debug\Design01.a(CapSense_CSHL.o)
                0x00001308                CapSense_InitializeAllBaselines
 .text.CapSense_UpdateSensorBaseline
                0x00001320       0xd0 .\CortexM3\ARM_GCC_484\Debug\Design01.a(CapSense_CSHL.o)
                0x00001320                CapSense_UpdateSensorBaseline
 .text.CapSense_UpdateEnabledBaselines
                0x000013f0       0x30 .\CortexM3\ARM_GCC_484\Debug\Design01.a(CapSense_CSHL.o)
                0x000013f0                CapSense_UpdateEnabledBaselines
 .text.CapSense_CheckIsSensorActive
                0x00001420       0xa0 .\CortexM3\ARM_GCC_484\Debug\Design01.a(CapSense_CSHL.o)
                0x00001420                CapSense_CheckIsSensorActive
 .text.CapSense_CheckIsWidgetActive
                0x000014c0       0x2c .\CortexM3\ARM_GCC_484\Debug\Design01.a(CapSense_CSHL.o)
                0x000014c0                CapSense_CheckIsWidgetActive
 .text.CapSense_IsrCH0_ISR
                0x000014ec       0x50 .\CortexM3\ARM_GCC_484\Debug\Design01.a(CapSense_INT.o)
                0x000014ec                CapSense_IsrCH0_ISR
 .text.SMS_LIB_ScanSensor
                0x0000153c        0x8 .\CortexM3\ARM_GCC_484\Debug\Design01.a(CapSense_SMS_Wrapper.o)
                0x0000153c                SMS_LIB_ScanSensor
 .text.SMS_LIB_IsBusy
                0x00001544        0x8 .\CortexM3\ARM_GCC_484\Debug\Design01.a(CapSense_SMS_Wrapper.o)
                0x00001544                SMS_LIB_IsBusy
 .text.CapSense_CalculateThresholds
                0x0000154c        0x8 .\CortexM3\ARM_GCC_484\Debug\Design01.a(CapSense_SMS_Wrapper.o)
                0x0000154c                CapSense_CalculateThresholds
 .text.CapSense_AutoTune
                0x00001554        0x8 .\CortexM3\ARM_GCC_484\Debug\Design01.a(CapSense_SMS_Wrapper.o)
                0x00001554                CapSense_AutoTune
 .text.SMS_LIB_V3_50_SetAnalogSwitchesSrc_PRS
                0x0000155c        0xc .\CortexM3\ARM_GCC_484\Debug\Design01.a(CapSense_SMS_Wrapper.o)
                0x0000155c                SMS_LIB_V3_50_SetAnalogSwitchesSrc_PRS
 .text.SMS_LIB_V3_50_SetAnalogSwitchesSrc_Prescaler
                0x00001568        0xc .\CortexM3\ARM_GCC_484\Debug\Design01.a(CapSense_SMS_Wrapper.o)
                0x00001568                SMS_LIB_V3_50_SetAnalogSwitchesSrc_Prescaler
 .text.CapSense_CompCH0_Enable
                0x00001574       0x1c .\CortexM3\ARM_GCC_484\Debug\Design01.a(CapSense_CompCH0.o)
                0x00001574                CapSense_CompCH0_Enable
 .text.CapSense_CompCH0_SetSpeed
                0x00001590       0x5c .\CortexM3\ARM_GCC_484\Debug\Design01.a(CapSense_CompCH0.o)
                0x00001590                CapSense_CompCH0_SetSpeed
 .text.CapSense_CompCH0_Init
                0x000015ec       0x3c .\CortexM3\ARM_GCC_484\Debug\Design01.a(CapSense_CompCH0.o)
                0x000015ec                CapSense_CompCH0_Init
 .text.CapSense_IdacCH0_Enable
                0x00001628       0x1c .\CortexM3\ARM_GCC_484\Debug\Design01.a(CapSense_IdacCH0.o)
                0x00001628                CapSense_IdacCH0_Enable
 .text.CapSense_IdacCH0_SetSpeed
                0x00001644       0x1c .\CortexM3\ARM_GCC_484\Debug\Design01.a(CapSense_IdacCH0.o)
                0x00001644                CapSense_IdacCH0_SetSpeed
 .text.CapSense_IdacCH0_SetValue
                0x00001660        0xc .\CortexM3\ARM_GCC_484\Debug\Design01.a(CapSense_IdacCH0.o)
                0x00001660                CapSense_IdacCH0_SetValue
 .text.CapSense_IdacCH0_DacTrim
                0x0000166c       0x34 .\CortexM3\ARM_GCC_484\Debug\Design01.a(CapSense_IdacCH0.o)
                0x0000166c                CapSense_IdacCH0_DacTrim
 .text.CapSense_IdacCH0_Init
                0x000016a0       0x2c .\CortexM3\ARM_GCC_484\Debug\Design01.a(CapSense_IdacCH0.o)
                0x000016a0                CapSense_IdacCH0_Init
 .text.CapSense_IdacCH0_SetPolarity
                0x000016cc       0x20 .\CortexM3\ARM_GCC_484\Debug\Design01.a(CapSense_IdacCH0.o)
                0x000016cc                CapSense_IdacCH0_SetPolarity
 .text.CapSense_IdacCH0_SetRange
                0x000016ec       0x20 .\CortexM3\ARM_GCC_484\Debug\Design01.a(CapSense_IdacCH0.o)
                0x000016ec                CapSense_IdacCH0_SetRange
 .text.CapSense_AMuxCH0_DisconnectAll
                0x0000170c       0x18 .\CortexM3\ARM_GCC_484\Debug\Design01.a(CapSense_AMuxCH0.o)
                0x0000170c                CapSense_AMuxCH0_DisconnectAll
 .text.CapSense_AMuxCH0_Init
                0x00001724        0x8 .\CortexM3\ARM_GCC_484\Debug\Design01.a(CapSense_AMuxCH0.o)
                0x00001724                CapSense_AMuxCH0_Init
 .text.CapSense_IntClock_Start
                0x0000172c       0x1c .\CortexM3\ARM_GCC_484\Debug\Design01.a(CapSense_IntClock.o)
                0x0000172c                CapSense_IntClock_Start
 .text.PGA_1_Enable
                0x00001748       0x28 .\CortexM3\ARM_GCC_484\Debug\Design01.a(PGA_1.o)
                0x00001748                PGA_1_Enable
 .text.PGA_1_SetPower
                0x00001770       0x18 .\CortexM3\ARM_GCC_484\Debug\Design01.a(PGA_1.o)
                0x00001770                PGA_1_SetPower
 .text.PGA_1_SetGain
                0x00001788       0x74 .\CortexM3\ARM_GCC_484\Debug\Design01.a(PGA_1.o)
                0x00001788                PGA_1_SetGain
 .text.PGA_1_Init
                0x000017fc       0x2c .\CortexM3\ARM_GCC_484\Debug\Design01.a(PGA_1.o)
                0x000017fc                PGA_1_Init
 .text.PGA_1_Start
                0x00001828       0x1c .\CortexM3\ARM_GCC_484\Debug\Design01.a(PGA_1.o)
                0x00001828                PGA_1_Start
 .text.Comp_trimAdjust
                0x00001844       0x8c .\CortexM3\ARM_GCC_484\Debug\Design01.a(Comp.o)
 .text.Comp_Enable
                0x000018d0       0x1c .\CortexM3\ARM_GCC_484\Debug\Design01.a(Comp.o)
                0x000018d0                Comp_Enable
 .text.Comp_SetSpeed
                0x000018ec       0x5c .\CortexM3\ARM_GCC_484\Debug\Design01.a(Comp.o)
                0x000018ec                Comp_SetSpeed
 .text.Comp_Init
                0x00001948       0x3c .\CortexM3\ARM_GCC_484\Debug\Design01.a(Comp.o)
                0x00001948                Comp_Init
 .text.Comp_Start
                0x00001984       0x1c .\CortexM3\ARM_GCC_484\Debug\Design01.a(Comp.o)
                0x00001984                Comp_Start
 .text.Comp_ZeroCal
                0x000019a0       0x90 .\CortexM3\ARM_GCC_484\Debug\Design01.a(Comp.o)
                0x000019a0                Comp_ZeroCal
 .text.WaveDAC8_1_Enable
                0x00001a30       0x28 .\CortexM3\ARM_GCC_484\Debug\Design01.a(WaveDAC8_1.o)
                0x00001a30                WaveDAC8_1_Enable
 .text.WaveDAC8_1_Wave1Setup
                0x00001a58       0x40 .\CortexM3\ARM_GCC_484\Debug\Design01.a(WaveDAC8_1.o)
                0x00001a58                WaveDAC8_1_Wave1Setup
 .text.WaveDAC8_1_Wave2Setup
                0x00001a98       0x40 .\CortexM3\ARM_GCC_484\Debug\Design01.a(WaveDAC8_1.o)
                0x00001a98                WaveDAC8_1_Wave2Setup
 .text.WaveDAC8_1_Init
                0x00001ad8       0x40 .\CortexM3\ARM_GCC_484\Debug\Design01.a(WaveDAC8_1.o)
                0x00001ad8                WaveDAC8_1_Init
 .text.WaveDAC8_1_Start
                0x00001b18       0x1c .\CortexM3\ARM_GCC_484\Debug\Design01.a(WaveDAC8_1.o)
                0x00001b18                WaveDAC8_1_Start
 .text.Compint_Interrupt
                0x00001b34       0x34 .\CortexM3\ARM_GCC_484\Debug\Design01.a(Compint.o)
                0x00001b34                Compint_Interrupt
 .text.Compint_SetVector
                0x00001b68        0xc .\CortexM3\ARM_GCC_484\Debug\Design01.a(Compint.o)
                0x00001b68                Compint_SetVector
 .text.Compint_SetPriority
                0x00001b74       0x10 .\CortexM3\ARM_GCC_484\Debug\Design01.a(Compint.o)
                0x00001b74                Compint_SetPriority
 .text.Compint_Enable
                0x00001b84        0xc .\CortexM3\ARM_GCC_484\Debug\Design01.a(Compint.o)
                0x00001b84                Compint_Enable
 .text.Compint_Disable
                0x00001b90        0xc .\CortexM3\ARM_GCC_484\Debug\Design01.a(Compint.o)
                0x00001b90                Compint_Disable
 .text.Compint_Start
                0x00001b9c       0x1c .\CortexM3\ARM_GCC_484\Debug\Design01.a(Compint.o)
                0x00001b9c                Compint_Start
 .text.HeartbeatCounter_Enable
                0x00001bb8       0x10 .\CortexM3\ARM_GCC_484\Debug\Design01.a(HeartbeatCounter.o)
                0x00001bb8                HeartbeatCounter_Enable
 .text.HeartbeatCounter_SetInterruptMode
                0x00001bc8        0xc .\CortexM3\ARM_GCC_484\Debug\Design01.a(HeartbeatCounter.o)
                0x00001bc8                HeartbeatCounter_SetInterruptMode
 .text.HeartbeatCounter_ReadStatusRegister
                0x00001bd4        0xc .\CortexM3\ARM_GCC_484\Debug\Design01.a(HeartbeatCounter.o)
                0x00001bd4                HeartbeatCounter_ReadStatusRegister
 .text.HeartbeatCounter_WriteCounter
                0x00001be0        0xc .\CortexM3\ARM_GCC_484\Debug\Design01.a(HeartbeatCounter.o)
                0x00001be0                HeartbeatCounter_WriteCounter
 .text.HeartbeatCounter_ReadCounter
                0x00001bec       0x14 .\CortexM3\ARM_GCC_484\Debug\Design01.a(HeartbeatCounter.o)
                0x00001bec                HeartbeatCounter_ReadCounter
 .text.HeartbeatCounter_ReadCapture
                0x00001c00        0xc .\CortexM3\ARM_GCC_484\Debug\Design01.a(HeartbeatCounter.o)
                0x00001c00                HeartbeatCounter_ReadCapture
 .text.HeartbeatCounter_WritePeriod
                0x00001c0c        0xc .\CortexM3\ARM_GCC_484\Debug\Design01.a(HeartbeatCounter.o)
                0x00001c0c                HeartbeatCounter_WritePeriod
 .text.HeartbeatCounter_WriteCompare
                0x00001c18        0xc .\CortexM3\ARM_GCC_484\Debug\Design01.a(HeartbeatCounter.o)
                0x00001c18                HeartbeatCounter_WriteCompare
 .text.HeartbeatCounter_ClearFIFO
                0x00001c24       0x14 .\CortexM3\ARM_GCC_484\Debug\Design01.a(HeartbeatCounter.o)
                0x00001c24                HeartbeatCounter_ClearFIFO
 .text.HeartbeatCounter_Init
                0x00001c38       0x58 .\CortexM3\ARM_GCC_484\Debug\Design01.a(HeartbeatCounter.o)
                0x00001c38                HeartbeatCounter_Init
 .text.HeartbeatCounter_Start
                0x00001c90       0x1c .\CortexM3\ARM_GCC_484\Debug\Design01.a(HeartbeatCounter.o)
                0x00001c90                HeartbeatCounter_Start
 .text.timer_clock_1_Start
                0x00001cac       0x1c .\CortexM3\ARM_GCC_484\Debug\Design01.a(timer_clock_1.o)
                0x00001cac                timer_clock_1_Start
 .text.PWM_Enable
                0x00001cc8       0x10 .\CortexM3\ARM_GCC_484\Debug\Design01.a(PWM.o)
                0x00001cc8                PWM_Enable
 .text.PWM_WriteCounter
                0x00001cd8        0xc .\CortexM3\ARM_GCC_484\Debug\Design01.a(PWM.o)
                0x00001cd8                PWM_WriteCounter
 .text.PWM_WritePeriod
                0x00001ce4        0xc .\CortexM3\ARM_GCC_484\Debug\Design01.a(PWM.o)
                0x00001ce4                PWM_WritePeriod
 .text.PWM_WriteCompare
                0x00001cf0        0xc .\CortexM3\ARM_GCC_484\Debug\Design01.a(PWM.o)
                0x00001cf0                PWM_WriteCompare
 .text.PWM_Init
                0x00001cfc       0x40 .\CortexM3\ARM_GCC_484\Debug\Design01.a(PWM.o)
                0x00001cfc                PWM_Init
 .text.PWM_Start
                0x00001d3c       0x1c .\CortexM3\ARM_GCC_484\Debug\Design01.a(PWM.o)
                0x00001d3c                PWM_Start
 .text.STOP_Interrupt
                0x00001d58        0xc .\CortexM3\ARM_GCC_484\Debug\Design01.a(STOP.o)
                0x00001d58                STOP_Interrupt
 .text.STOP_SetVector
                0x00001d64        0xc .\CortexM3\ARM_GCC_484\Debug\Design01.a(STOP.o)
                0x00001d64                STOP_SetVector
 .text.STOP_SetPriority
                0x00001d70       0x10 .\CortexM3\ARM_GCC_484\Debug\Design01.a(STOP.o)
                0x00001d70                STOP_SetPriority
 .text.STOP_Enable
                0x00001d80        0xc .\CortexM3\ARM_GCC_484\Debug\Design01.a(STOP.o)
                0x00001d80                STOP_Enable
 .text.STOP_Disable
                0x00001d8c        0xc .\CortexM3\ARM_GCC_484\Debug\Design01.a(STOP.o)
                0x00001d8c                STOP_Disable
 .text.STOP_Start
                0x00001d98       0x1c .\CortexM3\ARM_GCC_484\Debug\Design01.a(STOP.o)
                0x00001d98                STOP_Start
 .text.WaveDAC8_1_DacClk_Start
                0x00001db4       0x1c .\CortexM3\ARM_GCC_484\Debug\Design01.a(WaveDAC8_1_DacClk.o)
                0x00001db4                WaveDAC8_1_DacClk_Start
 .text.WaveDAC8_1_Wave1_DMA_DmaInitialize
                0x00001dd0       0x3c .\CortexM3\ARM_GCC_484\Debug\Design01.a(WaveDAC8_1_Wave1_DMA_dma.o)
                0x00001dd0                WaveDAC8_1_Wave1_DMA_DmaInitialize
 .text.WaveDAC8_1_Wave2_DMA_DmaInitialize
                0x00001e0c       0x3c .\CortexM3\ARM_GCC_484\Debug\Design01.a(WaveDAC8_1_Wave2_DMA_dma.o)
                0x00001e0c                WaveDAC8_1_Wave2_DMA_DmaInitialize
 .text.WaveDAC8_1_VDAC8_Enable
                0x00001e48       0x1c .\CortexM3\ARM_GCC_484\Debug\Design01.a(WaveDAC8_1_VDAC8.o)
                0x00001e48                WaveDAC8_1_VDAC8_Enable
 .text.WaveDAC8_1_VDAC8_SetSpeed
                0x00001e64       0x1c .\CortexM3\ARM_GCC_484\Debug\Design01.a(WaveDAC8_1_VDAC8.o)
                0x00001e64                WaveDAC8_1_VDAC8_SetSpeed
 .text.WaveDAC8_1_VDAC8_SetValue
                0x00001e80        0xc .\CortexM3\ARM_GCC_484\Debug\Design01.a(WaveDAC8_1_VDAC8.o)
                0x00001e80                WaveDAC8_1_VDAC8_SetValue
 .text.WaveDAC8_1_VDAC8_DacTrim
                0x00001e8c       0x20 .\CortexM3\ARM_GCC_484\Debug\Design01.a(WaveDAC8_1_VDAC8.o)
                0x00001e8c                WaveDAC8_1_VDAC8_DacTrim
 .text.WaveDAC8_1_VDAC8_SetRange
                0x00001eac       0x20 .\CortexM3\ARM_GCC_484\Debug\Design01.a(WaveDAC8_1_VDAC8.o)
                0x00001eac                WaveDAC8_1_VDAC8_SetRange
 .text.WaveDAC8_1_VDAC8_Init
                0x00001ecc       0x28 .\CortexM3\ARM_GCC_484\Debug\Design01.a(WaveDAC8_1_VDAC8.o)
                0x00001ecc                WaveDAC8_1_VDAC8_Init
 .text.SMS_LIB_V3_50_CallibrateSensor1Ch
                0x00001ef4       0x84 C:\Program Files (x86)\Cypress\PSoC Creator\3.2\PSoC Creator\psoc\content\cycomponentlibrary\CyComponentLibrary.cylib\CapSense_CSD_v3_50\Library\CapSenseLibrary_GCC.a(CapSense_CSD_SmartSense_v3_50.o)
                0x00001ef4                SMS_LIB_V3_50_CallibrateSensor1Ch
 .text.SMS_LIB_V3_50_AutoTuneSensor1Ch
                0x00001f78       0x9c C:\Program Files (x86)\Cypress\PSoC Creator\3.2\PSoC Creator\psoc\content\cycomponentlibrary\CyComponentLibrary.cylib\CapSense_CSD_v3_50\Library\CapSenseLibrary_GCC.a(CapSense_CSD_SmartSense_v3_50.o)
                0x00001f78                SMS_LIB_V3_50_AutoTuneSensor1Ch
 .text.SMS_LIB_V3_50_MeasureNoiseEnvelope
                0x00002014       0x94 C:\Program Files (x86)\Cypress\PSoC Creator\3.2\PSoC Creator\psoc\content\cycomponentlibrary\CyComponentLibrary.cylib\CapSense_CSD_v3_50\Library\CapSenseLibrary_GCC.a(CapSense_CSD_SmartSense_v3_50.o)
                0x00002014                SMS_LIB_V3_50_MeasureNoiseEnvelope
 .text.SMS_LIB_V3_50_CalculateThresholds
                0x000020a8       0xc4 C:\Program Files (x86)\Cypress\PSoC Creator\3.2\PSoC Creator\psoc\content\cycomponentlibrary\CyComponentLibrary.cylib\CapSense_CSD_v3_50\Library\CapSenseLibrary_GCC.a(CapSense_CSD_SmartSense_v3_50.o)
                0x000020a8                SMS_LIB_V3_50_CalculateThresholds
 .text.SMS_LIB_V3_50_Sensors2WidgetResolutionTransform
                0x0000216c       0xa8 C:\Program Files (x86)\Cypress\PSoC Creator\3.2\PSoC Creator\psoc\content\cycomponentlibrary\CyComponentLibrary.cylib\CapSense_CSD_v3_50\Library\CapSenseLibrary_GCC.a(CapSense_CSD_SmartSense_v3_50.o)
                0x0000216c                SMS_LIB_V3_50_Sensors2WidgetResolutionTransform
 .text.SMS_LIB_V3_50_AutoTune1Ch
                0x00002214       0x88 C:\Program Files (x86)\Cypress\PSoC Creator\3.2\PSoC Creator\psoc\content\cycomponentlibrary\CyComponentLibrary.cylib\CapSense_CSD_v3_50\Library\CapSenseLibrary_GCC.a(CapSense_CSD_SmartSense_v3_50.o)
                0x00002214                SMS_LIB_V3_50_AutoTune1Ch
 .text          0x0000229c       0x24 c:/program files (x86)/cypress/psoc creator/3.2/psoc creator/import/gnu/arm/4.8.4/bin/../lib/gcc/arm-none-eabi/4.8.4/armv7-m\libgcc.a(_udivsi3.o)
                0x0000229c                __aeabi_uidiv
                0x0000229c                __udivsi3
                0x000022b0                __aeabi_uidivmod
 .text          0x000022c0        0x4 c:/program files (x86)/cypress/psoc creator/3.2/psoc creator/import/gnu/arm/4.8.4/bin/../lib/gcc/arm-none-eabi/4.8.4/armv7-m\libgcc.a(_dvmd_tls.o)
                0x000022c0                __aeabi_idiv0
                0x000022c0                __aeabi_ldiv0
 .text          0x000022c4      0x370 c:/program files (x86)/cypress/psoc creator/3.2/psoc creator/import/gnu/arm/4.8.4/bin/../lib/gcc/arm-none-eabi/4.8.4/armv7-m\libgcc.a(_arm_addsubdf3.o)
                0x000022c4                __aeabi_drsub
                0x000022cc                __aeabi_dsub
                0x000022cc                __subdf3
                0x000022d0                __aeabi_dadd
                0x000022d0                __adddf3
                0x00002548                __floatunsidf
                0x00002548                __aeabi_ui2d
                0x00002568                __floatsidf
                0x00002568                __aeabi_i2d
                0x0000258c                __aeabi_f2d
                0x0000258c                __extendsfdf2
                0x000025c8                __floatundidf
                0x000025c8                __aeabi_ul2d
                0x000025d8                __floatdidf
                0x000025d8                __aeabi_l2d
 .text          0x00002634      0x424 c:/program files (x86)/cypress/psoc creator/3.2/psoc creator/import/gnu/arm/4.8.4/bin/../lib/gcc/arm-none-eabi/4.8.4/armv7-m\libgcc.a(_arm_muldivdf3.o)
                0x00002634                __aeabi_dmul
                0x00002634                __muldf3
                0x00002888                __divdf3
                0x00002888                __aeabi_ddiv
 .text          0x00002a58       0x50 c:/program files (x86)/cypress/psoc creator/3.2/psoc creator/import/gnu/arm/4.8.4/bin/../lib/gcc/arm-none-eabi/4.8.4/armv7-m\libgcc.a(_arm_fixdfsi.o)
                0x00002a58                __aeabi_d2iz
                0x00002a58                __fixdfsi
 .text          0x00002aa8      0x21c c:/program files (x86)/cypress/psoc creator/3.2/psoc creator/import/gnu/arm/4.8.4/bin/../lib/gcc/arm-none-eabi/4.8.4/armv7-m\libgcc.a(_arm_addsubsf3.o)
                0x00002aa8                __aeabi_frsub
                0x00002ab0                __subsf3
                0x00002ab0                __aeabi_fsub
                0x00002ab4                __aeabi_fadd
                0x00002ab4                __addsf3
                0x00002c14                __aeabi_ui2f
                0x00002c14                __floatunsisf
                0x00002c1c                __aeabi_i2f
                0x00002c1c                __floatsisf
                0x00002c38                __aeabi_ul2f
                0x00002c38                __floatundisf
                0x00002c48                __aeabi_l2f
                0x00002c48                __floatdisf
 .text          0x00002cc4       0xec c:/program files (x86)/cypress/psoc creator/3.2/psoc creator/import/gnu/arm/4.8.4/bin/../lib/gcc/arm-none-eabi/4.8.4/armv7-m\libgcc.a(_arm_cmpsf2.o)
                0x00002cc4                __gesf2
                0x00002cc4                __gtsf2
                0x00002ccc                __lesf2
                0x00002ccc                __ltsf2
                0x00002cd4                __nesf2
                0x00002cd4                __eqsf2
                0x00002cd4                __cmpsf2
                0x00002d34                __aeabi_cfrcmple
                0x00002d3c                __aeabi_cfcmpeq
                0x00002d3c                __aeabi_cfcmple
                0x00002d4c                __aeabi_fcmpeq
                0x00002d60                __aeabi_fcmplt
                0x00002d74                __aeabi_fcmple
                0x00002d88                __aeabi_fcmpge
                0x00002d9c                __aeabi_fcmpgt
 .text          0x00002db0       0x4c c:/program files (x86)/cypress/psoc creator/3.2/psoc creator/import/gnu/arm/4.8.4/bin/../lib/gcc/arm-none-eabi/4.8.4/armv7-m\libgcc.a(_arm_fixsfsi.o)
                0x00002db0                __aeabi_f2iz
                0x00002db0                __fixsfsi
 .text          0x00002dfc       0x40 c:/program files (x86)/cypress/psoc creator/3.2/psoc creator/import/gnu/arm/4.8.4/bin/../lib/gcc/arm-none-eabi/4.8.4/armv7-m\libgcc.a(_arm_fixunssfsi.o)
                0x00002dfc                __fixunssfsi
                0x00002dfc                __aeabi_f2uiz
 .text.__libc_init_array
                0x00002e3c       0x4c c:/program files (x86)/cypress/psoc creator/3.2/psoc creator/import/gnu/arm/4.8.4/bin/../lib/gcc/arm-none-eabi/4.8.4/../../../../arm-none-eabi/lib/armv7-m\libg_s.a(lib_a-init.o)
                0x00002e3c                __libc_init_array
 .text.memcpy   0x00002e88       0x12 c:/program files (x86)/cypress/psoc creator/3.2/psoc creator/import/gnu/arm/4.8.4/bin/../lib/gcc/arm-none-eabi/4.8.4/../../../../arm-none-eabi/lib/armv7-m\libg_s.a(lib_a-memcpy-stub.o)
                0x00002e88                memcpy
 .text.memset   0x00002e9a       0x10 c:/program files (x86)/cypress/psoc creator/3.2/psoc creator/import/gnu/arm/4.8.4/bin/../lib/gcc/arm-none-eabi/4.8.4/../../../../arm-none-eabi/lib/armv7-m\libg_s.a(lib_a-memset.o)
                0x00002e9a                memset
 *(.plt)
 *(.gnu.warning)
 *(.glue_7t)
 .glue_7t       0x00000000        0x0 linker stubs
 *(.glue_7)
 .glue_7        0x00000000        0x0 linker stubs
 *(.vfp11_veneer)
 .vfp11_veneer  0x00000000        0x0 linker stubs
 *(.bootloader)
 *(.ARM.extab* .gnu.linkonce.armextab.*)
 *(.gcc_except_table)

.v4_bx          0x00002eac        0x0
 .v4_bx         0x00000000        0x0 linker stubs

.iplt           0x00002eac        0x0
 .iplt          0x00000000        0x0 c:/program files (x86)/cypress/psoc creator/3.2/psoc creator/import/gnu/arm/4.8.4/bin/../lib/gcc/arm-none-eabi/4.8.4/armv7-m/crtbegin.o

.eh_frame_hdr
 *(.eh_frame_hdr)

.eh_frame       0x00002eac        0x4
 *(.eh_frame)
 .eh_frame      0x00002eac        0x0 c:/program files (x86)/cypress/psoc creator/3.2/psoc creator/import/gnu/arm/4.8.4/bin/../lib/gcc/arm-none-eabi/4.8.4/armv7-m/crtbegin.o
 .eh_frame      0x00002eac        0x4 c:/program files (x86)/cypress/psoc creator/3.2/psoc creator/import/gnu/arm/4.8.4/bin/../lib/gcc/arm-none-eabi/4.8.4/armv7-m/crtend.o
                0x00002eb0                PROVIDE (__exidx_start, .)

.ARM.exidx
 *(.ARM.exidx* .gnu.linkonce.armexidx.*)
                0x00002eb0                __exidx_end = .

.rodata         0x00002eb0     0x1208
 *(.rodata .rodata.* .gnu.linkonce.r.*)
 .rodata.str1.4
                0x00002eb0       0x47 .\CortexM3\ARM_GCC_484\Debug\states.o
                                 0x48 (size before relaxing)
 *fill*         0x00002ef7        0x1 
 .rodata.str1.4
                0x00002ef8       0x28 .\CortexM3\ARM_GCC_484\Debug\display.o
                                 0x4c (size before relaxing)
 .rodata.str1.4
                0x00002f20       0x10 .\CortexM3\ARM_GCC_484\Debug\heartrate.o
 .rodata        0x00002f30       0x64 .\CortexM3\ARM_GCC_484\Debug\Design01.a(cyfitter_cfg.o)
                0x00002f30                CapSense_AMuxCH0__addrTable
                0x00002f58                CapSense_AMuxCH0__maskTable
 .rodata        0x00002f94       0x40 .\CortexM3\ARM_GCC_484\Debug\Design01.a(LCD_BarGraph.o)
                0x00002f94                LCD_customFonts
 .rodata        0x00002fd4       0x54 .\CortexM3\ARM_GCC_484\Debug\Design01.a(CapSense.o)
                0x00002fd4                CapSense_portTable
                0x00002fdc                CapSense_maskTable
                0x00002fe4                CapSense_pcTable
                0x00003000                CapSense_csTable
                0x00003020                CapSense_widgetNumber
 .rodata        0x00003028       0x10 .\CortexM3\ARM_GCC_484\Debug\Design01.a(CapSense_CSHL.o)
                0x00003028                CapSense_rawDataIndex
                0x0000302c                CapSense_numberOfSensors
                0x00003030                CapSense_posFiltersMask
                0x00003034                CapSense_centroidMult
 .rodata        0x00003038       0x28 .\CortexM3\ARM_GCC_484\Debug\Design01.a(CapSense_SMS_Wrapper.o)
                0x00003038                SMS_LIB_PrescalerTbl
                0x00003058                SMS_LIB_SensorSensitivity
 .rodata        0x00003060       0x18 .\CortexM3\ARM_GCC_484\Debug\Design01.a(PGA_1.o)
 .rodata        0x00003078     0x1004 .\CortexM3\ARM_GCC_484\Debug\Design01.a(WaveDAC8_1.o)
                0x00003078                WaveDAC8_1_wave1
                0x00004018                WaveDAC8_1_wave2
 .rodata.str1.4
                0x0000407c        0x4 .\CortexM3\ARM_GCC_484\Debug\Design01.a(Compint.o)
                0x00004080                . = ALIGN (0x4)
 *(.init)
 .init          0x00004080        0x4 c:/program files (x86)/cypress/psoc creator/3.2/psoc creator/import/gnu/arm/4.8.4/bin/../lib/gcc/arm-none-eabi/4.8.4/armv7-m/crti.o
                0x00004080                _init
 .init          0x00004084        0x8 c:/program files (x86)/cypress/psoc creator/3.2/psoc creator/import/gnu/arm/4.8.4/bin/../lib/gcc/arm-none-eabi/4.8.4/armv7-m/crtn.o
                0x0000408c                . = ALIGN (0x4)
                0x0000408c                __preinit_array_start = .
 *(.preinit_array)
                0x0000408c                __preinit_array_end = .
                0x0000408c                . = ALIGN (0x4)
                0x0000408c                __init_array_start = .
 *(SORT(.init_array.*))
 *(.init_array)
 .init_array    0x0000408c        0x4 c:/program files (x86)/cypress/psoc creator/3.2/psoc creator/import/gnu/arm/4.8.4/bin/../lib/gcc/arm-none-eabi/4.8.4/armv7-m/crtbegin.o
 .init_array    0x00004090        0x4 .\CortexM3\ARM_GCC_484\Debug\Cm3Start.o
                0x00004094                __init_array_end = .
                0x00004094                . = ALIGN (0x4)
 *(.fini)
 .fini          0x00004094        0x4 c:/program files (x86)/cypress/psoc creator/3.2/psoc creator/import/gnu/arm/4.8.4/bin/../lib/gcc/arm-none-eabi/4.8.4/armv7-m/crti.o
                0x00004094                _fini
 .fini          0x00004098        0x8 c:/program files (x86)/cypress/psoc creator/3.2/psoc creator/import/gnu/arm/4.8.4/bin/../lib/gcc/arm-none-eabi/4.8.4/armv7-m/crtn.o
                0x000040a0                . = ALIGN (0x4)
                0x000040a0                __fini_array_start = .
 *(.fini_array)
 .fini_array    0x000040a0        0x4 c:/program files (x86)/cypress/psoc creator/3.2/psoc creator/import/gnu/arm/4.8.4/bin/../lib/gcc/arm-none-eabi/4.8.4/armv7-m/crtbegin.o
 *(SORT(.fini_array.*))
                0x000040a4                __fini_array_end = .
                0x000040a4                . = ALIGN (0x4)
 *crtbegin.o(.ctors)
 *(EXCLUDE_FILE(*crtend.o) .ctors)
 *(SORT(.ctors.*))
 *crtend.o(.ctors)
                0x000040a4                . = ALIGN (0x4)
 *crtbegin.o(.dtors)
 *(EXCLUDE_FILE(*crtend.o) .dtors)
 *(SORT(.dtors.*))
 *crtend.o(.dtors)
                0x000040a4                . = ALIGN (0x4)
                0x000040a4                __cy_regions = .
                0x000040a4        0x4 LONG 0x40b8 __cy_region_init_ram
                0x000040a8        0x4 LONG 0x1fff8108 __cy_region_start_data
                0x000040ac        0x4 LONG 0x80 __cy_region_init_size_ram
                0x000040b0        0x4 LONG 0x120 __cy_region_zero_size_ram
                0x000040b4                __cy_regions_end = .
                0x000040b8                . = ALIGN (0x8)
 *fill*         0x000040b4        0x4 
                0x000040b8                _etext = .

.ramvectors     0x1fff8000      0x100
                0x1fff8000                __cy_region_start_ram = .
 *(.ramvectors)
 .ramvectors    0x1fff8000      0x100 .\CortexM3\ARM_GCC_484\Debug\Cm3Start.o
                0x1fff8000                CyRamVectors

.noinit         0x1fff8100        0x5
 *(.noinit)
 .noinit        0x1fff8100        0x4 .\CortexM3\ARM_GCC_484\Debug\Cm3Start.o
 .noinit        0x1fff8104        0x1 .\CortexM3\ARM_GCC_484\Debug\Design01.a(CyLib.o)
                0x1fff8104                CyResetStatus

.data           0x1fff8108       0x80 load address 0x000040b8
                0x1fff8108                __cy_region_start_data = .
 *(.jcr)
 .jcr           0x1fff8108        0x0 c:/program files (x86)/cypress/psoc creator/3.2/psoc creator/import/gnu/arm/4.8.4/bin/../lib/gcc/arm-none-eabi/4.8.4/armv7-m/crtbegin.o
 .jcr           0x1fff8108        0x4 c:/program files (x86)/cypress/psoc creator/3.2/psoc creator/import/gnu/arm/4.8.4/bin/../lib/gcc/arm-none-eabi/4.8.4/armv7-m/crtend.o
 *(.got.plt)
 *(.got)
 *(.shdata)
 *(.data .data.* .gnu.linkonce.d.*)
 .data          0x1fff810c        0x4 .\CortexM3\ARM_GCC_484\Debug\display.o
                0x1fff810c                loading_bar_speed_ms
 .data          0x1fff8110        0x8 .\CortexM3\ARM_GCC_484\Debug\Design01.a(CyDmac.o)
 .data          0x1fff8118       0x10 .\CortexM3\ARM_GCC_484\Debug\Design01.a(CyLib.o)
                0x1fff8118                cydelay_32k_ms
                0x1fff811c                cydelay_freq_khz
                0x1fff8120                cydelay_freq_mhz
                0x1fff8124                cydelay_freq_hz
 .data          0x1fff8128       0x10 .\CortexM3\ARM_GCC_484\Debug\Design01.a(CapSense.o)
                0x1fff8128                CapSense_sensorEnableMask
                0x1fff812c                CapSense_idacSettings
                0x1fff8134                CapSense_widgetResolution
                0x1fff8137                CapSense_lowLevelTuningDone
 .data          0x1fff8138       0x14 .\CortexM3\ARM_GCC_484\Debug\Design01.a(CapSense_CSHL.o)
                0x1fff8138                CapSense_debounce
                0x1fff813c                CapSense_noiseThreshold
                0x1fff8140                CapSense_fingerThreshold
                0x1fff8144                CapSense_hysteresis
                0x1fff8148                CapSense_posFiltersData
 .data          0x1fff814c       0x34 .\CortexM3\ARM_GCC_484\Debug\Design01.a(CapSense_SMS_Wrapper.o)
                0x1fff814c                SMS_LIB_EndOfWidgInd
                0x1fff814d                SMS_LIB_TotalScanSlCnt
                0x1fff814e                SMS_LIB_TotalSnsCnt
                0x1fff8150                SMS_LIB_Var2
                0x1fff8152                SMS_LIB_Var1
                0x1fff8154                SMS_LIB_SensorBaseline
                0x1fff8158                SMS_LIB_SensorRaw
                0x1fff815c                SMS_LIB_prescaler
                0x1fff8160                SMS_LIB_idacSettings
                0x1fff8164                SMS_LIB_fingerThreshold
                0x1fff8168                SMS_LIB_rawDataIndex
                0x1fff816c                SMS_LIB_numberOfSensors
                0x1fff8170                SMS_LIB_widgetNumber
                0x1fff8174                SMS_LIB_widgetResolution
                0x1fff8178                SMS_LIB_hysteresis
                0x1fff817c                SMS_LIB_noiseThreshold
 .data          0x1fff8180        0x1 .\CortexM3\ARM_GCC_484\Debug\Design01.a(WaveDAC8_1_Wave1_DMA_dma.o)
                0x1fff8180                WaveDAC8_1_Wave1_DMA_DmaHandle
 .data          0x1fff8181        0x1 .\CortexM3\ARM_GCC_484\Debug\Design01.a(WaveDAC8_1_Wave2_DMA_dma.o)
                0x1fff8181                WaveDAC8_1_Wave2_DMA_DmaHandle
                0x1fff8188                . = ALIGN (0x8)
 *fill*         0x1fff8182        0x6 
 *(.ram)
                0x1fff8188                _edata = .

.igot.plt       0x1fff8188        0x0 load address 0x00004138
 .igot.plt      0x00000000        0x0 c:/program files (x86)/cypress/psoc creator/3.2/psoc creator/import/gnu/arm/4.8.4/bin/../lib/gcc/arm-none-eabi/4.8.4/armv7-m/crtbegin.o

.bss            0x1fff8188      0x120 load address 0x00004138
                0x1fff8188                PROVIDE (__bss_start__, .)
 *(.shbss)
 *(.bss .bss.* .gnu.linkonce.b.*)
 .bss           0x1fff8188       0x1c c:/program files (x86)/cypress/psoc creator/3.2/psoc creator/import/gnu/arm/4.8.4/bin/../lib/gcc/arm-none-eabi/4.8.4/armv7-m/crtbegin.o
 .bss           0x1fff81a4       0x2c .\CortexM3\ARM_GCC_484\Debug\states.o
                0x1fff81a4                selectedProfile
                0x1fff81a8                movingAverage
 .bss           0x1fff81d0        0x2 .\CortexM3\ARM_GCC_484\Debug\Design01.a(LCD.o)
                0x1fff81d0                LCD_enableState
                0x1fff81d1                LCD_initVar
 .bss           0x1fff81d2        0x1 .\CortexM3\ARM_GCC_484\Debug\Design01.a(CapSense.o)
 *fill*         0x1fff81d3        0x1 
 .bss           0x1fff81d4        0x8 .\CortexM3\ARM_GCC_484\Debug\Design01.a(CapSense_CSHL.o)
                0x1fff81d4                CapSense_debounceCounter
 .bss           0x1fff81dc        0x1 .\CortexM3\ARM_GCC_484\Debug\Design01.a(PGA_1.o)
                0x1fff81dc                PGA_1_initVar
 .bss           0x1fff81dd        0x1 .\CortexM3\ARM_GCC_484\Debug\Design01.a(Comp.o)
                0x1fff81dd                Comp_initVar
 .bss           0x1fff81de        0x5 .\CortexM3\ARM_GCC_484\Debug\Design01.a(WaveDAC8_1.o)
                0x1fff81e2                WaveDAC8_1_initVar
 *fill*         0x1fff81e3        0x1 
 .bss           0x1fff81e4        0x8 .\CortexM3\ARM_GCC_484\Debug\Design01.a(Compint.o)
                0x1fff81e4                endCounts
                0x1fff81e8                startCounts
 .bss           0x1fff81ec        0x1 .\CortexM3\ARM_GCC_484\Debug\Design01.a(HeartbeatCounter.o)
                0x1fff81ec                HeartbeatCounter_initVar
 .bss           0x1fff81ed        0x1 .\CortexM3\ARM_GCC_484\Debug\Design01.a(PWM.o)
                0x1fff81ed                PWM_initVar
 *(COMMON)
 *fill*         0x1fff81ee        0x2 
 COMMON         0x1fff81f0       0x28 .\CortexM3\ARM_GCC_484\Debug\states.o
                0x1fff81f0                average
                0x1fff81f4                currentState
                0x1fff81f8                PROFILE
                0x1fff81fc                timer_value
                0x1fff8200                increasingHr
                0x1fff8204                heartbeatCounter
                0x1fff8208                Prev_state
                0x1fff820c                speed
                0x1fff8210                timer_status
                0x1fff8214                heartrate
 COMMON         0x1fff8218       0x19 .\CortexM3\ARM_GCC_484\Debug\Design01.a(CapSense.o)
                0x1fff8218                CapSense_sensorRaw
                0x1fff8228                CapSense_analogSwitchDivider
                0x1fff822f                CapSense_sensorIndex
                0x1fff8230                CapSense_csv
 *fill*         0x1fff8231        0x3 
 COMMON         0x1fff8234       0x29 .\CortexM3\ARM_GCC_484\Debug\Design01.a(CapSense_CSHL.o)
                0x1fff8234                CapSense_lowBaselineResetCnt
                0x1fff823c                CapSense_sensorBaselineLow
                0x1fff8244                CapSense_sensorSignal
                0x1fff824c                CapSense_sensorBaseline
                0x1fff825c                CapSense_sensorOnMask
 *fill*         0x1fff825d        0x3 
 COMMON         0x1fff8260       0x47 .\CortexM3\ARM_GCC_484\Debug\Design01.a(CapSense_SMS_Wrapper.o)
                0x1fff8260                SMS_LIB_Table4
                0x1fff8270                SMS_LIB_Table7
                0x1fff8278                SMS_LIB_Table8
                0x1fff827c                SMS_LIB_Table2
                0x1fff8284                SMS_LIB_Table5
                0x1fff8294                SMS_LIB_Table9
                0x1fff8298                SMS_LIB_Table6
                0x1fff82a0                SMS_LIB_Table3
                0x1fff82a8                . = ALIGN (0x8)
 *fill*         0x1fff82a7        0x1 
 *(.ram.b)
                0x1fff82a8                _end = .
                0x1fff82a8                __end = .
                0x1fff82a8                PROVIDE (end, .)
                0x1fff82a8                PROVIDE (__bss_end__, .)
                0x000040b8                __cy_region_init_ram = LOADADDR (.data)
                0x00000080                __cy_region_init_size_ram = (_edata - ADDR (.data))
                0x00000120                __cy_region_zero_size_ram = (_end - _edata)

.heap           0x1fff82a8       0x80 load address 0x00004138
                0x1fff82a8                . = _end
                0x1fff8328                . = (. + 0x80)
 *fill*         0x1fff82a8       0x80 
                0x1fff8328                __cy_heap_limit = .

.stack          0x20007800      0x800
                0x20007800                __cy_stack_limit = .
                0x20008000                . = (. + 0x800)
 *fill*         0x20007800      0x800 
                0x00000001                ASSERT ((__cy_stack_limit >= __cy_heap_limit), region RAM overflowed with stack)

.cyloadermeta
 *(.cyloadermeta)

.cyloadablemeta
 *(.cyloadablemeta)

.cyconfigecc    0x80000000      0x7ac
 *(.cyconfigecc)
 .cyconfigecc   0x80000000      0x7ac .\CortexM3\ARM_GCC_484\Debug\cymetadata.o
                0x80000000                cy_meta_configecc

.cycustnvl      0x90000000        0x4
 *(.cycustnvl)
 .cycustnvl     0x90000000        0x4 .\CortexM3\ARM_GCC_484\Debug\cymetadata.o
                0x90000000                cy_meta_custnvl

.cywolatch      0x90100000        0x4
 *(.cywolatch)
 .cywolatch     0x90100000        0x4 .\CortexM3\ARM_GCC_484\Debug\cymetadata.o
                0x90100000                cy_meta_wonvl

.cyeeprom       0x90200000        0x0
 *(.cyeeprom)
                0x00000001                ASSERT ((. <= ((0x90200000 + ee_offset) + ee_size)), .cyeeprom data will not fit in EEPROM)

.cyflashprotect
                0x90400000      0x100
 *(.cyflashprotect)
 .cyflashprotect
                0x90400000      0x100 .\CortexM3\ARM_GCC_484\Debug\cymetadata.o
                0x90400000                cy_meta_flashprotect

.cymeta         0x90500000        0xc
 *(.cymeta)
 .cymeta        0x90500000        0xc .\CortexM3\ARM_GCC_484\Debug\cymetadata.o
                0x90500000                cy_metadata

.rel.dyn        0x00004138        0x0 load address 0x9050000c
 .rel.iplt      0x00000000        0x0 c:/program files (x86)/cypress/psoc creator/3.2/psoc creator/import/gnu/arm/4.8.4/bin/../lib/gcc/arm-none-eabi/4.8.4/armv7-m/crtbegin.o

.stab
 *(.stab)

.stabstr
 *(.stabstr)

.debug
 *(.debug)

.line
 *(.line)

.debug_srcinfo
 *(.debug_srcinfo)

.debug_sfnames
 *(.debug_sfnames)

.debug_aranges  0x00000000     0x13a0
 *(.debug_aranges)
 .debug_aranges
                0x00000000       0x50 .\CortexM3\ARM_GCC_484\Debug\states.o
 .debug_aranges
                0x00000050       0x38 .\CortexM3\ARM_GCC_484\Debug\motor.o
 .debug_aranges
                0x00000088       0x38 .\CortexM3\ARM_GCC_484\Debug\speaker.o
 .debug_aranges
                0x000000c0       0x30 .\CortexM3\ARM_GCC_484\Debug\display.o
 .debug_aranges
                0x000000f0       0x20 .\CortexM3\ARM_GCC_484\Debug\system.o
 .debug_aranges
                0x00000110       0x20 .\CortexM3\ARM_GCC_484\Debug\heartrate.o
 .debug_aranges
                0x00000130       0x20 .\CortexM3\ARM_GCC_484\Debug\main.o
 .debug_aranges
                0x00000150       0x28 .\CortexM3\ARM_GCC_484\Debug\terminal.o
 .debug_aranges
                0x00000178       0x18 .\CortexM3\ARM_GCC_484\Debug\cymetadata.o
 .debug_aranges
                0x00000190       0x48 .\CortexM3\ARM_GCC_484\Debug\Cm3Start.o
 .debug_aranges
                0x000001d8       0x68 .\CortexM3\ARM_GCC_484\Debug\Design01.a(cyfitter_cfg.o)
 .debug_aranges
                0x00000240       0x20 .\CortexM3\ARM_GCC_484\Debug\Design01.a(CyBootAsmGnu.o)
 .debug_aranges
                0x00000260       0xd8 .\CortexM3\ARM_GCC_484\Debug\Design01.a(CyDmac.o)
 .debug_aranges
                0x00000338      0x298 .\CortexM3\ARM_GCC_484\Debug\Design01.a(CyLib.o)
 .debug_aranges
                0x000005d0       0x98 .\CortexM3\ARM_GCC_484\Debug\Design01.a(cyPm.o)
 .debug_aranges
                0x00000668       0x98 .\CortexM3\ARM_GCC_484\Debug\Design01.a(LCD.o)
 .debug_aranges
                0x00000700       0x28 .\CortexM3\ARM_GCC_484\Debug\Design01.a(LCD_BarGraph.o)
 .debug_aranges
                0x00000728       0x38 .\CortexM3\ARM_GCC_484\Debug\Design01.a(Speaker_Output.o)
 .debug_aranges
                0x00000760       0xb0 .\CortexM3\ARM_GCC_484\Debug\Design01.a(CapSense.o)
 .debug_aranges
                0x00000810       0x90 .\CortexM3\ARM_GCC_484\Debug\Design01.a(CapSense_CSHL.o)
 .debug_aranges
                0x000008a0       0x20 .\CortexM3\ARM_GCC_484\Debug\Design01.a(CapSense_INT.o)
 .debug_aranges
                0x000008c0       0x50 .\CortexM3\ARM_GCC_484\Debug\Design01.a(CapSense_SMS_Wrapper.o)
 .debug_aranges
                0x00000910       0x70 .\CortexM3\ARM_GCC_484\Debug\Design01.a(CapSense_CompCH0.o)
 .debug_aranges
                0x00000980       0x60 .\CortexM3\ARM_GCC_484\Debug\Design01.a(CapSense_IdacCH0.o)
 .debug_aranges
                0x000009e0       0x48 .\CortexM3\ARM_GCC_484\Debug\Design01.a(CapSense_AMuxCH0.o)
 .debug_aranges
                0x00000a28       0x70 .\CortexM3\ARM_GCC_484\Debug\Design01.a(CapSense_IntClock.o)
 .debug_aranges
                0x00000a98       0x48 .\CortexM3\ARM_GCC_484\Debug\Design01.a(PGA_1.o)
 .debug_aranges
                0x00000ae0       0x70 .\CortexM3\ARM_GCC_484\Debug\Design01.a(Comp.o)
 .debug_aranges
                0x00000b50       0x50 .\CortexM3\ARM_GCC_484\Debug\Design01.a(WaveDAC8_1.o)
 .debug_aranges
                0x00000ba0       0x80 .\CortexM3\ARM_GCC_484\Debug\Design01.a(Compint.o)
 .debug_aranges
                0x00000c20       0x98 .\CortexM3\ARM_GCC_484\Debug\Design01.a(HeartbeatCounter.o)
 .debug_aranges
                0x00000cb8       0xb0 .\CortexM3\ARM_GCC_484\Debug\Design01.a(USBUART_cdc.o)
 .debug_aranges
                0x00000d68       0x98 .\CortexM3\ARM_GCC_484\Debug\Design01.a(USBUART_drv.o)
 .debug_aranges
                0x00000e00       0x78 .\CortexM3\ARM_GCC_484\Debug\Design01.a(USBUART_std.o)
 .debug_aranges
                0x00000e78       0x20 .\CortexM3\ARM_GCC_484\Debug\Design01.a(USBUART_vnd.o)
 .debug_aranges
                0x00000e98       0x70 .\CortexM3\ARM_GCC_484\Debug\Design01.a(timer_clock_1.o)
 .debug_aranges
                0x00000f08       0x80 .\CortexM3\ARM_GCC_484\Debug\Design01.a(PWM.o)
 .debug_aranges
                0x00000f88       0x80 .\CortexM3\ARM_GCC_484\Debug\Design01.a(STOP.o)
 .debug_aranges
                0x00001008       0x80 .\CortexM3\ARM_GCC_484\Debug\Design01.a(CyFlash.o)
 .debug_aranges
                0x00001088       0x78 .\CortexM3\ARM_GCC_484\Debug\Design01.a(CySpc.o)
 .debug_aranges
                0x00001100       0x70 .\CortexM3\ARM_GCC_484\Debug\Design01.a(WaveDAC8_1_DacClk.o)
 .debug_aranges
                0x00001170       0x28 .\CortexM3\ARM_GCC_484\Debug\Design01.a(WaveDAC8_1_Wave1_DMA_dma.o)
 .debug_aranges
                0x00001198       0x28 .\CortexM3\ARM_GCC_484\Debug\Design01.a(WaveDAC8_1_Wave2_DMA_dma.o)
 .debug_aranges
                0x000011c0       0x58 .\CortexM3\ARM_GCC_484\Debug\Design01.a(WaveDAC8_1_VDAC8.o)
 .debug_aranges
                0x00001218       0xb0 .\CortexM3\ARM_GCC_484\Debug\Design01.a(USBUART.o)
 .debug_aranges
                0x000012c8       0x20 .\CortexM3\ARM_GCC_484\Debug\Design01.a(USBUART_cls.o)
 .debug_aranges
                0x000012e8       0x18 .\CortexM3\ARM_GCC_484\Debug\Design01.a(USBUART_descr.o)
 .debug_aranges
                0x00001300       0x40 .\CortexM3\ARM_GCC_484\Debug\Design01.a(USBUART_episr.o)
 .debug_aranges
                0x00001340       0x60 C:\Program Files (x86)\Cypress\PSoC Creator\3.2\PSoC Creator\psoc\content\cycomponentlibrary\CyComponentLibrary.cylib\CapSense_CSD_v3_50\Library\CapSenseLibrary_GCC.a(CapSense_CSD_SmartSense_v3_50.o)

.debug_pubnames
 *(.debug_pubnames)

.debug_info     0x00000000     0xd261
 *(.debug_info .gnu.linkonce.wi.*)
 .debug_info    0x00000000      0x606 .\CortexM3\ARM_GCC_484\Debug\states.o
 .debug_info    0x00000606      0x306 .\CortexM3\ARM_GCC_484\Debug\motor.o
 .debug_info    0x0000090c      0x25e .\CortexM3\ARM_GCC_484\Debug\speaker.o
 .debug_info    0x00000b6a      0x3dd .\CortexM3\ARM_GCC_484\Debug\display.o
 .debug_info    0x00000f47      0x244 .\CortexM3\ARM_GCC_484\Debug\system.o
 .debug_info    0x0000118b      0x24e .\CortexM3\ARM_GCC_484\Debug\heartrate.o
 .debug_info    0x000013d9      0x245 .\CortexM3\ARM_GCC_484\Debug\main.o
 .debug_info    0x0000161e      0x298 .\CortexM3\ARM_GCC_484\Debug\terminal.o
 .debug_info    0x000018b6      0x13e .\CortexM3\ARM_GCC_484\Debug\cymetadata.o
 .debug_info    0x000019f4      0x3af .\CortexM3\ARM_GCC_484\Debug\Cm3Start.o
 .debug_info    0x00001da3      0x616 .\CortexM3\ARM_GCC_484\Debug\Design01.a(cyfitter_cfg.o)
 .debug_info    0x000023b9       0x8d .\CortexM3\ARM_GCC_484\Debug\Design01.a(CyBootAsmGnu.o)
 .debug_info    0x00002446      0x93f .\CortexM3\ARM_GCC_484\Debug\Design01.a(CyDmac.o)
 .debug_info    0x00002d85     0x1373 .\CortexM3\ARM_GCC_484\Debug\Design01.a(CyLib.o)
 .debug_info    0x000040f8      0xa56 .\CortexM3\ARM_GCC_484\Debug\Design01.a(cyPm.o)
 .debug_info    0x00004b4e      0x761 .\CortexM3\ARM_GCC_484\Debug\Design01.a(LCD.o)
 .debug_info    0x000052af      0x232 .\CortexM3\ARM_GCC_484\Debug\Design01.a(LCD_BarGraph.o)
 .debug_info    0x000054e1      0x120 .\CortexM3\ARM_GCC_484\Debug\Design01.a(Speaker_Output.o)
 .debug_info    0x00005601      0x856 .\CortexM3\ARM_GCC_484\Debug\Design01.a(CapSense.o)
 .debug_info    0x00005e57      0x924 .\CortexM3\ARM_GCC_484\Debug\Design01.a(CapSense_CSHL.o)
 .debug_info    0x0000677b      0x1cc .\CortexM3\ARM_GCC_484\Debug\Design01.a(CapSense_INT.o)
 .debug_info    0x00006947      0x4b4 .\CortexM3\ARM_GCC_484\Debug\Design01.a(CapSense_SMS_Wrapper.o)
 .debug_info    0x00006dfb      0x2c0 .\CortexM3\ARM_GCC_484\Debug\Design01.a(CapSense_CompCH0.o)
 .debug_info    0x000070bb      0x208 .\CortexM3\ARM_GCC_484\Debug\Design01.a(CapSense_IdacCH0.o)
 .debug_info    0x000072c3      0x1da .\CortexM3\ARM_GCC_484\Debug\Design01.a(CapSense_AMuxCH0.o)
 .debug_info    0x0000749d      0x283 .\CortexM3\ARM_GCC_484\Debug\Design01.a(CapSense_IntClock.o)
 .debug_info    0x00007720      0x1c4 .\CortexM3\ARM_GCC_484\Debug\Design01.a(PGA_1.o)
 .debug_info    0x000078e4      0x2c0 .\CortexM3\ARM_GCC_484\Debug\Design01.a(Comp.o)
 .debug_info    0x00007ba4      0x5a0 .\CortexM3\ARM_GCC_484\Debug\Design01.a(WaveDAC8_1.o)
 .debug_info    0x00008144      0x453 .\CortexM3\ARM_GCC_484\Debug\Design01.a(Compint.o)
 .debug_info    0x00008597      0x33e .\CortexM3\ARM_GCC_484\Debug\Design01.a(HeartbeatCounter.o)
 .debug_info    0x000088d5      0x70e .\CortexM3\ARM_GCC_484\Debug\Design01.a(USBUART_cdc.o)
 .debug_info    0x00008fe3      0x612 .\CortexM3\ARM_GCC_484\Debug\Design01.a(USBUART_drv.o)
 .debug_info    0x000095f5      0x948 .\CortexM3\ARM_GCC_484\Debug\Design01.a(USBUART_std.o)
 .debug_info    0x00009f3d      0x18c .\CortexM3\ARM_GCC_484\Debug\Design01.a(USBUART_vnd.o)
 .debug_info    0x0000a0c9      0x283 .\CortexM3\ARM_GCC_484\Debug\Design01.a(timer_clock_1.o)
 .debug_info    0x0000a34c      0x28d .\CortexM3\ARM_GCC_484\Debug\Design01.a(PWM.o)
 .debug_info    0x0000a5d9      0x37c .\CortexM3\ARM_GCC_484\Debug\Design01.a(STOP.o)
 .debug_info    0x0000a955      0x60a .\CortexM3\ARM_GCC_484\Debug\Design01.a(CyFlash.o)
 .debug_info    0x0000af5f      0x4ee .\CortexM3\ARM_GCC_484\Debug\Design01.a(CySpc.o)
 .debug_info    0x0000b44d      0x283 .\CortexM3\ARM_GCC_484\Debug\Design01.a(WaveDAC8_1_DacClk.o)
 .debug_info    0x0000b6d0      0x1fb .\CortexM3\ARM_GCC_484\Debug\Design01.a(WaveDAC8_1_Wave1_DMA_dma.o)
 .debug_info    0x0000b8cb      0x1fb .\CortexM3\ARM_GCC_484\Debug\Design01.a(WaveDAC8_1_Wave2_DMA_dma.o)
 .debug_info    0x0000bac6      0x1dd .\CortexM3\ARM_GCC_484\Debug\Design01.a(WaveDAC8_1_VDAC8.o)
 .debug_info    0x0000bca3      0x821 .\CortexM3\ARM_GCC_484\Debug\Design01.a(USBUART.o)
 .debug_info    0x0000c4c4      0x1b1 .\CortexM3\ARM_GCC_484\Debug\Design01.a(USBUART_cls.o)
 .debug_info    0x0000c675      0x2c9 .\CortexM3\ARM_GCC_484\Debug\Design01.a(USBUART_descr.o)
 .debug_info    0x0000c93e      0x1bb .\CortexM3\ARM_GCC_484\Debug\Design01.a(USBUART_episr.o)
 .debug_info    0x0000caf9      0x768 C:\Program Files (x86)\Cypress\PSoC Creator\3.2\PSoC Creator\psoc\content\cycomponentlibrary\CyComponentLibrary.cylib\CapSense_CSD_v3_50\Library\CapSenseLibrary_GCC.a(CapSense_CSD_SmartSense_v3_50.o)

.debug_abbrev   0x00000000     0x4095
 *(.debug_abbrev)
 .debug_abbrev  0x00000000      0x15d .\CortexM3\ARM_GCC_484\Debug\states.o
 .debug_abbrev  0x0000015d      0x130 .\CortexM3\ARM_GCC_484\Debug\motor.o
 .debug_abbrev  0x0000028d      0x120 .\CortexM3\ARM_GCC_484\Debug\speaker.o
 .debug_abbrev  0x000003ad       0xf1 .\CortexM3\ARM_GCC_484\Debug\display.o
 .debug_abbrev  0x0000049e       0xa3 .\CortexM3\ARM_GCC_484\Debug\system.o
 .debug_abbrev  0x00000541       0xd4 .\CortexM3\ARM_GCC_484\Debug\heartrate.o
 .debug_abbrev  0x00000615       0xe1 .\CortexM3\ARM_GCC_484\Debug\main.o
 .debug_abbrev  0x000006f6      0x11d .\CortexM3\ARM_GCC_484\Debug\terminal.o
 .debug_abbrev  0x00000813       0x77 .\CortexM3\ARM_GCC_484\Debug\cymetadata.o
 .debug_abbrev  0x0000088a      0x20d .\CortexM3\ARM_GCC_484\Debug\Cm3Start.o
 .debug_abbrev  0x00000a97      0x22c .\CortexM3\ARM_GCC_484\Debug\Design01.a(cyfitter_cfg.o)
 .debug_abbrev  0x00000cc3       0x14 .\CortexM3\ARM_GCC_484\Debug\Design01.a(CyBootAsmGnu.o)
 .debug_abbrev  0x00000cd7      0x1cc .\CortexM3\ARM_GCC_484\Debug\Design01.a(CyDmac.o)
 .debug_abbrev  0x00000ea3      0x296 .\CortexM3\ARM_GCC_484\Debug\Design01.a(CyLib.o)
 .debug_abbrev  0x00001139      0x1fa .\CortexM3\ARM_GCC_484\Debug\Design01.a(cyPm.o)
 .debug_abbrev  0x00001333      0x17e .\CortexM3\ARM_GCC_484\Debug\Design01.a(LCD.o)
 .debug_abbrev  0x000014b1      0x11c .\CortexM3\ARM_GCC_484\Debug\Design01.a(LCD_BarGraph.o)
 .debug_abbrev  0x000015cd       0x9d .\CortexM3\ARM_GCC_484\Debug\Design01.a(Speaker_Output.o)
 .debug_abbrev  0x0000166a      0x1fa .\CortexM3\ARM_GCC_484\Debug\Design01.a(CapSense.o)
 .debug_abbrev  0x00001864      0x1fd .\CortexM3\ARM_GCC_484\Debug\Design01.a(CapSense_CSHL.o)
 .debug_abbrev  0x00001a61       0xc5 .\CortexM3\ARM_GCC_484\Debug\Design01.a(CapSense_INT.o)
 .debug_abbrev  0x00001b26      0x142 .\CortexM3\ARM_GCC_484\Debug\Design01.a(CapSense_SMS_Wrapper.o)
 .debug_abbrev  0x00001c68      0x182 .\CortexM3\ARM_GCC_484\Debug\Design01.a(CapSense_CompCH0.o)
 .debug_abbrev  0x00001dea      0x113 .\CortexM3\ARM_GCC_484\Debug\Design01.a(CapSense_IdacCH0.o)
 .debug_abbrev  0x00001efd       0xcd .\CortexM3\ARM_GCC_484\Debug\Design01.a(CapSense_AMuxCH0.o)
 .debug_abbrev  0x00001fca      0x137 .\CortexM3\ARM_GCC_484\Debug\Design01.a(CapSense_IntClock.o)
 .debug_abbrev  0x00002101       0xf4 .\CortexM3\ARM_GCC_484\Debug\Design01.a(PGA_1.o)
 .debug_abbrev  0x000021f5      0x182 .\CortexM3\ARM_GCC_484\Debug\Design01.a(Comp.o)
 .debug_abbrev  0x00002377      0x163 .\CortexM3\ARM_GCC_484\Debug\Design01.a(WaveDAC8_1.o)
 .debug_abbrev  0x000024da      0x1ad .\CortexM3\ARM_GCC_484\Debug\Design01.a(Compint.o)
 .debug_abbrev  0x00002687      0x13e .\CortexM3\ARM_GCC_484\Debug\Design01.a(HeartbeatCounter.o)
 .debug_abbrev  0x000027c5      0x23a .\CortexM3\ARM_GCC_484\Debug\Design01.a(USBUART_cdc.o)
 .debug_abbrev  0x000029ff      0x18b .\CortexM3\ARM_GCC_484\Debug\Design01.a(USBUART_drv.o)
 .debug_abbrev  0x00002b8a      0x1cb .\CortexM3\ARM_GCC_484\Debug\Design01.a(USBUART_std.o)
 .debug_abbrev  0x00002d55       0xe3 .\CortexM3\ARM_GCC_484\Debug\Design01.a(USBUART_vnd.o)
 .debug_abbrev  0x00002e38      0x137 .\CortexM3\ARM_GCC_484\Debug\Design01.a(timer_clock_1.o)
 .debug_abbrev  0x00002f6f      0x13a .\CortexM3\ARM_GCC_484\Debug\Design01.a(PWM.o)
 .debug_abbrev  0x000030a9      0x168 .\CortexM3\ARM_GCC_484\Debug\Design01.a(STOP.o)
 .debug_abbrev  0x00003211      0x1de .\CortexM3\ARM_GCC_484\Debug\Design01.a(CyFlash.o)
 .debug_abbrev  0x000033ef      0x1ce .\CortexM3\ARM_GCC_484\Debug\Design01.a(CySpc.o)
 .debug_abbrev  0x000035bd      0x137 .\CortexM3\ARM_GCC_484\Debug\Design01.a(WaveDAC8_1_DacClk.o)
 .debug_abbrev  0x000036f4       0xf8 .\CortexM3\ARM_GCC_484\Debug\Design01.a(WaveDAC8_1_Wave1_DMA_dma.o)
 .debug_abbrev  0x000037ec       0xf8 .\CortexM3\ARM_GCC_484\Debug\Design01.a(WaveDAC8_1_Wave2_DMA_dma.o)
 .debug_abbrev  0x000038e4      0x104 .\CortexM3\ARM_GCC_484\Debug\Design01.a(WaveDAC8_1_VDAC8.o)
 .debug_abbrev  0x000039e8      0x22e .\CortexM3\ARM_GCC_484\Debug\Design01.a(USBUART.o)
 .debug_abbrev  0x00003c16       0xe3 .\CortexM3\ARM_GCC_484\Debug\Design01.a(USBUART_cls.o)
 .debug_abbrev  0x00003cf9       0xa7 .\CortexM3\ARM_GCC_484\Debug\Design01.a(USBUART_descr.o)
 .debug_abbrev  0x00003da0       0xf0 .\CortexM3\ARM_GCC_484\Debug\Design01.a(USBUART_episr.o)
 .debug_abbrev  0x00003e90      0x205 C:\Program Files (x86)\Cypress\PSoC Creator\3.2\PSoC Creator\psoc\content\cycomponentlibrary\CyComponentLibrary.cylib\CapSense_CSD_v3_50\Library\CapSenseLibrary_GCC.a(CapSense_CSD_SmartSense_v3_50.o)

.debug_line     0x00000000     0x4fb0
 *(.debug_line)
 .debug_line    0x00000000      0x1b3 .\CortexM3\ARM_GCC_484\Debug\states.o
 .debug_line    0x000001b3      0x124 .\CortexM3\ARM_GCC_484\Debug\motor.o
 .debug_line    0x000002d7       0xac .\CortexM3\ARM_GCC_484\Debug\speaker.o
 .debug_line    0x00000383      0x107 .\CortexM3\ARM_GCC_484\Debug\display.o
 .debug_line    0x0000048a      0x127 .\CortexM3\ARM_GCC_484\Debug\system.o
 .debug_line    0x000005b1       0x9e .\CortexM3\ARM_GCC_484\Debug\heartrate.o
 .debug_line    0x0000064f      0x1a8 .\CortexM3\ARM_GCC_484\Debug\main.o
 .debug_line    0x000007f7      0x11c .\CortexM3\ARM_GCC_484\Debug\terminal.o
 .debug_line    0x00000913       0x53 .\CortexM3\ARM_GCC_484\Debug\cymetadata.o
 .debug_line    0x00000966      0x243 .\CortexM3\ARM_GCC_484\Debug\Cm3Start.o
 .debug_line    0x00000ba9      0x230 .\CortexM3\ARM_GCC_484\Debug\Design01.a(cyfitter_cfg.o)
 .debug_line    0x00000dd9       0x68 .\CortexM3\ARM_GCC_484\Debug\Design01.a(CyBootAsmGnu.o)
 .debug_line    0x00000e41      0x2de .\CortexM3\ARM_GCC_484\Debug\Design01.a(CyDmac.o)
 .debug_line    0x0000111f      0x818 .\CortexM3\ARM_GCC_484\Debug\Design01.a(CyLib.o)
 .debug_line    0x00001937      0x366 .\CortexM3\ARM_GCC_484\Debug\Design01.a(cyPm.o)
 .debug_line    0x00001c9d      0x1fa .\CortexM3\ARM_GCC_484\Debug\Design01.a(LCD.o)
 .debug_line    0x00001e97       0xc3 .\CortexM3\ARM_GCC_484\Debug\Design01.a(LCD_BarGraph.o)
 .debug_line    0x00001f5a       0x9d .\CortexM3\ARM_GCC_484\Debug\Design01.a(Speaker_Output.o)
 .debug_line    0x00001ff7      0x2c0 .\CortexM3\ARM_GCC_484\Debug\Design01.a(CapSense.o)
 .debug_line    0x000022b7      0x2c4 .\CortexM3\ARM_GCC_484\Debug\Design01.a(CapSense_CSHL.o)
 .debug_line    0x0000257b       0xa5 .\CortexM3\ARM_GCC_484\Debug\Design01.a(CapSense_INT.o)
 .debug_line    0x00002620       0xf6 .\CortexM3\ARM_GCC_484\Debug\Design01.a(CapSense_SMS_Wrapper.o)
 .debug_line    0x00002716      0x179 .\CortexM3\ARM_GCC_484\Debug\Design01.a(CapSense_CompCH0.o)
 .debug_line    0x0000288f      0x106 .\CortexM3\ARM_GCC_484\Debug\Design01.a(CapSense_IdacCH0.o)
 .debug_line    0x00002995       0xe9 .\CortexM3\ARM_GCC_484\Debug\Design01.a(CapSense_AMuxCH0.o)
 .debug_line    0x00002a7e      0x1a1 .\CortexM3\ARM_GCC_484\Debug\Design01.a(CapSense_IntClock.o)
 .debug_line    0x00002c1f       0xce .\CortexM3\ARM_GCC_484\Debug\Design01.a(PGA_1.o)
 .debug_line    0x00002ced      0x16d .\CortexM3\ARM_GCC_484\Debug\Design01.a(Comp.o)
 .debug_line    0x00002e5a      0x179 .\CortexM3\ARM_GCC_484\Debug\Design01.a(WaveDAC8_1.o)
 .debug_line    0x00002fd3      0x19f .\CortexM3\ARM_GCC_484\Debug\Design01.a(Compint.o)
 .debug_line    0x00003172      0x196 .\CortexM3\ARM_GCC_484\Debug\Design01.a(HeartbeatCounter.o)
 .debug_line    0x00003308      0x227 .\CortexM3\ARM_GCC_484\Debug\Design01.a(USBUART_cdc.o)
 .debug_line    0x0000352f      0x228 .\CortexM3\ARM_GCC_484\Debug\Design01.a(USBUART_drv.o)
 .debug_line    0x00003757      0x3c9 .\CortexM3\ARM_GCC_484\Debug\Design01.a(USBUART_std.o)
 .debug_line    0x00003b20       0x8d .\CortexM3\ARM_GCC_484\Debug\Design01.a(USBUART_vnd.o)
 .debug_line    0x00003bad      0x19d .\CortexM3\ARM_GCC_484\Debug\Design01.a(timer_clock_1.o)
 .debug_line    0x00003d4a      0x13d .\CortexM3\ARM_GCC_484\Debug\Design01.a(PWM.o)
 .debug_line    0x00003e87      0x177 .\CortexM3\ARM_GCC_484\Debug\Design01.a(STOP.o)
 .debug_line    0x00003ffe      0x233 .\CortexM3\ARM_GCC_484\Debug\Design01.a(CyFlash.o)
 .debug_line    0x00004231      0x248 .\CortexM3\ARM_GCC_484\Debug\Design01.a(CySpc.o)
 .debug_line    0x00004479      0x1a1 .\CortexM3\ARM_GCC_484\Debug\Design01.a(WaveDAC8_1_DacClk.o)
 .debug_line    0x0000461a       0xaa .\CortexM3\ARM_GCC_484\Debug\Design01.a(WaveDAC8_1_Wave1_DMA_dma.o)
 .debug_line    0x000046c4       0xaa .\CortexM3\ARM_GCC_484\Debug\Design01.a(WaveDAC8_1_Wave2_DMA_dma.o)
 .debug_line    0x0000476e       0xee .\CortexM3\ARM_GCC_484\Debug\Design01.a(WaveDAC8_1_VDAC8.o)
 .debug_line    0x0000485c      0x293 .\CortexM3\ARM_GCC_484\Debug\Design01.a(USBUART.o)
 .debug_line    0x00004aef       0x96 .\CortexM3\ARM_GCC_484\Debug\Design01.a(USBUART_cls.o)
 .debug_line    0x00004b85       0x63 .\CortexM3\ARM_GCC_484\Debug\Design01.a(USBUART_descr.o)
 .debug_line    0x00004be8       0xda .\CortexM3\ARM_GCC_484\Debug\Design01.a(USBUART_episr.o)
 .debug_line    0x00004cc2      0x2ee C:\Program Files (x86)\Cypress\PSoC Creator\3.2\PSoC Creator\psoc\content\cycomponentlibrary\CyComponentLibrary.cylib\CapSense_CSD_v3_50\Library\CapSenseLibrary_GCC.a(CapSense_CSD_SmartSense_v3_50.o)

.debug_frame    0x00000000     0x33ac
 *(.debug_frame)
 .debug_frame   0x00000000       0xe0 .\CortexM3\ARM_GCC_484\Debug\states.o
 .debug_frame   0x000000e0       0x88 .\CortexM3\ARM_GCC_484\Debug\motor.o
 .debug_frame   0x00000168       0x90 .\CortexM3\ARM_GCC_484\Debug\speaker.o
 .debug_frame   0x000001f8       0x7c .\CortexM3\ARM_GCC_484\Debug\display.o
 .debug_frame   0x00000274       0x2c .\CortexM3\ARM_GCC_484\Debug\system.o
 .debug_frame   0x000002a0       0x2c .\CortexM3\ARM_GCC_484\Debug\heartrate.o
 .debug_frame   0x000002cc       0x2c .\CortexM3\ARM_GCC_484\Debug\main.o
 .debug_frame   0x000002f8       0x48 .\CortexM3\ARM_GCC_484\Debug\terminal.o
 .debug_frame   0x00000340       0xac .\CortexM3\ARM_GCC_484\Debug\Cm3Start.o
 .debug_frame   0x000003ec      0x100 .\CortexM3\ARM_GCC_484\Debug\Design01.a(cyfitter_cfg.o)
 .debug_frame   0x000004ec      0x1d0 .\CortexM3\ARM_GCC_484\Debug\Design01.a(CyDmac.o)
 .debug_frame   0x000006bc      0x730 .\CortexM3\ARM_GCC_484\Debug\Design01.a(CyLib.o)
 .debug_frame   0x00000dec      0x1fc .\CortexM3\ARM_GCC_484\Debug\Design01.a(cyPm.o)
 .debug_frame   0x00000fe8      0x1ec .\CortexM3\ARM_GCC_484\Debug\Design01.a(LCD.o)
 .debug_frame   0x000011d4       0x58 .\CortexM3\ARM_GCC_484\Debug\Design01.a(LCD_BarGraph.o)
 .debug_frame   0x0000122c       0x50 .\CortexM3\ARM_GCC_484\Debug\Design01.a(Speaker_Output.o)
 .debug_frame   0x0000127c      0x1e8 .\CortexM3\ARM_GCC_484\Debug\Design01.a(CapSense.o)
 .debug_frame   0x00001464      0x1dc .\CortexM3\ARM_GCC_484\Debug\Design01.a(CapSense_CSHL.o)
 .debug_frame   0x00001640       0x2c .\CortexM3\ARM_GCC_484\Debug\Design01.a(CapSense_INT.o)
 .debug_frame   0x0000166c       0xc8 .\CortexM3\ARM_GCC_484\Debug\Design01.a(CapSense_SMS_Wrapper.o)
 .debug_frame   0x00001734      0x10c .\CortexM3\ARM_GCC_484\Debug\Design01.a(CapSense_CompCH0.o)
 .debug_frame   0x00001840       0xd0 .\CortexM3\ARM_GCC_484\Debug\Design01.a(CapSense_IdacCH0.o)
 .debug_frame   0x00001910       0xb8 .\CortexM3\ARM_GCC_484\Debug\Design01.a(CapSense_AMuxCH0.o)
 .debug_frame   0x000019c8       0xe0 .\CortexM3\ARM_GCC_484\Debug\Design01.a(CapSense_IntClock.o)
 .debug_frame   0x00001aa8       0x94 .\CortexM3\ARM_GCC_484\Debug\Design01.a(PGA_1.o)
 .debug_frame   0x00001b3c      0x10c .\CortexM3\ARM_GCC_484\Debug\Design01.a(Comp.o)
 .debug_frame   0x00001c48       0xe0 .\CortexM3\ARM_GCC_484\Debug\Design01.a(WaveDAC8_1.o)
 .debug_frame   0x00001d28      0x110 .\CortexM3\ARM_GCC_484\Debug\Design01.a(Compint.o)
 .debug_frame   0x00001e38      0x134 .\CortexM3\ARM_GCC_484\Debug\Design01.a(HeartbeatCounter.o)
 .debug_frame   0x00001f6c      0x1cc .\CortexM3\ARM_GCC_484\Debug\Design01.a(USBUART_cdc.o)
 .debug_frame   0x00002138      0x190 .\CortexM3\ARM_GCC_484\Debug\Design01.a(USBUART_drv.o)
 .debug_frame   0x000022c8      0x18c .\CortexM3\ARM_GCC_484\Debug\Design01.a(USBUART_std.o)
 .debug_frame   0x00002454       0x2c .\CortexM3\ARM_GCC_484\Debug\Design01.a(USBUART_vnd.o)
 .debug_frame   0x00002480       0xe0 .\CortexM3\ARM_GCC_484\Debug\Design01.a(timer_clock_1.o)
 .debug_frame   0x00002560       0xf8 .\CortexM3\ARM_GCC_484\Debug\Design01.a(PWM.o)
 .debug_frame   0x00002658      0x104 .\CortexM3\ARM_GCC_484\Debug\Design01.a(STOP.o)
 .debug_frame   0x0000275c      0x17c .\CortexM3\ARM_GCC_484\Debug\Design01.a(CyFlash.o)
 .debug_frame   0x000028d8      0x148 .\CortexM3\ARM_GCC_484\Debug\Design01.a(CySpc.o)
 .debug_frame   0x00002a20       0xe0 .\CortexM3\ARM_GCC_484\Debug\Design01.a(WaveDAC8_1_DacClk.o)
 .debug_frame   0x00002b00       0x54 .\CortexM3\ARM_GCC_484\Debug\Design01.a(WaveDAC8_1_Wave1_DMA_dma.o)
 .debug_frame   0x00002b54       0x54 .\CortexM3\ARM_GCC_484\Debug\Design01.a(WaveDAC8_1_Wave2_DMA_dma.o)
 .debug_frame   0x00002ba8       0xb4 .\CortexM3\ARM_GCC_484\Debug\Design01.a(WaveDAC8_1_VDAC8.o)
 .debug_frame   0x00002c5c      0x1a4 .\CortexM3\ARM_GCC_484\Debug\Design01.a(USBUART.o)
 .debug_frame   0x00002e00       0x2c .\CortexM3\ARM_GCC_484\Debug\Design01.a(USBUART_cls.o)
 .debug_frame   0x00002e2c       0x6c .\CortexM3\ARM_GCC_484\Debug\Design01.a(USBUART_episr.o)
 .debug_frame   0x00002e98      0x168 C:\Program Files (x86)\Cypress\PSoC Creator\3.2\PSoC Creator\psoc\content\cycomponentlibrary\CyComponentLibrary.cylib\CapSense_CSD_v3_50\Library\CapSenseLibrary_GCC.a(CapSense_CSD_SmartSense_v3_50.o)
 .debug_frame   0x00003000       0x20 c:/program files (x86)/cypress/psoc creator/3.2/psoc creator/import/gnu/arm/4.8.4/bin/../lib/gcc/arm-none-eabi/4.8.4/armv7-m\libgcc.a(_udivsi3.o)
 .debug_frame   0x00003020       0x20 c:/program files (x86)/cypress/psoc creator/3.2/psoc creator/import/gnu/arm/4.8.4/bin/../lib/gcc/arm-none-eabi/4.8.4/../../../../arm-none-eabi/lib/armv7-m\libg_s.a(lib_a-errno.o)
 .debug_frame   0x00003040       0x28 c:/program files (x86)/cypress/psoc creator/3.2/psoc creator/import/gnu/arm/4.8.4/bin/../lib/gcc/arm-none-eabi/4.8.4/../../../../arm-none-eabi/lib/armv7-m\libg_s.a(lib_a-exit.o)
 .debug_frame   0x00003068       0x2c c:/program files (x86)/cypress/psoc creator/3.2/psoc creator/import/gnu/arm/4.8.4/bin/../lib/gcc/arm-none-eabi/4.8.4/../../../../arm-none-eabi/lib/armv7-m\libg_s.a(lib_a-init.o)
 .debug_frame   0x00003094       0x28 c:/program files (x86)/cypress/psoc creator/3.2/psoc creator/import/gnu/arm/4.8.4/bin/../lib/gcc/arm-none-eabi/4.8.4/../../../../arm-none-eabi/lib/armv7-m\libg_s.a(lib_a-memcpy-stub.o)
 .debug_frame   0x000030bc       0x20 c:/program files (x86)/cypress/psoc creator/3.2/psoc creator/import/gnu/arm/4.8.4/bin/../lib/gcc/arm-none-eabi/4.8.4/../../../../arm-none-eabi/lib/armv7-m\libg_s.a(lib_a-memset.o)
 .debug_frame   0x000030dc       0x58 c:/program files (x86)/cypress/psoc creator/3.2/psoc creator/import/gnu/arm/4.8.4/bin/../lib/gcc/arm-none-eabi/4.8.4/../../../../arm-none-eabi/lib/armv7-m\libg_s.a(lib_a-sprintf.o)
 .debug_frame   0x00003134       0x88 c:/program files (x86)/cypress/psoc creator/3.2/psoc creator/import/gnu/arm/4.8.4/bin/../lib/gcc/arm-none-eabi/4.8.4/../../../../arm-none-eabi/lib/armv7-m\libg_s.a(lib_a-svfprintf.o)
 .debug_frame   0x000031bc       0x60 c:/program files (x86)/cypress/psoc creator/3.2/psoc creator/import/gnu/arm/4.8.4/bin/../lib/gcc/arm-none-eabi/4.8.4/../../../../arm-none-eabi/lib/armv7-m\libg_s.a(lib_a-vfprintf_i.o)
 .debug_frame   0x0000321c       0x28 c:/program files (x86)/cypress/psoc creator/3.2/psoc creator/import/gnu/arm/4.8.4/bin/../lib/gcc/arm-none-eabi/4.8.4/../../../../arm-none-eabi/lib/armv7-m\libg_s.a(lib_a-memchr-stub.o)
 .debug_frame   0x00003244       0x2c c:/program files (x86)/cypress/psoc creator/3.2/psoc creator/import/gnu/arm/4.8.4/bin/../lib/gcc/arm-none-eabi/4.8.4/../../../../arm-none-eabi/lib/armv7-m\libg_s.a(lib_a-memmove.o)
 .debug_frame   0x00003270       0x2c c:/program files (x86)/cypress/psoc creator/3.2/psoc creator/import/gnu/arm/4.8.4/bin/../lib/gcc/arm-none-eabi/4.8.4/../../../../arm-none-eabi/lib/armv7-m\libg_s.a(lib_a-nano-freer.o)
 .debug_frame   0x0000329c       0x2c c:/program files (x86)/cypress/psoc creator/3.2/psoc creator/import/gnu/arm/4.8.4/bin/../lib/gcc/arm-none-eabi/4.8.4/../../../../arm-none-eabi/lib/armv7-m\libg_s.a(lib_a-nano-mallocr.o)
 .debug_frame   0x000032c8       0x30 c:/program files (x86)/cypress/psoc creator/3.2/psoc creator/import/gnu/arm/4.8.4/bin/../lib/gcc/arm-none-eabi/4.8.4/../../../../arm-none-eabi/lib/armv7-m\libg_s.a(lib_a-nano-reallocr.o)
 .debug_frame   0x000032f8       0x2c c:/program files (x86)/cypress/psoc creator/3.2/psoc creator/import/gnu/arm/4.8.4/bin/../lib/gcc/arm-none-eabi/4.8.4/../../../../arm-none-eabi/lib/armv7-m\libg_s.a(lib_a-sbrkr.o)
 .debug_frame   0x00003324       0x20 c:/program files (x86)/cypress/psoc creator/3.2/psoc creator/import/gnu/arm/4.8.4/bin/../lib/gcc/arm-none-eabi/4.8.4/../../../../arm-none-eabi/lib/armv7-m\libg_s.a(lib_a-strlen.o)
 .debug_frame   0x00003344       0x20 c:/program files (x86)/cypress/psoc creator/3.2/psoc creator/import/gnu/arm/4.8.4/bin/../lib/gcc/arm-none-eabi/4.8.4/../../../../arm-none-eabi/lib/armv7-m\libg_s.a(lib_a-nano-msizer.o)
 .debug_frame   0x00003364       0x48 c:/program files (x86)/cypress/psoc creator/3.2/psoc creator/import/gnu/arm/4.8.4/bin/../lib/gcc/arm-none-eabi/4.8.4/../../../../arm-none-eabi/lib/armv7-m\libg_s.a(lib_a-reent.o)

.debug_str      0x00000000     0x49bf
 *(.debug_str)
 .debug_str     0x00000000      0x3c1 .\CortexM3\ARM_GCC_484\Debug\states.o
                                0x404 (size before relaxing)
 .debug_str     0x000003c1       0x66 .\CortexM3\ARM_GCC_484\Debug\motor.o
                                0x274 (size before relaxing)
 .debug_str     0x00000427      0x102 .\CortexM3\ARM_GCC_484\Debug\speaker.o
                                0x19f (size before relaxing)
 .debug_str     0x00000529       0x35 .\CortexM3\ARM_GCC_484\Debug\display.o
                                0x28b (size before relaxing)
 .debug_str     0x0000055e       0xcd .\CortexM3\ARM_GCC_484\Debug\system.o
                                0x2d5 (size before relaxing)
 .debug_str     0x0000062b       0x37 .\CortexM3\ARM_GCC_484\Debug\heartrate.o
                                0x250 (size before relaxing)
 .debug_str     0x00000662       0x25 .\CortexM3\ARM_GCC_484\Debug\main.o
                                0x265 (size before relaxing)
 .debug_str     0x00000687       0x77 .\CortexM3\ARM_GCC_484\Debug\terminal.o
                                0x24a (size before relaxing)
 .debug_str     0x000006fe       0x77 .\CortexM3\ARM_GCC_484\Debug\cymetadata.o
                                0x1d5 (size before relaxing)
 .debug_str     0x00000775      0x170 .\CortexM3\ARM_GCC_484\Debug\Cm3Start.o
                                0x2f9 (size before relaxing)
 .debug_str     0x000008e5      0x1bc .\CortexM3\ARM_GCC_484\Debug\Design01.a(cyfitter_cfg.o)
                                0x35a (size before relaxing)
 .debug_str     0x00000aa1      0x369 .\CortexM3\ARM_GCC_484\Debug\Design01.a(CyDmac.o)
                                0x529 (size before relaxing)
 .debug_str     0x00000e0a      0x7c4 .\CortexM3\ARM_GCC_484\Debug\Design01.a(CyLib.o)
                                0xa0e (size before relaxing)
 .debug_str     0x000015ce      0x35b .\CortexM3\ARM_GCC_484\Debug\Design01.a(cyPm.o)
                                0x706 (size before relaxing)
 .debug_str     0x00001929      0x12a .\CortexM3\ARM_GCC_484\Debug\Design01.a(LCD.o)
                                0x32e (size before relaxing)
 .debug_str     0x00001a53       0x77 .\CortexM3\ARM_GCC_484\Debug\Design01.a(LCD_BarGraph.o)
                                0x246 (size before relaxing)
 .debug_str     0x00001aca       0x80 .\CortexM3\ARM_GCC_484\Debug\Design01.a(Speaker_Output.o)
                                0x1fa (size before relaxing)
 .debug_str     0x00001b4a      0x3ec .\CortexM3\ARM_GCC_484\Debug\Design01.a(CapSense.o)
                                0x660 (size before relaxing)
 .debug_str     0x00001f36      0x398 .\CortexM3\ARM_GCC_484\Debug\Design01.a(CapSense_CSHL.o)
                                0x66a (size before relaxing)
 .debug_str     0x000022ce       0x3c .\CortexM3\ARM_GCC_484\Debug\Design01.a(CapSense_INT.o)
                                0x26c (size before relaxing)
 .debug_str     0x0000230a      0x322 .\CortexM3\ARM_GCC_484\Debug\Design01.a(CapSense_SMS_Wrapper.o)
                                0x607 (size before relaxing)
 .debug_str     0x0000262c      0x16d .\CortexM3\ARM_GCC_484\Debug\Design01.a(CapSense_CompCH0.o)
                                0x339 (size before relaxing)
 .debug_str     0x00002799       0x9e .\CortexM3\ARM_GCC_484\Debug\Design01.a(CapSense_IdacCH0.o)
                                0x29e (size before relaxing)
 .debug_str     0x00002837       0xe7 .\CortexM3\ARM_GCC_484\Debug\Design01.a(CapSense_AMuxCH0.o)
                                0x286 (size before relaxing)
 .debug_str     0x0000291e      0x1ad .\CortexM3\ARM_GCC_484\Debug\Design01.a(CapSense_IntClock.o)
                                0x351 (size before relaxing)
 .debug_str     0x00002acb       0x99 .\CortexM3\ARM_GCC_484\Debug\Design01.a(PGA_1.o)
                                0x20e (size before relaxing)
 .debug_str     0x00002b64       0xbe .\CortexM3\ARM_GCC_484\Debug\Design01.a(Comp.o)
                                0x29d (size before relaxing)
 .debug_str     0x00002c22      0x260 .\CortexM3\ARM_GCC_484\Debug\Design01.a(WaveDAC8_1.o)
                                0x451 (size before relaxing)
 .debug_str     0x00002e82      0x113 .\CortexM3\ARM_GCC_484\Debug\Design01.a(Compint.o)
                                0x386 (size before relaxing)
 .debug_str     0x00002f95      0x237 .\CortexM3\ARM_GCC_484\Debug\Design01.a(HeartbeatCounter.o)
                                0x408 (size before relaxing)
 .debug_str     0x000031cc      0x3ad .\CortexM3\ARM_GCC_484\Debug\Design01.a(USBUART_cdc.o)
                                0x56f (size before relaxing)
 .debug_str     0x00003579      0x34a .\CortexM3\ARM_GCC_484\Debug\Design01.a(USBUART_drv.o)
                                0x60a (size before relaxing)
 .debug_str     0x000038c3      0x2a6 .\CortexM3\ARM_GCC_484\Debug\Design01.a(USBUART_std.o)
                                0x699 (size before relaxing)
 .debug_str     0x00003b69       0x48 .\CortexM3\ARM_GCC_484\Debug\Design01.a(USBUART_vnd.o)
                                0x254 (size before relaxing)
 .debug_str     0x00003bb1      0x14d .\CortexM3\ARM_GCC_484\Debug\Design01.a(timer_clock_1.o)
                                0x321 (size before relaxing)
 .debug_str     0x00003cfe       0xe1 .\CortexM3\ARM_GCC_484\Debug\Design01.a(PWM.o)
                                0x28f (size before relaxing)
 .debug_str     0x00003ddf       0xcf .\CortexM3\ARM_GCC_484\Debug\Design01.a(STOP.o)
                                0x2ec (size before relaxing)
 .debug_str     0x00003eae      0x19e .\CortexM3\ARM_GCC_484\Debug\Design01.a(CyFlash.o)
                                0x380 (size before relaxing)
 .debug_str     0x0000404c       0xae .\CortexM3\ARM_GCC_484\Debug\Design01.a(CySpc.o)
                                0x309 (size before relaxing)
 .debug_str     0x000040fa      0x162 .\CortexM3\ARM_GCC_484\Debug\Design01.a(WaveDAC8_1_DacClk.o)
                                0x351 (size before relaxing)
 .debug_str     0x0000425c       0xae .\CortexM3\ARM_GCC_484\Debug\Design01.a(WaveDAC8_1_Wave1_DMA_dma.o)
                                0x290 (size before relaxing)
 .debug_str     0x0000430a       0x73 .\CortexM3\ARM_GCC_484\Debug\Design01.a(WaveDAC8_1_Wave2_DMA_dma.o)
                                0x290 (size before relaxing)
 .debug_str     0x0000437d       0x75 .\CortexM3\ARM_GCC_484\Debug\Design01.a(WaveDAC8_1_VDAC8.o)
                                0x278 (size before relaxing)
 .debug_str     0x000043f2      0x185 .\CortexM3\ARM_GCC_484\Debug\Design01.a(USBUART.o)
                                0x541 (size before relaxing)
 .debug_str     0x00004577       0x27 .\CortexM3\ARM_GCC_484\Debug\Design01.a(USBUART_cls.o)