Archive member included because of file (symbol)

.\CortexM3\ARM_GCC_484\Debug\Design01.a(cyfitter_cfg.o)
                              .\CortexM3\ARM_GCC_484\Debug\Cm3Start.o (cyfitter_cfg)
.\CortexM3\ARM_GCC_484\Debug\Design01.a(CyBootAsmGnu.o)
                              .\CortexM3\ARM_GCC_484\Debug\Design01.a(cyfitter_cfg.o) (CyDelayCycles)
.\CortexM3\ARM_GCC_484\Debug\Design01.a(CyDmac.o)
                              .\CortexM3\ARM_GCC_484\Debug\Cm3Start.o (CyDmacConfigure)
.\CortexM3\ARM_GCC_484\Debug\Design01.a(CyLib.o)
                              .\CortexM3\ARM_GCC_484\Debug\Cm3Start.o (CyHalt)
.\CortexM3\ARM_GCC_484\Debug\Design01.a(cyPm.o)
                              .\CortexM3\ARM_GCC_484\Debug\Design01.a(CyLib.o) (CyPmReadStatus)
.\CortexM3\ARM_GCC_484\Debug\Design01.a(LCD.o)
                              .\CortexM3\ARM_GCC_484\Debug\states.o (LCD_PrintString)
.\CortexM3\ARM_GCC_484\Debug\Design01.a(LCD_BarGraph.o)
                              .\CortexM3\ARM_GCC_484\Debug\Design01.a(LCD.o) (LCD_LoadCustomFonts)
.\CortexM3\ARM_GCC_484\Debug\Design01.a(Speaker_Output.o)
                              .\CortexM3\ARM_GCC_484\Debug\speaker.o (Speaker_Output_Write)
.\CortexM3\ARM_GCC_484\Debug\Design01.a(CapSense.o)
                              .\CortexM3\ARM_GCC_484\Debug\system.o (CapSense_Enable)
.\CortexM3\ARM_GCC_484\Debug\Design01.a(CapSense_CSHL.o)
                              .\CortexM3\ARM_GCC_484\Debug\system.o (CapSense_InitializeAllBaselines)
.\CortexM3\ARM_GCC_484\Debug\Design01.a(CapSense_INT.o)
                              .\CortexM3\ARM_GCC_484\Debug\Design01.a(CapSense.o) (CapSense_IsrCH0_ISR)
.\CortexM3\ARM_GCC_484\Debug\Design01.a(CapSense_SMS_Wrapper.o)
                              .\CortexM3\ARM_GCC_484\Debug\Design01.a(CapSense_CSHL.o) (CapSense_CalculateThresholds)
.\CortexM3\ARM_GCC_484\Debug\Design01.a(CapSense_CompCH0.o)
                              .\CortexM3\ARM_GCC_484\Debug\Design01.a(CapSense.o) (CapSense_CompCH0_Enable)
.\CortexM3\ARM_GCC_484\Debug\Design01.a(CapSense_IdacCH0.o)
                              .\CortexM3\ARM_GCC_484\Debug\Design01.a(CapSense.o) (CapSense_IdacCH0_Enable)
.\CortexM3\ARM_GCC_484\Debug\Design01.a(CapSense_AMuxCH0.o)
                              .\CortexM3\ARM_GCC_484\Debug\Design01.a(CapSense.o) (CapSense_AMuxCH0_Init)
.\CortexM3\ARM_GCC_484\Debug\Design01.a(CapSense_IntClock.o)
                              .\CortexM3\ARM_GCC_484\Debug\Design01.a(CapSense.o) (CapSense_IntClock_Start)
.\CortexM3\ARM_GCC_484\Debug\Design01.a(PGA_1.o)
                              .\CortexM3\ARM_GCC_484\Debug\system.o (PGA_1_Start)
.\CortexM3\ARM_GCC_484\Debug\Design01.a(Comp.o)
                              .\CortexM3\ARM_GCC_484\Debug\system.o (Comp_Start)
.\CortexM3\ARM_GCC_484\Debug\Design01.a(WaveDAC8_1.o)
                              .\CortexM3\ARM_GCC_484\Debug\system.o (WaveDAC8_1_Start)
.\CortexM3\ARM_GCC_484\Debug\Design01.a(Compint.o)
                              .\CortexM3\ARM_GCC_484\Debug\system.o (Compint_Start)
.\CortexM3\ARM_GCC_484\Debug\Design01.a(HeartbeatCounter.o)
                              .\CortexM3\ARM_GCC_484\Debug\Design01.a(Compint.o) (HeartbeatCounter_ReadCounter)
.\CortexM3\ARM_GCC_484\Debug\Design01.a(USBUART_cdc.o)
                              .\CortexM3\ARM_GCC_484\Debug\terminal.o (USBUART_PutString)
.\CortexM3\ARM_GCC_484\Debug\Design01.a(USBUART_drv.o)
                              .\CortexM3\ARM_GCC_484\Debug\Design01.a(USBUART_cdc.o) (USBUART_currentTD)
.\CortexM3\ARM_GCC_484\Debug\Design01.a(USBUART_std.o)
                              .\CortexM3\ARM_GCC_484\Debug\Design01.a(USBUART_drv.o) (USBUART_HandleStandardRqst)
.\CortexM3\ARM_GCC_484\Debug\Design01.a(USBUART_vnd.o)
                              .\CortexM3\ARM_GCC_484\Debug\Design01.a(USBUART_drv.o) (USBUART_HandleVendorRqst)
.\CortexM3\ARM_GCC_484\Debug\Design01.a(timer_clock_1.o)
                              .\CortexM3\ARM_GCC_484\Debug\system.o (timer_clock_1_Start)
.\CortexM3\ARM_GCC_484\Debug\Design01.a(PWM.o)
                              .\CortexM3\ARM_GCC_484\Debug\motor.o (PWM_WriteCompare)
.\CortexM3\ARM_GCC_484\Debug\Design01.a(STOP.o)
                              .\CortexM3\ARM_GCC_484\Debug\system.o (STOP_Start)
.\CortexM3\ARM_GCC_484\Debug\Design01.a(WDT.o)
                              .\CortexM3\ARM_GCC_484\Debug\system.o (WDT_Start)
.\CortexM3\ARM_GCC_484\Debug\Design01.a(WDT_Timer.o)
                              .\CortexM3\ARM_GCC_484\Debug\system.o (WDT_Timer_Start)
.\CortexM3\ARM_GCC_484\Debug\Design01.a(MOTOR_HEALTH.o)
                              .\CortexM3\ARM_GCC_484\Debug\Design01.a(WDT.o) (MOTOR_HEALTH_Read)
.\CortexM3\ARM_GCC_484\Debug\Design01.a(UI_HEALTH.o)
                              .\CortexM3\ARM_GCC_484\Debug\Design01.a(WDT.o) (UI_HEALTH_Read)
.\CortexM3\ARM_GCC_484\Debug\Design01.a(HEARTRATE_HEALTH.o)
[...]
Memory Configuration

Name             Origin             Length             Attributes
rom              0x00000000         0x00040000         xr
ram              0x1fff8000         0x00010000         xrw
*default*        0x00000000         0xffffffff

Linker script and memory map

LOAD c:/program files (x86)/cypress/psoc creator/3.2/psoc creator/import/gnu/arm/4.8.4/bin/../lib/gcc/arm-none-eabi/4.8.4/armv7-m/crti.o
LOAD c:/program files (x86)/cypress/psoc creator/3.2/psoc creator/import/gnu/arm/4.8.4/bin/../lib/gcc/arm-none-eabi/4.8.4/armv7-m/crtbegin.o
LOAD c:/program files (x86)/cypress/psoc creator/3.2/psoc creator/import/gnu/arm/4.8.4/bin/../lib/gcc/arm-none-eabi/4.8.4/../../../../arm-none-eabi/lib/armv7-m/crt0.o
START GROUP
LOAD .\CortexM3\ARM_GCC_484\Debug\states.o
LOAD .\CortexM3\ARM_GCC_484\Debug\motor.o
LOAD .\CortexM3\ARM_GCC_484\Debug\speaker.o
LOAD .\CortexM3\ARM_GCC_484\Debug\display.o
LOAD .\CortexM3\ARM_GCC_484\Debug\system.o
LOAD .\CortexM3\ARM_GCC_484\Debug\heartrate.o
LOAD .\CortexM3\ARM_GCC_484\Debug\main.o
LOAD .\CortexM3\ARM_GCC_484\Debug\terminal.o
LOAD .\CortexM3\ARM_GCC_484\Debug\cymetadata.o
LOAD .\CortexM3\ARM_GCC_484\Debug\Cm3Start.o
LOAD .\CortexM3\ARM_GCC_484\Debug\Design01.a
LOAD C:\Program Files (x86)\Cypress\PSoC Creator\3.2\PSoC Creator\psoc\content\cycomponentlibrary\CyComponentLibrary.cylib\CapSense_CSD_v3_50\Library\CapSenseLibrary_GCC.a
LOAD C:\Program Files (x86)\Cypress\PSoC Creator\3.2\PSoC Creator\psoc\content\cycomponentlibrary\CyComponentLibrary.cylib\CortexM3\ARM_GCC_484\Debug\CyComponentLibrary.a
END GROUP
START GROUP
LOAD c:/program files (x86)/cypress/psoc creator/3.2/psoc creator/import/gnu/arm/4.8.4/bin/../lib/gcc/arm-none-eabi/4.8.4/armv7-m\libgcc.a
LOAD c:/program files (x86)/cypress/psoc creator/3.2/psoc creator/import/gnu/arm/4.8.4/bin/../lib/gcc/arm-none-eabi/4.8.4/../../../../arm-none-eabi/lib/armv7-m\libg_s.a
LOAD c:/program files (x86)/cypress/psoc creator/3.2/psoc creator/import/gnu/arm/4.8.4/bin/../lib/gcc/arm-none-eabi/4.8.4/../../../../arm-none-eabi/lib/armv7-m\libc_s.a
END GROUP
START GROUP
LOAD c:/program files (x86)/cypress/psoc creator/3.2/psoc creator/import/gnu/arm/4.8.4/bin/../lib/gcc/arm-none-eabi/4.8.4/armv7-m\libgcc.a
LOAD c:/program files (x86)/cypress/psoc creator/3.2/psoc creator/import/gnu/arm/4.8.4/bin/../lib/gcc/arm-none-eabi/4.8.4/../../../../arm-none-eabi/lib/armv7-m\libc_s.a
END GROUP
LOAD c:/program files (x86)/cypress/psoc creator/3.2/psoc creator/import/gnu/arm/4.8.4/bin/../lib/gcc/arm-none-eabi/4.8.4/armv7-m/crtend.o
LOAD c:/program files (x86)/cypress/psoc creator/3.2/psoc creator/import/gnu/arm/4.8.4/bin/../lib/gcc/arm-none-eabi/4.8.4/armv7-m/crtn.o
START GROUP
LOAD c:/program files (x86)/cypress/psoc creator/3.2/psoc creator/import/gnu/arm/4.8.4/bin/../lib/gcc/arm-none-eabi/4.8.4/armv7-m\libgcc.a
LOAD c:/program files (x86)/cypress/psoc creator/3.2/psoc creator/import/gnu/arm/4.8.4/bin/../lib/gcc/arm-none-eabi/4.8.4/../../../../arm-none-eabi/lib/armv7-m\libc.a
LOAD c:/program files (x86)/cypress/psoc creator/3.2/psoc creator/import/gnu/arm/4.8.4/bin/../lib/gcc/arm-none-eabi/4.8.4/../../../../arm-none-eabi/lib/armv7-m\libnosys.a
END GROUP
                0x00000000                CY_APPL_ORIGIN = 0x0
                0x00000100                CY_FLASH_ROW_SIZE = 0x100
                0x00000020                CY_ECC_ROW_SIZE = 0x20
                0x00000000                CY_EE_IN_BTLDR = 0x0
                0x00000000                CY_APPL_LOADABLE = 0x0
                0x00000800                CY_EE_SIZE = 0x800
                0x00000001                CY_APPL_NUM = 0x1
                0x00000001                CY_APPL_MAX = 0x1
                0x00000040                CY_METADATA_SIZE = 0x40
                0x1fff82b0                PROVIDE (__cy_heap_start, _end)
                0x00000001                PROVIDE (__cy_region_num, ((__cy_regions_end - __cy_regions) / 0x10))
                0x20008000                PROVIDE (__cy_stack, (ORIGIN (ram) + 0x10000))
                0x20007800                PROVIDE (__cy_heap_end, (__cy_stack - 0x800))

.cybootloader   0x00000000        0x0
 *(.cybootloader)
                0x00000000                appl1_start = CY_APPL_ORIGIN?CY_APPL_ORIGIN:ALIGN (CY_FLASH_ROW_SIZE)
                0x0001ff00                appl2_start = (appl1_start + ALIGN ((((0x40000 - appl1_start) - (0x2 * CY_FLASH_ROW_SIZE)) / 0x2), CY_FLASH_ROW_SIZE))
                0x00000000                appl_start = (CY_APPL_NUM == 0x1)?appl1_start:appl2_start
                0x00000000                ecc_offset = ((appl_start / CY_FLASH_ROW_SIZE) * CY_ECC_ROW_SIZE)
                0x00000000                ee_offset = (CY_APPL_LOADABLE && ! (CY_EE_IN_BTLDR))?((CY_EE_SIZE / CY_APPL_MAX) * (CY_APPL_NUM - 0x1)):0x0
                0x00000800                ee_size = (CY_APPL_LOADABLE && ! (CY_EE_IN_BTLDR))?(CY_EE_SIZE / CY_APPL_MAX):CY_EE_SIZE
                0x00000000                PROVIDE (CY_ECC_OFFSET, ecc_offset)

.text           0x00000000     0x320a
 CREATE_OBJECT_SYMBOLS
                0x00000000                PROVIDE (__cy_interrupt_vector, RomVectors)
 *(.romvectors)
 .romvectors    0x00000000       0x10 .\CortexM3\ARM_GCC_484\Debug\Cm3Start.o
                0x00000000                RomVectors
                0x00000001                ASSERT ((. != __cy_interrupt_vector), No interrupt vector)
                0x00000001                ASSERT (CY_APPL_ORIGIN?(SIZEOF (.cybootloader) <= CY_APPL_ORIGIN):0x1, Wrong image location)
                0x00000010                PROVIDE (__cy_reset, Reset)
 *(.text.Reset)
 .text.Reset    0x00000010       0x18 .\CortexM3\ARM_GCC_484\Debug\Cm3Start.o
                0x00000010                Reset
                0x00000001                ASSERT ((. != __cy_reset), No reset code)
 *(.dma_init)
                0x00000001                ASSERT ((((appl_start + .) <= 0x10000) || 0x1), DMA Init must be within the first 64k of flash)
 *(.text .text.* .gnu.linkonce.t.*)
 .text          0x00000028       0x54 c:/program files (x86)/cypress/psoc creator/3.2/psoc creator/import/gnu/arm/4.8.4/bin/../lib/gcc/arm-none-eabi/4.8.4/armv7-m/crtbegin.o
 .text.State_sleep
                0x0000007c       0x74 .\CortexM3\ARM_GCC_484\Debug\states.o
                0x0000007c                State_sleep
 .text.State_reset
                0x000000f0       0x30 .\CortexM3\ARM_GCC_484\Debug\states.o
                0x000000f0                State_reset
 .text.State_start
                0x00000120       0x1c .\CortexM3\ARM_GCC_484\Debug\states.o
                0x00000120                State_start
 .text.State_profile_selection
                0x0000013c       0xdc .\CortexM3\ARM_GCC_484\Debug\states.o
                0x0000013c                State_profile_selection
 .text.State_moving
                0x00000218       0x88 .\CortexM3\ARM_GCC_484\Debug\states.o
                0x00000218                State_moving
 .text.State_heartrate_change
                0x000002a0       0xc4 .\CortexM3\ARM_GCC_484\Debug\states.o
                0x000002a0                State_heartrate_change
 .text.State_stop
                0x00000364       0x14 .\CortexM3\ARM_GCC_484\Debug\states.o
                0x00000364                State_stop
 .text.Start_motor
                0x00000378        0x8 .\CortexM3\ARM_GCC_484\Debug\motor.o
                0x00000378                Start_motor
 .text.Move_motor
                0x00000380       0x14 .\CortexM3\ARM_GCC_484\Debug\motor.o
                0x00000380                Move_motor
 .text.Motor_rampUp
                0x00000394       0x44 .\CortexM3\ARM_GCC_484\Debug\motor.o
                0x00000394                Motor_rampUp
 .text.Motor_stop
                0x000003d8       0x40 .\CortexM3\ARM_GCC_484\Debug\motor.o
                0x000003d8                Motor_stop
 .text.calculatePeriodDelay
                0x00000418       0x30 .\CortexM3\ARM_GCC_484\Debug\speaker.o
                0x00000418                calculatePeriodDelay
 .text.Play_note
                0x00000448       0x54 .\CortexM3\ARM_GCC_484\Debug\speaker.o
                0x00000448                Play_note
 .text.Play_song_one
                0x0000049c       0x68 .\CortexM3\ARM_GCC_484\Debug\speaker.o
                0x0000049c                Play_song_one
 .text.Play_startup_music
                0x00000504        0x8 .\CortexM3\ARM_GCC_484\Debug\speaker.o
                0x00000504                Play_startup_music
 .text.Display_welcome_message
                0x0000050c       0x5c .\CortexM3\ARM_GCC_484\Debug\display.o
                0x0000050c                Display_welcome_message
 .text.Display_sleep
                0x00000568       0x18 .\CortexM3\ARM_GCC_484\Debug\display.o
                0x00000568                Display_sleep
 .text.Display_profile_selection
                0x00000580       0x74 .\CortexM3\ARM_GCC_484\Debug\display.o
                0x00000580                Display_profile_selection
 .text.System_init
                0x000005f4       0x4c .\CortexM3\ARM_GCC_484\Debug\system.o
                0x000005f4                System_init
 .text.Detect_heartrate
                0x00000640       0x5c .\CortexM3\ARM_GCC_484\Debug\heartrate.o
                0x00000640                Detect_heartrate
 .text.main     0x0000069c       0x60 .\CortexM3\ARM_GCC_484\Debug\main.o
                0x0000069c                main
 .text.IntDefaultHandler
                0x000006fc        0x4 .\CortexM3\ARM_GCC_484\Debug\Cm3Start.o
                0x000006fc                IntDefaultHandler
 .text.Start_c  0x00000700       0x4c .\CortexM3\ARM_GCC_484\Debug\Cm3Start.o
                0x00000700                Start_c
 .text.initialize_psoc
                0x0000074c       0x74 .\CortexM3\ARM_GCC_484\Debug\Cm3Start.o
                0x0000074c                initialize_psoc
 .text.CyClockStartupError
                0x000007c0        0x4 .\CortexM3\ARM_GCC_484\Debug\Design01.a(cyfitter_cfg.o)
 .text.cfg_write_bytes32
                0x000007c4       0x34 .\CortexM3\ARM_GCC_484\Debug\Design01.a(cyfitter_cfg.o)
 .text.AnalogSetDefault
                0x000007f8       0x74 .\CortexM3\ARM_GCC_484\Debug\Design01.a(cyfitter_cfg.o)
 .text.CYMEMZERO
                0x0000086c        0xc .\CortexM3\ARM_GCC_484\Debug\Design01.a(cyfitter_cfg.o)
 .text.ClockSetup
                0x00000878      0x100 .\CortexM3\ARM_GCC_484\Debug\Design01.a(cyfitter_cfg.o)
 .text.CYCONFIGCPY
                0x00000978        0x8 .\CortexM3\ARM_GCC_484\Debug\Design01.a(cyfitter_cfg.o)
 .text.CapSense_AMuxCH0_Set
                0x00000980       0x1c .\CortexM3\ARM_GCC_484\Debug\Design01.a(cyfitter_cfg.o)
                0x00000980                CapSense_AMuxCH0_Set
 .text.CapSense_AMuxCH0_Unset
                0x0000099c       0x20 .\CortexM3\ARM_GCC_484\Debug\Design01.a(cyfitter_cfg.o)
                0x0000099c                CapSense_AMuxCH0_Unset
 .text.cyfitter_cfg
                0x000009bc      0x154 .\CortexM3\ARM_GCC_484\Debug\Design01.a(cyfitter_cfg.o)
                0x000009bc                cyfitter_cfg
 .text          0x00000b10       0x28 .\CortexM3\ARM_GCC_484\Debug\Design01.a(CyBootAsmGnu.o)
                0x00000b10                CyDelayCycles
                0x00000b24                CyEnterCriticalSection
                0x00000b2c                CyExitCriticalSection
 .text.CyDmacConfigure
                0x00000b38       0x34 .\CortexM3\ARM_GCC_484\Debug\Design01.a(CyDmac.o)
                0x00000b38                CyDmacConfigure
 .text.CyDmaChEnable
                0x00000b6c       0x38 .\CortexM3\ARM_GCC_484\Debug\Design01.a(CyDmac.o)
                0x00000b6c                CyDmaChEnable
 .text.CyDmaChPriority
                0x00000ba4       0x24 .\CortexM3\ARM_GCC_484\Debug\Design01.a(CyDmac.o)
                0x00000ba4                CyDmaChPriority
 .text.CyDmaChSetExtendedAddress
                0x00000bc8       0x34 .\CortexM3\ARM_GCC_484\Debug\Design01.a(CyDmac.o)
                0x00000bc8                CyDmaChSetExtendedAddress
 .text.CyDmaChSetInitialTd
                0x00000bfc       0x18 .\CortexM3\ARM_GCC_484\Debug\Design01.a(CyDmac.o)
                0x00000bfc                CyDmaChSetInitialTd
 .text.CyDmaChSetConfiguration
                0x00000c14       0x44 .\CortexM3\ARM_GCC_484\Debug\Design01.a(CyDmac.o)
                0x00000c14                CyDmaChSetConfiguration
 .text.CyDmaTdAllocate
                0x00000c58       0x34 .\CortexM3\ARM_GCC_484\Debug\Design01.a(CyDmac.o)
                0x00000c58                CyDmaTdAllocate
 .text.CyDmaTdSetConfiguration
                0x00000c8c       0x28 .\CortexM3\ARM_GCC_484\Debug\Design01.a(CyDmac.o)
                0x00000c8c                CyDmaTdSetConfiguration
 .text.CyDmaTdSetAddress
                0x00000cb4       0x1c .\CortexM3\ARM_GCC_484\Debug\Design01.a(CyDmac.o)
                0x00000cb4                CyDmaTdSetAddress
 .text.CyHalt   0x00000cd0        0x4 .\CortexM3\ARM_GCC_484\Debug\Design01.a(CyLib.o)
                0x00000cd0                CyHalt
 .text.CyDelay  0x00000cd4       0x2c .\CortexM3\ARM_GCC_484\Debug\Design01.a(CyLib.o)
                0x00000cd4                CyDelay
 .text.CyDelayUs
                0x00000d00       0x14 .\CortexM3\ARM_GCC_484\Debug\Design01.a(CyLib.o)
                0x00000d00                CyDelayUs
 .text.CyWdtStart
                0x00000d14       0x40 .\CortexM3\ARM_GCC_484\Debug\Design01.a(CyLib.o)
                0x00000d14                CyWdtStart
 .text.CyWdtClear
                0x00000d54        0xc .\CortexM3\ARM_GCC_484\Debug\Design01.a(CyLib.o)
                0x00000d54                CyWdtClear
 .text.CyIntSetVector
                0x00000d60       0x28 .\CortexM3\ARM_GCC_484\Debug\Design01.a(CyLib.o)
                0x00000d60                CyIntSetVector
 .text.CyIntSetPriority
                0x00000d88       0x30 .\CortexM3\ARM_GCC_484\Debug\Design01.a(CyLib.o)
                0x00000d88                CyIntSetPriority
 .text.LCD_WrCntrlNib
                0x00000db8       0x34 .\CortexM3\ARM_GCC_484\Debug\Design01.a(LCD.o)
 .text.LCD_WrDatNib
                0x00000dec       0x44 .\CortexM3\ARM_GCC_484\Debug\Design01.a(LCD.o)
 .text.LCD_IsReady
                0x00000e30       0xec .\CortexM3\ARM_GCC_484\Debug\Design01.a(LCD.o)
                0x00000e30                LCD_IsReady
 .text.LCD_WriteData
                0x00000f1c       0x18 .\CortexM3\ARM_GCC_484\Debug\Design01.a(LCD.o)
                0x00000f1c                LCD_WriteData
 .text.LCD_PrintString
                0x00000f34       0x1c .\CortexM3\ARM_GCC_484\Debug\Design01.a(LCD.o)
                0x00000f34                LCD_PrintString
 .text.LCD_PutChar
                0x00000f50        0x8 .\CortexM3\ARM_GCC_484\Debug\Design01.a(LCD.o)
                0x00000f50                LCD_PutChar
 .text.LCD_WriteControl
                0x00000f58       0x18 .\CortexM3\ARM_GCC_484\Debug\Design01.a(LCD.o)
                0x00000f58                LCD_WriteControl
 .text.LCD_Init
                0x00000f70       0x74 .\CortexM3\ARM_GCC_484\Debug\Design01.a(LCD.o)
                0x00000f70                LCD_Init
 .text.LCD_Enable
                0x00000fe4       0x14 .\CortexM3\ARM_GCC_484\Debug\Design01.a(LCD.o)
                0x00000fe4                LCD_Enable
 .text.LCD_Start
                0x00000ff8       0x1c .\CortexM3\ARM_GCC_484\Debug\Design01.a(LCD.o)
                0x00000ff8                LCD_Start
 .text.LCD_Position
                0x00001014       0x3c .\CortexM3\ARM_GCC_484\Debug\Design01.a(LCD.o)
                0x00001014                LCD_Position
 .text.LCD_PrintU32Number
                0x00001050       0x60 .\CortexM3\ARM_GCC_484\Debug\Design01.a(LCD.o)
                0x00001050                LCD_PrintU32Number
 .text.LCD_LoadCustomFonts
                0x000010b0       0x2c .\CortexM3\ARM_GCC_484\Debug\Design01.a(LCD_BarGraph.o)
                0x000010b0                LCD_LoadCustomFonts
 .text.Speaker_Output_Write
                0x000010dc       0x18 .\CortexM3\ARM_GCC_484\Debug\Design01.a(Speaker_Output.o)
                0x000010dc                Speaker_Output_Write
 .text.CapSense_Enable
                0x000010f4       0x68 .\CortexM3\ARM_GCC_484\Debug\Design01.a(CapSense.o)
                0x000010f4                CapSense_Enable
 .text.CapSense_FindNextSensor
                0x0000115c       0x28 .\CortexM3\ARM_GCC_484\Debug\Design01.a(CapSense.o)
                0x0000115c                CapSense_FindNextSensor
 .text.CapSense_IsBusy
                0x00001184       0x10 .\CortexM3\ARM_GCC_484\Debug\Design01.a(CapSense.o)
                0x00001184                CapSense_IsBusy
 .text.CapSense_ReadSensorRaw
                0x00001194        0xc .\CortexM3\ARM_GCC_484\Debug\Design01.a(CapSense.o)
                0x00001194                CapSense_ReadSensorRaw
 .text.CapSense_EnableSensor
                0x000011a0       0x34 .\CortexM3\ARM_GCC_484\Debug\Design01.a(CapSense.o)
                0x000011a0                CapSense_EnableSensor
 .text.CapSense_DisableSensor
                0x000011d4       0x38 .\CortexM3\ARM_GCC_484\Debug\Design01.a(CapSense.o)
                0x000011d4                CapSense_DisableSensor
 .text.CapSense_ClearSensors
                0x0000120c       0x18 .\CortexM3\ARM_GCC_484\Debug\Design01.a(CapSense.o)
                0x0000120c                CapSense_ClearSensors
 .text.CapSense_PostScan
                0x00001224       0x4c .\CortexM3\ARM_GCC_484\Debug\Design01.a(CapSense.o)
                0x00001224                CapSense_PostScan
 .text.CapSense_SetPrescaler
                0x00001270       0x10 .\CortexM3\ARM_GCC_484\Debug\Design01.a(CapSense.o)
                0x00001270                CapSense_SetPrescaler
 .text.CapSense_SetScanSlotSettings
                0x00001280       0x38 .\CortexM3\ARM_GCC_484\Debug\Design01.a(CapSense.o)
                0x00001280                CapSense_SetScanSlotSettings
 .text.CapSense_PreScan
                0x000012b8       0x34 .\CortexM3\ARM_GCC_484\Debug\Design01.a(CapSense.o)
                0x000012b8                CapSense_PreScan
 .text.CapSense_ScanSensor
                0x000012ec       0x20 .\CortexM3\ARM_GCC_484\Debug\Design01.a(CapSense.o)
                0x000012ec                CapSense_ScanSensor
 .text.CapSense_ScanEnabledWidgets
                0x0000130c       0x38 .\CortexM3\ARM_GCC_484\Debug\Design01.a(CapSense.o)
                0x0000130c                CapSense_ScanEnabledWidgets
 .text.CapSense_SetAnalogSwitchesSource
                0x00001344       0x20 .\CortexM3\ARM_GCC_484\Debug\Design01.a(CapSense.o)
                0x00001344                CapSense_SetAnalogSwitchesSource
 .text.CapSense_Init
                0x00001364       0xe4 .\CortexM3\ARM_GCC_484\Debug\Design01.a(CapSense.o)
                0x00001364                CapSense_Init
 .text.CapSense_Start
                0x00001448       0x2c .\CortexM3\ARM_GCC_484\Debug\Design01.a(CapSense.o)
                0x00001448                CapSense_Start
 .text.CapSense_BaseInit
                0x00001474       0x44 .\CortexM3\ARM_GCC_484\Debug\Design01.a(CapSense_CSHL.o)
                0x00001474                CapSense_BaseInit
 .text.CapSense_InitializeSensorBaseline
                0x000014b8       0x18 .\CortexM3\ARM_GCC_484\Debug\Design01.a(CapSense_CSHL.o)
                0x000014b8                CapSense_InitializeSensorBaseline
 .text.CapSense_InitializeAllBaselines
                0x000014d0       0x18 .\CortexM3\ARM_GCC_484\Debug\Design01.a(CapSense_CSHL.o)
                0x000014d0                CapSense_InitializeAllBaselines
 .text.CapSense_UpdateSensorBaseline
                0x000014e8       0xd0 .\CortexM3\ARM_GCC_484\Debug\Design01.a(CapSense_CSHL.o)
                0x000014e8                CapSense_UpdateSensorBaseline
 .text.CapSense_UpdateEnabledBaselines
                0x000015b8       0x30 .\CortexM3\ARM_GCC_484\Debug\Design01.a(CapSense_CSHL.o)
                0x000015b8                CapSense_UpdateEnabledBaselines
 .text.CapSense_CheckIsSensorActive
                0x000015e8       0xa0 .\CortexM3\ARM_GCC_484\Debug\Design01.a(CapSense_CSHL.o)
                0x000015e8                CapSense_CheckIsSensorActive
 .text.CapSense_CheckIsWidgetActive
                0x00001688       0x2c .\CortexM3\ARM_GCC_484\Debug\Design01.a(CapSense_CSHL.o)
                0x00001688                CapSense_CheckIsWidgetActive
 .text.CapSense_IsrCH0_ISR
                0x000016b4       0x50 .\CortexM3\ARM_GCC_484\Debug\Design01.a(CapSense_INT.o)
                0x000016b4                CapSense_IsrCH0_ISR
 .text.SMS_LIB_ScanSensor
                0x00001704        0x8 .\CortexM3\ARM_GCC_484\Debug\Design01.a(CapSense_SMS_Wrapper.o)
                0x00001704                SMS_LIB_ScanSensor
 .text.SMS_LIB_IsBusy
                0x0000170c        0x8 .\CortexM3\ARM_GCC_484\Debug\Design01.a(CapSense_SMS_Wrapper.o)
                0x0000170c                SMS_LIB_IsBusy
 .text.CapSense_CalculateThresholds
                0x00001714        0x8 .\CortexM3\ARM_GCC_484\Debug\Design01.a(CapSense_SMS_Wrapper.o)
                0x00001714                CapSense_CalculateThresholds
 .text.CapSense_AutoTune
                0x0000171c        0x8 .\CortexM3\ARM_GCC_484\Debug\Design01.a(CapSense_SMS_Wrapper.o)
                0x0000171c                CapSense_AutoTune
 .text.SMS_LIB_V3_50_SetAnalogSwitchesSrc_PRS
                0x00001724        0xc .\CortexM3\ARM_GCC_484\Debug\Design01.a(CapSense_SMS_Wrapper.o)
                0x00001724                SMS_LIB_V3_50_SetAnalogSwitchesSrc_PRS
 .text.SMS_LIB_V3_50_SetAnalogSwitchesSrc_Prescaler
                0x00001730        0xc .\CortexM3\ARM_GCC_484\Debug\Design01.a(CapSense_SMS_Wrapper.o)
                0x00001730                SMS_LIB_V3_50_SetAnalogSwitchesSrc_Prescaler
 .text.CapSense_CompCH0_Enable
                0x0000173c       0x1c .\CortexM3\ARM_GCC_484\Debug\Design01.a(CapSense_CompCH0.o)
                0x0000173c                CapSense_CompCH0_Enable
 .text.CapSense_CompCH0_SetSpeed
                0x00001758       0x5c .\CortexM3\ARM_GCC_484\Debug\Design01.a(CapSense_CompCH0.o)
                0x00001758                CapSense_CompCH0_SetSpeed
 .text.CapSense_CompCH0_Init
                0x000017b4       0x3c .\CortexM3\ARM_GCC_484\Debug\Design01.a(CapSense_CompCH0.o)
                0x000017b4                CapSense_CompCH0_Init
 .text.CapSense_IdacCH0_Enable
                0x000017f0       0x1c .\CortexM3\ARM_GCC_484\Debug\Design01.a(CapSense_IdacCH0.o)
                0x000017f0                CapSense_IdacCH0_Enable
 .text.CapSense_IdacCH0_SetSpeed
                0x0000180c       0x1c .\CortexM3\ARM_GCC_484\Debug\Design01.a(CapSense_IdacCH0.o)
                0x0000180c                CapSense_IdacCH0_SetSpeed
 .text.CapSense_IdacCH0_SetValue
                0x00001828        0xc .\CortexM3\ARM_GCC_484\Debug\Design01.a(CapSense_IdacCH0.o)
                0x00001828                CapSense_IdacCH0_SetValue
 .text.CapSense_IdacCH0_DacTrim
                0x00001834       0x34 .\CortexM3\ARM_GCC_484\Debug\Design01.a(CapSense_IdacCH0.o)
                0x00001834                CapSense_IdacCH0_DacTrim
 .text.CapSense_IdacCH0_Init
                0x00001868       0x2c .\CortexM3\ARM_GCC_484\Debug\Design01.a(CapSense_IdacCH0.o)
                0x00001868                CapSense_IdacCH0_Init
 .text.CapSense_IdacCH0_SetPolarity
                0x00001894       0x20 .\CortexM3\ARM_GCC_484\Debug\Design01.a(CapSense_IdacCH0.o)
                0x00001894                CapSense_IdacCH0_SetPolarity
 .text.CapSense_IdacCH0_SetRange
                0x000018b4       0x20 .\CortexM3\ARM_GCC_484\Debug\Design01.a(CapSense_IdacCH0.o)
                0x000018b4                CapSense_IdacCH0_SetRange
 .text.CapSense_AMuxCH0_DisconnectAll
                0x000018d4       0x18 .\CortexM3\ARM_GCC_484\Debug\Design01.a(CapSense_AMuxCH0.o)
                0x000018d4                CapSense_AMuxCH0_DisconnectAll
 .text.CapSense_AMuxCH0_Init
                0x000018ec        0x8 .\CortexM3\ARM_GCC_484\Debug\Design01.a(CapSense_AMuxCH0.o)
                0x000018ec                CapSense_AMuxCH0_Init
 .text.CapSense_IntClock_Start
                0x000018f4       0x1c .\CortexM3\ARM_GCC_484\Debug\Design01.a(CapSense_IntClock.o)
                0x000018f4                CapSense_IntClock_Start
 .text.PGA_1_Enable
                0x00001910       0x28 .\CortexM3\ARM_GCC_484\Debug\Design01.a(PGA_1.o)
                0x00001910                PGA_1_Enable
 .text.PGA_1_SetPower
                0x00001938       0x18 .\CortexM3\ARM_GCC_484\Debug\Design01.a(PGA_1.o)
                0x00001938                PGA_1_SetPower
 .text.PGA_1_SetGain
                0x00001950       0x74 .\CortexM3\ARM_GCC_484\Debug\Design01.a(PGA_1.o)
                0x00001950                PGA_1_SetGain
 .text.PGA_1_Init
                0x000019c4       0x2c .\CortexM3\ARM_GCC_484\Debug\Design01.a(PGA_1.o)
                0x000019c4                PGA_1_Init
 .text.PGA_1_Start
                0x000019f0       0x1c .\CortexM3\ARM_GCC_484\Debug\Design01.a(PGA_1.o)
                0x000019f0                PGA_1_Start
 .text.Comp_trimAdjust
                0x00001a0c       0x8c .\CortexM3\ARM_GCC_484\Debug\Design01.a(Comp.o)
 .text.Comp_Enable
                0x00001a98       0x1c .\CortexM3\ARM_GCC_484\Debug\Design01.a(Comp.o)
                0x00001a98                Comp_Enable
 .text.Comp_SetSpeed
                0x00001ab4       0x5c .\CortexM3\ARM_GCC_484\Debug\Design01.a(Comp.o)
                0x00001ab4                Comp_SetSpeed
 .text.Comp_Init
                0x00001b10       0x3c .\CortexM3\ARM_GCC_484\Debug\Design01.a(Comp.o)
                0x00001b10                Comp_Init
 .text.Comp_Start
                0x00001b4c       0x1c .\CortexM3\ARM_GCC_484\Debug\Design01.a(Comp.o)
                0x00001b4c                Comp_Start
 .text.Comp_ZeroCal
                0x00001b68       0x90 .\CortexM3\ARM_GCC_484\Debug\Design01.a(Comp.o)
                0x00001b68                Comp_ZeroCal
 .text.WaveDAC8_1_Enable
                0x00001bf8       0x28 .\CortexM3\ARM_GCC_484\Debug\Design01.a(WaveDAC8_1.o)
                0x00001bf8                WaveDAC8_1_Enable
 .text.WaveDAC8_1_Wave1Setup
                0x00001c20       0x40 .\CortexM3\ARM_GCC_484\Debug\Design01.a(WaveDAC8_1.o)
                0x00001c20                WaveDAC8_1_Wave1Setup
 .text.WaveDAC8_1_Wave2Setup
                0x00001c60       0x40 .\CortexM3\ARM_GCC_484\Debug\Design01.a(WaveDAC8_1.o)
                0x00001c60                WaveDAC8_1_Wave2Setup
 .text.WaveDAC8_1_Init
                0x00001ca0       0x40 .\CortexM3\ARM_GCC_484\Debug\Design01.a(WaveDAC8_1.o)
                0x00001ca0                WaveDAC8_1_Init
 .text.WaveDAC8_1_Start
                0x00001ce0       0x1c .\CortexM3\ARM_GCC_484\Debug\Design01.a(WaveDAC8_1.o)
                0x00001ce0                WaveDAC8_1_Start
 .text.Compint_Interrupt
                0x00001cfc       0x14 .\CortexM3\ARM_GCC_484\Debug\Design01.a(Compint.o)
                0x00001cfc                Compint_Interrupt
 .text.Compint_SetVector
                0x00001d10        0xc .\CortexM3\ARM_GCC_484\Debug\Design01.a(Compint.o)
                0x00001d10                Compint_SetVector
 .text.Compint_SetPriority
                0x00001d1c       0x10 .\CortexM3\ARM_GCC_484\Debug\Design01.a(Compint.o)
                0x00001d1c                Compint_SetPriority
 .text.Compint_Enable
                0x00001d2c        0xc .\CortexM3\ARM_GCC_484\Debug\Design01.a(Compint.o)
                0x00001d2c                Compint_Enable
 .text.Compint_Disable
                0x00001d38        0xc .\CortexM3\ARM_GCC_484\Debug\Design01.a(Compint.o)
                0x00001d38                Compint_Disable
 .text.Compint_Start
                0x00001d44       0x1c .\CortexM3\ARM_GCC_484\Debug\Design01.a(Compint.o)
                0x00001d44                Compint_Start
 .text.HeartbeatCounter_Enable
                0x00001d60       0x10 .\CortexM3\ARM_GCC_484\Debug\Design01.a(HeartbeatCounter.o)
                0x00001d60                HeartbeatCounter_Enable
 .text.HeartbeatCounter_SetInterruptMode
                0x00001d70        0xc .\CortexM3\ARM_GCC_484\Debug\Design01.a(HeartbeatCounter.o)
                0x00001d70                HeartbeatCounter_SetInterruptMode
 .text.HeartbeatCounter_ReadStatusRegister
                0x00001d7c        0xc .\CortexM3\ARM_GCC_484\Debug\Design01.a(HeartbeatCounter.o)
                0x00001d7c                HeartbeatCounter_ReadStatusRegister
 .text.HeartbeatCounter_WriteCounter
                0x00001d88        0xc .\CortexM3\ARM_GCC_484\Debug\Design01.a(HeartbeatCounter.o)
                0x00001d88                HeartbeatCounter_WriteCounter
 .text.HeartbeatCounter_ReadCounter
                0x00001d94       0x14 .\CortexM3\ARM_GCC_484\Debug\Design01.a(HeartbeatCounter.o)
                0x00001d94                HeartbeatCounter_ReadCounter
 .text.HeartbeatCounter_ReadCapture
                0x00001da8        0xc .\CortexM3\ARM_GCC_484\Debug\Design01.a(HeartbeatCounter.o)
                0x00001da8                HeartbeatCounter_ReadCapture
 .text.HeartbeatCounter_WritePeriod
                0x00001db4        0xc .\CortexM3\ARM_GCC_484\Debug\Design01.a(HeartbeatCounter.o)
                0x00001db4                HeartbeatCounter_WritePeriod
 .text.HeartbeatCounter_WriteCompare
                0x00001dc0        0xc .\CortexM3\ARM_GCC_484\Debug\Design01.a(HeartbeatCounter.o)
                0x00001dc0                HeartbeatCounter_WriteCompare
 .text.HeartbeatCounter_ClearFIFO
                0x00001dcc       0x14 .\CortexM3\ARM_GCC_484\Debug\Design01.a(HeartbeatCounter.o)
                0x00001dcc                HeartbeatCounter_ClearFIFO
 .text.HeartbeatCounter_Init
                0x00001de0       0x58 .\CortexM3\ARM_GCC_484\Debug\Design01.a(HeartbeatCounter.o)
                0x00001de0                HeartbeatCounter_Init
 .text.HeartbeatCounter_Start
                0x00001e38       0x1c .\CortexM3\ARM_GCC_484\Debug\Design01.a(HeartbeatCounter.o)
                0x00001e38                HeartbeatCounter_Start
 .text.timer_clock_1_Start
                0x00001e54       0x1c .\CortexM3\ARM_GCC_484\Debug\Design01.a(timer_clock_1.o)
                0x00001e54                timer_clock_1_Start
 .text.PWM_Enable
                0x00001e70       0x10 .\CortexM3\ARM_GCC_484\Debug\Design01.a(PWM.o)
                0x00001e70                PWM_Enable
 .text.PWM_WriteCounter
                0x00001e80        0xc .\CortexM3\ARM_GCC_484\Debug\Design01.a(PWM.o)
                0x00001e80                PWM_WriteCounter
 .text.PWM_WritePeriod
                0x00001e8c        0xc .\CortexM3\ARM_GCC_484\Debug\Design01.a(PWM.o)
                0x00001e8c                PWM_WritePeriod
 .text.PWM_WriteCompare
                0x00001e98        0xc .\CortexM3\ARM_GCC_484\Debug\Design01.a(PWM.o)
                0x00001e98                PWM_WriteCompare
 .text.PWM_Init
                0x00001ea4       0x40 .\CortexM3\ARM_GCC_484\Debug\Design01.a(PWM.o)
                0x00001ea4                PWM_Init
 .text.PWM_Start
                0x00001ee4       0x1c .\CortexM3\ARM_GCC_484\Debug\Design01.a(PWM.o)
                0x00001ee4                PWM_Start
 .text.STOP_Interrupt
                0x00001f00        0xc .\CortexM3\ARM_GCC_484\Debug\Design01.a(STOP.o)
                0x00001f00                STOP_Interrupt
 .text.STOP_SetVector
                0x00001f0c        0xc .\CortexM3\ARM_GCC_484\Debug\Design01.a(STOP.o)
                0x00001f0c                STOP_SetVector
 .text.STOP_SetPriority
                0x00001f18       0x10 .\CortexM3\ARM_GCC_484\Debug\Design01.a(STOP.o)
                0x00001f18                STOP_SetPriority
 .text.STOP_Enable
                0x00001f28        0xc .\CortexM3\ARM_GCC_484\Debug\Design01.a(STOP.o)
                0x00001f28                STOP_Enable
 .text.STOP_Disable
                0x00001f34        0xc .\CortexM3\ARM_GCC_484\Debug\Design01.a(STOP.o)
                0x00001f34                STOP_Disable
 .text.STOP_Start
                0x00001f40       0x1c .\CortexM3\ARM_GCC_484\Debug\Design01.a(STOP.o)
                0x00001f40                STOP_Start
 .text.WDT_Interrupt
                0x00001f5c       0x48 .\CortexM3\ARM_GCC_484\Debug\Design01.a(WDT.o)
                0x00001f5c                WDT_Interrupt
 .text.WDT_SetVector
                0x00001fa4        0xc .\CortexM3\ARM_GCC_484\Debug\Design01.a(WDT.o)
                0x00001fa4                WDT_SetVector
 .text.WDT_SetPriority
                0x00001fb0       0x10 .\CortexM3\ARM_GCC_484\Debug\Design01.a(WDT.o)
                0x00001fb0                WDT_SetPriority
 .text.WDT_Enable
                0x00001fc0        0xc .\CortexM3\ARM_GCC_484\Debug\Design01.a(WDT.o)
                0x00001fc0                WDT_Enable
 .text.WDT_Disable
                0x00001fcc        0xc .\CortexM3\ARM_GCC_484\Debug\Design01.a(WDT.o)
                0x00001fcc                WDT_Disable
 .text.WDT_Start
                0x00001fd8       0x1c .\CortexM3\ARM_GCC_484\Debug\Design01.a(WDT.o)
                0x00001fd8                WDT_Start
 .text.WDT_Timer_Enable
                0x00001ff4       0x10 .\CortexM3\ARM_GCC_484\Debug\Design01.a(WDT_Timer.o)
                0x00001ff4                WDT_Timer_Enable
 .text.WDT_Timer_SetInterruptMode
                0x00002004        0xc .\CortexM3\ARM_GCC_484\Debug\Design01.a(WDT_Timer.o)
                0x00002004                WDT_Timer_SetInterruptMode
 .text.WDT_Timer_ReadStatusRegister
                0x00002010        0xc .\CortexM3\ARM_GCC_484\Debug\Design01.a(WDT_Timer.o)
                0x00002010                WDT_Timer_ReadStatusRegister
 .text.WDT_Timer_WritePeriod
                0x0000201c       0x10 .\CortexM3\ARM_GCC_484\Debug\Design01.a(WDT_Timer.o)
                0x0000201c                WDT_Timer_WritePeriod
 .text.WDT_Timer_ReadCapture
                0x0000202c       0x10 .\CortexM3\ARM_GCC_484\Debug\Design01.a(WDT_Timer.o)
                0x0000202c                WDT_Timer_ReadCapture
 .text.WDT_Timer_WriteCounter
                0x0000203c       0x10 .\CortexM3\ARM_GCC_484\Debug\Design01.a(WDT_Timer.o)
                0x0000203c                WDT_Timer_WriteCounter
 .text.WDT_Timer_SetCaptureMode
                0x0000204c       0x1c .\CortexM3\ARM_GCC_484\Debug\Design01.a(WDT_Timer.o)
                0x0000204c                WDT_Timer_SetCaptureMode
 .text.WDT_Timer_ClearFIFO
                0x00002068       0x14 .\CortexM3\ARM_GCC_484\Debug\Design01.a(WDT_Timer.o)
                0x00002068                WDT_Timer_ClearFIFO
 .text.WDT_Timer_Init
                0x0000207c       0x3c .\CortexM3\ARM_GCC_484\Debug\Design01.a(WDT_Timer.o)
                0x0000207c                WDT_Timer_Init
 .text.WDT_Timer_Start
                0x000020b8       0x1c .\CortexM3\ARM_GCC_484\Debug\Design01.a(WDT_Timer.o)
                0x000020b8                WDT_Timer_Start
 .text.MOTOR_HEALTH_Read
                0x000020d4       0x10 .\CortexM3\ARM_GCC_484\Debug\Design01.a(MOTOR_HEALTH.o)
                0x000020d4                MOTOR_HEALTH_Read
 .text.UI_HEALTH_Read
                0x000020e4       0x10 .\CortexM3\ARM_GCC_484\Debug\Design01.a(UI_HEALTH.o)
                0x000020e4                UI_HEALTH_Read
 .text.HEARTRATE_HEALTH_Read
                0x000020f4        0xc .\CortexM3\ARM_GCC_484\Debug\Design01.a(HEARTRATE_HEALTH.o)
                0x000020f4                HEARTRATE_HEALTH_Read
 .text.CySetReg24
                0x00002100       0x14 .\CortexM3\ARM_GCC_484\Debug\Design01.a(cyutils.o)
                0x00002100                CySetReg24
 .text.WaveDAC8_1_DacClk_Start
                0x00002114       0x1c .\CortexM3\ARM_GCC_484\Debug\Design01.a(WaveDAC8_1_DacClk.o)
                0x00002114                WaveDAC8_1_DacClk_Start
 .text.WaveDAC8_1_Wave1_DMA_DmaInitialize
                0x00002130       0x3c .\CortexM3\ARM_GCC_484\Debug\Design01.a(WaveDAC8_1_Wave1_DMA_dma.o)
                0x00002130                WaveDAC8_1_Wave1_DMA_DmaInitialize
 .text.WaveDAC8_1_Wave2_DMA_DmaInitialize
                0x0000216c       0x3c .\CortexM3\ARM_GCC_484\Debug\Design01.a(WaveDAC8_1_Wave2_DMA_dma.o)
                0x0000216c                WaveDAC8_1_Wave2_DMA_DmaInitialize
 .text.WaveDAC8_1_VDAC8_Enable
                0x000021a8       0x1c .\CortexM3\ARM_GCC_484\Debug\Design01.a(WaveDAC8_1_VDAC8.o)
                0x000021a8                WaveDAC8_1_VDAC8_Enable
 .text.WaveDAC8_1_VDAC8_SetSpeed
                0x000021c4       0x1c .\CortexM3\ARM_GCC_484\Debug\Design01.a(WaveDAC8_1_VDAC8.o)
                0x000021c4                WaveDAC8_1_VDAC8_SetSpeed
 .text.WaveDAC8_1_VDAC8_SetValue
                0x000021e0        0xc .\CortexM3\ARM_GCC_484\Debug\Design01.a(WaveDAC8_1_VDAC8.o)
                0x000021e0                WaveDAC8_1_VDAC8_SetValue
 .text.WaveDAC8_1_VDAC8_DacTrim
                0x000021ec       0x20 .\CortexM3\ARM_GCC_484\Debug\Design01.a(WaveDAC8_1_VDAC8.o)
                0x000021ec                WaveDAC8_1_VDAC8_DacTrim
 .text.WaveDAC8_1_VDAC8_SetRange
                0x0000220c       0x20 .\CortexM3\ARM_GCC_484\Debug\Design01.a(WaveDAC8_1_VDAC8.o)
                0x0000220c                WaveDAC8_1_VDAC8_SetRange
 .text.WaveDAC8_1_VDAC8_Init
                0x0000222c       0x28 .\CortexM3\ARM_GCC_484\Debug\Design01.a(WaveDAC8_1_VDAC8.o)
                0x0000222c                WaveDAC8_1_VDAC8_Init
 .text.SMS_LIB_V3_50_CallibrateSensor1Ch
                0x00002254       0x84 C:\Program Files (x86)\Cypress\PSoC Creator\3.2\PSoC Creator\psoc\content\cycomponentlibrary\CyComponentLibrary.cylib\CapSense_CSD_v3_50\Library\CapSenseLibrary_GCC.a(CapSense_CSD_SmartSense_v3_50.o)
                0x00002254                SMS_LIB_V3_50_CallibrateSensor1Ch
 .text.SMS_LIB_V3_50_AutoTuneSensor1Ch
                0x000022d8       0x9c C:\Program Files (x86)\Cypress\PSoC Creator\3.2\PSoC Creator\psoc\content\cycomponentlibrary\CyComponentLibrary.cylib\CapSense_CSD_v3_50\Library\CapSenseLibrary_GCC.a(CapSense_CSD_SmartSense_v3_50.o)
                0x000022d8                SMS_LIB_V3_50_AutoTuneSensor1Ch
 .text.SMS_LIB_V3_50_MeasureNoiseEnvelope
                0x00002374       0x94 C:\Program Files (x86)\Cypress\PSoC Creator\3.2\PSoC Creator\psoc\content\cycomponentlibrary\CyComponentLibrary.cylib\CapSense_CSD_v3_50\Library\CapSenseLibrary_GCC.a(CapSense_CSD_SmartSense_v3_50.o)
                0x00002374                SMS_LIB_V3_50_MeasureNoiseEnvelope
 .text.SMS_LIB_V3_50_CalculateThresholds
                0x00002408       0xc4 C:\Program Files (x86)\Cypress\PSoC Creator\3.2\PSoC Creator\psoc\content\cycomponentlibrary\CyComponentLibrary.cylib\CapSense_CSD_v3_50\Library\CapSenseLibrary_GCC.a(CapSense_CSD_SmartSense_v3_50.o)
                0x00002408                SMS_LIB_V3_50_CalculateThresholds
 .text.SMS_LIB_V3_50_Sensors2WidgetResolutionTransform
                0x000024cc       0xa8 C:\Program Files (x86)\Cypress\PSoC Creator\3.2\PSoC Creator\psoc\content\cycomponentlibrary\CyComponentLibrary.cylib\CapSense_CSD_v3_50\Library\CapSenseLibrary_GCC.a(CapSense_CSD_SmartSense_v3_50.o)
                0x000024cc                SMS_LIB_V3_50_Sensors2WidgetResolutionTransform
 .text.SMS_LIB_V3_50_AutoTune1Ch
                0x00002574       0x88 C:\Program Files (x86)\Cypress\PSoC Creator\3.2\PSoC Creator\psoc\content\cycomponentlibrary\CyComponentLibrary.cylib\CapSense_CSD_v3_50\Library\CapSenseLibrary_GCC.a(CapSense_CSD_SmartSense_v3_50.o)
                0x00002574                SMS_LIB_V3_50_AutoTune1Ch
 .text          0x000025fc       0x24 c:/program files (x86)/cypress/psoc creator/3.2/psoc creator/import/gnu/arm/4.8.4/bin/../lib/gcc/arm-none-eabi/4.8.4/armv7-m\libgcc.a(_udivsi3.o)
                0x000025fc                __aeabi_uidiv
                0x000025fc                __udivsi3
                0x00002610                __aeabi_uidivmod
 .text          0x00002620        0x4 c:/program files (x86)/cypress/psoc creator/3.2/psoc creator/import/gnu/arm/4.8.4/bin/../lib/gcc/arm-none-eabi/4.8.4/armv7-m\libgcc.a(_dvmd_tls.o)
                0x00002620                __aeabi_idiv0
                0x00002620                __aeabi_ldiv0
 .text          0x00002624      0x370 c:/program files (x86)/cypress/psoc creator/3.2/psoc creator/import/gnu/arm/4.8.4/bin/../lib/gcc/arm-none-eabi/4.8.4/armv7-m\libgcc.a(_arm_addsubdf3.o)
                0x00002624                __aeabi_drsub
                0x0000262c                __aeabi_dsub
                0x0000262c                __subdf3
                0x00002630                __aeabi_dadd
                0x00002630                __adddf3
                0x000028a8                __floatunsidf
                0x000028a8                __aeabi_ui2d
                0x000028c8                __floatsidf
                0x000028c8                __aeabi_i2d
                0x000028ec                __aeabi_f2d
                0x000028ec                __extendsfdf2
                0x00002928                __floatundidf
                0x00002928                __aeabi_ul2d
                0x00002938                __floatdidf
                0x00002938                __aeabi_l2d
 .text          0x00002994      0x424 c:/program files (x86)/cypress/psoc creator/3.2/psoc creator/import/gnu/arm/4.8.4/bin/../lib/gcc/arm-none-eabi/4.8.4/armv7-m\libgcc.a(_arm_muldivdf3.o)
                0x00002994                __aeabi_dmul
                0x00002994                __muldf3
                0x00002be8                __divdf3
                0x00002be8                __aeabi_ddiv
 .text          0x00002db8       0x50 c:/program files (x86)/cypress/psoc creator/3.2/psoc creator/import/gnu/arm/4.8.4/bin/../lib/gcc/arm-none-eabi/4.8.4/armv7-m\libgcc.a(_arm_fixdfsi.o)
                0x00002db8                __aeabi_d2iz
                0x00002db8                __fixdfsi
 .text          0x00002e08      0x21c c:/program files (x86)/cypress/psoc creator/3.2/psoc creator/import/gnu/arm/4.8.4/bin/../lib/gcc/arm-none-eabi/4.8.4/armv7-m\libgcc.a(_arm_addsubsf3.o)
                0x00002e08                __aeabi_frsub
                0x00002e10                __subsf3
                0x00002e10                __aeabi_fsub
                0x00002e14                __aeabi_fadd
                0x00002e14                __addsf3
                0x00002f74                __aeabi_ui2f
                0x00002f74                __floatunsisf
                0x00002f7c                __aeabi_i2f
                0x00002f7c                __floatsisf
                0x00002f98                __aeabi_ul2f
                0x00002f98                __floatundisf
                0x00002fa8                __aeabi_l2f
                0x00002fa8                __floatdisf
 .text          0x00003024       0xec c:/program files (x86)/cypress/psoc creator/3.2/psoc creator/import/gnu/arm/4.8.4/bin/../lib/gcc/arm-none-eabi/4.8.4/armv7-m\libgcc.a(_arm_cmpsf2.o)
                0x00003024                __gesf2
                0x00003024                __gtsf2
                0x0000302c                __lesf2
                0x0000302c                __ltsf2
                0x00003034                __nesf2
                0x00003034                __eqsf2
                0x00003034                __cmpsf2
                0x00003094                __aeabi_cfrcmple
                0x0000309c                __aeabi_cfcmpeq
                0x0000309c                __aeabi_cfcmple
                0x000030ac                __aeabi_fcmpeq
                0x000030c0                __aeabi_fcmplt
                0x000030d4                __aeabi_fcmple
                0x000030e8                __aeabi_fcmpge
                0x000030fc                __aeabi_fcmpgt
 .text          0x00003110       0x4c c:/program files (x86)/cypress/psoc creator/3.2/psoc creator/import/gnu/arm/4.8.4/bin/../lib/gcc/arm-none-eabi/4.8.4/armv7-m\libgcc.a(_arm_fixsfsi.o)
                0x00003110                __aeabi_f2iz
                0x00003110                __fixsfsi
 .text          0x0000315c       0x40 c:/program files (x86)/cypress/psoc creator/3.2/psoc creator/import/gnu/arm/4.8.4/bin/../lib/gcc/arm-none-eabi/4.8.4/armv7-m\libgcc.a(_arm_fixunssfsi.o)
                0x0000315c                __fixunssfsi
                0x0000315c                __aeabi_f2uiz
 .text.__libc_init_array
                0x0000319c       0x4c c:/program files (x86)/cypress/psoc creator/3.2/psoc creator/import/gnu/arm/4.8.4/bin/../lib/gcc/arm-none-eabi/4.8.4/../../../../arm-none-eabi/lib/armv7-m\libg_s.a(lib_a-init.o)
                0x0000319c                __libc_init_array
 .text.memcpy   0x000031e8       0x12 c:/program files (x86)/cypress/psoc creator/3.2/psoc creator/import/gnu/arm/4.8.4/bin/../lib/gcc/arm-none-eabi/4.8.4/../../../../arm-none-eabi/lib/armv7-m\libg_s.a(lib_a-memcpy-stub.o)
                0x000031e8                memcpy
 .text.memset   0x000031fa       0x10 c:/program files (x86)/cypress/psoc creator/3.2/psoc creator/import/gnu/arm/4.8.4/bin/../lib/gcc/arm-none-eabi/4.8.4/../../../../arm-none-eabi/lib/armv7-m\libg_s.a(lib_a-memset.o)
                0x000031fa                memset
 *(.plt)
 *(.gnu.warning)
 *(.glue_7t)
 .glue_7t       0x00000000        0x0 linker stubs
 *(.glue_7)
 .glue_7        0x00000000        0x0 linker stubs
 *(.vfp11_veneer)
 .vfp11_veneer  0x00000000        0x0 linker stubs
 *(.bootloader)
 *(.ARM.extab* .gnu.linkonce.armextab.*)
 *(.gcc_except_table)

.v4_bx          0x0000320c        0x0
 .v4_bx         0x00000000        0x0 linker stubs

.iplt           0x0000320c        0x0
 .iplt          0x00000000        0x0 c:/program files (x86)/cypress/psoc creator/3.2/psoc creator/import/gnu/arm/4.8.4/bin/../lib/gcc/arm-none-eabi/4.8.4/armv7-m/crtbegin.o

.eh_frame_hdr
 *(.eh_frame_hdr)

.eh_frame       0x0000320c        0x4
 *(.eh_frame)
 .eh_frame      0x0000320c        0x0 c:/program files (x86)/cypress/psoc creator/3.2/psoc creator/import/gnu/arm/4.8.4/bin/../lib/gcc/arm-none-eabi/4.8.4/armv7-m/crtbegin.o
 .eh_frame      0x0000320c        0x4 c:/program files (x86)/cypress/psoc creator/3.2/psoc creator/import/gnu/arm/4.8.4/bin/../lib/gcc/arm-none-eabi/4.8.4/armv7-m/crtend.o
                0x00003210                PROVIDE (__exidx_start, .)

.ARM.exidx
 *(.ARM.exidx* .gnu.linkonce.armexidx.*)
                0x00003210                __exidx_end = .

.rodata         0x00003210     0x1200
 *(.rodata .rodata.* .gnu.linkonce.r.*)
 .rodata.str1.4
                0x00003210       0x47 .\CortexM3\ARM_GCC_484\Debug\states.o
                                 0x48 (size before relaxing)
 *fill*         0x00003257        0x1 
 .rodata.str1.4
                0x00003258       0x28 .\CortexM3\ARM_GCC_484\Debug\display.o
                                 0x4c (size before relaxing)
 .rodata.str1.4
                0x00003280       0x14 .\CortexM3\ARM_GCC_484\Debug\heartrate.o
 .rodata        0x00003294       0x60 .\CortexM3\ARM_GCC_484\Debug\Design01.a(cyfitter_cfg.o)
                0x00003294                CapSense_AMuxCH0__addrTable
                0x000032bc                CapSense_AMuxCH0__maskTable
 .rodata        0x000032f4       0x40 .\CortexM3\ARM_GCC_484\Debug\Design01.a(LCD_BarGraph.o)
                0x000032f4                LCD_customFonts
 .rodata        0x00003334       0x54 .\CortexM3\ARM_GCC_484\Debug\Design01.a(CapSense.o)
                0x00003334                CapSense_portTable
                0x0000333c                CapSense_maskTable
                0x00003344                CapSense_pcTable
                0x00003360                CapSense_csTable
                0x00003380                CapSense_widgetNumber
 .rodata        0x00003388       0x10 .\CortexM3\ARM_GCC_484\Debug\Design01.a(CapSense_CSHL.o)
                0x00003388                CapSense_rawDataIndex
                0x0000338c                CapSense_numberOfSensors
                0x00003390                CapSense_posFiltersMask
                0x00003394                CapSense_centroidMult
 .rodata        0x00003398       0x28 .\CortexM3\ARM_GCC_484\Debug\Design01.a(CapSense_SMS_Wrapper.o)
                0x00003398                SMS_LIB_PrescalerTbl
                0x000033b8                SMS_LIB_SensorSensitivity
 .rodata        0x000033c0       0x18 .\CortexM3\ARM_GCC_484\Debug\Design01.a(PGA_1.o)
 .rodata        0x000033d8     0x1004 .\CortexM3\ARM_GCC_484\Debug\Design01.a(WaveDAC8_1.o)
                0x000033d8                WaveDAC8_1_wave1
                0x00004378                WaveDAC8_1_wave2
                0x000043dc                . = ALIGN (0x4)
 *(.init)
 .init          0x000043dc        0x4 c:/program files (x86)/cypress/psoc creator/3.2/psoc creator/import/gnu/arm/4.8.4/bin/../lib/gcc/arm-none-eabi/4.8.4/armv7-m/crti.o
                0x000043dc                _init
 .init          0x000043e0        0x8 c:/program files (x86)/cypress/psoc creator/3.2/psoc creator/import/gnu/arm/4.8.4/bin/../lib/gcc/arm-none-eabi/4.8.4/armv7-m/crtn.o
                0x000043e8                . = ALIGN (0x4)
                0x000043e8                __preinit_array_start = .
 *(.preinit_array)
                0x000043e8                __preinit_array_end = .
                0x000043e8                . = ALIGN (0x4)
                0x000043e8                __init_array_start = .
 *(SORT(.init_array.*))
 *(.init_array)
 .init_array    0x000043e8        0x4 c:/program files (x86)/cypress/psoc creator/3.2/psoc creator/import/gnu/arm/4.8.4/bin/../lib/gcc/arm-none-eabi/4.8.4/armv7-m/crtbegin.o
 .init_array    0x000043ec        0x4 .\CortexM3\ARM_GCC_484\Debug\Cm3Start.o
                0x000043f0                __init_array_end = .
                0x000043f0                . = ALIGN (0x4)
 *(.fini)
 .fini          0x000043f0        0x4 c:/program files (x86)/cypress/psoc creator/3.2/psoc creator/import/gnu/arm/4.8.4/bin/../lib/gcc/arm-none-eabi/4.8.4/armv7-m/crti.o
                0x000043f0                _fini
 .fini          0x000043f4        0x8 c:/program files (x86)/cypress/psoc creator/3.2/psoc creator/import/gnu/arm/4.8.4/bin/../lib/gcc/arm-none-eabi/4.8.4/armv7-m/crtn.o
                0x000043fc                . = ALIGN (0x4)
                0x000043fc                __fini_array_start = .
 *(.fini_array)
 .fini_array    0x000043fc        0x4 c:/program files (x86)/cypress/psoc creator/3.2/psoc creator/import/gnu/arm/4.8.4/bin/../lib/gcc/arm-none-eabi/4.8.4/armv7-m/crtbegin.o
 *(SORT(.fini_array.*))
                0x00004400                __fini_array_end = .
                0x00004400                . = ALIGN (0x4)
 *crtbegin.o(.ctors)
 *(EXCLUDE_FILE(*crtend.o) .ctors)
 *(SORT(.ctors.*))
 *crtend.o(.ctors)
                0x00004400                . = ALIGN (0x4)
 *crtbegin.o(.dtors)
 *(EXCLUDE_FILE(*crtend.o) .dtors)
 *(SORT(.dtors.*))
 *crtend.o(.dtors)
                0x00004400                . = ALIGN (0x4)
                0x00004400                __cy_regions = .
                0x00004400        0x4 LONG 0x4410 __cy_region_init_ram
                0x00004404        0x4 LONG 0x1fff8108 __cy_region_start_data
                0x00004408        0x4 LONG 0x88 __cy_region_init_size_ram
                0x0000440c        0x4 LONG 0x120 __cy_region_zero_size_ram
                0x00004410                __cy_regions_end = .
                0x00004410                . = ALIGN (0x8)
                0x00004410                _etext = .

.ramvectors     0x1fff8000      0x100
                0x1fff8000                __cy_region_start_ram = .
 *(.ramvectors)
 .ramvectors    0x1fff8000      0x100 .\CortexM3\ARM_GCC_484\Debug\Cm3Start.o
                0x1fff8000                CyRamVectors

.noinit         0x1fff8100        0x5
 *(.noinit)
 .noinit        0x1fff8100        0x4 .\CortexM3\ARM_GCC_484\Debug\Cm3Start.o
 .noinit        0x1fff8104        0x1 .\CortexM3\ARM_GCC_484\Debug\Design01.a(CyLib.o)
                0x1fff8104                CyResetStatus

.data           0x1fff8108       0x88 load address 0x00004410
                0x1fff8108                __cy_region_start_data = .
 *(.jcr)
 .jcr           0x1fff8108        0x0 c:/program files (x86)/cypress/psoc creator/3.2/psoc creator/import/gnu/arm/4.8.4/bin/../lib/gcc/arm-none-eabi/4.8.4/armv7-m/crtbegin.o
 .jcr           0x1fff8108        0x4 c:/program files (x86)/cypress/psoc creator/3.2/psoc creator/import/gnu/arm/4.8.4/bin/../lib/gcc/arm-none-eabi/4.8.4/armv7-m/crtend.o
 *(.got.plt)
 *(.got)
 *(.shdata)
 *(.data .data.* .gnu.linkonce.d.*)
 .data          0x1fff810c        0xc .\CortexM3\ARM_GCC_484\Debug\states.o
                0x1fff810c                MOTOR_WALKING_SPEED
                0x1fff8110                MOTOR_RUNNING_SPEED
                0x1fff8114                MOTOR_FAST_WALKING_SPEED
 .data          0x1fff8118        0x4 .\CortexM3\ARM_GCC_484\Debug\display.o
                0x1fff8118                loading_bar_speed_ms
 .data          0x1fff811c        0x8 .\CortexM3\ARM_GCC_484\Debug\Design01.a(CyDmac.o)
 .data          0x1fff8124       0x10 .\CortexM3\ARM_GCC_484\Debug\Design01.a(CyLib.o)
                0x1fff8124                cydelay_32k_ms
                0x1fff8128                cydelay_freq_khz
                0x1fff812c                cydelay_freq_mhz
                0x1fff8130                cydelay_freq_hz
 .data          0x1fff8134       0x10 .\CortexM3\ARM_GCC_484\Debug\Design01.a(CapSense.o)
                0x1fff8134                CapSense_sensorEnableMask
                0x1fff8138                CapSense_idacSettings
                0x1fff8140                CapSense_widgetResolution
                0x1fff8143                CapSense_lowLevelTuningDone
 .data          0x1fff8144       0x14 .\CortexM3\ARM_GCC_484\Debug\Design01.a(CapSense_CSHL.o)
                0x1fff8144                CapSense_debounce
                0x1fff8148                CapSense_noiseThreshold
                0x1fff814c                CapSense_fingerThreshold
                0x1fff8150                CapSense_hysteresis
                0x1fff8154                CapSense_posFiltersData
 .data          0x1fff8158       0x34 .\CortexM3\ARM_GCC_484\Debug\Design01.a(CapSense_SMS_Wrapper.o)
                0x1fff8158                SMS_LIB_EndOfWidgInd
                0x1fff8159                SMS_LIB_TotalScanSlCnt
                0x1fff815a                SMS_LIB_TotalSnsCnt
                0x1fff815c                SMS_LIB_Var2
                0x1fff815e                SMS_LIB_Var1
                0x1fff8160                SMS_LIB_SensorBaseline
                0x1fff8164                SMS_LIB_SensorRaw
                0x1fff8168                SMS_LIB_prescaler
                0x1fff816c                SMS_LIB_idacSettings
                0x1fff8170                SMS_LIB_fingerThreshold
                0x1fff8174                SMS_LIB_rawDataIndex
                0x1fff8178                SMS_LIB_numberOfSensors
                0x1fff817c                SMS_LIB_widgetNumber
                0x1fff8180                SMS_LIB_widgetResolution
                0x1fff8184                SMS_LIB_hysteresis
                0x1fff8188                SMS_LIB_noiseThreshold
 .data          0x1fff818c        0x1 .\CortexM3\ARM_GCC_484\Debug\Design01.a(WaveDAC8_1_Wave1_DMA_dma.o)
                0x1fff818c                WaveDAC8_1_Wave1_DMA_DmaHandle
 .data          0x1fff818d        0x1 .\CortexM3\ARM_GCC_484\Debug\Design01.a(WaveDAC8_1_Wave2_DMA_dma.o)
                0x1fff818d                WaveDAC8_1_Wave2_DMA_DmaHandle
                0x1fff8190                . = ALIGN (0x8)
 *fill*         0x1fff818e        0x2 
 *(.ram)
                0x1fff8190                _edata = .

.igot.plt       0x1fff8190        0x0 load address 0x00004498
 .igot.plt      0x00000000        0x0 c:/program files (x86)/cypress/psoc creator/3.2/psoc creator/import/gnu/arm/4.8.4/bin/../lib/gcc/arm-none-eabi/4.8.4/armv7-m/crtbegin.o

.bss            0x1fff8190      0x120 load address 0x00004498
                0x1fff8190                PROVIDE (__bss_start__, .)
 *(.shbss)
 *(.bss .bss.* .gnu.linkonce.b.*)
 .bss           0x1fff8190       0x1c c:/program files (x86)/cypress/psoc creator/3.2/psoc creator/import/gnu/arm/4.8.4/bin/../lib/gcc/arm-none-eabi/4.8.4/armv7-m/crtbegin.o
 .bss           0x1fff81ac       0x2c .\CortexM3\ARM_GCC_484\Debug\states.o
                0x1fff81ac                selectedProfile
                0x1fff81b0                movingAverage
 .bss           0x1fff81d8        0x2 .\CortexM3\ARM_GCC_484\Debug\Design01.a(LCD.o)
                0x1fff81d8                LCD_enableState
                0x1fff81d9                LCD_initVar
 .bss           0x1fff81da        0x1 .\CortexM3\ARM_GCC_484\Debug\Design01.a(CapSense.o)
 *fill*         0x1fff81db        0x1 
 .bss           0x1fff81dc        0x8 .\CortexM3\ARM_GCC_484\Debug\Design01.a(CapSense_CSHL.o)
                0x1fff81dc                CapSense_debounceCounter
 .bss           0x1fff81e4        0x1 .\CortexM3\ARM_GCC_484\Debug\Design01.a(PGA_1.o)
                0x1fff81e4                PGA_1_initVar
 .bss           0x1fff81e5        0x1 .\CortexM3\ARM_GCC_484\Debug\Design01.a(Comp.o)
                0x1fff81e5                Comp_initVar
 .bss           0x1fff81e6        0x5 .\CortexM3\ARM_GCC_484\Debug\Design01.a(WaveDAC8_1.o)
                0x1fff81ea                WaveDAC8_1_initVar
 *fill*         0x1fff81eb        0x1 
 .bss           0x1fff81ec        0x8 .\CortexM3\ARM_GCC_484\Debug\Design01.a(Compint.o)
                0x1fff81ec                endCounts
                0x1fff81f0                startCounts
 .bss           0x1fff81f4        0x1 .\CortexM3\ARM_GCC_484\Debug\Design01.a(HeartbeatCounter.o)
                0x1fff81f4                HeartbeatCounter_initVar
 .bss           0x1fff81f5        0x1 .\CortexM3\ARM_GCC_484\Debug\Design01.a(PWM.o)
                0x1fff81f5                PWM_initVar
 .bss           0x1fff81f6        0x1 .\CortexM3\ARM_GCC_484\Debug\Design01.a(WDT_Timer.o)
                0x1fff81f6                WDT_Timer_initVar
 *(COMMON)
 *fill*         0x1fff81f7        0x1 
 COMMON         0x1fff81f8       0x28 .\CortexM3\ARM_GCC_484\Debug\states.o
                0x1fff81f8                average
                0x1fff81fc                currentState
                0x1fff8200                PROFILE
                0x1fff8204                timer_value
                0x1fff8208                increasingHr
                0x1fff820c                heartbeatCounter
                0x1fff8210                Prev_state
                0x1fff8214                speed
                0x1fff8218                timer_status
                0x1fff821c                heartrate
 COMMON         0x1fff8220       0x19 .\CortexM3\ARM_GCC_484\Debug\Design01.a(CapSense.o)
                0x1fff8220                CapSense_sensorRaw
                0x1fff8230                CapSense_analogSwitchDivider
                0x1fff8237                CapSense_sensorIndex
                0x1fff8238                CapSense_csv
 *fill*         0x1fff8239        0x3 
 COMMON         0x1fff823c       0x29 .\CortexM3\ARM_GCC_484\Debug\Design01.a(CapSense_CSHL.o)
                0x1fff823c                CapSense_lowBaselineResetCnt
                0x1fff8244                CapSense_sensorBaselineLow
                0x1fff824c                CapSense_sensorSignal
                0x1fff8254                CapSense_sensorBaseline
                0x1fff8264                CapSense_sensorOnMask
 *fill*         0x1fff8265        0x3 
 COMMON         0x1fff8268       0x47 .\CortexM3\ARM_GCC_484\Debug\Design01.a(CapSense_SMS_Wrapper.o)
                0x1fff8268                SMS_LIB_Table4
                0x1fff8278                SMS_LIB_Table7
                0x1fff8280                SMS_LIB_Table8
                0x1fff8284                SMS_LIB_Table2
                0x1fff828c                SMS_LIB_Table5
                0x1fff829c                SMS_LIB_Table9
                0x1fff82a0                SMS_LIB_Table6
                0x1fff82a8                SMS_LIB_Table3
                0x1fff82b0                . = ALIGN (0x8)
 *fill*         0x1fff82af        0x1 
 *(.ram.b)
                0x1fff82b0                _end = .
                0x1fff82b0                __end = .
                0x1fff82b0                PROVIDE (end, .)
                0x1fff82b0                PROVIDE (__bss_end__, .)
                0x00004410                __cy_region_init_ram = LOADADDR (.data)
                0x00000088                __cy_region_init_size_ram = (_edata - ADDR (.data))
                0x00000120                __cy_region_zero_size_ram = (_end - _edata)

.heap           0x1fff82b0       0x80 load address 0x00004498
                0x1fff82b0                . = _end
                0x1fff8330                . = (. + 0x80)
 *fill*         0x1fff82b0       0x80 
                0x1fff8330                __cy_heap_limit = .

.stack          0x20007800      0x800
                0x20007800                __cy_stack_limit = .
                0x20008000                . = (. + 0x800)
 *fill*         0x20007800      0x800 
                0x00000001                ASSERT ((__cy_stack_limit >= __cy_heap_limit), region RAM overflowed with stack)

.cyloadermeta
 *(.cyloadermeta)

.cyloadablemeta
 *(.cyloadablemeta)

.cyconfigecc    0x80000000      0x9ac
 *(.cyconfigecc)
 .cyconfigecc   0x80000000      0x9ac .\CortexM3\ARM_GCC_484\Debug\cymetadata.o
                0x80000000                cy_meta_configecc

.cycustnvl      0x90000000        0x4
 *(.cycustnvl)
 .cycustnvl     0x90000000        0x4 .\CortexM3\ARM_GCC_484\Debug\cymetadata.o
                0x90000000                cy_meta_custnvl

.cywolatch      0x90100000        0x4
 *(.cywolatch)
 .cywolatch     0x90100000        0x4 .\CortexM3\ARM_GCC_484\Debug\cymetadata.o
                0x90100000                cy_meta_wonvl

.cyeeprom       0x90200000        0x0
 *(.cyeeprom)
                0x00000001                ASSERT ((. <= ((0x90200000 + ee_offset) + ee_size)), .cyeeprom data will not fit in EEPROM)

.cyflashprotect
                0x90400000      0x100
 *(.cyflashprotect)
 .cyflashprotect
                0x90400000      0x100 .\CortexM3\ARM_GCC_484\Debug\cymetadata.o
                0x90400000                cy_meta_flashprotect

.cymeta         0x90500000        0xc
 *(.cymeta)
 .cymeta        0x90500000        0xc .\CortexM3\ARM_GCC_484\Debug\cymetadata.o
                0x90500000                cy_metadata

.rel.dyn        0x00004498        0x0 load address 0x9050000c
 .rel.iplt      0x00000000        0x0 c:/program files (x86)/cypress/psoc creator/3.2/psoc creator/import/gnu/arm/4.8.4/bin/../lib/gcc/arm-none-eabi/4.8.4/armv7-m/crtbegin.o

.stab
 *(.stab)

.stabstr
 *(.stabstr)

.debug
 *(.debug)

.line
 *(.line)

.debug_srcinfo
 *(.debug_srcinfo)

.debug_sfnames
 *(.debug_sfnames)

.debug_aranges  0x00000000     0x1580
 *(.debug_aranges)
 .debug_aranges
                0x00000000       0x50 .\CortexM3\ARM_GCC_484\Debug\states.o
 .debug_aranges
                0x00000050       0x38 .\CortexM3\ARM_GCC_484\Debug\motor.o
 .debug_aranges
                0x00000088       0x38 .\CortexM3\ARM_GCC_484\Debug\speaker.o
 .debug_aranges
                0x000000c0       0x30 .\CortexM3\ARM_GCC_484\Debug\display.o
 .debug_aranges
                0x000000f0       0x20 .\CortexM3\ARM_GCC_484\Debug\system.o
 .debug_aranges
                0x00000110       0x20 .\CortexM3\ARM_GCC_484\Debug\heartrate.o
 .debug_aranges
                0x00000130       0x20 .\CortexM3\ARM_GCC_484\Debug\main.o
 .debug_aranges
                0x00000150       0x28 .\CortexM3\ARM_GCC_484\Debug\terminal.o
 .debug_aranges
                0x00000178       0x18 .\CortexM3\ARM_GCC_484\Debug\cymetadata.o
 .debug_aranges
                0x00000190       0x48 .\CortexM3\ARM_GCC_484\Debug\Cm3Start.o
 .debug_aranges
                0x000001d8       0x68 .\CortexM3\ARM_GCC_484\Debug\Design01.a(cyfitter_cfg.o)
 .debug_aranges
                0x00000240       0x20 .\CortexM3\ARM_GCC_484\Debug\Design01.a(CyBootAsmGnu.o)
 .debug_aranges
                0x00000260       0xd8 .\CortexM3\ARM_GCC_484\Debug\Design01.a(CyDmac.o)
 .debug_aranges
                0x00000338      0x298 .\CortexM3\ARM_GCC_484\Debug\Design01.a(CyLib.o)
 .debug_aranges
                0x000005d0       0x98 .\CortexM3\ARM_GCC_484\Debug\Design01.a(cyPm.o)
 .debug_aranges
                0x00000668       0x98 .\CortexM3\ARM_GCC_484\Debug\Design01.a(LCD.o)
 .debug_aranges
                0x00000700       0x28 .\CortexM3\ARM_GCC_484\Debug\Design01.a(LCD_BarGraph.o)
 .debug_aranges
                0x00000728       0x38 .\CortexM3\ARM_GCC_484\Debug\Design01.a(Speaker_Output.o)
 .debug_aranges
                0x00000760       0xb0 .\CortexM3\ARM_GCC_484\Debug\Design01.a(CapSense.o)
 .debug_aranges
                0x00000810       0x90 .\CortexM3\ARM_GCC_484\Debug\Design01.a(CapSense_CSHL.o)
 .debug_aranges
                0x000008a0       0x20 .\CortexM3\ARM_GCC_484\Debug\Design01.a(CapSense_INT.o)
 .debug_aranges
                0x000008c0       0x50 .\CortexM3\ARM_GCC_484\Debug\Design01.a(CapSense_SMS_Wrapper.o)
 .debug_aranges
                0x00000910       0x70 .\CortexM3\ARM_GCC_484\Debug\Design01.a(CapSense_CompCH0.o)
 .debug_aranges
                0x00000980       0x60 .\CortexM3\ARM_GCC_484\Debug\Design01.a(CapSense_IdacCH0.o)
 .debug_aranges
                0x000009e0       0x48 .\CortexM3\ARM_GCC_484\Debug\Design01.a(CapSense_AMuxCH0.o)
 .debug_aranges
                0x00000a28       0x70 .\CortexM3\ARM_GCC_484\Debug\Design01.a(CapSense_IntClock.o)
 .debug_aranges
                0x00000a98       0x48 .\CortexM3\ARM_GCC_484\Debug\Design01.a(PGA_1.o)
 .debug_aranges
                0x00000ae0       0x70 .\CortexM3\ARM_GCC_484\Debug\Design01.a(Comp.o)
 .debug_aranges
                0x00000b50       0x50 .\CortexM3\ARM_GCC_484\Debug\Design01.a(WaveDAC8_1.o)
 .debug_aranges
                0x00000ba0       0x80 .\CortexM3\ARM_GCC_484\Debug\Design01.a(Compint.o)
 .debug_aranges
                0x00000c20       0x98 .\CortexM3\ARM_GCC_484\Debug\Design01.a(HeartbeatCounter.o)
 .debug_aranges
                0x00000cb8       0xb0 .\CortexM3\ARM_GCC_484\Debug\Design01.a(USBUART_cdc.o)
 .debug_aranges
                0x00000d68       0x98 .\CortexM3\ARM_GCC_484\Debug\Design01.a(USBUART_drv.o)
 .debug_aranges
                0x00000e00       0x78 .\CortexM3\ARM_GCC_484\Debug\Design01.a(USBUART_std.o)
 .debug_aranges
                0x00000e78       0x20 .\CortexM3\ARM_GCC_484\Debug\Design01.a(USBUART_vnd.o)
 .debug_aranges
                0x00000e98       0x70 .\CortexM3\ARM_GCC_484\Debug\Design01.a(timer_clock_1.o)
 .debug_aranges
                0x00000f08       0x80 .\CortexM3\ARM_GCC_484\Debug\Design01.a(PWM.o)
 .debug_aranges
                0x00000f88       0x80 .\CortexM3\ARM_GCC_484\Debug\Design01.a(STOP.o)
 .debug_aranges
                0x00001008       0x80 .\CortexM3\ARM_GCC_484\Debug\Design01.a(WDT.o)
 .debug_aranges
                0x00001088       0x98 .\CortexM3\ARM_GCC_484\Debug\Design01.a(WDT_Timer.o)
 .debug_aranges
                0x00001120       0x38 .\CortexM3\ARM_GCC_484\Debug\Design01.a(MOTOR_HEALTH.o)
 .debug_aranges
                0x00001158       0x38 .\CortexM3\ARM_GCC_484\Debug\Design01.a(UI_HEALTH.o)
 .debug_aranges
                0x00001190       0x38 .\CortexM3\ARM_GCC_484\Debug\Design01.a(HEARTRATE_HEALTH.o)
 .debug_aranges
                0x000011c8       0x80 .\CortexM3\ARM_GCC_484\Debug\Design01.a(CyFlash.o)
 .debug_aranges
                0x00001248       0x78 .\CortexM3\ARM_GCC_484\Debug\Design01.a(CySpc.o)
 .debug_aranges
                0x000012c0       0x20 .\CortexM3\ARM_GCC_484\Debug\Design01.a(cyutils.o)
 .debug_aranges
                0x000012e0       0x70 .\CortexM3\ARM_GCC_484\Debug\Design01.a(WaveDAC8_1_DacClk.o)
 .debug_aranges
                0x00001350       0x28 .\CortexM3\ARM_GCC_484\Debug\Design01.a(WaveDAC8_1_Wave1_DMA_dma.o)
 .debug_aranges
                0x00001378       0x28 .\CortexM3\ARM_GCC_484\Debug\Design01.a(WaveDAC8_1_Wave2_DMA_dma.o)
 .debug_aranges
                0x000013a0       0x58 .\CortexM3\ARM_GCC_484\Debug\Design01.a(WaveDAC8_1_VDAC8.o)
 .debug_aranges
                0x000013f8       0xb0 .\CortexM3\ARM_GCC_484\Debug\Design01.a(USBUART.o)
 .debug_aranges
                0x000014a8       0x20 .\CortexM3\ARM_GCC_484\Debug\Design01.a(USBUART_cls.o)
 .debug_aranges
                0x000014c8       0x18 .\CortexM3\ARM_GCC_484\Debug\Design01.a(USBUART_descr.o)
 .debug_aranges
                0x000014e0       0x40 .\CortexM3\ARM_GCC_484\Debug\Design01.a(USBUART_episr.o)
 .debug_aranges
                0x00001520       0x60 C:\Program Files (x86)\Cypress\PSoC Creator\3.2\PSoC Creator\psoc\content\cycomponentlibrary\CyComponentLibrary.cylib\CapSense_CSD_v3_50\Library\CapSenseLibrary_GCC.a(CapSense_CSD_SmartSense_v3_50.o)

.debug_pubnames
 *(.debug_pubnames)

.debug_info     0x00000000     0xdf0b
 *(.debug_info .gnu.linkonce.wi.*)
 .debug_info    0x00000000      0x673 .\CortexM3\ARM_GCC_484\Debug\states.o
 .debug_info    0x00000673      0x306 .\CortexM3\ARM_GCC_484\Debug\motor.o
 .debug_info    0x00000979      0x25e .\CortexM3\ARM_GCC_484\Debug\speaker.o
 .debug_info    0x00000bd7      0x3dd .\CortexM3\ARM_GCC_484\Debug\display.o
 .debug_info    0x00000fb4      0x299 .\CortexM3\ARM_GCC_484\Debug\system.o
 .debug_info    0x0000124d      0x230 .\CortexM3\ARM_GCC_484\Debug\heartrate.o
 .debug_info    0x0000147d      0x25f .\CortexM3\ARM_GCC_484\Debug\main.o
 .debug_info    0x000016dc      0x298 .\CortexM3\ARM_GCC_484\Debug\terminal.o
 .debug_info    0x00001974      0x13e .\CortexM3\ARM_GCC_484\Debug\cymetadata.o
 .debug_info    0x00001ab2      0x3af .\CortexM3\ARM_GCC_484\Debug\Cm3Start.o
 .debug_info    0x00001e61      0x63b .\CortexM3\ARM_GCC_484\Debug\Design01.a(cyfitter_cfg.o)
 .debug_info    0x0000249c       0x8d .\CortexM3\ARM_GCC_484\Debug\Design01.a(CyBootAsmGnu.o)
 .debug_info    0x00002529      0x93f .\CortexM3\ARM_GCC_484\Debug\Design01.a(CyDmac.o)
 .debug_info    0x00002e68     0x1373 .\CortexM3\ARM_GCC_484\Debug\Design01.a(CyLib.o)
 .debug_info    0x000041db      0xa56 .\CortexM3\ARM_GCC_484\Debug\Design01.a(cyPm.o)
 .debug_info    0x00004c31      0x761 .\CortexM3\ARM_GCC_484\Debug\Design01.a(LCD.o)
 .debug_info    0x00005392      0x232 .\CortexM3\ARM_GCC_484\Debug\Design01.a(LCD_BarGraph.o)
 .debug_info    0x000055c4      0x120 .\CortexM3\ARM_GCC_484\Debug\Design01.a(Speaker_Output.o)
 .debug_info    0x000056e4      0x856 .\CortexM3\ARM_GCC_484\Debug\Design01.a(CapSense.o)
 .debug_info    0x00005f3a      0x924 .\CortexM3\ARM_GCC_484\Debug\Design01.a(CapSense_CSHL.o)
 .debug_info    0x0000685e      0x1cc .\CortexM3\ARM_GCC_484\Debug\Design01.a(CapSense_INT.o)
 .debug_info    0x00006a2a      0x4b4 .\CortexM3\ARM_GCC_484\Debug\Design01.a(CapSense_SMS_Wrapper.o)
 .debug_info    0x00006ede      0x2c0 .\CortexM3\ARM_GCC_484\Debug\Design01.a(CapSense_CompCH0.o)
 .debug_info    0x0000719e      0x208 .\CortexM3\ARM_GCC_484\Debug\Design01.a(CapSense_IdacCH0.o)
 .debug_info    0x000073a6      0x1da .\CortexM3\ARM_GCC_484\Debug\Design01.a(CapSense_AMuxCH0.o)
 .debug_info    0x00007580      0x283 .\CortexM3\ARM_GCC_484\Debug\Design01.a(CapSense_IntClock.o)
 .debug_info    0x00007803      0x1c4 .\CortexM3\ARM_GCC_484\Debug\Design01.a(PGA_1.o)
 .debug_info    0x000079c7      0x2c0 .\CortexM3\ARM_GCC_484\Debug\Design01.a(Comp.o)
 .debug_info    0x00007c87      0x5a0 .\CortexM3\ARM_GCC_484\Debug\Design01.a(WaveDAC8_1.o)
 .debug_info    0x00008227      0x3b9 .\CortexM3\ARM_GCC_484\Debug\Design01.a(Compint.o)
 .debug_info    0x000085e0      0x33e .\CortexM3\ARM_GCC_484\Debug\Design01.a(HeartbeatCounter.o)
 .debug_info    0x0000891e      0x70e .\CortexM3\ARM_GCC_484\Debug\Design01.a(USBUART_cdc.o)
 .debug_info    0x0000902c      0x612 .\CortexM3\ARM_GCC_484\Debug\Design01.a(USBUART_drv.o)
 .debug_info    0x0000963e      0x948 .\CortexM3\ARM_GCC_484\Debug\Design01.a(USBUART_std.o)
 .debug_info    0x00009f86      0x18c .\CortexM3\ARM_GCC_484\Debug\Design01.a(USBUART_vnd.o)
 .debug_info    0x0000a112      0x283 .\CortexM3\ARM_GCC_484\Debug\Design01.a(timer_clock_1.o)
 .debug_info    0x0000a395      0x28f .\CortexM3\ARM_GCC_484\Debug\Design01.a(PWM.o)
 .debug_info    0x0000a624      0x37c .\CortexM3\ARM_GCC_484\Debug\Design01.a(STOP.o)
 .debug_info    0x0000a9a0      0x49d .\CortexM3\ARM_GCC_484\Debug\Design01.a(WDT.o)
 .debug_info    0x0000ae3d      0x376 .\CortexM3\ARM_GCC_484\Debug\Design01.a(WDT_Timer.o)
 .debug_info    0x0000b1b3      0x120 .\CortexM3\ARM_GCC_484\Debug\Design01.a(MOTOR_HEALTH.o)
 .debug_info    0x0000b2d3      0x120 .\CortexM3\ARM_GCC_484\Debug\Design01.a(UI_HEALTH.o)
 .debug_info    0x0000b3f3      0x120 .\CortexM3\ARM_GCC_484\Debug\Design01.a(HEARTRATE_HEALTH.o)
 .debug_info    0x0000b513      0x60a .\CortexM3\ARM_GCC_484\Debug\Design01.a(CyFlash.o)
 .debug_info    0x0000bb1d      0x4ee .\CortexM3\ARM_GCC_484\Debug\Design01.a(CySpc.o)
 .debug_info    0x0000c00b       0xec .\CortexM3\ARM_GCC_484\Debug\Design01.a(cyutils.o)
 .debug_info    0x0000c0f7      0x283 .\CortexM3\ARM_GCC_484\Debug\Design01.a(WaveDAC8_1_DacClk.o)
 .debug_info    0x0000c37a      0x1fb .\CortexM3\ARM_GCC_484\Debug\Design01.a(WaveDAC8_1_Wave1_DMA_dma.o)
 .debug_info    0x0000c575      0x1fb .\CortexM3\ARM_GCC_484\Debug\Design01.a(WaveDAC8_1_Wave2_DMA_dma.o)
 .debug_info    0x0000c770      0x1dd .\CortexM3\ARM_GCC_484\Debug\Design01.a(WaveDAC8_1_VDAC8.o)
 .debug_info    0x0000c94d      0x821 .\CortexM3\ARM_GCC_484\Debug\Design01.a(USBUART.o)
 .debug_info    0x0000d16e      0x1b1 .\CortexM3\ARM_GCC_484\Debug\Design01.a(USBUART_cls.o)
 .debug_info    0x0000d31f      0x2c9 .\CortexM3\ARM_GCC_484\Debug\Design01.a(USBUART_descr.o)
 .debug_info    0x0000d5e8      0x1bb .\CortexM3\ARM_GCC_484\Debug\Design01.a(USBUART_episr.o)
 .debug_info    0x0000d7a3      0x768 C:\Program Files (x86)\Cypress\PSoC Creator\3.2\PSoC Creator\psoc\content\cycomponentlibrary\CyComponentLibrary.cylib\CapSense_CSD_v3_50\Library\CapSenseLibrary_GCC.a(CapSense_CSD_SmartSense_v3_50.o)

.debug_abbrev   0x00000000     0x4667
 *(.debug_abbrev)
 .debug_abbrev  0x00000000      0x16c .\CortexM3\ARM_GCC_484\Debug\states.o
 .debug_abbrev  0x0000016c      0x130 .\CortexM3\ARM_GCC_484\Debug\motor.o
 .debug_abbrev  0x0000029c      0x120 .\CortexM3\ARM_GCC_484\Debug\speaker.o
 .debug_abbrev  0x000003bc       0xf1 .\CortexM3\ARM_GCC_484\Debug\display.o
 .debug_abbrev  0x000004ad       0xd4 .\CortexM3\ARM_GCC_484\Debug\system.o
 .debug_abbrev  0x00000581       0xdf .\CortexM3\ARM_GCC_484\Debug\heartrate.o
 .debug_abbrev  0x00000660       0xe1 .\CortexM3\ARM_GCC_484\Debug\main.o
 .debug_abbrev  0x00000741      0x11d .\CortexM3\ARM_GCC_484\Debug\terminal.o
 .debug_abbrev  0x0000085e       0x77 .\CortexM3\ARM_GCC_484\Debug\cymetadata.o
 .debug_abbrev  0x000008d5      0x20d .\CortexM3\ARM_GCC_484\Debug\Cm3Start.o
 .debug_abbrev  0x00000ae2      0x22c .\CortexM3\ARM_GCC_484\Debug\Design01.a(cyfitter_cfg.o)
 .debug_abbrev  0x00000d0e       0x14 .\CortexM3\ARM_GCC_484\Debug\Design01.a(CyBootAsmGnu.o)
 .debug_abbrev  0x00000d22      0x1cc .\CortexM3\ARM_GCC_484\Debug\Design01.a(CyDmac.o)
 .debug_abbrev  0x00000eee      0x296 .\CortexM3\ARM_GCC_484\Debug\Design01.a(CyLib.o)
 .debug_abbrev  0x00001184      0x1fa .\CortexM3\ARM_GCC_484\Debug\Design01.a(cyPm.o)
 .debug_abbrev  0x0000137e      0x17e .\CortexM3\ARM_GCC_484\Debug\Design01.a(LCD.o)
 .debug_abbrev  0x000014fc      0x11c .\CortexM3\ARM_GCC_484\Debug\Design01.a(LCD_BarGraph.o)
 .debug_abbrev  0x00001618       0x9d .\CortexM3\ARM_GCC_484\Debug\Design01.a(Speaker_Output.o)
 .debug_abbrev  0x000016b5      0x1fa .\CortexM3\ARM_GCC_484\Debug\Design01.a(CapSense.o)
 .debug_abbrev  0x000018af      0x1fd .\CortexM3\ARM_GCC_484\Debug\Design01.a(CapSense_CSHL.o)
 .debug_abbrev  0x00001aac       0xc5 .\CortexM3\ARM_GCC_484\Debug\Design01.a(CapSense_INT.o)
 .debug_abbrev  0x00001b71      0x142 .\CortexM3\ARM_GCC_484\Debug\Design01.a(CapSense_SMS_Wrapper.o)
 .debug_abbrev  0x00001cb3      0x182 .\CortexM3\ARM_GCC_484\Debug\Design01.a(CapSense_CompCH0.o)
 .debug_abbrev  0x00001e35      0x113 .\CortexM3\ARM_GCC_484\Debug\Design01.a(CapSense_IdacCH0.o)
 .debug_abbrev  0x00001f48       0xcd .\CortexM3\ARM_GCC_484\Debug\Design01.a(CapSense_AMuxCH0.o)
 .debug_abbrev  0x00002015      0x137 .\CortexM3\ARM_GCC_484\Debug\Design01.a(CapSense_IntClock.o)
 .debug_abbrev  0x0000214c       0xf4 .\CortexM3\ARM_GCC_484\Debug\Design01.a(PGA_1.o)
 .debug_abbrev  0x00002240      0x182 .\CortexM3\ARM_GCC_484\Debug\Design01.a(Comp.o)
 .debug_abbrev  0x000023c2      0x163 .\CortexM3\ARM_GCC_484\Debug\Design01.a(WaveDAC8_1.o)
 .debug_abbrev  0x00002525      0x18c .\CortexM3\ARM_GCC_484\Debug\Design01.a(Compint.o)
 .debug_abbrev  0x000026b1      0x13e .\CortexM3\ARM_GCC_484\Debug\Design01.a(HeartbeatCounter.o)
 .debug_abbrev  0x000027ef      0x23a .\CortexM3\ARM_GCC_484\Debug\Design01.a(USBUART_cdc.o)
 .debug_abbrev  0x00002a29      0x18b .\CortexM3\ARM_GCC_484\Debug\Design01.a(USBUART_drv.o)
 .debug_abbrev  0x00002bb4      0x1cb .\CortexM3\ARM_GCC_484\Debug\Design01.a(USBUART_std.o)
 .debug_abbrev  0x00002d7f       0xe3 .\CortexM3\ARM_GCC_484\Debug\Design01.a(USBUART_vnd.o)
 .debug_abbrev  0x00002e62      0x137 .\CortexM3\ARM_GCC_484\Debug\Design01.a(timer_clock_1.o)
 .debug_abbrev  0x00002f99      0x13a .\CortexM3\ARM_GCC_484\Debug\Design01.a(PWM.o)
 .debug_abbrev  0x000030d3      0x168 .\CortexM3\ARM_GCC_484\Debug\Design01.a(STOP.o)
 .debug_abbrev  0x0000323b      0x1c6 .\CortexM3\ARM_GCC_484\Debug\Design01.a(WDT.o)
 .debug_abbrev  0x00003401      0x17d .\CortexM3\ARM_GCC_484\Debug\Design01.a(WDT_Timer.o)
 .debug_abbrev  0x0000357e       0x9d .\CortexM3\ARM_GCC_484\Debug\Design01.a(MOTOR_HEALTH.o)
 .debug_abbrev  0x0000361b       0x9d .\CortexM3\ARM_GCC_484\Debug\Design01.a(UI_HEALTH.o)
 .debug_abbrev  0x000036b8       0x9d .\CortexM3\ARM_GCC_484\Debug\Design01.a(HEARTRATE_HEALTH.o)
 .debug_abbrev  0x00003755      0x1de .\CortexM3\ARM_GCC_484\Debug\Design01.a(CyFlash.o)
 .debug_abbrev  0x00003933      0x1ce .\CortexM3\ARM_GCC_484\Debug\Design01.a(CySpc.o)
 .debug_abbrev  0x00003b01       0x8e .\CortexM3\ARM_GCC_484\Debug\Design01.a(cyutils.o)
 .debug_abbrev  0x00003b8f      0x137 .\CortexM3\ARM_GCC_484\Debug\Design01.a(WaveDAC8_1_DacClk.o)
 .debug_abbrev  0x00003cc6       0xf8 .\CortexM3\ARM_GCC_484\Debug\Design01.a(WaveDAC8_1_Wave1_DMA_dma.o)
 .debug_abbrev  0x00003dbe       0xf8 .\CortexM3\ARM_GCC_484\Debug\Design01.a(WaveDAC8_1_Wave2_DMA_dma.o)
 .debug_abbrev  0x00003eb6      0x104 .\CortexM3\ARM_GCC_484\Debug\Design01.a(WaveDAC8_1_VDAC8.o)
 .debug_abbrev  0x00003fba      0x22e .\CortexM3\ARM_GCC_484\Debug\Design01.a(USBUART.o)
 .debug_abbrev  0x000041e8       0xe3 .\CortexM3\ARM_GCC_484\Debug\Design01.a(USBUART_cls.o)
 .debug_abbrev  0x000042cb       0xa7 .\CortexM3\ARM_GCC_484\Debug\Design01.a(USBUART_descr.o)
 .debug_abbrev  0x00004372       0xf0 .\CortexM3\ARM_GCC_484\Debug\Design01.a(USBUART_episr.o)
 .debug_abbrev  0x00004462      0x205 C:\Program Files (x86)\Cypress\PSoC Creator\3.2\PSoC Creator\psoc\content\cycomponentlibrary\CyComponentLibrary.cylib\CapSense_CSD_v3_50\Library\CapSenseLibrary_GCC.a(CapSense_CSD_SmartSense_v3_50.o)

.debug_line     0x00000000     0x556e
 *(.debug_line)
 .debug_line    0x00000000      0x1d0 .\CortexM3\ARM_GCC_484\Debug\states.o
 .debug_line    0x000001d0      0x124 .\CortexM3\ARM_GCC_484\Debug\motor.o
 .debug_line    0x000002f4       0xac .\CortexM3\ARM_GCC_484\Debug\speaker.o
 .debug_line    0x000003a0      0x107 .\CortexM3\ARM_GCC_484\Debug\display.o
 .debug_line    0x000004a7      0x14d .\CortexM3\ARM_GCC_484\Debug\system.o
 .debug_line    0x000005f4       0x90 .\CortexM3\ARM_GCC_484\Debug\heartrate.o
 .debug_line    0x00000684      0x1a9 .\CortexM3\ARM_GCC_484\Debug\main.o
 .debug_line    0x0000082d      0x11c .\CortexM3\ARM_GCC_484\Debug\terminal.o
 .debug_line    0x00000949       0x53 .\CortexM3\ARM_GCC_484\Debug\cymetadata.o
 .debug_line    0x0000099c      0x243 .\CortexM3\ARM_GCC_484\Debug\Cm3Start.o
 .debug_line    0x00000bdf      0x231 .\CortexM3\ARM_GCC_484\Debug\Design01.a(cyfitter_cfg.o)
 .debug_line    0x00000e10       0x68 .\CortexM3\ARM_GCC_484\Debug\Design01.a(CyBootAsmGnu.o)
 .debug_line    0x00000e78      0x2de .\CortexM3\ARM_GCC_484\Debug\Design01.a(CyDmac.o)
 .debug_line    0x00001156      0x818 .\CortexM3\ARM_GCC_484\Debug\Design01.a(CyLib.o)
 .debug_line    0x0000196e      0x366 .\CortexM3\ARM_GCC_484\Debug\Design01.a(cyPm.o)
 .debug_line    0x00001cd4      0x1fa .\CortexM3\ARM_GCC_484\Debug\Design01.a(LCD.o)
 .debug_line    0x00001ece       0xc3 .\CortexM3\ARM_GCC_484\Debug\Design01.a(LCD_BarGraph.o)
 .debug_line    0x00001f91       0x9d .\CortexM3\ARM_GCC_484\Debug\Design01.a(Speaker_Output.o)
 .debug_line    0x0000202e      0x2bf .\CortexM3\ARM_GCC_484\Debug\Design01.a(CapSense.o)
 .debug_line    0x000022ed      0x2c4 .\CortexM3\ARM_GCC_484\Debug\Design01.a(CapSense_CSHL.o)
 .debug_line    0x000025b1       0xa5 .\CortexM3\ARM_GCC_484\Debug\Design01.a(CapSense_INT.o)
 .debug_line    0x00002656       0xf6 .\CortexM3\ARM_GCC_484\Debug\Design01.a(CapSense_SMS_Wrapper.o)
 .debug_line    0x0000274c      0x179 .\CortexM3\ARM_GCC_484\Debug\Design01.a(CapSense_CompCH0.o)
 .debug_line    0x000028c5      0x106 .\CortexM3\ARM_GCC_484\Debug\Design01.a(CapSense_IdacCH0.o)
 .debug_line    0x000029cb       0xe9 .\CortexM3\ARM_GCC_484\Debug\Design01.a(CapSense_AMuxCH0.o)
 .debug_line    0x00002ab4      0x1a1 .\CortexM3\ARM_GCC_484\Debug\Design01.a(CapSense_IntClock.o)
 .debug_line    0x00002c55       0xce .\CortexM3\ARM_GCC_484\Debug\Design01.a(PGA_1.o)
 .debug_line    0x00002d23      0x16d .\CortexM3\ARM_GCC_484\Debug\Design01.a(Comp.o)
 .debug_line    0x00002e90      0x179 .\CortexM3\ARM_GCC_484\Debug\Design01.a(WaveDAC8_1.o)
 .debug_line    0x00003009      0x192 .\CortexM3\ARM_GCC_484\Debug\Design01.a(Compint.o)
 .debug_line    0x0000319b      0x196 .\CortexM3\ARM_GCC_484\Debug\Design01.a(HeartbeatCounter.o)
 .debug_line    0x00003331      0x227 .\CortexM3\ARM_GCC_484\Debug\Design01.a(USBUART_cdc.o)
 .debug_line    0x00003558      0x228 .\CortexM3\ARM_GCC_484\Debug\Design01.a(USBUART_drv.o)
 .debug_line    0x00003780      0x3c9 .\CortexM3\ARM_GCC_484\Debug\Design01.a(USBUART_std.o)
 .debug_line    0x00003b49       0x8d .\CortexM3\ARM_GCC_484\Debug\Design01.a(USBUART_vnd.o)
 .debug_line    0x00003bd6      0x19d .\CortexM3\ARM_GCC_484\Debug\Design01.a(timer_clock_1.o)
 .debug_line    0x00003d73      0x13d .\CortexM3\ARM_GCC_484\Debug\Design01.a(PWM.o)
 .debug_line    0x00003eb0      0x177 .\CortexM3\ARM_GCC_484\Debug\Design01.a(STOP.o)
 .debug_line    0x00004027      0x1d0 .\CortexM3\ARM_GCC_484\Debug\Design01.a(WDT.o)
 .debug_line    0x000041f7      0x191 .\CortexM3\ARM_GCC_484\Debug\Design01.a(WDT_Timer.o)
 .debug_line    0x00004388       0x9b .\CortexM3\ARM_GCC_484\Debug\Design01.a(MOTOR_HEALTH.o)
 .debug_line    0x00004423       0x98 .\CortexM3\ARM_GCC_484\Debug\Design01.a(UI_HEALTH.o)
 .debug_line    0x000044bb       0x9f .\CortexM3\ARM_GCC_484\Debug\Design01.a(HEARTRATE_HEALTH.o)
 .debug_line    0x0000455a      0x233 .\CortexM3\ARM_GCC_484\Debug\Design01.a(CyFlash.o)
 .debug_line    0x0000478d      0x248 .\CortexM3\ARM_GCC_484\Debug\Design01.a(CySpc.o)
 .debug_line    0x000049d5       0x62 .\CortexM3\ARM_GCC_484\Debug\Design01.a(cyutils.o)
 .debug_line    0x00004a37      0x1a1 .\CortexM3\ARM_GCC_484\Debug\Design01.a(WaveDAC8_1_DacClk.o)
 .debug_line    0x00004bd8       0xaa .\CortexM3\ARM_GCC_484\Debug\Design01.a(WaveDAC8_1_Wave1_DMA_dma.o)
 .debug_line    0x00004c82       0xaa .\CortexM3\ARM_GCC_484\Debug\Design01.a(WaveDAC8_1_Wave2_DMA_dma.o)
 .debug_line    0x00004d2c       0xee .\CortexM3\ARM_GCC_484\Debug\Design01.a(WaveDAC8_1_VDAC8.o)
 .debug_line    0x00004e1a      0x293 .\CortexM3\ARM_GCC_484\Debug\Design01.a(USBUART.o)
 .debug_line    0x000050ad       0x96 .\CortexM3\ARM_GCC_484\Debug\Design01.a(USBUART_cls.o)
 .debug_line    0x00005143       0x63 .\CortexM3\ARM_GCC_484\Debug\Design01.a(USBUART_descr.o)
 .debug_line    0x000051a6       0xda .\CortexM3\ARM_GCC_484\Debug\Design01.a(USBUART_episr.o)
 .debug_line    0x00005280      0x2ee C:\Program Files (x86)\Cypress\PSoC Creator\3.2\PSoC Creator\psoc\content\cycomponentlibrary\CyComponentLibrary.cylib\CapSense_CSD_v3_50\Library\CapSenseLibrary_GCC.a(CapSense_CSD_SmartSense_v3_50.o)

.debug_frame    0x00000000     0x371c
 *(.debug_frame)
 .debug_frame   0x00000000       0xe0 .\CortexM3\ARM_GCC_484\Debug\states.o
 .debug_frame   0x000000e0       0x88 .\CortexM3\ARM_GCC_484\Debug\motor.o
 .debug_frame   0x00000168       0x90 .\CortexM3\ARM_GCC_484\Debug\speaker.o
 .debug_frame   0x000001f8       0x7c .\CortexM3\ARM_GCC_484\Debug\display.o
 .debug_frame   0x00000274       0x2c .\CortexM3\ARM_GCC_484\Debug\system.o
 .debug_frame   0x000002a0       0x2c .\CortexM3\ARM_GCC_484\Debug\heartrate.o
 .debug_frame   0x000002cc       0x2c .\CortexM3\ARM_GCC_484\Debug\main.o
 .debug_frame   0x000002f8       0x48 .\CortexM3\ARM_GCC_484\Debug\terminal.o
 .debug_frame   0x00000340       0xac .\CortexM3\ARM_GCC_484\Debug\Cm3Start.o
 .debug_frame   0x000003ec      0x100 .\CortexM3\ARM_GCC_484\Debug\Design01.a(cyfitter_cfg.o)
 .debug_frame   0x000004ec      0x1d0 .\CortexM3\ARM_GCC_484\Debug\Design01.a(CyDmac.o)
 .debug_frame   0x000006bc      0x730 .\CortexM3\ARM_GCC_484\Debug\Design01.a(CyLib.o)
 .debug_frame   0x00000dec      0x1fc .\CortexM3\ARM_GCC_484\Debug\Design01.a(cyPm.o)
 .debug_frame   0x00000fe8      0x1ec .\CortexM3\ARM_GCC_484\Debug\Design01.a(LCD.o)
 .debug_frame   0x000011d4       0x58 .\CortexM3\ARM_GCC_484\Debug\Design01.a(LCD_BarGraph.o)
 .debug_frame   0x0000122c       0x50 .\CortexM3\ARM_GCC_484\Debug\Design01.a(Speaker_Output.o)
 .debug_frame   0x0000127c      0x1e8 .\CortexM3\ARM_GCC_484\Debug\Design01.a(CapSense.o)
 .debug_frame   0x00001464      0x1dc .\CortexM3\ARM_GCC_484\Debug\Design01.a(CapSense_CSHL.o)
 .debug_frame   0x00001640       0x2c .\CortexM3\ARM_GCC_484\Debug\Design01.a(CapSense_INT.o)
 .debug_frame   0x0000166c       0xc8 .\CortexM3\ARM_GCC_484\Debug\Design01.a(CapSense_SMS_Wrapper.o)
 .debug_frame   0x00001734      0x10c .\CortexM3\ARM_GCC_484\Debug\Design01.a(CapSense_CompCH0.o)
 .debug_frame   0x00001840       0xd0 .\CortexM3\ARM_GCC_484\Debug\Design01.a(CapSense_IdacCH0.o)
 .debug_frame   0x00001910       0xb8 .\CortexM3\ARM_GCC_484\Debug\Design01.a(CapSense_AMuxCH0.o)
 .debug_frame   0x000019c8       0xe0 .\CortexM3\ARM_GCC_484\Debug\Design01.a(CapSense_IntClock.o)
 .debug_frame   0x00001aa8       0x94 .\CortexM3\ARM_GCC_484\Debug\Design01.a(PGA_1.o)
 .debug_frame   0x00001b3c      0x10c .\CortexM3\ARM_GCC_484\Debug\Design01.a(Comp.o)
 .debug_frame   0x00001c48       0xe0 .\CortexM3\ARM_GCC_484\Debug\Design01.a(WaveDAC8_1.o)
 .debug_frame   0x00001d28      0x110 .\CortexM3\ARM_GCC_484\Debug\Design01.a(Compint.o)
 .debug_frame   0x00001e38      0x134 .\CortexM3\ARM_GCC_484\Debug\Design01.a(HeartbeatCounter.o)
 .debug_frame   0x00001f6c      0x1cc .\CortexM3\ARM_GCC_484\Debug\Design01.a(USBUART_cdc.o)
 .debug_frame   0x00002138      0x190 .\CortexM3\ARM_GCC_484\Debug\Design01.a(USBUART_drv.o)
 .debug_frame   0x000022c8      0x18c .\CortexM3\ARM_GCC_484\Debug\Design01.a(USBUART_std.o)
 .debug_frame   0x00002454       0x2c .\CortexM3\ARM_GCC_484\Debug\Design01.a(USBUART_vnd.o)
 .debug_frame   0x00002480       0xe0 .\CortexM3\ARM_GCC_484\Debug\Design01.a(timer_clock_1.o)
 .debug_frame   0x00002560       0xf8 .\CortexM3\ARM_GCC_484\Debug\Design01.a(PWM.o)
 .debug_frame   0x00002658      0x104 .\CortexM3\ARM_GCC_484\Debug\Design01.a(STOP.o)
 .debug_frame   0x0000275c      0x114 .\CortexM3\ARM_GCC_484\Debug\Design01.a(WDT.o)
 .debug_frame   0x00002870      0x14c .\CortexM3\ARM_GCC_484\Debug\Design01.a(WDT_Timer.o)
 .debug_frame   0x000029bc       0x50 .\CortexM3\ARM_GCC_484\Debug\Design01.a(MOTOR_HEALTH.o)
 .debug_frame   0x00002a0c       0x50 .\CortexM3\ARM_GCC_484\Debug\Design01.a(UI_HEALTH.o)
 .debug_frame   0x00002a5c       0x50 .\CortexM3\ARM_GCC_484\Debug\Design01.a(HEARTRATE_HEALTH.o)
 .debug_frame   0x00002aac      0x17c .\CortexM3\ARM_GCC_484\Debug\Design01.a(CyFlash.o)
 .debug_frame   0x00002c28      0x148 .\CortexM3\ARM_GCC_484\Debug\Design01.a(CySpc.o)
 .debug_frame   0x00002d70       0x20 .\CortexM3\ARM_GCC_484\Debug\Design01.a(cyutils.o)
 .debug_frame   0x00002d90       0xe0 .\CortexM3\ARM_GCC_484\Debug\Design01.a(WaveDAC8_1_DacClk.o)
 .debug_frame   0x00002e70       0x54 .\CortexM3\ARM_GCC_484\Debug\Design01.a(WaveDAC8_1_Wave1_DMA_dma.o)
 .debug_frame   0x00002ec4       0x54 .\CortexM3\ARM_GCC_484\Debug\Design01.a(WaveDAC8_1_Wave2_DMA_dma.o)
 .debug_frame   0x00002f18       0xb4 .\CortexM3\ARM_GCC_484\Debug\Design01.a(WaveDAC8_1_VDAC8.o)
 .debug_frame   0x00002fcc      0x1a4 .\CortexM3\ARM_GCC_484\Debug\Design01.a(USBUART.o)
 .debug_frame   0x00003170       0x2c .\CortexM3\ARM_GCC_484\Debug\Design01.a(USBUART_cls.o)
 .debug_frame   0x0000319c       0x6c .\CortexM3\ARM_GCC_484\Debug\Design01.a(USBUART_episr.o)
 .debug_frame   0x00003208      0x168 C:\Program Files (x86)\Cypress\PSoC Creator\3.2\PSoC Creator\psoc\content\cycomponentlibrary\CyComponentLibrary.cylib\CapSense_CSD_v3_50\Library\CapSenseLibrary_GCC.a(CapSense_CSD_SmartSense_v3_50.o)
 .debug_frame   0x00003370       0x20 c:/program files (x86)/cypress/psoc creator/3.2/psoc creator/import/gnu/arm/4.8.4/bin/../lib/gcc/arm-none-eabi/4.8.4/armv7-m\libgcc.a(_udivsi3.o)
 .debug_frame   0x00003390       0x20 c:/program files (x86)/cypress/psoc creator/3.2/psoc creator/import/gnu/arm/4.8.4/bin/../lib/gcc/arm-none-eabi/4.8.4/../../../../arm-none-eabi/lib/armv7-m\libg_s.a(lib_a-errno.o)
 .debug_frame   0x000033b0       0x28 c:/program files (x86)/cypress/psoc creator/3.2/psoc creator/import/gnu/arm/4.8.4/bin/../lib/gcc/arm-none-eabi/4.8.4/../../../../arm-none-eabi/lib/armv7-m\libg_s.a(lib_a-exit.o)
 .debug_frame   0x000033d8       0x2c c:/program files (x86)/cypress/psoc creator/3.2/psoc creator/import/gnu/arm/4.8.4/bin/../lib/gcc/arm-none-eabi/4.8.4/../../../../arm-none-eabi/lib/armv7-m\libg_s.a(lib_a-init.o)
 .debug_frame   0x00003404       0x28 c:/program files (x86)/cypress/psoc creator/3.2/psoc creator/import/gnu/arm/4.8.4/bin/../lib/gcc/arm-none-eabi/4.8.4/../../../../arm-none-eabi/lib/armv7-m\libg_s.a(lib_a-memcpy-stub.o)
 .debug_frame   0x0000342c       0x20 c:/program files (x86)/cypress/psoc creator/3.2/psoc creator/import/gnu/arm/4.8.4/bin/../lib/gcc/arm-none-eabi/4.8.4/../../../../arm-none-eabi/lib/armv7-m\libg_s.a(lib_a-memset.o)
 .debug_frame   0x0000344c       0x58 c:/program files (x86)/cypress/psoc creator/3.2/psoc creator/import/gnu/arm/4.8.4/bin/../lib/gcc/arm-none-eabi/4.8.4/../../../../arm-none-eabi/lib/armv7-m\libg_s.a(lib_a-sprintf.o)
 .debug_frame   0x000034a4       0x88 c:/program files (x86)/cypress/psoc creator/3.2/psoc creator/import/gnu/arm/4.8.4/bin/../lib/gcc/arm-none-eabi/4.8.4/../../../../arm-none-eabi/lib/armv7-m\libg_s.a(lib_a-svfprintf.o)
 .debug_frame   0x0000352c       0x60 c:/program files (x86)/cypress/psoc creator/3.2/psoc creator/import/gnu/arm/4.8.4/bin/../lib/gcc/arm-none-eabi/4.8.4/../../../../arm-none-eabi/lib/armv7-m\libg_s.a(lib_a-vfprintf_i.o)
 .debug_frame   0x0000358c       0x28 c:/program files (x86)/cypress/psoc creator/3.2/psoc creator/import/gnu/arm/4.8.4/bin/../lib/gcc/arm-none-eabi/4.8.4/../../../../arm-none-eabi/lib/armv7-m\libg_s.a(lib_a-memchr-stub.o)
 .debug_frame   0x000035b4       0x2c c:/program files (x86)/cypress/psoc creator/3.2/psoc creator/import/gnu/arm/4.8.4/bin/../lib/gcc/arm-none-eabi/4.8.4/../../../../arm-none-eabi/lib/armv7-m\libg_s.a(lib_a-memmove.o)
 .debug_frame   0x000035e0       0x2c c:/program files (x86)/cypress/psoc creator/3.2/psoc creator/import/gnu/arm/4.8.4/bin/../lib/gcc/arm-none-eabi/4.8.4/../../../../arm-none-eabi/lib/armv7-m\libg_s.a(lib_a-nano-freer.o)
 .debug_frame   0x0000360c       0x2c c:/program files (x86)/cypress/psoc creator/3.2/psoc creator/import/gnu/arm/4.8.4/bin/../lib/gcc/arm-none-eabi/4.8.4/../../../../arm-none-eabi/lib/armv7-m\libg_s.a(lib_a-nano-mallocr.o)
 .debug_frame   0x00003638       0x30 c:/program files (x86)/cypress/psoc creator/3.2/psoc creator/import/gnu/arm/4.8.4/bin/../lib/gcc/arm-none-eabi/4.8.4/../../../../arm-none-eabi/lib/armv7-m\libg_s.a(lib_a-nano-reallocr.o)
 .debug_frame   0x00003668       0x2c c:/program files (x86)/cypress/psoc creator/3.2/psoc creator/import/gnu/arm/4.8.4/bin/../lib/gcc/arm-none-eabi/4.8.4/../../../../arm-none-eabi/lib/armv7-m\libg_s.a(lib_a-sbrkr.o)
 .debug_frame   0x00003694       0x20 c:/program files (x86)/cypress/psoc creator/3.2/psoc creator/import/gnu/arm/4.8.4/bin/../lib/gcc/arm-none-eabi/4.8.4/../../../../arm-none-eabi/lib/armv7-m\libg_s.a(lib_a-strlen.o)