Archive member included because of file (symbol)

.\CortexM3\ARM_GCC_484\Debug\USBFS_HID01.a(cyfitter_cfg.o)
                              .\CortexM3\ARM_GCC_484\Debug\Cm3Start.o (cyfitter_cfg)
.\CortexM3\ARM_GCC_484\Debug\USBFS_HID01.a(USBFS_1.o)
                              .\CortexM3\ARM_GCC_484\Debug\main.o (USBFS_1_Start)
.\CortexM3\ARM_GCC_484\Debug\USBFS_HID01.a(USBFS_1_drv.o)
                              .\CortexM3\ARM_GCC_484\Debug\USBFS_HID01.a(USBFS_1.o) (USBFS_1_EP)
.\CortexM3\ARM_GCC_484\Debug\USBFS_HID01.a(USBFS_1_episr.o)
                              .\CortexM3\ARM_GCC_484\Debug\USBFS_HID01.a(USBFS_1.o) (USBFS_1_EP_1_ISR)
.\CortexM3\ARM_GCC_484\Debug\USBFS_HID01.a(USBFS_1_hid.o)
                              .\CortexM3\ARM_GCC_484\Debug\USBFS_HID01.a(USBFS_1.o) (USBFS_1_hidProtocol)
.\CortexM3\ARM_GCC_484\Debug\USBFS_HID01.a(USBFS_1_std.o)
                              .\CortexM3\ARM_GCC_484\Debug\main.o (USBFS_1_SerialNumString)
.\CortexM3\ARM_GCC_484\Debug\USBFS_HID01.a(USBFS_1_vnd.o)
                              .\CortexM3\ARM_GCC_484\Debug\USBFS_HID01.a(USBFS_1_drv.o) (USBFS_1_HandleVendorRqst)
.\CortexM3\ARM_GCC_484\Debug\USBFS_HID01.a(CyBootAsmGnu.o)
                              .\CortexM3\ARM_GCC_484\Debug\USBFS_HID01.a(cyfitter_cfg.o) (CyDelayCycles)
.\CortexM3\ARM_GCC_484\Debug\USBFS_HID01.a(CyLib.o)
                              .\CortexM3\ARM_GCC_484\Debug\Cm3Start.o (CyResetStatus)
.\CortexM3\ARM_GCC_484\Debug\USBFS_HID01.a(cyPm.o)
                              .\CortexM3\ARM_GCC_484\Debug\USBFS_HID01.a(CyLib.o) (CyPmReadStatus)
.\CortexM3\ARM_GCC_484\Debug\USBFS_HID01.a(USBFS_1_cls.o)
                              .\CortexM3\ARM_GCC_484\Debug\USBFS_HID01.a(USBFS_1_drv.o) (USBFS_1_DispatchClassRqst)
.\CortexM3\ARM_GCC_484\Debug\USBFS_HID01.a(USBFS_1_descr.o)
                              .\CortexM3\ARM_GCC_484\Debug\USBFS_HID01.a(USBFS_1_std.o) (USBFS_1_DEVICE0_DESCR)
.\CortexM3\ARM_GCC_484\Debug\USBFS_HID01.a(CyFlash.o)
                              .\CortexM3\ARM_GCC_484\Debug\USBFS_HID01.a(cyPm.o) (CyFlash_SetWaitCycles)
.\CortexM3\ARM_GCC_484\Debug\USBFS_HID01.a(CySpc.o)
                              .\CortexM3\ARM_GCC_484\Debug\USBFS_HID01.a(CyFlash.o) (CySpcStart)
c:/program files (x86)/cypress/psoc creator/3.2/psoc creator/import/gnu/arm/4.8.4/bin/../lib/gcc/arm-none-eabi/4.8.4/../../../../arm-none-eabi/lib/armv7-m\libg_s.a(lib_a-errno.o)
                              .\CortexM3\ARM_GCC_484\Debug\Cm3Start.o (__errno)
c:/program files (x86)/cypress/psoc creator/3.2/psoc creator/import/gnu/arm/4.8.4/bin/../lib/gcc/arm-none-eabi/4.8.4/../../../../arm-none-eabi/lib/armv7-m\libg_s.a(lib_a-exit.o)
                              c:/program files (x86)/cypress/psoc creator/3.2/psoc creator/import/gnu/arm/4.8.4/bin/../lib/gcc/arm-none-eabi/4.8.4/../../../../arm-none-eabi/lib/armv7-m/crt0.o (exit)
c:/program files (x86)/cypress/psoc creator/3.2/psoc creator/import/gnu/arm/4.8.4/bin/../lib/gcc/arm-none-eabi/4.8.4/../../../../arm-none-eabi/lib/armv7-m\libg_s.a(lib_a-impure.o)
                              c:/program files (x86)/cypress/psoc creator/3.2/psoc creator/import/gnu/arm/4.8.4/bin/../lib/gcc/arm-none-eabi/4.8.4/../../../../arm-none-eabi/lib/armv7-m\libg_s.a(lib_a-exit.o) (_global_impure_ptr)
c:/program files (x86)/cypress/psoc creator/3.2/psoc creator/import/gnu/arm/4.8.4/bin/../lib/gcc/arm-none-eabi/4.8.4/../../../../arm-none-eabi/lib/armv7-m\libg_s.a(lib_a-init.o)
                              c:/program files (x86)/cypress/psoc creator/3.2/psoc creator/import/gnu/arm/4.8.4/bin/../lib/gcc/arm-none-eabi/4.8.4/../../../../arm-none-eabi/lib/armv7-m/crt0.o (__libc_init_array)
c:/program files (x86)/cypress/psoc creator/3.2/psoc creator/import/gnu/arm/4.8.4/bin/../lib/gcc/arm-none-eabi/4.8.4/../../../../arm-none-eabi/lib/armv7-m\libg_s.a(lib_a-memcpy-stub.o)
                              .\CortexM3\ARM_GCC_484\Debug\USBFS_HID01.a(cyfitter_cfg.o) (memcpy)
c:/program files (x86)/cypress/psoc creator/3.2/psoc creator/import/gnu/arm/4.8.4/bin/../lib/gcc/arm-none-eabi/4.8.4/../../../../arm-none-eabi/lib/armv7-m\libg_s.a(lib_a-memset.o)
                              c:/program files (x86)/cypress/psoc creator/3.2/psoc creator/import/gnu/arm/4.8.4/bin/../lib/gcc/arm-none-eabi/4.8.4/../../../../arm-none-eabi/lib/armv7-m/crt0.o (memset)

Allocating common symbols
Common symbol       size              file

USBFS_1_lastPacketSize
                    0x1               .\CortexM3\ARM_GCC_484\Debug\USBFS_HID01.a(USBFS_1_drv.o)
USBFS_1_transferByteCount
                    0x2               .\CortexM3\ARM_GCC_484\Debug\USBFS_HID01.a(USBFS_1_drv.o)
USBFS_1_interfaceSetting
                    0x1               .\CortexM3\ARM_GCC_484\Debug\USBFS_HID01.a(USBFS_1_drv.o)
USBFS_1_DEVICE0_CONFIGURATION0_INTERFACE0_ALTERNATE0_HID_IN_RPT_SCB
                    0x4               .\CortexM3\ARM_GCC_484\Debug\USBFS_HID01.a(USBFS_1_descr.o)
USBFS_1_interfaceClass
                    0x4               .\CortexM3\ARM_GCC_484\Debug\USBFS_HID01.a(USBFS_1_drv.o)
USBFS_1_device      0x1               .\CortexM3\ARM_GCC_484\Debug\USBFS_HID01.a(USBFS_1_drv.o)
USBFS_1_hidIdleTimer
                    0x1               .\CortexM3\ARM_GCC_484\Debug\USBFS_HID01.a(USBFS_1_hid.o)
USBFS_1_deviceAddress
                    0x1               .\CortexM3\ARM_GCC_484\Debug\USBFS_HID01.a(USBFS_1_drv.o)
USBFS_1_ep0Count    0x1               .\CortexM3\ARM_GCC_484\Debug\USBFS_HID01.a(USBFS_1_drv.o)
USBFS_1_hidIdleRate
                    0x1               .\CortexM3\ARM_GCC_484\Debug\USBFS_HID01.a(USBFS_1_hid.o)
USBFS_1_ep0Mode     0x1               .\CortexM3\ARM_GCC_484\Debug\USBFS_HID01.a(USBFS_1_drv.o)
USBFS_1_currentTD   0xc               .\CortexM3\ARM_GCC_484\Debug\USBFS_HID01.a(USBFS_1_drv.o)
USBFS_1_configuration
                    0x1               .\CortexM3\ARM_GCC_484\Debug\USBFS_HID01.a(USBFS_1_drv.o)
USBFS_1_DEVICE0_CONFIGURATION0_INTERFACE0_ALTERNATE0_HID_IN_BUF
                    0x4               .\CortexM3\ARM_GCC_484\Debug\USBFS_HID01.a(USBFS_1_descr.o)
USBFS_1_interfaceNumber
                    0x1               .\CortexM3\ARM_GCC_484\Debug\USBFS_HID01.a(USBFS_1_drv.o)
USBFS_1_configurationChanged
                    0x1               .\CortexM3\ARM_GCC_484\Debug\USBFS_HID01.a(USBFS_1_drv.o)
USBFS_1_hidProtocol
                    0x1               .\CortexM3\ARM_GCC_484\Debug\USBFS_HID01.a(USBFS_1_hid.o)
USBFS_1_transferState
                    0x1               .\CortexM3\ARM_GCC_484\Debug\USBFS_HID01.a(USBFS_1_drv.o)
USBFS_1_EP          0x6c              .\CortexM3\ARM_GCC_484\Debug\USBFS_HID01.a(USBFS_1_drv.o)
USBFS_1_interfaceSetting_last
                    0x1               .\CortexM3\ARM_GCC_484\Debug\USBFS_HID01.a(USBFS_1_drv.o)
USBFS_1_ep0Toggle   0x1               .\CortexM3\ARM_GCC_484\Debug\USBFS_HID01.a(USBFS_1_drv.o)
USBFS_1_interfaceStatus
                    0x1               .\CortexM3\ARM_GCC_484\Debug\USBFS_HID01.a(USBFS_1_drv.o)
dieTemperature      0x2               .\CortexM3\ARM_GCC_484\Debug\USBFS_HID01.a(CyFlash.o)
USBFS_1_deviceStatus
                    0x1               .\CortexM3\ARM_GCC_484\Debug\USBFS_HID01.a(USBFS_1_drv.o)

Discarded input sections

 .text          0x00000000        0x0 c:/program files (x86)/cypress/psoc creator/3.2/psoc creator/import/gnu/arm/4.8.4/bin/../lib/gcc/arm-none-eabi/4.8.4/armv7-m/crti.o
 .data          0x00000000        0x0 c:/program files (x86)/cypress/psoc creator/3.2/psoc creator/import/gnu/arm/4.8.4/bin/../lib/gcc/arm-none-eabi/4.8.4/armv7-m/crti.o
 .bss           0x00000000        0x0 c:/program files (x86)/cypress/psoc creator/3.2/psoc creator/import/gnu/arm/4.8.4/bin/../lib/gcc/arm-none-eabi/4.8.4/armv7-m/crti.o
 .data          0x00000000        0x4 c:/program files (x86)/cypress/psoc creator/3.2/psoc creator/import/gnu/arm/4.8.4/bin/../lib/gcc/arm-none-eabi/4.8.4/armv7-m/crtbegin.o
 .text          0x00000000       0x74 c:/program files (x86)/cypress/psoc creator/3.2/psoc creator/import/gnu/arm/4.8.4/bin/../lib/gcc/arm-none-eabi/4.8.4/../../../../arm-none-eabi/lib/armv7-m/crt0.o
 .data          0x00000000        0x0 c:/program files (x86)/cypress/psoc creator/3.2/psoc creator/import/gnu/arm/4.8.4/bin/../lib/gcc/arm-none-eabi/4.8.4/../../../../arm-none-eabi/lib/armv7-m/crt0.o
 .bss           0x00000000        0x0 c:/program files (x86)/cypress/psoc creator/3.2/psoc creator/import/gnu/arm/4.8.4/bin/../lib/gcc/arm-none-eabi/4.8.4/../../../../arm-none-eabi/lib/armv7-m/crt0.o
 .ARM.extab     0x00000000        0x0 c:/program files (x86)/cypress/psoc creator/3.2/psoc creator/import/gnu/arm/4.8.4/bin/../lib/gcc/arm-none-eabi/4.8.4/../../../../arm-none-eabi/lib/armv7-m/crt0.o
 .ARM.exidx     0x00000000        0x8 c:/program files (x86)/cypress/psoc creator/3.2/psoc creator/import/gnu/arm/4.8.4/bin/../lib/gcc/arm-none-eabi/4.8.4/../../../../arm-none-eabi/lib/armv7-m/crt0.o
 .text          0x00000000        0x0 .\CortexM3\ARM_GCC_484\Debug\main.o
 .text          0x00000000        0x0 .\CortexM3\ARM_GCC_484\Debug\cymetadata.o
 .data          0x00000000        0x0 .\CortexM3\ARM_GCC_484\Debug\cymetadata.o
 .bss           0x00000000        0x0 .\CortexM3\ARM_GCC_484\Debug\cymetadata.o
 .text          0x00000000        0x0 .\CortexM3\ARM_GCC_484\Debug\Cm3Start.o
 .data          0x00000000        0x4 .\CortexM3\ARM_GCC_484\Debug\Cm3Start.o
 .bss           0x00000000        0x0 .\CortexM3\ARM_GCC_484\Debug\Cm3Start.o
 .text._exit    0x00000000       0x14 .\CortexM3\ARM_GCC_484\Debug\Cm3Start.o
 .text._sbrk    0x00000000       0x50 .\CortexM3\ARM_GCC_484\Debug\Cm3Start.o
 .text          0x00000000        0x0 .\CortexM3\ARM_GCC_484\Debug\USBFS_HID01.a(cyfitter_cfg.o)
 .data          0x00000000        0x0 .\CortexM3\ARM_GCC_484\Debug\USBFS_HID01.a(cyfitter_cfg.o)
 .bss           0x00000000        0x0 .\CortexM3\ARM_GCC_484\Debug\USBFS_HID01.a(cyfitter_cfg.o)
 .text.CYCONFIGCPYCODE
                0x00000000       0x1c .\CortexM3\ARM_GCC_484\Debug\USBFS_HID01.a(cyfitter_cfg.o)
 .text.SetAnalogRoutingPumps
                0x00000000       0x28 .\CortexM3\ARM_GCC_484\Debug\USBFS_HID01.a(cyfitter_cfg.o)
 .text          0x00000000        0x0 .\CortexM3\ARM_GCC_484\Debug\USBFS_HID01.a(USBFS_1.o)
 .data          0x00000000        0x0 .\CortexM3\ARM_GCC_484\Debug\USBFS_HID01.a(USBFS_1.o)
 .text.USBFS_1_Stop
                0x00000000       0xb4 .\CortexM3\ARM_GCC_484\Debug\USBFS_HID01.a(USBFS_1.o)
 .text.USBFS_1_CheckActivity
                0x00000000       0x34 .\CortexM3\ARM_GCC_484\Debug\USBFS_HID01.a(USBFS_1.o)
 .text.USBFS_1_IsConfigurationChanged
                0x00000000       0x34 .\CortexM3\ARM_GCC_484\Debug\USBFS_HID01.a(USBFS_1.o)
 .text.USBFS_1_GetInterfaceSetting
                0x00000000       0x24 .\CortexM3\ARM_GCC_484\Debug\USBFS_HID01.a(USBFS_1.o)
 .text.USBFS_1_GetEPState
                0x00000000       0x2c .\CortexM3\ARM_GCC_484\Debug\USBFS_HID01.a(USBFS_1.o)
 .text.USBFS_1_GetEPCount
                0x00000000       0x68 .\CortexM3\ARM_GCC_484\Debug\USBFS_HID01.a(USBFS_1.o)
 .text.USBFS_1_ReadOutEP
                0x00000000       0x8c .\CortexM3\ARM_GCC_484\Debug\USBFS_HID01.a(USBFS_1.o)
 .text.USBFS_1_EnableOutEP
                0x00000000       0x60 .\CortexM3\ARM_GCC_484\Debug\USBFS_HID01.a(USBFS_1.o)
 .text.USBFS_1_DisableOutEP
                0x00000000       0x38 .\CortexM3\ARM_GCC_484\Debug\USBFS_HID01.a(USBFS_1.o)
 .text.USBFS_1_Force
                0x00000000       0x20 .\CortexM3\ARM_GCC_484\Debug\USBFS_HID01.a(USBFS_1.o)
 .text.USBFS_1_SetPowerStatus
                0x00000000       0x40 .\CortexM3\ARM_GCC_484\Debug\USBFS_HID01.a(USBFS_1.o)
 .text.USBFS_1_RWUEnabled
                0x00000000       0x30 .\CortexM3\ARM_GCC_484\Debug\USBFS_HID01.a(USBFS_1.o)
 .text          0x00000000        0x0 .\CortexM3\ARM_GCC_484\Debug\USBFS_HID01.a(USBFS_1_drv.o)
 .data          0x00000000        0x0 .\CortexM3\ARM_GCC_484\Debug\USBFS_HID01.a(USBFS_1_drv.o)
 .bss           0x00000000        0x0 .\CortexM3\ARM_GCC_484\Debug\USBFS_HID01.a(USBFS_1_drv.o)
 .text          0x00000000        0x0 .\CortexM3\ARM_GCC_484\Debug\USBFS_HID01.a(USBFS_1_episr.o)
 .data          0x00000000        0x0 .\CortexM3\ARM_GCC_484\Debug\USBFS_HID01.a(USBFS_1_episr.o)
 .bss           0x00000000        0x0 .\CortexM3\ARM_GCC_484\Debug\USBFS_HID01.a(USBFS_1_episr.o)
 .text          0x00000000        0x0 .\CortexM3\ARM_GCC_484\Debug\USBFS_HID01.a(USBFS_1_hid.o)
 .data          0x00000000        0x0 .\CortexM3\ARM_GCC_484\Debug\USBFS_HID01.a(USBFS_1_hid.o)
 .bss           0x00000000        0x0 .\CortexM3\ARM_GCC_484\Debug\USBFS_HID01.a(USBFS_1_hid.o)
 .text.USBFS_1_UpdateHIDTimer
                0x00000000       0x64 .\CortexM3\ARM_GCC_484\Debug\USBFS_HID01.a(USBFS_1_hid.o)
 .text.USBFS_1_GetProtocol
                0x00000000       0x24 .\CortexM3\ARM_GCC_484\Debug\USBFS_HID01.a(USBFS_1_hid.o)
 .text          0x00000000        0x0 .\CortexM3\ARM_GCC_484\Debug\USBFS_HID01.a(USBFS_1_std.o)
 .data          0x00000000        0x0 .\CortexM3\ARM_GCC_484\Debug\USBFS_HID01.a(USBFS_1_std.o)
 .text.USBFS_1_TerminateEP
                0x00000000       0xb8 .\CortexM3\ARM_GCC_484\Debug\USBFS_HID01.a(USBFS_1_std.o)
 .text          0x00000000        0x0 .\CortexM3\ARM_GCC_484\Debug\USBFS_HID01.a(USBFS_1_vnd.o)
 .data          0x00000000        0x0 .\CortexM3\ARM_GCC_484\Debug\USBFS_HID01.a(USBFS_1_vnd.o)
 .bss           0x00000000        0x0 .\CortexM3\ARM_GCC_484\Debug\USBFS_HID01.a(USBFS_1_vnd.o)
 .data          0x00000000        0x0 .\CortexM3\ARM_GCC_484\Debug\USBFS_HID01.a(CyBootAsmGnu.o)
 .bss           0x00000000        0x0 .\CortexM3\ARM_GCC_484\Debug\USBFS_HID01.a(CyBootAsmGnu.o)
 .text          0x00000000        0x0 .\CortexM3\ARM_GCC_484\Debug\USBFS_HID01.a(CyLib.o)
 .bss           0x00000000       0x1c .\CortexM3\ARM_GCC_484\Debug\USBFS_HID01.a(CyLib.o)
 .text.CyPLL_OUT_Start
                0x00000000       0xb0 .\CortexM3\ARM_GCC_484\Debug\USBFS_HID01.a(CyLib.o)
 .text.CyPLL_OUT_Stop
                0x00000000       0x20 .\CortexM3\ARM_GCC_484\Debug\USBFS_HID01.a(CyLib.o)
 .text.CyPLL_OUT_SetPQ
                0x00000000       0x90 .\CortexM3\ARM_GCC_484\Debug\USBFS_HID01.a(CyLib.o)
 .text.CyPLL_OUT_SetSource
                0x00000000       0x54 .\CortexM3\ARM_GCC_484\Debug\USBFS_HID01.a(CyLib.o)
 .text.CyIMO_Start
                0x00000000       0x94 .\CortexM3\ARM_GCC_484\Debug\USBFS_HID01.a(CyLib.o)
 .text.CyIMO_Stop
                0x00000000       0x34 .\CortexM3\ARM_GCC_484\Debug\USBFS_HID01.a(CyLib.o)
 .text.CyUSB_PowerOnCheck
                0x00000000       0x60 .\CortexM3\ARM_GCC_484\Debug\USBFS_HID01.a(CyLib.o)
 .text.CyIMO_SetTrimValue
                0x00000000      0x108 .\CortexM3\ARM_GCC_484\Debug\USBFS_HID01.a(CyLib.o)
 .text.CyIMO_SetFreq
                0x00000000      0x1ac .\CortexM3\ARM_GCC_484\Debug\USBFS_HID01.a(CyLib.o)
 .text.CyIMO_SetSource
                0x00000000       0x8c .\CortexM3\ARM_GCC_484\Debug\USBFS_HID01.a(CyLib.o)
 .text.CyIMO_EnableDoubler
                0x00000000       0x20 .\CortexM3\ARM_GCC_484\Debug\USBFS_HID01.a(CyLib.o)
 .text.CyIMO_DisableDoubler
                0x00000000       0x20 .\CortexM3\ARM_GCC_484\Debug\USBFS_HID01.a(CyLib.o)
 .text.CyMasterClk_SetSource
                0x00000000       0x34 .\CortexM3\ARM_GCC_484\Debug\USBFS_HID01.a(CyLib.o)
 .text.CyMasterClk_SetDivider
                0x00000000       0x20 .\CortexM3\ARM_GCC_484\Debug\USBFS_HID01.a(CyLib.o)
 .text.CyBusClk_Internal_SetDivider
                0x00000000       0x78 .\CortexM3\ARM_GCC_484\Debug\USBFS_HID01.a(CyLib.o)
 .text.CyBusClk_SetDivider
                0x00000000       0xb0 .\CortexM3\ARM_GCC_484\Debug\USBFS_HID01.a(CyLib.o)
 .text.CyUsbClk_SetSource
                0x00000000       0x34 .\CortexM3\ARM_GCC_484\Debug\USBFS_HID01.a(CyLib.o)
 .text.CyILO_Start1K
                0x00000000       0x20 .\CortexM3\ARM_GCC_484\Debug\USBFS_HID01.a(CyLib.o)
 .text.CyILO_Stop1K
                0x00000000       0x20 .\CortexM3\ARM_GCC_484\Debug\USBFS_HID01.a(CyLib.o)
 .text.CyILO_Start100K
                0x00000000       0x20 .\CortexM3\ARM_GCC_484\Debug\USBFS_HID01.a(CyLib.o)
 .text.CyILO_Stop100K
                0x00000000       0x20 .\CortexM3\ARM_GCC_484\Debug\USBFS_HID01.a(CyLib.o)
 .text.CyILO_Enable33K
                0x00000000       0x20 .\CortexM3\ARM_GCC_484\Debug\USBFS_HID01.a(CyLib.o)
 .text.CyILO_Disable33K
                0x00000000       0x20 .\CortexM3\ARM_GCC_484\Debug\USBFS_HID01.a(CyLib.o)
 .text.CyILO_SetSource
                0x00000000       0x38 .\CortexM3\ARM_GCC_484\Debug\USBFS_HID01.a(CyLib.o)
 .text.CyILO_SetPowerMode
                0x00000000       0x4c .\CortexM3\ARM_GCC_484\Debug\USBFS_HID01.a(CyLib.o)
 .text.CyXTAL_32KHZ_Start
                0x00000000       0x84 .\CortexM3\ARM_GCC_484\Debug\USBFS_HID01.a(CyLib.o)
 .text.CyXTAL_32KHZ_Stop
                0x00000000       0x50 .\CortexM3\ARM_GCC_484\Debug\USBFS_HID01.a(CyLib.o)
 .text.CyXTAL_32KHZ_ReadStatus
                0x00000000       0x20 .\CortexM3\ARM_GCC_484\Debug\USBFS_HID01.a(CyLib.o)
 .text.CyXTAL_32KHZ_SetPowerMode
                0x00000000       0xb4 .\CortexM3\ARM_GCC_484\Debug\USBFS_HID01.a(CyLib.o)
 .text.CyXTAL_Start
                0x00000000       0xd0 .\CortexM3\ARM_GCC_484\Debug\USBFS_HID01.a(CyLib.o)
 .text.CyXTAL_Stop
                0x00000000       0x20 .\CortexM3\ARM_GCC_484\Debug\USBFS_HID01.a(CyLib.o)
 .text.CyXTAL_EnableErrStatus
                0x00000000       0x20 .\CortexM3\ARM_GCC_484\Debug\USBFS_HID01.a(CyLib.o)
 .text.CyXTAL_DisableErrStatus
                0x00000000       0x20 .\CortexM3\ARM_GCC_484\Debug\USBFS_HID01.a(CyLib.o)
 .text.CyXTAL_ReadStatus
                0x00000000       0x28 .\CortexM3\ARM_GCC_484\Debug\USBFS_HID01.a(CyLib.o)
 .text.CyXTAL_EnableFaultRecovery
                0x00000000       0x20 .\CortexM3\ARM_GCC_484\Debug\USBFS_HID01.a(CyLib.o)
 .text.CyXTAL_DisableFaultRecovery
                0x00000000       0x20 .\CortexM3\ARM_GCC_484\Debug\USBFS_HID01.a(CyLib.o)
 .text.CyXTAL_SetStartup
                0x00000000       0x34 .\CortexM3\ARM_GCC_484\Debug\USBFS_HID01.a(CyLib.o)
 .text.CyXTAL_SetFbVoltage
                0x00000000       0x34 .\CortexM3\ARM_GCC_484\Debug\USBFS_HID01.a(CyLib.o)
 .text.CyXTAL_SetWdVoltage
                0x00000000       0x38 .\CortexM3\ARM_GCC_484\Debug\USBFS_HID01.a(CyLib.o)
 .text.CySoftwareReset
                0x00000000       0x20 .\CortexM3\ARM_GCC_484\Debug\USBFS_HID01.a(CyLib.o)
 .text.CyDelay  0x00000000       0x44 .\CortexM3\ARM_GCC_484\Debug\USBFS_HID01.a(CyLib.o)
 .text.CyDelayFreq
                0x00000000       0x7c .\CortexM3\ARM_GCC_484\Debug\USBFS_HID01.a(CyLib.o)
 .text.CyWdtStart
                0x00000000       0x88 .\CortexM3\ARM_GCC_484\Debug\USBFS_HID01.a(CyLib.o)
 .text.CyWdtClear
                0x00000000       0x18 .\CortexM3\ARM_GCC_484\Debug\USBFS_HID01.a(CyLib.o)
 .text.CyVdLvDigitEnable
                0x00000000       0xc8 .\CortexM3\ARM_GCC_484\Debug\USBFS_HID01.a(CyLib.o)
 .text.CyVdLvAnalogEnable
                0x00000000       0xc8 .\CortexM3\ARM_GCC_484\Debug\USBFS_HID01.a(CyLib.o)
 .text.CyVdLvDigitDisable
                0x00000000       0x48 .\CortexM3\ARM_GCC_484\Debug\USBFS_HID01.a(CyLib.o)
 .text.CyVdLvAnalogDisable
                0x00000000       0x40 .\CortexM3\ARM_GCC_484\Debug\USBFS_HID01.a(CyLib.o)
 .text.CyVdHvAnalogEnable
                0x00000000       0x78 .\CortexM3\ARM_GCC_484\Debug\USBFS_HID01.a(CyLib.o)
 .text.CyVdHvAnalogDisable
                0x00000000       0x2c .\CortexM3\ARM_GCC_484\Debug\USBFS_HID01.a(CyLib.o)
 .text.CyVdStickyStatus
                0x00000000       0x5c .\CortexM3\ARM_GCC_484\Debug\USBFS_HID01.a(CyLib.o)
 .text.CyVdRealTimeStatus
                0x00000000       0x30 .\CortexM3\ARM_GCC_484\Debug\USBFS_HID01.a(CyLib.o)
 .text.CyDisableInts
                0x00000000       0x34 .\CortexM3\ARM_GCC_484\Debug\USBFS_HID01.a(CyLib.o)
 .text.CyEnableInts
                0x00000000       0x28 .\CortexM3\ARM_GCC_484\Debug\USBFS_HID01.a(CyLib.o)
 .text.CyFlushCache
                0x00000000       0x58 .\CortexM3\ARM_GCC_484\Debug\USBFS_HID01.a(CyLib.o)
 .text.CyIntSetSysVector
                0x00000000       0x4c .\CortexM3\ARM_GCC_484\Debug\USBFS_HID01.a(CyLib.o)
 .text.CyIntGetSysVector
                0x00000000       0x38 .\CortexM3\ARM_GCC_484\Debug\USBFS_HID01.a(CyLib.o)
 .text.CyIntGetVector
                0x00000000       0x38 .\CortexM3\ARM_GCC_484\Debug\USBFS_HID01.a(CyLib.o)
 .text.CyIntGetPriority
                0x00000000       0x38 .\CortexM3\ARM_GCC_484\Debug\USBFS_HID01.a(CyLib.o)
 .text.CyIntGetState
                0x00000000       0x44 .\CortexM3\ARM_GCC_484\Debug\USBFS_HID01.a(CyLib.o)
 .text.CySysTickStart
                0x00000000       0x20 .\CortexM3\ARM_GCC_484\Debug\USBFS_HID01.a(CyLib.o)
 .text.CySysTickInit
                0x00000000       0x68 .\CortexM3\ARM_GCC_484\Debug\USBFS_HID01.a(CyLib.o)
 .text.CySysTickEnable
                0x00000000       0x1c .\CortexM3\ARM_GCC_484\Debug\USBFS_HID01.a(CyLib.o)
 .text.CySysTickStop
                0x00000000       0x1c .\CortexM3\ARM_GCC_484\Debug\USBFS_HID01.a(CyLib.o)
 .text.CySysTickEnableInterrupt
                0x00000000       0x1c .\CortexM3\ARM_GCC_484\Debug\USBFS_HID01.a(CyLib.o)
 .text.CySysTickDisableInterrupt
                0x00000000       0x1c .\CortexM3\ARM_GCC_484\Debug\USBFS_HID01.a(CyLib.o)
 .text.CySysTickSetReload
                0x00000000       0x20 .\CortexM3\ARM_GCC_484\Debug\USBFS_HID01.a(CyLib.o)
 .text.CySysTickGetReload
                0x00000000       0x1c .\CortexM3\ARM_GCC_484\Debug\USBFS_HID01.a(CyLib.o)
 .text.CySysTickGetValue
                0x00000000       0x1c .\CortexM3\ARM_GCC_484\Debug\USBFS_HID01.a(CyLib.o)
 .text.CySysTickSetClockSource
                0x00000000       0x38 .\CortexM3\ARM_GCC_484\Debug\USBFS_HID01.a(CyLib.o)
 .text.CySysTickGetCountFlag
                0x00000000       0x1c .\CortexM3\ARM_GCC_484\Debug\USBFS_HID01.a(CyLib.o)
 .text.CySysTickClear
                0x00000000       0x18 .\CortexM3\ARM_GCC_484\Debug\USBFS_HID01.a(CyLib.o)
 .text.CySysTickSetCallback
                0x00000000       0x30 .\CortexM3\ARM_GCC_484\Debug\USBFS_HID01.a(CyLib.o)
 .text.CySysTickGetCallback
                0x00000000       0x20 .\CortexM3\ARM_GCC_484\Debug\USBFS_HID01.a(CyLib.o)
 .text.CySysTickServiceCallbacks
                0x00000000       0x44 .\CortexM3\ARM_GCC_484\Debug\USBFS_HID01.a(CyLib.o)
 .text.CyGetUniqueId
                0x00000000       0xc4 .\CortexM3\ARM_GCC_484\Debug\USBFS_HID01.a(CyLib.o)
 .text          0x00000000        0x0 .\CortexM3\ARM_GCC_484\Debug\USBFS_HID01.a(cyPm.o)
 .data          0x00000000        0x0 .\CortexM3\ARM_GCC_484\Debug\USBFS_HID01.a(cyPm.o)
 .bss           0x00000000       0x44 .\CortexM3\ARM_GCC_484\Debug\USBFS_HID01.a(cyPm.o)
 .rodata        0x00000000       0x10 .\CortexM3\ARM_GCC_484\Debug\USBFS_HID01.a(cyPm.o)
 .text.CyPmSaveClocks
                0x00000000      0x280 .\CortexM3\ARM_GCC_484\Debug\USBFS_HID01.a(cyPm.o)
 .text.CyPmRestoreClocks
                0x00000000      0x300 .\CortexM3\ARM_GCC_484\Debug\USBFS_HID01.a(cyPm.o)
 .text.CyPmAltAct
                0x00000000       0xb8 .\CortexM3\ARM_GCC_484\Debug\USBFS_HID01.a(cyPm.o)
 .text.CyPmSleep
                0x00000000      0x16c .\CortexM3\ARM_GCC_484\Debug\USBFS_HID01.a(cyPm.o)
 .text.CyPmHibernate
                0x00000000        0xc .\CortexM3\ARM_GCC_484\Debug\USBFS_HID01.a(cyPm.o)
 .text.CyPmHibernateEx
                0x00000000      0x158 .\CortexM3\ARM_GCC_484\Debug\USBFS_HID01.a(cyPm.o)
 .text.CyPmReadStatus
                0x00000000       0x5c .\CortexM3\ARM_GCC_484\Debug\USBFS_HID01.a(cyPm.o)
 .text.CyPmHibSaveSet
                0x00000000       0xd4 .\CortexM3\ARM_GCC_484\Debug\USBFS_HID01.a(cyPm.o)
 .text.CyPmHibRestore
                0x00000000       0x68 .\CortexM3\ARM_GCC_484\Debug\USBFS_HID01.a(cyPm.o)
 .text.CyPmCtwSetInterval
                0x00000000       0x90 .\CortexM3\ARM_GCC_484\Debug\USBFS_HID01.a(cyPm.o)
 .text.CyPmOppsSet
                0x00000000       0x40 .\CortexM3\ARM_GCC_484\Debug\USBFS_HID01.a(cyPm.o)
 .text.CyPmFtwSetInterval
                0x00000000       0x90 .\CortexM3\ARM_GCC_484\Debug\USBFS_HID01.a(cyPm.o)
 .text.CyPmHibSlpSaveSet
                0x00000000      0x280 .\CortexM3\ARM_GCC_484\Debug\USBFS_HID01.a(cyPm.o)
 .text.CyPmHibSlpRestore
                0x00000000      0x188 .\CortexM3\ARM_GCC_484\Debug\USBFS_HID01.a(cyPm.o)
 .text.CyPmHviLviSaveDisable
                0x00000000       0xd4 .\CortexM3\ARM_GCC_484\Debug\USBFS_HID01.a(cyPm.o)
 .text.CyPmHviLviRestore
                0x00000000       0x54 .\CortexM3\ARM_GCC_484\Debug\USBFS_HID01.a(cyPm.o)
 .text          0x00000000        0x0 .\CortexM3\ARM_GCC_484\Debug\USBFS_HID01.a(USBFS_1_cls.o)
 .data          0x00000000        0x0 .\CortexM3\ARM_GCC_484\Debug\USBFS_HID01.a(USBFS_1_cls.o)
 .bss           0x00000000        0x0 .\CortexM3\ARM_GCC_484\Debug\USBFS_HID01.a(USBFS_1_cls.o)
 .text          0x00000000        0x0 .\CortexM3\ARM_GCC_484\Debug\USBFS_HID01.a(USBFS_1_descr.o)
 .data          0x00000000        0x0 .\CortexM3\ARM_GCC_484\Debug\USBFS_HID01.a(USBFS_1_descr.o)
 .bss           0x00000000        0x0 .\CortexM3\ARM_GCC_484\Debug\USBFS_HID01.a(USBFS_1_descr.o)
 .text          0x00000000        0x0 .\CortexM3\ARM_GCC_484\Debug\USBFS_HID01.a(CyFlash.o)
 .data          0x00000000        0x0 .\CortexM3\ARM_GCC_484\Debug\USBFS_HID01.a(CyFlash.o)
 .bss           0x00000000        0x4 .\CortexM3\ARM_GCC_484\Debug\USBFS_HID01.a(CyFlash.o)
 .text.CyFlash_Start
                0x00000000       0x8c .\CortexM3\ARM_GCC_484\Debug\USBFS_HID01.a(CyFlash.o)
 .text.CyFlash_Stop
                0x00000000       0x44 .\CortexM3\ARM_GCC_484\Debug\USBFS_HID01.a(CyFlash.o)
 .text.CySetTempInt
                0x00000000       0x7c .\CortexM3\ARM_GCC_484\Debug\USBFS_HID01.a(CyFlash.o)
 .text.CyFlashGetSpcAlgorithm
                0x00000000       0x70 .\CortexM3\ARM_GCC_484\Debug\USBFS_HID01.a(CyFlash.o)
 .text.CySetTemp
                0x00000000       0x24 .\CortexM3\ARM_GCC_484\Debug\USBFS_HID01.a(CyFlash.o)
 .text.CySetFlashEEBuffer
                0x00000000       0x54 .\CortexM3\ARM_GCC_484\Debug\USBFS_HID01.a(CyFlash.o)
 .text.CyWriteRowData
                0x00000000       0x3c .\CortexM3\ARM_GCC_484\Debug\USBFS_HID01.a(CyFlash.o)
 .text.CyWriteRowFull
                0x00000000      0x154 .\CortexM3\ARM_GCC_484\Debug\USBFS_HID01.a(CyFlash.o)
 .text.CyFlash_SetWaitCycles
                0x00000000       0xbc .\CortexM3\ARM_GCC_484\Debug\USBFS_HID01.a(CyFlash.o)
 .text.CyEEPROM_Start
                0x00000000       0x8c .\CortexM3\ARM_GCC_484\Debug\USBFS_HID01.a(CyFlash.o)
 .text.CyEEPROM_Stop
                0x00000000       0x44 .\CortexM3\ARM_GCC_484\Debug\USBFS_HID01.a(CyFlash.o)
 .text.CyEEPROM_ReadReserve
                0x00000000       0x30 .\CortexM3\ARM_GCC_484\Debug\USBFS_HID01.a(CyFlash.o)
 .text.CyEEPROM_ReadRelease
                0x00000000       0x20 .\CortexM3\ARM_GCC_484\Debug\USBFS_HID01.a(CyFlash.o)
 COMMON         0x00000000        0x2 .\CortexM3\ARM_GCC_484\Debug\USBFS_HID01.a(CyFlash.o)
 .text          0x00000000        0x0 .\CortexM3\ARM_GCC_484\Debug\USBFS_HID01.a(CySpc.o)
 .data          0x00000000        0x0 .\CortexM3\ARM_GCC_484\Debug\USBFS_HID01.a(CySpc.o)
 .bss           0x00000000        0x8 .\CortexM3\ARM_GCC_484\Debug\USBFS_HID01.a(CySpc.o)
 .text.CySpcStart
                0x00000000       0x44 .\CortexM3\ARM_GCC_484\Debug\USBFS_HID01.a(CySpc.o)
 .text.CySpcStop
                0x00000000       0x44 .\CortexM3\ARM_GCC_484\Debug\USBFS_HID01.a(CySpc.o)
 .text.CySpcReadData
                0x00000000       0x58 .\CortexM3\ARM_GCC_484\Debug\USBFS_HID01.a(CySpc.o)
 .text.CySpcLoadMultiByte
                0x00000000       0xd0 .\CortexM3\ARM_GCC_484\Debug\USBFS_HID01.a(CySpc.o)
 .text.CySpcLoadRow
                0x00000000       0x8c .\CortexM3\ARM_GCC_484\Debug\USBFS_HID01.a(CySpc.o)
 .text.CySpcLoadRowFull
                0x00000000       0xcc .\CortexM3\ARM_GCC_484\Debug\USBFS_HID01.a(CySpc.o)
 .text.CySpcWriteRow
                0x00000000       0x88 .\CortexM3\ARM_GCC_484\Debug\USBFS_HID01.a(CySpc.o)
 .text.CySpcEraseSector
                0x00000000       0x70 .\CortexM3\ARM_GCC_484\Debug\USBFS_HID01.a(CySpc.o)
 .text.CySpcGetTemp
                0x00000000       0x64 .\CortexM3\ARM_GCC_484\Debug\USBFS_HID01.a(CySpc.o)
 .text.CySpcLock
                0x00000000       0x68 .\CortexM3\ARM_GCC_484\Debug\USBFS_HID01.a(CySpc.o)
 .text.CySpcUnlock
                0x00000000       0x50 .\CortexM3\ARM_GCC_484\Debug\USBFS_HID01.a(CySpc.o)
 .text.CySpcGetAlgorithm
                0x00000000       0x48 .\CortexM3\ARM_GCC_484\Debug\USBFS_HID01.a(CySpc.o)
 .text          0x00000000        0x0 c:/program files (x86)/cypress/psoc creator/3.2/psoc creator/import/gnu/arm/4.8.4/bin/../lib/gcc/arm-none-eabi/4.8.4/../../../../arm-none-eabi/lib/armv7-m\libg_s.a(lib_a-errno.o)
 .data          0x00000000        0x0 c:/program files (x86)/cypress/psoc creator/3.2/psoc creator/import/gnu/arm/4.8.4/bin/../lib/gcc/arm-none-eabi/4.8.4/../../../../arm-none-eabi/lib/armv7-m\libg_s.a(lib_a-errno.o)
 .bss           0x00000000        0x0 c:/program files (x86)/cypress/psoc creator/3.2/psoc creator/import/gnu/arm/4.8.4/bin/../lib/gcc/arm-none-eabi/4.8.4/../../../../arm-none-eabi/lib/armv7-m\libg_s.a(lib_a-errno.o)
 .text.__errno  0x00000000        0xc c:/program files (x86)/cypress/psoc creator/3.2/psoc creator/import/gnu/arm/4.8.4/bin/../lib/gcc/arm-none-eabi/4.8.4/../../../../arm-none-eabi/lib/armv7-m\libg_s.a(lib_a-errno.o)
 .text          0x00000000        0x0 c:/program files (x86)/cypress/psoc creator/3.2/psoc creator/import/gnu/arm/4.8.4/bin/../lib/gcc/arm-none-eabi/4.8.4/../../../../arm-none-eabi/lib/armv7-m\libg_s.a(lib_a-exit.o)
 .data          0x00000000        0x0 c:/program files (x86)/cypress/psoc creator/3.2/psoc creator/import/gnu/arm/4.8.4/bin/../lib/gcc/arm-none-eabi/4.8.4/../../../../arm-none-eabi/lib/armv7-m\libg_s.a(lib_a-exit.o)
 .bss           0x00000000        0x0 c:/program files (x86)/cypress/psoc creator/3.2/psoc creator/import/gnu/arm/4.8.4/bin/../lib/gcc/arm-none-eabi/4.8.4/../../../../arm-none-eabi/lib/armv7-m\libg_s.a(lib_a-exit.o)
 .text.exit     0x00000000       0x28 c:/program files (x86)/cypress/psoc creator/3.2/psoc creator/import/gnu/arm/4.8.4/bin/../lib/gcc/arm-none-eabi/4.8.4/../../../../arm-none-eabi/lib/armv7-m\libg_s.a(lib_a-exit.o)
 .text          0x00000000        0x0 c:/program files (x86)/cypress/psoc creator/3.2/psoc creator/import/gnu/arm/4.8.4/bin/../lib/gcc/arm-none-eabi/4.8.4/../../../../arm-none-eabi/lib/armv7-m\libg_s.a(lib_a-impure.o)
 .data          0x00000000        0x0 c:/program files (x86)/cypress/psoc creator/3.2/psoc creator/import/gnu/arm/4.8.4/bin/../lib/gcc/arm-none-eabi/4.8.4/../../../../arm-none-eabi/lib/armv7-m\libg_s.a(lib_a-impure.o)
 .bss           0x00000000        0x0 c:/program files (x86)/cypress/psoc creator/3.2/psoc creator/import/gnu/arm/4.8.4/bin/../lib/gcc/arm-none-eabi/4.8.4/../../../../arm-none-eabi/lib/armv7-m\libg_s.a(lib_a-impure.o)
 .data.impure_data
                0x00000000       0x60 c:/program files (x86)/cypress/psoc creator/3.2/psoc creator/import/gnu/arm/4.8.4/bin/../lib/gcc/arm-none-eabi/4.8.4/../../../../arm-none-eabi/lib/armv7-m\libg_s.a(lib_a-impure.o)
 .data._impure_ptr
                0x00000000        0x4 c:/program files (x86)/cypress/psoc creator/3.2/psoc creator/import/gnu/arm/4.8.4/bin/../lib/gcc/arm-none-eabi/4.8.4/../../../../arm-none-eabi/lib/armv7-m\libg_s.a(lib_a-impure.o)
 .rodata.str1.1
                0x00000000        0x2 c:/program files (x86)/cypress/psoc creator/3.2/psoc creator/import/gnu/arm/4.8.4/bin/../lib/gcc/arm-none-eabi/4.8.4/../../../../arm-none-eabi/lib/armv7-m\libg_s.a(lib_a-impure.o)
 .rodata._global_impure_ptr
                0x00000000        0x4 c:/program files (x86)/cypress/psoc creator/3.2/psoc creator/import/gnu/arm/4.8.4/bin/../lib/gcc/arm-none-eabi/4.8.4/../../../../arm-none-eabi/lib/armv7-m\libg_s.a(lib_a-impure.o)
 .text          0x00000000        0x0 c:/program files (x86)/cypress/psoc creator/3.2/psoc creator/import/gnu/arm/4.8.4/bin/../lib/gcc/arm-none-eabi/4.8.4/../../../../arm-none-eabi/lib/armv7-m\libg_s.a(lib_a-init.o)
 .data          0x00000000        0x0 c:/program files (x86)/cypress/psoc creator/3.2/psoc creator/import/gnu/arm/4.8.4/bin/../lib/gcc/arm-none-eabi/4.8.4/../../../../arm-none-eabi/lib/armv7-m\libg_s.a(lib_a-init.o)
 .bss           0x00000000        0x0 c:/program files (x86)/cypress/psoc creator/3.2/psoc creator/import/gnu/arm/4.8.4/bin/../lib/gcc/arm-none-eabi/4.8.4/../../../../arm-none-eabi/lib/armv7-m\libg_s.a(lib_a-init.o)
 .text          0x00000000        0x0 c:/program files (x86)/cypress/psoc creator/3.2/psoc creator/import/gnu/arm/4.8.4/bin/../lib/gcc/arm-none-eabi/4.8.4/../../../../arm-none-eabi/lib/armv7-m\libg_s.a(lib_a-memcpy-stub.o)
 .data          0x00000000        0x0 c:/program files (x86)/cypress/psoc creator/3.2/psoc creator/import/gnu/arm/4.8.4/bin/../lib/gcc/arm-none-eabi/4.8.4/../../../../arm-none-eabi/lib/armv7-m\libg_s.a(lib_a-memcpy-stub.o)
 .bss           0x00000000        0x0 c:/program files (x86)/cypress/psoc creator/3.2/psoc creator/import/gnu/arm/4.8.4/bin/../lib/gcc/arm-none-eabi/4.8.4/../../../../arm-none-eabi/lib/armv7-m\libg_s.a(lib_a-memcpy-stub.o)
 .text          0x00000000        0x0 c:/program files (x86)/cypress/psoc creator/3.2/psoc creator/import/gnu/arm/4.8.4/bin/../lib/gcc/arm-none-eabi/4.8.4/../../../../arm-none-eabi/lib/armv7-m\libg_s.a(lib_a-memset.o)
 .data          0x00000000        0x0 c:/program files (x86)/cypress/psoc creator/3.2/psoc creator/import/gnu/arm/4.8.4/bin/../lib/gcc/arm-none-eabi/4.8.4/../../../../arm-none-eabi/lib/armv7-m\libg_s.a(lib_a-memset.o)
 .bss           0x00000000        0x0 c:/program files (x86)/cypress/psoc creator/3.2/psoc creator/import/gnu/arm/4.8.4/bin/../lib/gcc/arm-none-eabi/4.8.4/../../../../arm-none-eabi/lib/armv7-m\libg_s.a(lib_a-memset.o)
 .text          0x00000000        0x0 c:/program files (x86)/cypress/psoc creator/3.2/psoc creator/import/gnu/arm/4.8.4/bin/../lib/gcc/arm-none-eabi/4.8.4/armv7-m/crtend.o
 .data          0x00000000        0x0 c:/program files (x86)/cypress/psoc creator/3.2/psoc creator/import/gnu/arm/4.8.4/bin/../lib/gcc/arm-none-eabi/4.8.4/armv7-m/crtend.o
 .bss           0x00000000        0x0 c:/program files (x86)/cypress/psoc creator/3.2/psoc creator/import/gnu/arm/4.8.4/bin/../lib/gcc/arm-none-eabi/4.8.4/armv7-m/crtend.o
 .text          0x00000000        0x0 c:/program files (x86)/cypress/psoc creator/3.2/psoc creator/import/gnu/arm/4.8.4/bin/../lib/gcc/arm-none-eabi/4.8.4/armv7-m/crtn.o
 .data          0x00000000        0x0 c:/program files (x86)/cypress/psoc creator/3.2/psoc creator/import/gnu/arm/4.8.4/bin/../lib/gcc/arm-none-eabi/4.8.4/armv7-m/crtn.o
 .bss           0x00000000        0x0 c:/program files (x86)/cypress/psoc creator/3.2/psoc creator/import/gnu/arm/4.8.4/bin/../lib/gcc/arm-none-eabi/4.8.4/armv7-m/crtn.o

Memory Configuration

Name             Origin             Length             Attributes
rom              0x00000000         0x00040000         xr
ram              0x1fff8000         0x00010000         xrw
*default*        0x00000000         0xffffffff

Linker script and memory map

LOAD c:/program files (x86)/cypress/psoc creator/3.2/psoc creator/import/gnu/arm/4.8.4/bin/../lib/gcc/arm-none-eabi/4.8.4/armv7-m/crti.o
LOAD c:/program files (x86)/cypress/psoc creator/3.2/psoc creator/import/gnu/arm/4.8.4/bin/../lib/gcc/arm-none-eabi/4.8.4/armv7-m/crtbegin.o
LOAD c:/program files (x86)/cypress/psoc creator/3.2/psoc creator/import/gnu/arm/4.8.4/bin/../lib/gcc/arm-none-eabi/4.8.4/../../../../arm-none-eabi/lib/armv7-m/crt0.o
START GROUP
LOAD .\CortexM3\ARM_GCC_484\Debug\main.o
LOAD .\CortexM3\ARM_GCC_484\Debug\cymetadata.o
LOAD .\CortexM3\ARM_GCC_484\Debug\Cm3Start.o
LOAD .\CortexM3\ARM_GCC_484\Debug\USBFS_HID01.a
LOAD C:\Program Files (x86)\Cypress\PSoC Creator\3.2\PSoC Creator\psoc\content\cycomponentlibrary\CyComponentLibrary.cylib\CortexM3\ARM_GCC_484\Debug\CyComponentLibrary.a
END GROUP
START GROUP
LOAD c:/program files (x86)/cypress/psoc creator/3.2/psoc creator/import/gnu/arm/4.8.4/bin/../lib/gcc/arm-none-eabi/4.8.4/armv7-m\libgcc.a
LOAD c:/program files (x86)/cypress/psoc creator/3.2/psoc creator/import/gnu/arm/4.8.4/bin/../lib/gcc/arm-none-eabi/4.8.4/../../../../arm-none-eabi/lib/armv7-m\libg_s.a
LOAD c:/program files (x86)/cypress/psoc creator/3.2/psoc creator/import/gnu/arm/4.8.4/bin/../lib/gcc/arm-none-eabi/4.8.4/../../../../arm-none-eabi/lib/armv7-m\libc_s.a
END GROUP
START GROUP
LOAD c:/program files (x86)/cypress/psoc creator/3.2/psoc creator/import/gnu/arm/4.8.4/bin/../lib/gcc/arm-none-eabi/4.8.4/armv7-m\libgcc.a
LOAD c:/program files (x86)/cypress/psoc creator/3.2/psoc creator/import/gnu/arm/4.8.4/bin/../lib/gcc/arm-none-eabi/4.8.4/../../../../arm-none-eabi/lib/armv7-m\libc_s.a
END GROUP
LOAD c:/program files (x86)/cypress/psoc creator/3.2/psoc creator/import/gnu/arm/4.8.4/bin/../lib/gcc/arm-none-eabi/4.8.4/armv7-m/crtend.o
LOAD c:/program files (x86)/cypress/psoc creator/3.2/psoc creator/import/gnu/arm/4.8.4/bin/../lib/gcc/arm-none-eabi/4.8.4/armv7-m/crtn.o
START GROUP
LOAD c:/program files (x86)/cypress/psoc creator/3.2/psoc creator/import/gnu/arm/4.8.4/bin/../lib/gcc/arm-none-eabi/4.8.4/armv7-m\libgcc.a
LOAD c:/program files (x86)/cypress/psoc creator/3.2/psoc creator/import/gnu/arm/4.8.4/bin/../lib/gcc/arm-none-eabi/4.8.4/../../../../arm-none-eabi/lib/armv7-m\libc.a
LOAD c:/program files (x86)/cypress/psoc creator/3.2/psoc creator/import/gnu/arm/4.8.4/bin/../lib/gcc/arm-none-eabi/4.8.4/../../../../arm-none-eabi/lib/armv7-m\libnosys.a
END GROUP
                0x00000000                CY_APPL_ORIGIN = 0x0
                0x00000100                CY_FLASH_ROW_SIZE = 0x100
                0x00000020                CY_ECC_ROW_SIZE = 0x20
                0x00000000                CY_EE_IN_BTLDR = 0x0
                0x00000000                CY_APPL_LOADABLE = 0x0
                0x00000800                CY_EE_SIZE = 0x800
                0x00000001                CY_APPL_NUM = 0x1
                0x00000001                CY_APPL_MAX = 0x1
                0x00000040                CY_METADATA_SIZE = 0x40
                0x1fff8208                PROVIDE (__cy_heap_start, _end)
                0x00000001                PROVIDE (__cy_region_num, ((__cy_regions_end - __cy_regions) / 0x10))
                0x20008000                PROVIDE (__cy_stack, (ORIGIN (ram) + 0x10000))
                0x20007800                PROVIDE (__cy_heap_end, (__cy_stack - 0x800))

.cybootloader   0x00000000        0x0
 *(.cybootloader)
                0x00000000                appl1_start = CY_APPL_ORIGIN?CY_APPL_ORIGIN:ALIGN (CY_FLASH_ROW_SIZE)
                0x0001ff00                appl2_start = (appl1_start + ALIGN ((((0x40000 - appl1_start) - (0x2 * CY_FLASH_ROW_SIZE)) / 0x2), CY_FLASH_ROW_SIZE))
                0x00000000                appl_start = (CY_APPL_NUM == 0x1)?appl1_start:appl2_start
                0x00000000                ecc_offset = ((appl_start / CY_FLASH_ROW_SIZE) * CY_ECC_ROW_SIZE)
                0x00000000                ee_offset = (CY_APPL_LOADABLE && ! (CY_EE_IN_BTLDR))?((CY_EE_SIZE / CY_APPL_MAX) * (CY_APPL_NUM - 0x1)):0x0
                0x00000800                ee_size = (CY_APPL_LOADABLE && ! (CY_EE_IN_BTLDR))?(CY_EE_SIZE / CY_APPL_MAX):CY_EE_SIZE
                0x00000000                PROVIDE (CY_ECC_OFFSET, ecc_offset)

.text           0x00000000     0x25b2
 CREATE_OBJECT_SYMBOLS
                0x00000000                PROVIDE (__cy_interrupt_vector, RomVectors)
 *(.romvectors)
 .romvectors    0x00000000       0x10 .\CortexM3\ARM_GCC_484\Debug\Cm3Start.o
                0x00000000                RomVectors
                0x00000001                ASSERT ((. != __cy_interrupt_vector), No interrupt vector)
                0x00000001                ASSERT (CY_APPL_ORIGIN?(SIZEOF (.cybootloader) <= CY_APPL_ORIGIN):0x1, Wrong image location)
                0x00000010                PROVIDE (__cy_reset, Reset)
 *(.text.Reset)
 .text.Reset    0x00000010       0x18 .\CortexM3\ARM_GCC_484\Debug\Cm3Start.o
                0x00000010                Reset
                0x00000001                ASSERT ((. != __cy_reset), No reset code)
 *(.dma_init)
                0x00000001                ASSERT ((((appl_start + .) <= 0x10000) || 0x1), DMA Init must be within the first 64k of flash)
 *(.text .text.* .gnu.linkonce.t.*)
 .text          0x00000028       0x54 c:/program files (x86)/cypress/psoc creator/3.2/psoc creator/import/gnu/arm/4.8.4/bin/../lib/gcc/arm-none-eabi/4.8.4/armv7-m/crtbegin.o
 .text.main     0x0000007c       0x74 .\CortexM3\ARM_GCC_484\Debug\main.o
                0x0000007c                main
 .text.IntDefaultHandler
                0x000000f0        0x8 .\CortexM3\ARM_GCC_484\Debug\Cm3Start.o
                0x000000f0                IntDefaultHandler
 .text.Start_c  0x000000f8       0x98 .\CortexM3\ARM_GCC_484\Debug\Cm3Start.o
                0x000000f8                Start_c
 .text.initialize_psoc
                0x00000190       0x8c .\CortexM3\ARM_GCC_484\Debug\Cm3Start.o
                0x00000190                initialize_psoc
 .text.CYMEMZERO
                0x0000021c       0x1c .\CortexM3\ARM_GCC_484\Debug\USBFS_HID01.a(cyfitter_cfg.o)
 .text.CYCONFIGCPY
                0x00000238       0x1c .\CortexM3\ARM_GCC_484\Debug\USBFS_HID01.a(cyfitter_cfg.o)
 .text.CyClockStartupError
                0x00000254        0xc .\CortexM3\ARM_GCC_484\Debug\USBFS_HID01.a(cyfitter_cfg.o)
 .text.cfg_write_bytes32
                0x00000260       0x74 .\CortexM3\ARM_GCC_484\Debug\USBFS_HID01.a(cyfitter_cfg.o)
 .text.ClockSetup
                0x000002d4       0xdc .\CortexM3\ARM_GCC_484\Debug\USBFS_HID01.a(cyfitter_cfg.o)
 .text.AnalogSetDefault
                0x000003b0       0x44 .\CortexM3\ARM_GCC_484\Debug\USBFS_HID01.a(cyfitter_cfg.o)
 .text.cyfitter_cfg
                0x000003f4      0x118 .\CortexM3\ARM_GCC_484\Debug\USBFS_HID01.a(cyfitter_cfg.o)
                0x000003f4                cyfitter_cfg
 .text.USBFS_1_Start
                0x0000050c       0x38 .\CortexM3\ARM_GCC_484\Debug\USBFS_HID01.a(USBFS_1.o)
                0x0000050c                USBFS_1_Start
 .text.USBFS_1_Init
                0x00000544      0x164 .\CortexM3\ARM_GCC_484\Debug\USBFS_HID01.a(USBFS_1.o)
                0x00000544                USBFS_1_Init
 .text.USBFS_1_InitComponent
                0x000006a8       0xe8 .\CortexM3\ARM_GCC_484\Debug\USBFS_HID01.a(USBFS_1.o)
                0x000006a8                USBFS_1_InitComponent
 .text.USBFS_1_ReInitComponent
                0x00000790       0x88 .\CortexM3\ARM_GCC_484\Debug\USBFS_HID01.a(USBFS_1.o)
                0x00000790                USBFS_1_ReInitComponent
 .text.USBFS_1_GetConfiguration
                0x00000818       0x18 .\CortexM3\ARM_GCC_484\Debug\USBFS_HID01.a(USBFS_1.o)
                0x00000818                USBFS_1_GetConfiguration
 .text.USBFS_1_LoadInEP
                0x00000830      0x108 .\CortexM3\ARM_GCC_484\Debug\USBFS_HID01.a(USBFS_1.o)
                0x00000830                USBFS_1_LoadInEP
 .text.USBFS_1_GetEPAckState
                0x00000938       0x48 .\CortexM3\ARM_GCC_484\Debug\USBFS_HID01.a(USBFS_1.o)
                0x00000938                USBFS_1_GetEPAckState
 .text.USBFS_1_EP_0_ISR
                0x00000980       0xf8 .\CortexM3\ARM_GCC_484\Debug\USBFS_HID01.a(USBFS_1_drv.o)
                0x00000980                USBFS_1_EP_0_ISR
 .text.USBFS_1_HandleSetup
                0x00000a78       0x88 .\CortexM3\ARM_GCC_484\Debug\USBFS_HID01.a(USBFS_1_drv.o)
                0x00000a78                USBFS_1_HandleSetup
 .text.USBFS_1_HandleIN
                0x00000b00       0x4c .\CortexM3\ARM_GCC_484\Debug\USBFS_HID01.a(USBFS_1_drv.o)
                0x00000b00                USBFS_1_HandleIN
 .text.USBFS_1_HandleOUT
                0x00000b4c       0x58 .\CortexM3\ARM_GCC_484\Debug\USBFS_HID01.a(USBFS_1_drv.o)
                0x00000b4c                USBFS_1_HandleOUT
 .text.USBFS_1_LoadEP0
                0x00000ba4       0xd4 .\CortexM3\ARM_GCC_484\Debug\USBFS_HID01.a(USBFS_1_drv.o)
                0x00000ba4                USBFS_1_LoadEP0
 .text.USBFS_1_InitControlRead
                0x00000c78       0x70 .\CortexM3\ARM_GCC_484\Debug\USBFS_HID01.a(USBFS_1_drv.o)
                0x00000c78                USBFS_1_InitControlRead
 .text.USBFS_1_InitZeroLengthControlTransfer
                0x00000ce8       0x44 .\CortexM3\ARM_GCC_484\Debug\USBFS_HID01.a(USBFS_1_drv.o)
                0x00000ce8                USBFS_1_InitZeroLengthControlTransfer
 .text.USBFS_1_ControlReadDataStage
                0x00000d2c        0xc .\CortexM3\ARM_GCC_484\Debug\USBFS_HID01.a(USBFS_1_drv.o)
                0x00000d2c                USBFS_1_ControlReadDataStage
 .text.USBFS_1_ControlReadStatusStage
                0x00000d38       0x40 .\CortexM3\ARM_GCC_484\Debug\USBFS_HID01.a(USBFS_1_drv.o)
                0x00000d38                USBFS_1_ControlReadStatusStage
 .text.USBFS_1_InitControlWrite
                0x00000d78       0x68 .\CortexM3\ARM_GCC_484\Debug\USBFS_HID01.a(USBFS_1_drv.o)
                0x00000d78                USBFS_1_InitControlWrite
 .text.USBFS_1_ControlWriteDataStage
                0x00000de0       0xb8 .\CortexM3\ARM_GCC_484\Debug\USBFS_HID01.a(USBFS_1_drv.o)
                0x00000de0                USBFS_1_ControlWriteDataStage
 .text.USBFS_1_ControlWriteStatusStage
                0x00000e98       0x20 .\CortexM3\ARM_GCC_484\Debug\USBFS_HID01.a(USBFS_1_drv.o)
                0x00000e98                USBFS_1_ControlWriteStatusStage
 .text.USBFS_1_InitNoDataControlTransfer
                0x00000eb8       0x38 .\CortexM3\ARM_GCC_484\Debug\USBFS_HID01.a(USBFS_1_drv.o)
                0x00000eb8                USBFS_1_InitNoDataControlTransfer
 .text.USBFS_1_NoDataControlStatusStage
                0x00000ef0       0x48 .\CortexM3\ARM_GCC_484\Debug\USBFS_HID01.a(USBFS_1_drv.o)
                0x00000ef0                USBFS_1_NoDataControlStatusStage
 .text.USBFS_1_UpdateStatusBlock
                0x00000f38       0x40 .\CortexM3\ARM_GCC_484\Debug\USBFS_HID01.a(USBFS_1_drv.o)
                0x00000f38                USBFS_1_UpdateStatusBlock
 .text.USBFS_1_InitializeStatusBlock
                0x00000f78       0x34 .\CortexM3\ARM_GCC_484\Debug\USBFS_HID01.a(USBFS_1_drv.o)
                0x00000f78                USBFS_1_InitializeStatusBlock
 .text.USBFS_1_EP_1_ISR
                0x00000fac       0x54 .\CortexM3\ARM_GCC_484\Debug\USBFS_HID01.a(USBFS_1_episr.o)
                0x00000fac                USBFS_1_EP_1_ISR
 .text.USBFS_1_SOF_ISR
                0x00001000        0xc .\CortexM3\ARM_GCC_484\Debug\USBFS_HID01.a(USBFS_1_episr.o)
                0x00001000                USBFS_1_SOF_ISR
 .text.USBFS_1_BUS_RESET_ISR
                0x0000100c        0xc .\CortexM3\ARM_GCC_484\Debug\USBFS_HID01.a(USBFS_1_episr.o)
                0x0000100c                USBFS_1_BUS_RESET_ISR
 .text.USBFS_1_DispatchHIDClassRqst
                0x00001018      0x1ec .\CortexM3\ARM_GCC_484\Debug\USBFS_HID01.a(USBFS_1_hid.o)
                0x00001018                USBFS_1_DispatchHIDClassRqst
 .text.USBFS_1_FindHidClassDecriptor
                0x00001204       0x7c .\CortexM3\ARM_GCC_484\Debug\USBFS_HID01.a(USBFS_1_hid.o)
                0x00001204                USBFS_1_FindHidClassDecriptor
 .text.USBFS_1_FindReportDescriptor
                0x00001280       0x8c .\CortexM3\ARM_GCC_484\Debug\USBFS_HID01.a(USBFS_1_hid.o)
                0x00001280                USBFS_1_FindReportDescriptor
 .text.USBFS_1_FindReport
                0x0000130c       0xd0 .\CortexM3\ARM_GCC_484\Debug\USBFS_HID01.a(USBFS_1_hid.o)
                0x0000130c                USBFS_1_FindReport
 .text.USBFS_1_SerialNumString
                0x000013dc       0x44 .\CortexM3\ARM_GCC_484\Debug\USBFS_HID01.a(USBFS_1_std.o)
                0x000013dc                USBFS_1_SerialNumString
 .text.USBFS_1_HandleStandardRqst
                0x00001420      0x4b4 .\CortexM3\ARM_GCC_484\Debug\USBFS_HID01.a(USBFS_1_std.o)
                0x00001420                USBFS_1_HandleStandardRqst
 .text.USBFS_1_ConfigReg
                0x000018d4      0x180 .\CortexM3\ARM_GCC_484\Debug\USBFS_HID01.a(USBFS_1_std.o)
                0x000018d4                USBFS_1_ConfigReg
 .text.USBFS_1_Config
                0x00001a54      0x304 .\CortexM3\ARM_GCC_484\Debug\USBFS_HID01.a(USBFS_1_std.o)
                0x00001a54                USBFS_1_Config
 .text.USBFS_1_ConfigAltChanged
                0x00001d58      0x274 .\CortexM3\ARM_GCC_484\Debug\USBFS_HID01.a(USBFS_1_std.o)
                0x00001d58                USBFS_1_ConfigAltChanged
 .text.USBFS_1_GetConfigTablePtr
                0x00001fcc       0x54 .\CortexM3\ARM_GCC_484\Debug\USBFS_HID01.a(USBFS_1_std.o)
                0x00001fcc                USBFS_1_GetConfigTablePtr
 .text.USBFS_1_GetDeviceTablePtr
                0x00002020       0x24 .\CortexM3\ARM_GCC_484\Debug\USBFS_HID01.a(USBFS_1_std.o)
                0x00002020                USBFS_1_GetDeviceTablePtr
 .text.USBFS_1_GetInterfaceClassTablePtr
                0x00002044       0x4c .\CortexM3\ARM_GCC_484\Debug\USBFS_HID01.a(USBFS_1_std.o)
                0x00002044                USBFS_1_GetInterfaceClassTablePtr
 .text.USBFS_1_SetEndpointHalt
                0x00002090       0xe0 .\CortexM3\ARM_GCC_484\Debug\USBFS_HID01.a(USBFS_1_std.o)
                0x00002090                USBFS_1_SetEndpointHalt
 .text.USBFS_1_ClearEndpointHalt
                0x00002170      0x144 .\CortexM3\ARM_GCC_484\Debug\USBFS_HID01.a(USBFS_1_std.o)
                0x00002170                USBFS_1_ClearEndpointHalt
 .text.USBFS_1_ValidateAlternateSetting
                0x000022b4       0x78 .\CortexM3\ARM_GCC_484\Debug\USBFS_HID01.a(USBFS_1_std.o)
                0x000022b4                USBFS_1_ValidateAlternateSetting
 .text.USBFS_1_HandleVendorRqst
                0x0000232c       0x58 .\CortexM3\ARM_GCC_484\Debug\USBFS_HID01.a(USBFS_1_vnd.o)
                0x0000232c                USBFS_1_HandleVendorRqst
 *fill*         0x00002384        0x4 
 .text          0x00002388       0x60 .\CortexM3\ARM_GCC_484\Debug\USBFS_HID01.a(CyBootAsmGnu.o)
                0x00002388                CyDelayCycles
                0x000023cc                CyEnterCriticalSection
                0x000023d4                CyExitCriticalSection
 .text.CyHalt   0x000023e8       0x18 .\CortexM3\ARM_GCC_484\Debug\USBFS_HID01.a(CyLib.o)
                0x000023e8                CyHalt
 .text.CyDelayUs
                0x00002400       0x24 .\CortexM3\ARM_GCC_484\Debug\USBFS_HID01.a(CyLib.o)
                0x00002400                CyDelayUs
 .text.CyIntSetVector
                0x00002424       0x50 .\CortexM3\ARM_GCC_484\Debug\USBFS_HID01.a(CyLib.o)
                0x00002424                CyIntSetVector
 .text.CyIntSetPriority
                0x00002474       0x44 .\CortexM3\ARM_GCC_484\Debug\USBFS_HID01.a(CyLib.o)
                0x00002474                CyIntSetPriority
 .text.USBFS_1_DispatchClassRqst
                0x000024b8       0x8c .\CortexM3\ARM_GCC_484\Debug\USBFS_HID01.a(USBFS_1_cls.o)
                0x000024b8                USBFS_1_DispatchClassRqst
 .text.__libc_init_array
                0x00002544       0x4c c:/program files (x86)/cypress/psoc creator/3.2/psoc creator/import/gnu/arm/4.8.4/bin/../lib/gcc/arm-none-eabi/4.8.4/../../../../arm-none-eabi/lib/armv7-m\libg_s.a(lib_a-init.o)
                0x00002544                __libc_init_array
 .text.memcpy   0x00002590       0x12 c:/program files (x86)/cypress/psoc creator/3.2/psoc creator/import/gnu/arm/4.8.4/bin/../lib/gcc/arm-none-eabi/4.8.4/../../../../arm-none-eabi/lib/armv7-m\libg_s.a(lib_a-memcpy-stub.o)
                0x00002590                memcpy
 .text.memset   0x000025a2       0x10 c:/program files (x86)/cypress/psoc creator/3.2/psoc creator/import/gnu/arm/4.8.4/bin/../lib/gcc/arm-none-eabi/4.8.4/../../../../arm-none-eabi/lib/armv7-m\libg_s.a(lib_a-memset.o)
                0x000025a2                memset
 *(.plt)
 *(.gnu.warning)
 *(.glue_7t)
 .glue_7t       0x00000000        0x0 linker stubs
 *(.glue_7)
 .glue_7        0x00000000        0x0 linker stubs
 *(.vfp11_veneer)
 .vfp11_veneer  0x00000000        0x0 linker stubs
 *(.bootloader)
 *(.ARM.extab* .gnu.linkonce.armextab.*)
 *(.gcc_except_table)

.v4_bx          0x000025b4        0x0
 .v4_bx         0x00000000        0x0 linker stubs

.iplt           0x000025b4        0x0
 .iplt          0x00000000        0x0 c:/program files (x86)/cypress/psoc creator/3.2/psoc creator/import/gnu/arm/4.8.4/bin/../lib/gcc/arm-none-eabi/4.8.4/armv7-m/crtbegin.o

.eh_frame_hdr
 *(.eh_frame_hdr)

.eh_frame       0x000025b4        0x4
 *(.eh_frame)
 .eh_frame      0x000025b4        0x0 c:/program files (x86)/cypress/psoc creator/3.2/psoc creator/import/gnu/arm/4.8.4/bin/../lib/gcc/arm-none-eabi/4.8.4/armv7-m/crtbegin.o
 .eh_frame      0x000025b4        0x4 c:/program files (x86)/cypress/psoc creator/3.2/psoc creator/import/gnu/arm/4.8.4/bin/../lib/gcc/arm-none-eabi/4.8.4/armv7-m/crtend.o
                0x000025b8                PROVIDE (__exidx_start, .)

.ARM.exidx
 *(.ARM.exidx* .gnu.linkonce.armexidx.*)
                0x000025b8                __exidx_end = .

.rodata         0x000025b8      0x210
 *(.rodata .rodata.* .gnu.linkonce.r.*)
 .rodata        0x000025b8       0x30 .\CortexM3\ARM_GCC_484\Debug\USBFS_HID01.a(cyfitter_cfg.o)
 .rodata        0x000025e8      0x1ac .\CortexM3\ARM_GCC_484\Debug\USBFS_HID01.a(USBFS_1_descr.o)
                0x000025e8                USBFS_1_DEVICE0_DESCR
                0x000025fc                USBFS_1_DEVICE0_CONFIGURATION0_DESCR
                0x00002620                USBFS_1_STRING_DESCRIPTORS
                0x00002660                USBFS_1_SN_STRING_DESCRIPTOR
                0x00002664                USBFS_1_HIDREPORT_DESCRIPTOR1
                0x000026a0                USBFS_1_HIDREPORT_DESCRIPTOR2
                0x000026d8                USBFS_1_DEVICE0_CONFIGURATION0_INTERFACE0_ALTERNATE0_HID_IN_RPT_TABLE
                0x000026e4                USBFS_1_DEVICE0_CONFIGURATION0_INTERFACE0_ALTERNATE0_HID_TABLE
                0x0000270c                USBFS_1_DEVICE0_CONFIGURATION0_INTERFACE0_TABLE
                0x00002714                USBFS_1_DEVICE0_CONFIGURATION0_EP_SETTINGS_TABLE
                0x0000271c                USBFS_1_DEVICE0_CONFIGURATION0_INTERFACE_CLASS
                0x00002720                USBFS_1_DEVICE0_CONFIGURATION0_TABLE
                0x00002740                USBFS_1_DEVICE0_TABLE
                0x00002750                USBFS_1_TABLE
                0x00002758                USBFS_1_MSOS_DESCRIPTOR
                0x0000276c                USBFS_1_MSOS_CONFIGURATION_DESCR
                0x00002794                . = ALIGN (0x4)
 *(.init)
 .init          0x00002794        0x4 c:/program files (x86)/cypress/psoc creator/3.2/psoc creator/import/gnu/arm/4.8.4/bin/../lib/gcc/arm-none-eabi/4.8.4/armv7-m/crti.o
                0x00002794                _init
 .init          0x00002798        0x8 c:/program files (x86)/cypress/psoc creator/3.2/psoc creator/import/gnu/arm/4.8.4/bin/../lib/gcc/arm-none-eabi/4.8.4/armv7-m/crtn.o
                0x000027a0                . = ALIGN (0x4)
                0x000027a0                __preinit_array_start = .
 *(.preinit_array)
                0x000027a0                __preinit_array_end = .
                0x000027a0                . = ALIGN (0x4)
                0x000027a0                __init_array_start = .
 *(SORT(.init_array.*))
 *(.init_array)
 .init_array    0x000027a0        0x4 c:/program files (x86)/cypress/psoc creator/3.2/psoc creator/import/gnu/arm/4.8.4/bin/../lib/gcc/arm-none-eabi/4.8.4/armv7-m/crtbegin.o
 .init_array    0x000027a4        0x4 .\CortexM3\ARM_GCC_484\Debug\Cm3Start.o
                0x000027a8                __init_array_end = .
                0x000027a8                . = ALIGN (0x4)
 *(.fini)
 .fini          0x000027a8        0x4 c:/program files (x86)/cypress/psoc creator/3.2/psoc creator/import/gnu/arm/4.8.4/bin/../lib/gcc/arm-none-eabi/4.8.4/armv7-m/crti.o
                0x000027a8                _fini
 .fini          0x000027ac        0x8 c:/program files (x86)/cypress/psoc creator/3.2/psoc creator/import/gnu/arm/4.8.4/bin/../lib/gcc/arm-none-eabi/4.8.4/armv7-m/crtn.o
                0x000027b4                . = ALIGN (0x4)
                0x000027b4                __fini_array_start = .
 *(.fini_array)
 .fini_array    0x000027b4        0x4 c:/program files (x86)/cypress/psoc creator/3.2/psoc creator/import/gnu/arm/4.8.4/bin/../lib/gcc/arm-none-eabi/4.8.4/armv7-m/crtbegin.o
 *(SORT(.fini_array.*))
                0x000027b8                __fini_array_end = .
                0x000027b8                . = ALIGN (0x4)
 *crtbegin.o(.ctors)
 *(EXCLUDE_FILE(*crtend.o) .ctors)
 *(SORT(.ctors.*))
 *crtend.o(.ctors)
                0x000027b8                . = ALIGN (0x4)
 *crtbegin.o(.dtors)
 *(EXCLUDE_FILE(*crtend.o) .dtors)
 *(SORT(.dtors.*))
 *crtend.o(.dtors)
                0x000027b8                . = ALIGN (0x4)
                0x000027b8                __cy_regions = .
                0x000027b8        0x4 LONG 0x27c8 __cy_region_init_ram
                0x000027bc        0x4 LONG 0x1fff8108 __cy_region_start_data
                0x000027c0        0x4 LONG 0x28 __cy_region_init_size_ram
                0x000027c4        0x4 LONG 0xd8 __cy_region_zero_size_ram
                0x000027c8                __cy_regions_end = .
                0x000027c8                . = ALIGN (0x8)
                0x000027c8                _etext = .

.ramvectors     0x1fff8000      0x100
                0x1fff8000                __cy_region_start_ram = .
 *(.ramvectors)
 .ramvectors    0x1fff8000      0x100 .\CortexM3\ARM_GCC_484\Debug\Cm3Start.o
                0x1fff8000                CyRamVectors

.noinit         0x1fff8100        0x5
 *(.noinit)
 .noinit        0x1fff8100        0x4 .\CortexM3\ARM_GCC_484\Debug\Cm3Start.o
 .noinit        0x1fff8104        0x1 .\CortexM3\ARM_GCC_484\Debug\USBFS_HID01.a(CyLib.o)
                0x1fff8104                CyResetStatus

.data           0x1fff8108       0x28 load address 0x000027c8
                0x1fff8108                __cy_region_start_data = .
 *(.jcr)
 .jcr           0x1fff8108        0x0 c:/program files (x86)/cypress/psoc creator/3.2/psoc creator/import/gnu/arm/4.8.4/bin/../lib/gcc/arm-none-eabi/4.8.4/armv7-m/crtbegin.o
 .jcr           0x1fff8108        0x4 c:/program files (x86)/cypress/psoc creator/3.2/psoc creator/import/gnu/arm/4.8.4/bin/../lib/gcc/arm-none-eabi/4.8.4/armv7-m/crtend.o
 *(.got.plt)
 *(.got)
 *(.shdata)
 *(.data .data.* .gnu.linkonce.d.*)
 .data          0x1fff810c       0x10 .\CortexM3\ARM_GCC_484\Debug\main.o
                0x1fff810c                bSNstring
 .data          0x1fff811c       0x10 .\CortexM3\ARM_GCC_484\Debug\USBFS_HID01.a(CyLib.o)
                0x1fff811c                cydelay_freq_hz
                0x1fff8120                cydelay_freq_khz
                0x1fff8124                cydelay_freq_mhz
                0x1fff8128                cydelay_32k_ms
                0x1fff8130                . = ALIGN (0x8)
 *fill*         0x1fff812c        0x4 
 *(.ram)
                0x1fff8130                _edata = .

.igot.plt       0x1fff8130        0x0 load address 0x000027f0
 .igot.plt      0x00000000        0x0 c:/program files (x86)/cypress/psoc creator/3.2/psoc creator/import/gnu/arm/4.8.4/bin/../lib/gcc/arm-none-eabi/4.8.4/armv7-m/crtbegin.o

.bss            0x1fff8130       0xd8 load address 0x000027f0
                0x1fff8130                PROVIDE (__bss_start__, .)
 *(.shbss)
 *(.bss .bss.* .gnu.linkonce.b.*)
 .bss           0x1fff8130       0x1c c:/program files (x86)/cypress/psoc creator/3.2/psoc creator/import/gnu/arm/4.8.4/bin/../lib/gcc/arm-none-eabi/4.8.4/armv7-m/crtbegin.o
 .bss           0x1fff814c        0x4 .\CortexM3\ARM_GCC_484\Debug\main.o
                0x1fff814c                mouseData
 .bss           0x1fff8150        0x1 .\CortexM3\ARM_GCC_484\Debug\USBFS_HID01.a(USBFS_1.o)
                0x1fff8150                USBFS_1_initVar
 *fill*         0x1fff8151        0x3 
 .bss           0x1fff8154        0xc .\CortexM3\ARM_GCC_484\Debug\USBFS_HID01.a(USBFS_1_std.o)
 *(COMMON)
 COMMON         0x1fff8160       0x92 .\CortexM3\ARM_GCC_484\Debug\USBFS_HID01.a(USBFS_1_drv.o)
                0x1fff8160                USBFS_1_lastPacketSize
                0x1fff8162                USBFS_1_transferByteCount
                0x1fff8164                USBFS_1_interfaceSetting
                0x1fff8168                USBFS_1_interfaceClass
                0x1fff816c                USBFS_1_device
                0x1fff816d                USBFS_1_deviceAddress
                0x1fff816e                USBFS_1_ep0Count
                0x1fff816f                USBFS_1_ep0Mode
                0x1fff8170                USBFS_1_currentTD
                0x1fff817c                USBFS_1_configuration
                0x1fff817d                USBFS_1_interfaceNumber
                0x1fff817e                USBFS_1_configurationChanged
                0x1fff817f                USBFS_1_transferState
                0x1fff8180                USBFS_1_EP
                0x1fff81ec                USBFS_1_interfaceSetting_last
                0x1fff81ed                USBFS_1_ep0Toggle
                0x1fff81f0                USBFS_1_interfaceStatus
                0x1fff81f1                USBFS_1_deviceStatus
 *fill*         0x1fff81f2        0x2 
 COMMON         0x1fff81f4        0x9 .\CortexM3\ARM_GCC_484\Debug\USBFS_HID01.a(USBFS_1_hid.o)
                0x1fff81f4                USBFS_1_hidIdleTimer
                0x1fff81f8                USBFS_1_hidIdleRate
                0x1fff81fc                USBFS_1_hidProtocol
 *fill*         0x1fff81fd        0x3 
 COMMON         0x1fff8200        0x8 .\CortexM3\ARM_GCC_484\Debug\USBFS_HID01.a(USBFS_1_descr.o)
                0x1fff8200                USBFS_1_DEVICE0_CONFIGURATION0_INTERFACE0_ALTERNATE0_HID_IN_RPT_SCB
                0x1fff8204                USBFS_1_DEVICE0_CONFIGURATION0_INTERFACE0_ALTERNATE0_HID_IN_BUF
                0x1fff8208                . = ALIGN (0x8)
 *(.ram.b)
                0x1fff8208                _end = .
                0x1fff8208                __end = .
                0x1fff8208                PROVIDE (end, .)
                0x1fff8208                PROVIDE (__bss_end__, .)
                0x000027c8                __cy_region_init_ram = LOADADDR (.data)
                0x00000028                __cy_region_init_size_ram = (_edata - ADDR (.data))
                0x000000d8                __cy_region_zero_size_ram = (_end - _edata)

.heap           0x1fff8208       0x80 load address 0x000027f0
                0x1fff8208                . = _end
                0x1fff8288                . = (. + 0x80)
 *fill*         0x1fff8208       0x80 
                0x1fff8288                __cy_heap_limit = .

.stack          0x20007800      0x800
                0x20007800                __cy_stack_limit = .
                0x20008000                . = (. + 0x800)
 *fill*         0x20007800      0x800 
                0x00000001                ASSERT ((__cy_stack_limit >= __cy_heap_limit), region RAM overflowed with stack)

.cyloadermeta
 *(.cyloadermeta)

.cyloadablemeta
 *(.cyloadablemeta)

.cyconfigecc    0x80000000       0x64
 *(.cyconfigecc)
 .cyconfigecc   0x80000000       0x64 .\CortexM3\ARM_GCC_484\Debug\cymetadata.o
                0x80000000                cy_meta_configecc

.cycustnvl      0x90000000        0x4
 *(.cycustnvl)
 .cycustnvl     0x90000000        0x4 .\CortexM3\ARM_GCC_484\Debug\cymetadata.o
                0x90000000                cy_meta_custnvl

.cywolatch      0x90100000        0x4
 *(.cywolatch)
 .cywolatch     0x90100000        0x4 .\CortexM3\ARM_GCC_484\Debug\cymetadata.o
                0x90100000                cy_meta_wonvl

.cyeeprom       0x90200000        0x0
 *(.cyeeprom)
                0x00000001                ASSERT ((. <= ((0x90200000 + ee_offset) + ee_size)), .cyeeprom data will not fit in EEPROM)

.cyflashprotect
                0x90400000      0x100
 *(.cyflashprotect)
 .cyflashprotect
                0x90400000      0x100 .\CortexM3\ARM_GCC_484\Debug\cymetadata.o
                0x90400000                cy_meta_flashprotect

.cymeta         0x90500000        0xc
 *(.cymeta)
 .cymeta        0x90500000        0xc .\CortexM3\ARM_GCC_484\Debug\cymetadata.o
                0x90500000                cy_metadata

.rel.dyn        0x000027f0        0x0 load address 0x9050000c
 .rel.iplt      0x00000000        0x0 c:/program files (x86)/cypress/psoc creator/3.2/psoc creator/import/gnu/arm/4.8.4/bin/../lib/gcc/arm-none-eabi/4.8.4/armv7-m/crtbegin.o

.stab
 *(.stab)

.stabstr
 *(.stabstr)

.debug
 *(.debug)

.line
 *(.line)

.debug_srcinfo
 *(.debug_srcinfo)

.debug_sfnames
 *(.debug_sfnames)

.debug_aranges  0x00000000      0x7b8
 *(.debug_aranges)
 .debug_aranges
                0x00000000       0x20 .\CortexM3\ARM_GCC_484\Debug\main.o
 .debug_aranges
                0x00000020       0x18 .\CortexM3\ARM_GCC_484\Debug\cymetadata.o
 .debug_aranges
                0x00000038       0x48 .\CortexM3\ARM_GCC_484\Debug\Cm3Start.o
 .debug_aranges
                0x00000080       0x60 .\CortexM3\ARM_GCC_484\Debug\USBFS_HID01.a(cyfitter_cfg.o)
 .debug_aranges
                0x000000e0       0xb0 .\CortexM3\ARM_GCC_484\Debug\USBFS_HID01.a(USBFS_1.o)
 .debug_aranges
                0x00000190       0x98 .\CortexM3\ARM_GCC_484\Debug\USBFS_HID01.a(USBFS_1_drv.o)
 .debug_aranges
                0x00000228       0x30 .\CortexM3\ARM_GCC_484\Debug\USBFS_HID01.a(USBFS_1_episr.o)
 .debug_aranges
                0x00000258       0x48 .\CortexM3\ARM_GCC_484\Debug\USBFS_HID01.a(USBFS_1_hid.o)
 .debug_aranges
                0x000002a0       0x78 .\CortexM3\ARM_GCC_484\Debug\USBFS_HID01.a(USBFS_1_std.o)
 .debug_aranges
                0x00000318       0x20 .\CortexM3\ARM_GCC_484\Debug\USBFS_HID01.a(USBFS_1_vnd.o)
 .debug_aranges
                0x00000338       0x20 .\CortexM3\ARM_GCC_484\Debug\USBFS_HID01.a(CyBootAsmGnu.o)
 .debug_aranges
                0x00000358      0x298 .\CortexM3\ARM_GCC_484\Debug\USBFS_HID01.a(CyLib.o)
 .debug_aranges
                0x000005f0       0x98 .\CortexM3\ARM_GCC_484\Debug\USBFS_HID01.a(cyPm.o)
 .debug_aranges
                0x00000688       0x20 .\CortexM3\ARM_GCC_484\Debug\USBFS_HID01.a(USBFS_1_cls.o)
 .debug_aranges
                0x000006a8       0x18 .\CortexM3\ARM_GCC_484\Debug\USBFS_HID01.a(USBFS_1_descr.o)
 .debug_aranges
                0x000006c0       0x80 .\CortexM3\ARM_GCC_484\Debug\USBFS_HID01.a(CyFlash.o)
 .debug_aranges
                0x00000740       0x78 .\CortexM3\ARM_GCC_484\Debug\USBFS_HID01.a(CySpc.o)

.debug_pubnames
 *(.debug_pubnames)

.debug_info     0x00000000     0x437f
 *(.debug_info .gnu.linkonce.wi.*)
 .debug_info    0x00000000      0x12f .\CortexM3\ARM_GCC_484\Debug\main.o
 .debug_info    0x0000012f      0x139 .\CortexM3\ARM_GCC_484\Debug\cymetadata.o
 .debug_info    0x00000268      0x317 .\CortexM3\ARM_GCC_484\Debug\Cm3Start.o
 .debug_info    0x0000057f      0x38e .\CortexM3\ARM_GCC_484\Debug\USBFS_HID01.a(cyfitter_cfg.o)
 .debug_info    0x0000090d      0x601 .\CortexM3\ARM_GCC_484\Debug\USBFS_HID01.a(USBFS_1.o)
 .debug_info    0x00000f0e      0x4ed .\CortexM3\ARM_GCC_484\Debug\USBFS_HID01.a(USBFS_1_drv.o)
 .debug_info    0x000013fb      0x184 .\CortexM3\ARM_GCC_484\Debug\USBFS_HID01.a(USBFS_1_episr.o)
 .debug_info    0x0000157f      0x34e .\CortexM3\ARM_GCC_484\Debug\USBFS_HID01.a(USBFS_1_hid.o)
 .debug_info    0x000018cd      0x772 .\CortexM3\ARM_GCC_484\Debug\USBFS_HID01.a(USBFS_1_std.o)
 .debug_info    0x0000203f      0x177 .\CortexM3\ARM_GCC_484\Debug\USBFS_HID01.a(USBFS_1_vnd.o)
 .debug_info    0x000021b6       0xcd .\CortexM3\ARM_GCC_484\Debug\USBFS_HID01.a(CyBootAsmGnu.o)
 .debug_info    0x00002283      0xe31 .\CortexM3\ARM_GCC_484\Debug\USBFS_HID01.a(CyLib.o)
 .debug_info    0x000030b4      0x55f .\CortexM3\ARM_GCC_484\Debug\USBFS_HID01.a(cyPm.o)
 .debug_info    0x00003613      0x19b .\CortexM3\ARM_GCC_484\Debug\USBFS_HID01.a(USBFS_1_cls.o)
 .debug_info    0x000037ae      0x411 .\CortexM3\ARM_GCC_484\Debug\USBFS_HID01.a(USBFS_1_descr.o)
 .debug_info    0x00003bbf      0x36a .\CortexM3\ARM_GCC_484\Debug\USBFS_HID01.a(CyFlash.o)
 .debug_info    0x00003f29      0x456 .\CortexM3\ARM_GCC_484\Debug\USBFS_HID01.a(CySpc.o)

.debug_abbrev   0x00000000     0x13e7
 *(.debug_abbrev)
 .debug_abbrev  0x00000000       0x9b .\CortexM3\ARM_GCC_484\Debug\main.o
 .debug_abbrev  0x0000009b       0x5d .\CortexM3\ARM_GCC_484\Debug\cymetadata.o
 .debug_abbrev  0x000000f8      0x1b6 .\CortexM3\ARM_GCC_484\Debug\Cm3Start.o
 .debug_abbrev  0x000002ae      0x185 .\CortexM3\ARM_GCC_484\Debug\USBFS_HID01.a(cyfitter_cfg.o)
 .debug_abbrev  0x00000433      0x1bf .\CortexM3\ARM_GCC_484\Debug\USBFS_HID01.a(USBFS_1.o)
 .debug_abbrev  0x000005f2      0x179 .\CortexM3\ARM_GCC_484\Debug\USBFS_HID01.a(USBFS_1_drv.o)
 .debug_abbrev  0x0000076b       0xd2 .\CortexM3\ARM_GCC_484\Debug\USBFS_HID01.a(USBFS_1_episr.o)
 .debug_abbrev  0x0000083d      0x15e .\CortexM3\ARM_GCC_484\Debug\USBFS_HID01.a(USBFS_1_hid.o)
 .debug_abbrev  0x0000099b      0x1d5 .\CortexM3\ARM_GCC_484\Debug\USBFS_HID01.a(USBFS_1_std.o)
 .debug_abbrev  0x00000b70       0xc5 .\CortexM3\ARM_GCC_484\Debug\USBFS_HID01.a(USBFS_1_vnd.o)
 .debug_abbrev  0x00000c35       0x14 .\CortexM3\ARM_GCC_484\Debug\USBFS_HID01.a(CyBootAsmGnu.o)
 .debug_abbrev  0x00000c49      0x217 .\CortexM3\ARM_GCC_484\Debug\USBFS_HID01.a(CyLib.o)
 .debug_abbrev  0x00000e60      0x16e .\CortexM3\ARM_GCC_484\Debug\USBFS_HID01.a(cyPm.o)
 .debug_abbrev  0x00000fce       0xc5 .\CortexM3\ARM_GCC_484\Debug\USBFS_HID01.a(USBFS_1_cls.o)
 .debug_abbrev  0x00001093       0xae .\CortexM3\ARM_GCC_484\Debug\USBFS_HID01.a(USBFS_1_descr.o)
 .debug_abbrev  0x00001141      0x12d .\CortexM3\ARM_GCC_484\Debug\USBFS_HID01.a(CyFlash.o)
 .debug_abbrev  0x0000126e      0x179 .\CortexM3\ARM_GCC_484\Debug\USBFS_HID01.a(CySpc.o)

.debug_line     0x00000000     0x225a
 *(.debug_line)
 .debug_line    0x00000000      0x181 .\CortexM3\ARM_GCC_484\Debug\main.o
 .debug_line    0x00000181       0x53 .\CortexM3\ARM_GCC_484\Debug\cymetadata.o
 .debug_line    0x000001d4      0x1cc .\CortexM3\ARM_GCC_484\Debug\Cm3Start.o
 .debug_line    0x000003a0      0x1e5 .\CortexM3\ARM_GCC_484\Debug\USBFS_HID01.a(cyfitter_cfg.o)
 .debug_line    0x00000585      0x2cf .\CortexM3\ARM_GCC_484\Debug\USBFS_HID01.a(USBFS_1.o)
 .debug_line    0x00000854      0x21d .\CortexM3\ARM_GCC_484\Debug\USBFS_HID01.a(USBFS_1_drv.o)
 .debug_line    0x00000a71       0xb0 .\CortexM3\ARM_GCC_484\Debug\USBFS_HID01.a(USBFS_1_episr.o)
 .debug_line    0x00000b21      0x16f .\CortexM3\ARM_GCC_484\Debug\USBFS_HID01.a(USBFS_1_hid.o)
 .debug_line    0x00000c90      0x3b5 .\CortexM3\ARM_GCC_484\Debug\USBFS_HID01.a(USBFS_1_std.o)
 .debug_line    0x00001045       0x91 .\CortexM3\ARM_GCC_484\Debug\USBFS_HID01.a(USBFS_1_vnd.o)
 .debug_line    0x000010d6       0x7f .\CortexM3\ARM_GCC_484\Debug\USBFS_HID01.a(CyBootAsmGnu.o)
 .debug_line    0x00001155      0x86a .\CortexM3\ARM_GCC_484\Debug\USBFS_HID01.a(CyLib.o)
 .debug_line    0x000019bf      0x378 .\CortexM3\ARM_GCC_484\Debug\USBFS_HID01.a(cyPm.o)
 .debug_line    0x00001d37       0x9d .\CortexM3\ARM_GCC_484\Debug\USBFS_HID01.a(USBFS_1_cls.o)
 .debug_line    0x00001dd4       0x63 .\CortexM3\ARM_GCC_484\Debug\USBFS_HID01.a(USBFS_1_descr.o)
 .debug_line    0x00001e37      0x217 .\CortexM3\ARM_GCC_484\Debug\USBFS_HID01.a(CyFlash.o)
 .debug_line    0x0000204e      0x20c .\CortexM3\ARM_GCC_484\Debug\USBFS_HID01.a(CySpc.o)

.debug_frame    0x00000000     0x1844
 *(.debug_frame)
 .debug_frame   0x00000000       0x30 .\CortexM3\ARM_GCC_484\Debug\main.o
 .debug_frame   0x00000030       0xc8 .\CortexM3\ARM_GCC_484\Debug\Cm3Start.o
 .debug_frame   0x000000f8      0x120 .\CortexM3\ARM_GCC_484\Debug\USBFS_HID01.a(cyfitter_cfg.o)
 .debug_frame   0x00000218      0x238 .\CortexM3\ARM_GCC_484\Debug\USBFS_HID01.a(USBFS_1.o)
 .debug_frame   0x00000450      0x1e0 .\CortexM3\ARM_GCC_484\Debug\USBFS_HID01.a(USBFS_1_drv.o)
 .debug_frame   0x00000630       0x64 .\CortexM3\ARM_GCC_484\Debug\USBFS_HID01.a(USBFS_1_episr.o)
 .debug_frame   0x00000694       0xc8 .\CortexM3\ARM_GCC_484\Debug\USBFS_HID01.a(USBFS_1_hid.o)
 .debug_frame   0x0000075c      0x17c .\CortexM3\ARM_GCC_484\Debug\USBFS_HID01.a(USBFS_1_std.o)
 .debug_frame   0x000008d8       0x30 .\CortexM3\ARM_GCC_484\Debug\USBFS_HID01.a(USBFS_1_vnd.o)
 .debug_frame   0x00000908      0x948 .\CortexM3\ARM_GCC_484\Debug\USBFS_HID01.a(CyLib.o)
 .debug_frame   0x00001250      0x1ec .\CortexM3\ARM_GCC_484\Debug\USBFS_HID01.a(cyPm.o)
 .debug_frame   0x0000143c       0x30 .\CortexM3\ARM_GCC_484\Debug\USBFS_HID01.a(USBFS_1_cls.o)
 .debug_frame   0x0000146c      0x1a8 .\CortexM3\ARM_GCC_484\Debug\USBFS_HID01.a(CyFlash.o)
 .debug_frame   0x00001614      0x174 .\CortexM3\ARM_GCC_484\Debug\USBFS_HID01.a(CySpc.o)
 .debug_frame   0x00001788       0x20 c:/program files (x86)/cypress/psoc creator/3.2/psoc creator/import/gnu/arm/4.8.4/bin/../lib/gcc/arm-none-eabi/4.8.4/../../../../arm-none-eabi/lib/armv7-m\libg_s.a(lib_a-errno.o)
 .debug_frame   0x000017a8       0x28 c:/program files (x86)/cypress/psoc creator/3.2/psoc creator/import/gnu/arm/4.8.4/bin/../lib/gcc/arm-none-eabi/4.8.4/../../../../arm-none-eabi/lib/armv7-m\libg_s.a(lib_a-exit.o)
 .debug_frame   0x000017d0       0x2c c:/program files (x86)/cypress/psoc creator/3.2/psoc creator/import/gnu/arm/4.8.4/bin/../lib/gcc/arm-none-eabi/4.8.4/../../../../arm-none-eabi/lib/armv7-m\libg_s.a(lib_a-init.o)
 .debug_frame   0x000017fc       0x28 c:/program files (x86)/cypress/psoc creator/3.2/psoc creator/import/gnu/arm/4.8.4/bin/../lib/gcc/arm-none-eabi/4.8.4/../../../../arm-none-eabi/lib/armv7-m\libg_s.a(lib_a-memcpy-stub.o)
 .debug_frame   0x00001824       0x20 c:/program files (x86)/cypress/psoc creator/3.2/psoc creator/import/gnu/arm/4.8.4/bin/../lib/gcc/arm-none-eabi/4.8.4/../../../../arm-none-eabi/lib/armv7-m\libg_s.a(lib_a-memset.o)

.debug_str      0x00000000     0x2015
 *(.debug_str)
 .debug_str     0x00000000      0x1a6 .\CortexM3\ARM_GCC_484\Debug\main.o
                                0x1ec (size before relaxing)
 .debug_str     0x000001a6       0x77 .\CortexM3\ARM_GCC_484\Debug\cymetadata.o
                                0x215 (size before relaxing)
 .debug_str     0x0000021d      0x13e .\CortexM3\ARM_GCC_484\Debug\Cm3Start.o
                                0x2f6 (size before relaxing)
 .debug_str     0x0000035b      0x15e .\CortexM3\ARM_GCC_484\Debug\USBFS_HID01.a(cyfitter_cfg.o)
                                0x322 (size before relaxing)
 .debug_str     0x000004b9      0x355 .\CortexM3\ARM_GCC_484\Debug\USBFS_HID01.a(USBFS_1.o)
                                0x523 (size before relaxing)
 .debug_str     0x0000080e      0x2e7 .\CortexM3\ARM_GCC_484\Debug\USBFS_HID01.a(USBFS_1_drv.o)
                                0x5fc (size before relaxing)
 .debug_str     0x00000af5       0x60 .\CortexM3\ARM_GCC_484\Debug\USBFS_HID01.a(USBFS_1_episr.o)
                                0x27d (size before relaxing)
 .debug_str     0x00000b55      0x122 .\CortexM3\ARM_GCC_484\Debug\USBFS_HID01.a(USBFS_1_hid.o)
                                0x39a (size before relaxing)
 .debug_str     0x00000c77      0x2de .\CortexM3\ARM_GCC_484\Debug\USBFS_HID01.a(USBFS_1_std.o)
                                0x688 (size before relaxing)
 .debug_str     0x00000f55       0x61 .\CortexM3\ARM_GCC_484\Debug\USBFS_HID01.a(USBFS_1_vnd.o)
                                0x27c (size before relaxing)
 .debug_str     0x00000fb6      0x7f1 .\CortexM3\ARM_GCC_484\Debug\USBFS_HID01.a(CyLib.o)
                                0x9f1 (size before relaxing)
 .debug_str     0x000017a7      0x367 .\CortexM3\ARM_GCC_484\Debug\USBFS_HID01.a(cyPm.o)
                                0x556 (size before relaxing)
 .debug_str     0x00001b0e       0x41 .\CortexM3\ARM_GCC_484\Debug\USBFS_HID01.a(USBFS_1_cls.o)
                                0x294 (size before relaxing)
 .debug_str     0x00001b4f      0x25e .\CortexM3\ARM_GCC_484\Debug\USBFS_HID01.a(USBFS_1_descr.o)
                                0x54f (size before relaxing)
 .debug_str     0x00001dad      0x147 .\CortexM3\ARM_GCC_484\Debug\USBFS_HID01.a(CyFlash.o)
                                0x315 (size before relaxing)
 .debug_str     0x00001ef4      0x121 .\CortexM3\ARM_GCC_484\Debug\USBFS_HID01.a(CySpc.o)
                                0x312 (size before relaxing)

.debug_loc
 *(.debug_loc)

.debug_macinfo
 *(.debug_macinfo)

.debug_ranges   0x00000000      0x688
 *(.debug_ranges)
 .debug_ranges  0x00000000       0x10 .\CortexM3\ARM_GCC_484\Debug\main.o
 .debug_ranges  0x00000010       0x38 .\CortexM3\ARM_GCC_484\Debug\Cm3Start.o
 .debug_ranges  0x00000048       0x50 .\CortexM3\ARM_GCC_484\Debug\USBFS_HID01.a(cyfitter_cfg.o)
 .debug_ranges  0x00000098       0xa0 .\CortexM3\ARM_GCC_484\Debug\USBFS_HID01.a(USBFS_1.o)
 .debug_ranges  0x00000138       0x88 .\CortexM3\ARM_GCC_484\Debug\USBFS_HID01.a(USBFS_1_drv.o)
 .debug_ranges  0x000001c0       0x20 .\CortexM3\ARM_GCC_484\Debug\USBFS_HID01.a(USBFS_1_episr.o)
 .debug_ranges  0x000001e0       0x38 .\CortexM3\ARM_GCC_484\Debug\USBFS_HID01.a(USBFS_1_hid.o)
 .debug_ranges  0x00000218       0x68 .\CortexM3\ARM_GCC_484\Debug\USBFS_HID01.a(USBFS_1_std.o)
 .debug_ranges  0x00000280       0x10 .\CortexM3\ARM_GCC_484\Debug\USBFS_HID01.a(USBFS_1_vnd.o)
 .debug_ranges  0x00000290      0x288 .\CortexM3\ARM_GCC_484\Debug\USBFS_HID01.a(CyLib.o)
 .debug_ranges  0x00000518       0x88 .\CortexM3\ARM_GCC_484\Debug\USBFS_HID01.a(cyPm.o)
 .debug_ranges  0x000005a0       0x10 .\CortexM3\ARM_GCC_484\Debug\USBFS_HID01.a(USBFS_1_cls.o)
 .debug_ranges  0x000005b0       0x70 .\CortexM3\ARM_GCC_484\Debug\USBFS_HID01.a(CyFlash.o)
 .debug_ranges  0x00000620       0x68 .\CortexM3\ARM_GCC_484\Debug\USBFS_HID01.a(CySpc.o)

.comment        0x00000000       0x70
 .comment       0x00000000       0x70 .\CortexM3\ARM_GCC_484\Debug\main.o
                                 0x71 (size before relaxing)
 .comment       0x00000000       0x71 .\CortexM3\ARM_GCC_484\Debug\cymetadata.o
 .comment       0x00000000       0x71 .\CortexM3\ARM_GCC_484\Debug\Cm3Start.o
 .comment       0x00000000       0x71 .\CortexM3\ARM_GCC_484\Debug\USBFS_HID01.a(cyfitter_cfg.o)
 .comment       0x00000000       0x71 .\CortexM3\ARM_GCC_484\Debug\USBFS_HID01.a(USBFS_1.o)
 .comment       0x00000000       0x71 .\CortexM3\ARM_GCC_484\Debug\USBFS_HID01.a(USBFS_1_drv.o)
 .comment       0x00000000       0x71 .\CortexM3\ARM_GCC_484\Debug\USBFS_HID01.a(USBFS_1_episr.o)
 .comment       0x00000000       0x71 .\CortexM3\ARM_GCC_484\Debug\USBFS_HID01.a(USBFS_1_hid.o)
 .comment       0x00000000       0x71 .\CortexM3\ARM_GCC_484\Debug\USBFS_HID01.a(USBFS_1_std.o)
 .comment       0x00000000       0x71 .\CortexM3\ARM_GCC_484\Debug\USBFS_HID01.a(USBFS_1_vnd.o)
 .comment       0x00000000       0x71 .\CortexM3\ARM_GCC_484\Debug\USBFS_HID01.a(CyLib.o)
 .comment       0x00000000       0x71 .\CortexM3\ARM_GCC_484\Debug\USBFS_HID01.a(cyPm.o)
 .comment       0x00000000       0x71 .\CortexM3\ARM_GCC_484\Debug\USBFS_HID01.a(USBFS_1_cls.o)
 .comment       0x00000000       0x71 .\CortexM3\ARM_GCC_484\Debug\USBFS_HID01.a(USBFS_1_descr.o)
 .comment       0x00000000       0x71 .\CortexM3\ARM_GCC_484\Debug\USBFS_HID01.a(CyFlash.o)
 .comment       0x00000000       0x71 .\CortexM3\ARM_GCC_484\Debug\USBFS_HID01.a(CySpc.o)

.debug_weaknames
 *(.debug_weaknames)

.debug_funcnames
 *(.debug_funcnames)

.debug_typenames
 *(.debug_typenames)

.debug_varnames
 *(.debug_varnames)

.note.gnu.arm.ident
 *(.note.gnu.arm.ident)

.ARM.attributes
                0x00000000       0x29
 *(.ARM.attributes)
 .ARM.attributes
                0x00000000       0x1d c:/program files (x86)/cypress/psoc creator/3.2/psoc creator/import/gnu/arm/4.8.4/bin/../lib/gcc/arm-none-eabi/4.8.4/armv7-m/crti.o
 .ARM.attributes
                0x0000001d       0x2d c:/program files (x86)/cypress/psoc creator/3.2/psoc creator/import/gnu/arm/4.8.4/bin/../lib/gcc/arm-none-eabi/4.8.4/armv7-m/crtbegin.o
 .ARM.attributes
                0x0000004a       0x1b c:/program files (x86)/cypress/psoc creator/3.2/psoc creator/import/gnu/arm/4.8.4/bin/../lib/gcc/arm-none-eabi/4.8.4/../../../../arm-none-eabi/lib/armv7-m/crt0.o
 .ARM.attributes
                0x00000065       0x33 .\CortexM3\ARM_GCC_484\Debug\main.o
 .ARM.attributes
                0x00000098       0x33 .\CortexM3\ARM_GCC_484\Debug\cymetadata.o
 .ARM.attributes
                0x000000cb       0x33 .\CortexM3\ARM_GCC_484\Debug\Cm3Start.o
 .ARM.attributes
                0x000000fe       0x33 .\CortexM3\ARM_GCC_484\Debug\USBFS_HID01.a(cyfitter_cfg.o)
 .ARM.attributes
                0x00000131       0x33 .\CortexM3\ARM_GCC_484\Debug\USBFS_HID01.a(USBFS_1.o)
 .ARM.attributes
                0x00000164       0x33 .\CortexM3\ARM_GCC_484\Debug\USBFS_HID01.a(USBFS_1_drv.o)
 .ARM.attributes
                0x00000197       0x33 .\CortexM3\ARM_GCC_484\Debug\USBFS_HID01.a(USBFS_1_episr.o)
 .ARM.attributes
                0x000001ca       0x33 .\CortexM3\ARM_GCC_484\Debug\USBFS_HID01.a(USBFS_1_hid.o)
 .ARM.attributes
                0x000001fd       0x33 .\CortexM3\ARM_GCC_484\Debug\USBFS_HID01.a(USBFS_1_std.o)
 .ARM.attributes
                0x00000230       0x33 .\CortexM3\ARM_GCC_484\Debug\USBFS_HID01.a(USBFS_1_vnd.o)
 .ARM.attributes
                0x00000263       0x21 .\CortexM3\ARM_GCC_484\Debug\USBFS_HID01.a(CyBootAsmGnu.o)
 .ARM.attributes
                0x00000284       0x33 .\CortexM3\ARM_GCC_484\Debug\USBFS_HID01.a(CyLib.o)
 .ARM.attributes
                0x000002b7       0x33 .\CortexM3\ARM_GCC_484\Debug\USBFS_HID01.a(cyPm.o)
 .ARM.attributes
                0x000002ea       0x33 .\CortexM3\ARM_GCC_484\Debug\USBFS_HID01.a(USBFS_1_cls.o)
 .ARM.attributes
                0x0000031d       0x33 .\CortexM3\ARM_GCC_484\Debug\USBFS_HID01.a(USBFS_1_descr.o)
 .ARM.attributes
                0x00000350       0x33 .\CortexM3\ARM_GCC_484\Debug\USBFS_HID01.a(CyFlash.o)
 .ARM.attributes
                0x00000383       0x33 .\CortexM3\ARM_GCC_484\Debug\USBFS_HID01.a(CySpc.o)
 .ARM.attributes
                0x000003b6       0x2d c:/program files (x86)/cypress/psoc creator/3.2/psoc creator/import/gnu/arm/4.8.4/bin/../lib/gcc/arm-none-eabi/4.8.4/../../../../arm-none-eabi/lib/armv7-m\libg_s.a(lib_a-errno.o)
 .ARM.attributes
                0x000003e3       0x2d c:/program files (x86)/cypress/psoc creator/3.2/psoc creator/import/gnu/arm/4.8.4/bin/../lib/gcc/arm-none-eabi/4.8.4/../../../../arm-none-eabi/lib/armv7-m\libg_s.a(lib_a-exit.o)
 .ARM.attributes
                0x00000410       0x2d c:/program files (x86)/cypress/psoc creator/3.2/psoc creator/import/gnu/arm/4.8.4/bin/../lib/gcc/arm-none-eabi/4.8.4/../../../../arm-none-eabi/lib/armv7-m\libg_s.a(lib_a-impure.o)
 .ARM.attributes
                0x0000043d       0x2d c:/program files (x86)/cypress/psoc creator/3.2/psoc creator/import/gnu/arm/4.8.4/bin/../lib/gcc/arm-none-eabi/4.8.4/../../../../arm-none-eabi/lib/armv7-m\libg_s.a(lib_a-init.o)
 .ARM.attributes
                0x0000046a       0x2d c:/program files (x86)/cypress/psoc creator/3.2/psoc creator/import/gnu/arm/4.8.4/bin/../lib/gcc/arm-none-eabi/4.8.4/../../../../arm-none-eabi/lib/armv7-m\libg_s.a(lib_a-memcpy-stub.o)
 .ARM.attributes
                0x00000497       0x2d c:/program files (x86)/cypress/psoc creator/3.2/psoc creator/import/gnu/arm/4.8.4/bin/../lib/gcc/arm-none-eabi/4.8.4/../../../../arm-none-eabi/lib/armv7-m\libg_s.a(lib_a-memset.o)
 .ARM.attributes
                0x000004c4       0x2d c:/program files (x86)/cypress/psoc creator/3.2/psoc creator/import/gnu/arm/4.8.4/bin/../lib/gcc/arm-none-eabi/4.8.4/armv7-m/crtend.o
 .ARM.attributes
                0x000004f1       0x1d c:/program files (x86)/cypress/psoc creator/3.2/psoc creator/import/gnu/arm/4.8.4/bin/../lib/gcc/arm-none-eabi/4.8.4/armv7-m/crtn.o

/DISCARD/
 *(.note.GNU-stack)
OUTPUT(.\CortexM3\ARM_GCC_484\Debug\USBFS_HID01.elf elf32-littlearm)
